== prepare upstream tree ==
patching file CMakeLists.txt
Hunk #2 succeeded at 167 (offset 1 line).
Hunk #3 succeeded at 430 (offset 1 line).
patching file mlx/CMakeLists.txt
Hunk #1 succeeded at 109 (offset 6 lines).
patching file tests/CMakeLists.txt
Hunk #1 succeeded at 51 (offset 5 lines).
patching file mlx/transforms.cpp
patching file mlx/transforms.cpp
patching file mlx/transforms.h
patching file setup.py
patching file mlx/io/safetensors.cpp
patching file mlx/io/load.cpp
Hunk #1 succeeded at 12 (offset 1 line).
Hunk #2 succeeded at 240 (offset 5 lines).
patching file mlx/export.cpp
Hunk #2 succeeded at 900 (offset 1 line).
patching file mlx/linalg.cpp
patching file python/src/buffer.h
patching file mlx/fast.cpp
patching file mlx/ops.cpp
Hunk #2 succeeded at 5020 (offset -30 lines).
Hunk #3 succeeded at 5278 (offset -31 lines).
patching file mlx/backend/cpu/distributed.cpp
patching file mlx/fast.cpp
patching file mlx/backend/common/metal_kernel.cpp
patching file mlx/fast.cpp
patching file mlx/fast.h
patching file mlx/fast_primitives.h
patching file python/src/fast.cpp
patching file setup.py
/var/tmp/compose-wt/.work/mlx
== build venv (/var/tmp/compose-wt/.work/venv-build) ==
== wheel build ==
Processing ./.work/mlx
  Preparing metadata (pyproject.toml): started
  Preparing metadata (pyproject.toml): finished with status 'done'
Building wheels for collected packages: mlx-omarchy
  Building wheel for mlx-omarchy (pyproject.toml): started
  Building wheel for mlx-omarchy (pyproject.toml): still running...
  Building wheel for mlx-omarchy (pyproject.toml): finished with status 'done'
  Created wheel for mlx-omarchy: filename=mlx_omarchy-0.32.3.dev202609230056+e273c66c-cp314-cp314-linux_aarch64.whl size=415862802 sha256=cd374a3be7c40a5438fda23209aff3c38191c780965fead21b2cbbfe070b8ce0
  Stored in directory: /tmp/pip-ephem-wheel-cache-2l5erts6/wheels/a2/e5/e8/335d5c556a91152d146d570d4baebc2d1d56a488cb3708ebae
Successfully built mlx-omarchy
== receipt ==
[receipt] wheel: /var/tmp/compose-wt/dist/mlx_omarchy-0.32.3.dev202609230056+e273c66c-cp314-cp314-linux_aarch64.whl
[receipt] size: 415862802 bytes
[receipt] sha256: cd374a3be7c40a5438fda23209aff3c38191c780965fead21b2cbbfe070b8ce0
[receipt] source commit: e273c66
[receipt] NEXT STEP - do not skip: after you upload this wheel to a
[receipt] release, verify the UPLOADED asset with
[receipt]   python3 scripts/verify-release-assets.py <tag>
[receipt] It must print VERIFIED before the release is announced as
[receipt] usable. See docs/release.md. A local build check does not
[receipt] verify what users download.
