[rtmod] SUBMIT tid=1470 cv=1 waits=0 sigs=2 cmds=1
[rtmod] COMMIT-NOOP
[rtmod] SUBMIT tid=1470 cv=2 waits=1 sigs=2 cmds=1
[rtmod] COMMIT-NOOP
[rtmod] SUBMIT tid=1470 cv=3 waits=1 sigs=2 cmds=1
[rtmod] COMMIT-NOOP
[rtmod] SUBMIT tid=1470 cv=4 waits=1 sigs=2 cmds=1
[rtmod] COMMIT-NOOP
[rtmod] SUBMIT tid=1470 cv=5 waits=1 sigs=2 cmds=1
[rtmod] COMMIT-NOOP
[rtmod] SUBMIT tid=1470 cv=6 waits=1 sigs=2 cmds=1
[rtmod] COMMIT-NOOP
[rtmod] SUBMIT tid=1470 cv=7 waits=1 sigs=2 cmds=1
[rtmod] COMMIT-NOOP
[rtmod] SUBMIT tid=1470 cv=8 waits=1 sigs=2 cmds=1
[rtmod] COMMIT-NOOP
[rtmod] SUBMIT tid=1470 cv=9 waits=1 sigs=2 cmds=1
[rtmod] COMMIT-NOOP
[rtmod] SUBMIT tid=1470 cv=10 waits=1 sigs=2 cmds=1
[rtmod] COMMIT-NOOP
[rtmod] SUBMIT tid=1470 cv=11 waits=1 sigs=2 cmds=1
[rtmod] COMMIT-NOOP
[rtmod] SUBMIT tid=1470 cv=12 waits=1 sigs=2 cmds=1
[rtmod] COMMIT-NOOP
[rtmod] SUBMIT tid=1470 cv=13 waits=1 sigs=2 cmds=1
[rtmod] COMMIT-NOOP
[rtmod] SUBMIT tid=1470 cv=14 waits=1 sigs=2 cmds=1
[rtmod] COMMIT-NOOP
[rtmod] SUBMIT tid=1470 cv=15 waits=1 sigs=2 cmds=1
[rtmod] COMMIT-NOOP
[rtmod] SUBMIT tid=1470 cv=16 waits=1 sigs=2 cmds=1
[rtmod] COMMIT-NOOP
[rtmod] SUBMIT tid=1470 cv=17 waits=1 sigs=2 cmds=1
[rtmod] COMMIT-NOOP
[rtmod] SUBMIT tid=1470 cv=18 waits=1 sigs=2 cmds=1
[rtmod] COMMIT-NOOP
[rtmod] SUBMIT tid=1470 cv=19 waits=1 sigs=2 cmds=1
[rtmod] COMMIT-NOOP
[rtmod] SUBMIT tid=1470 cv=20 waits=1 sigs=2 cmds=1
[rtmod] COMMIT-NOOP
[rtmod] SUBMIT tid=1470 cv=21 waits=1 sigs=2 cmds=1
[rtmod] COMMIT-NOOP
[rtmod] SUBMIT tid=1470 cv=22 waits=1 sigs=2 cmds=1
[rtmod] COMMIT-NOOP
[rtmod] SUBMIT tid=1470 cv=23 waits=1 sigs=2 cmds=1
[rtmod] COMMIT-NOOP
[rtmod] SUBMIT tid=1470 cv=24 waits=1 sigs=2 cmds=1
[rtmod] COMMIT-NOOP
[rtmod] SUBMIT tid=1470 cv=25 waits=1 sigs=2 cmds=1
[rtmod] COMMIT-NOOP
[rtmod] SUBMIT tid=1470 cv=26 waits=1 sigs=2 cmds=1
[rtmod] COMMIT-NOOP
[rtmod] SUBMIT tid=1470 cv=27 waits=1 sigs=2 cmds=1
[rtmod] COMMIT-NOOP
[rtmod] SUBMIT tid=1470 cv=28 waits=1 sigs=2 cmds=1
[rtmod] COMMIT-NOOP
[rtmod] SUBMIT tid=1470 cv=29 waits=1 sigs=2 cmds=1
[rtmod] COMMIT-NOOP
[rtmod] SUBMIT tid=1470 cv=30 waits=1 sigs=2 cmds=1
[rtmod] COMMIT-NOOP
[rtmod] SUBMIT tid=1470 cv=31 waits=1 sigs=2 cmds=1
[rtmod] COMMIT-NOOP
[rtmod] SUBMIT tid=1470 cv=32 waits=1 sigs=2 cmds=1
[rtmod] COMMIT-NOOP
[rtmod] SUBMIT tid=1470 cv=33 waits=1 sigs=2 cmds=1
[rtmod] COMMIT-NOOP
[rtmod] SUBMIT tid=1470 cv=34 waits=1 sigs=2 cmds=1
[rtmod] COMMIT-NOOP
[rtmod] SUBMIT tid=1470 cv=35 waits=1 sigs=2 cmds=1
[rtmod] COMMIT-NOOP
[rtmod] SUBMIT tid=1470 cv=36 waits=1 sigs=2 cmds=1
[rtmod] COMMIT-NOOP
[
 {
  "impl": "gpu_fast",
  "hidden": 1024,
  "eps": 1e-06,
  "scale": 1.0,
  "n": 4096,
  "bit_exact_frac": 0.99999,
  "max_ulp": 0.5,
  "max_abs_err": 0.015625,
  "ref_denormal_frac": 0.0
 },
 {
  "impl": "gpu_naive",
  "hidden": 1024,
  "eps": 1e-06,
  "scale": 1.0,
  "n": 4096,
  "bit_exact_frac": 0.666404,
  "max_ulp": 1.0,
  "max_abs_err": 0.03125,
  "ref_denormal_frac": 0.0
 },
 {
  "impl": "gpu_fast",
  "hidden": 1024,
  "eps": 1e-06,
  "scale": 0.001,
  "n": 4096,
  "bit_exact_frac": 0.999992,
  "max_ulp": 0.5,
  "max_abs_err": 0.0078125,
  "ref_denormal_frac": 0.0
 },
 {
  "impl": "gpu_naive",
  "hidden": 1024,
  "eps": 1e-06,
  "scale": 0.001,
  "n": 4096,
  "bit_exact_frac": 0.685465,
  "max_ulp": 1.0,
  "max_abs_err": 0.015625,
  "ref_denormal_frac": 0.0
 },
 {
  "impl": "gpu_fast",
  "hidden": 1024,
  "eps": 1e-06,
  "scale": 1000.0,
  "n": 4096,
  "bit_exact_frac": 0.999992,
  "max_ulp": 0.5,
  "max_abs_err": 0.0078125,
  "ref_denormal_frac": 0.0
 },
 {
  "impl": "gpu_naive",
  "hidden": 1024,
  "eps": 1e-06,
  "scale": 1000.0,
  "n": 4096,
  "bit_exact_frac": 0.742903,
  "max_ulp": 1.0,
  "max_abs_err": 0.03125,
  "ref_denormal_frac": 0.0
 },
 {
  "impl": "gpu_fast",
  "hidden": 1024,
  "eps": 1e-05,
  "scale": 1.0,
  "n": 4096,
  "bit_exact_frac": 0.999989,
  "max_ulp": 0.5,
  "max_abs_err": 0.015625,
  "ref_denormal_frac": 0.0
 },
 {
  "impl": "gpu_naive",
  "hidden": 1024,
  "eps": 1e-05,
  "scale": 1.0,
  "n": 4096,
  "bit_exact_frac": 0.66259,
  "max_ulp": 1.0,
  "max_abs_err": 0.03125,
  "ref_denormal_frac": 0.0
 },
 {
  "impl": "gpu_fast",
  "hidden": 1024,
  "eps": 1e-05,
  "scale": 0.001,
  "n": 4096,
  "bit_exact_frac": 0.999994,
  "max_ulp": 0.5,
  "max_abs_err": 0.00390625,
  "ref_denormal_frac": 0.0
 },
 {
  "impl": "gpu_naive",
  "hidden": 1024,
  "eps": 1e-05,
  "scale": 0.001,
  "n": 4096,
  "bit_exact_frac": 0.731307,
  "max_ulp": 0.5,
  "max_abs_err": 0.0078125,
  "ref_denormal_frac": 0.0
 },
 {
  "impl": "gpu_fast",
  "hidden": 1024,
  "eps": 1e-05,
  "scale": 1000.0,
  "n": 4096,
  "bit_exact_frac": 0.999996,
  "max_ulp": 0.5,
  "max_abs_err": 0.0078125,
  "ref_denormal_frac": 0.0
 },
 {
  "impl": "gpu_naive",
  "hidden": 1024,
  "eps": 1e-05,
  "scale": 1000.0,
  "n": 4096,
  "bit_exact_frac": 0.744272,
  "max_ulp": 1.0,
  "max_abs_err": 0.03125,
  "ref_denormal_frac": 0.0
 },
 {
  "impl": "gpu_fast",
  "hidden": 2048,
  "eps": 1e-06,
  "scale": 1.0,
  "n": 4096,
  "bit_exact_frac": 0.999996,
  "max_ulp": 0.5,
  "max_abs_err": 0.0078125,
  "ref_denormal_frac": 0.0
 },
 {
  "impl": "gpu_naive",
  "hidden": 2048,
  "eps": 1e-06,
  "scale": 1.0,
  "n": 4096,
  "bit_exact_frac": 0.644477,
  "max_ulp": 1.0,
  "max_abs_err": 0.03125,
  "ref_denormal_frac": 0.0
 },
 {
  "impl": "gpu_fast",
  "hidden": 2048,
  "eps": 1e-06,
  "scale": 0.001,
  "n": 4096,
  "bit_exact_frac": 1.0,
  "max_ulp": 0.0,
  "max_abs_err": 0.0,
  "ref_denormal_frac": 0.0
 },
 {
  "impl": "gpu_naive",
  "hidden": 2048,
  "eps": 1e-06,
  "scale": 0.001,
  "n": 4096,
  "bit_exact_frac": 0.689003,
  "max_ulp": 1.0,
  "max_abs_err": 0.015625,
  "ref_denormal_frac": 0.0
 },
 {
  "impl": "gpu_fast",
  "hidden": 2048,
  "eps": 1e-06,
  "scale": 1000.0,
  "n": 4096,
  "bit_exact_frac": 0.999997,
  "max_ulp": 0.5,
  "max_abs_err": 0.015625,
  "ref_denormal_frac": 0.0
 },
 {
  "impl": "gpu_naive",
  "hidden": 2048,
  "eps": 1e-06,
  "scale": 1000.0,
  "n": 4096,
  "bit_exact_frac": 0.759323,
  "max_ulp": 1.0,
  "max_abs_err": 0.03125,
  "ref_denormal_frac": 0.0
 },
 {
  "impl": "gpu_fast",
  "hidden": 2048,
  "eps": 1e-05,
  "scale": 1.0,
  "n": 4096,
  "bit_exact_frac": 0.99999,
  "max_ulp": 0.5,
  "max_abs_err": 0.015625,
  "ref_denormal_frac": 0.0
 },
 {
  "impl": "gpu_naive",
  "hidden": 2048,
  "eps": 1e-05,
  "scale": 1.0,
  "n": 4096,
  "bit_exact_frac": 0.646093,
  "max_ulp": 1.0,
  "max_abs_err": 0.03125,
  "ref_denormal_frac": 0.0
 },
 {
  "impl": "gpu_fast",
  "hidden": 2048,
  "eps": 1e-05,
  "scale": 0.001,
  "n": 4096,
  "bit_exact_frac": 0.999992,
  "max_ulp": 0.5,
  "max_abs_err": 0.00390625,
  "ref_denormal_frac": 0.0
 },
 {
  "impl": "gpu_naive",
  "hidden": 2048,
  "eps": 1e-05,
  "scale": 0.001,
  "n": 4096,
  "bit_exact_frac": 0.694542,
  "max_ulp": 0.5,
  "max_abs_err": 0.0078125,
  "ref_denormal_frac": 0.0
 },
 {
  "impl": "gpu_fast",
  "hidden": 2048,
  "eps": 1e-05,
  "scale": 1000.0,
  "n": 4096,
  "bit_exact_frac": 0.999996,
  "max_ulp": 0.5,
  "max_abs_err": 0.0078125,
  "ref_denormal_frac": 0.0
 },
 {
  "impl": "gpu_naive",
  "hidden": 2048,
  "eps": 1e-05,
  "scale": 1000.0,
  "n": 4096,
  "bit_exact_frac": 0.759707,
  "max_ulp": 1.0,
  "max_abs_err": 0.03125,
  "ref_denormal_frac": 0.0
 },
 {
  "impl": "gpu_fast",
  "hidden": 5120,
  "eps": 1e-06,
  "scale": 1.0,
  "n": 4096,
  "bit_exact_frac": 0.999988,
  "max_ulp": 0.5,
  "max_abs_err": 0.015625,
  "ref_denormal_frac": 0.0
 },
 {
  "impl": "gpu_naive",
  "hidden": 5120,
  "eps": 1e-06,
  "scale": 1.0,
  "n": 4096,
  "bit_exact_frac": 0.669857,
  "max_ulp": 1.0,
  "max_abs_err": 0.03125,
  "ref_denormal_frac": 0.0
 },
 {
  "impl": "gpu_fast",
  "hidden": 5120,
  "eps": 1e-06,
  "scale": 0.001,
  "n": 4096,
  "bit_exact_frac": 0.999992,
  "max_ulp": 0.5,
  "max_abs_err": 0.015625,
  "ref_denormal_frac": 0.0
 },
 {
  "impl": "gpu_naive",
  "hidden": 5120,
  "eps": 1e-06,
  "scale": 0.001,
  "n": 4096,
  "bit_exact_frac": 0.662267,
  "max_ulp": 1.0,
  "max_abs_err": 0.015625,
  "ref_denormal_frac": 0.0
 },
 {
  "impl": "gpu_fast",
  "hidden": 5120,
  "eps": 1e-06,
  "scale": 1000.0,
  "n": 4096,
  "bit_exact_frac": 0.999994,
  "max_ulp": 0.5,
  "max_abs_err": 0.015625,
  "ref_denormal_frac": 0.0
 },
 {
  "impl": "gpu_naive",
  "hidden": 5120,
  "eps": 1e-06,
  "scale": 1000.0,
  "n": 4096,
  "bit_exact_frac": 0.758139,
  "max_ulp": 0.5,
  "max_abs_err": 0.03125,
  "ref_denormal_frac": 0.0
 },
 {
  "impl": "gpu_fast",
  "hidden": 5120,
  "eps": 1e-05,
  "scale": 1.0,
  "n": 4096,
  "bit_exact_frac": 0.999994,
  "max_ulp": 0.5,
  "max_abs_err": 0.015625,
  "ref_denormal_frac": 0.0
 },
 {
  "impl": "gpu_naive",
  "hidden": 5120,
  "eps": 1e-05,
  "scale": 1.0,
  "n": 4096,
  "bit_exact_frac": 0.658297,
  "max_ulp": 1.0,
  "max_abs_err": 0.03125,
  "ref_denormal_frac": 0.0
 },
 {
  "impl": "gpu_fast",
  "hidden": 5120,
  "eps": 1e-05,
  "scale": 0.001,
  "n": 4096,
  "bit_exact_frac": 0.999995,
  "max_ulp": 0.5,
  "max_abs_err": 0.0078125,
  "ref_denormal_frac": 0.0
 },
 {
  "impl": "gpu_naive",
  "hidden": 5120,
  "eps": 1e-05,
  "scale": 0.001,
  "n": 4096,
  "bit_exact_frac": 0.622257,
  "max_ulp": 0.5,
  "max_abs_err": 0.0078125,
  "ref_denormal_frac": 0.0
 },
 {
  "impl": "gpu_fast",
  "hidden": 5120,
  "eps": 1e-05,
  "scale": 1000.0,
  "n": 4096,
  "bit_exact_frac": 0.999988,
  "max_ulp": 0.5,
  "max_abs_err": 0.015625,
  "ref_denormal_frac": 0.0
 },
 {
  "impl": "gpu_naive",
  "hidden": 5120,
  "eps": 1e-05,
  "scale": 1000.0,
  "n": 4096,
  "bit_exact_frac": 0.761031,
  "max_ulp": 0.5,
  "max_abs_err": 0.03125,
  "ref_denormal_frac": 0.0
 }
]
[rtmod] COMMIT-NOOP
