== prepare upstream tree ==
  % Total    % Received % Xferd  Average Speed  Time    Time    Time   Current
                                 Dload  Upload  Total   Spent   Left   Speed
  0      0   0      0   0      0      0      0                              0  0      0   0      0   0      0      0      0                              0  0      0   0      0   0      0      0      0                              0
  0      0   0      0   0      0      0      0                              0100  4.20M   0  4.20M   0      0  4.70M      0                              0100  4.20M   0  4.20M   0      0  4.70M      0                              0100  4.20M   0  4.20M   0      0  4.70M      0                              0
patching file CMakeLists.txt
patching file mlx/CMakeLists.txt
patching file tests/CMakeLists.txt
patching file mlx/transforms.cpp
patching file mlx/transforms.cpp
patching file mlx/transforms.h
patching file setup.py
patching file mlx/io/safetensors.cpp
patching file mlx/io/load.cpp
patching file mlx/export.cpp
patching file mlx/linalg.cpp
patching file python/src/buffer.h
patching file mlx/ops.cpp
Hunk #2 succeeded at 5051 (offset 1 line).
patching file mlx/backend/cpu/distributed.cpp
patching file mlx/fast.cpp
patching file mlx/backend/common/metal_kernel.cpp
patching file setup.py
/var/tmp/qmmceil/work/mlx
== build venv (/var/tmp/qmmceil/work/venv-build) ==
== wheel build ==
Processing /var/tmp/qmmceil/work/mlx
  Preparing metadata (pyproject.toml): started
  Preparing metadata (pyproject.toml): finished with status 'done'
Building wheels for collected packages: mlx-omarchy
  Building wheel for mlx-omarchy (pyproject.toml): started
  Building wheel for mlx-omarchy (pyproject.toml): still running...
  Building wheel for mlx-omarchy (pyproject.toml): finished with status 'done'
  Created wheel for mlx-omarchy: filename=mlx_omarchy-0.32.2.dev202609171941+diag.6f70d4fa-cp314-cp314-linux_aarch64.whl size=8332906 sha256=b114733801fb36d53ce05458608694a6a928a2be38782f9dd21dee68b9cd67f3
  Stored in directory: /tmp/pip-ephem-wheel-cache-ez8jee3d/wheels/f4/a3/2c/9364ed0d4aa58fa1f7adc069741a680c8659666ab3b1bc9728
Successfully built mlx-omarchy
== diagnostics staging ==
[receipt] profiling harness: compiled IN (MLX_OMARCHY_GPU_PROFILE literal found in wheel)
[receipt] staged tool: /var/tmp/qmmceil/src/dist/mlx-omarchy-info
== receipt ==
[receipt] wheel: /var/tmp/qmmceil/src/dist/mlx_omarchy-0.32.2.dev202609171941+diag.6f70d4fa-cp314-cp314-linux_aarch64.whl
[receipt] size: 8332906 bytes
[receipt] sha256: b114733801fb36d53ce05458608694a6a928a2be38782f9dd21dee68b9cd67f3
[receipt] source commit: unknown
[receipt] NEXT STEP - do not skip: after you upload this wheel to a
[receipt] release, verify the UPLOADED asset with
[receipt]   python3 scripts/verify-release-assets.py <tag>
[receipt] It must print VERIFIED before the release is announced as
[receipt] usable. See docs/release.md. A local build check does not
[receipt] verify what users download.
