[omarchy] CAPABILITY SIMULATION ACTIVE: profile 'no-cooperative-matrix' (stands in for driver_variant other)
[omarchy] simulated runs are not hardware results: no benchmark or generated-id-digest evidence may be recorded from this process.
[omarchy] simulated device 0: 'Apple M1 Max (G13C C0)' (Mesa Honeykrisp) as subgroup_size=64 subgroup_ops_mask=0x6cf cooperative_matrix_fp32_8x8x8=0 shared_memory_limit_bytes=281470681776128 workgroup_invocations=1024 workgroup_size_x=1024 atomic_float_add=0
[rtmod] SUBMIT tid=19722 cv=1 waits=0 sigs=2 cmds=1
[rtmod] COMMIT-NOOP
[rtmod] COMMIT-NOOP
[rtmod] SUBMIT tid=19722 cv=2 waits=0 sigs=2 cmds=1
[rtmod] COMMIT-NOOP
[rtmod] COMMIT-NOOP
[rtmod] SUBMIT tid=19722 cv=3 waits=0 sigs=2 cmds=1
[rtmod] COMMIT-NOOP
[rtmod] SUBMIT tid=19722 cv=4 waits=1 sigs=2 cmds=1
[rtmod] COMMIT-NOOP
[rtmod] COMMIT-NOOP
[rtmod] SUBMIT tid=19722 cv=5 waits=0 sigs=2 cmds=1
[rtmod] COMMIT-NOOP
[rtmod] COMMIT-NOOP
[rtmod] SUBMIT tid=19722 cv=6 waits=0 sigs=2 cmds=1
[rtmod] COMMIT-NOOP
[rtmod] SUBMIT tid=19722 cv=7 waits=1 sigs=2 cmds=1
[rtmod] COMMIT-NOOP
[rtmod] COMMIT-NOOP
[rtmod] SUBMIT tid=19722 cv=8 waits=0 sigs=2 cmds=1
[rtmod] COMMIT-NOOP
[rtmod] COMMIT-NOOP
[rtmod] SUBMIT tid=19722 cv=9 waits=0 sigs=2 cmds=1
[rtmod] COMMIT-NOOP
[rtmod] COMMIT-NOOP
[rtmod] SUBMIT tid=19722 cv=10 waits=0 sigs=2 cmds=1
[rtmod] COMMIT-NOOP
[rtmod] SUBMIT tid=19722 cv=11 waits=1 sigs=2 cmds=1
[rtmod] COMMIT-NOOP
[rtmod] COMMIT-NOOP
[rtmod] SUBMIT tid=19722 cv=12 waits=0 sigs=2 cmds=1
[rtmod] COMMIT-NOOP
[rtmod] COMMIT-NOOP
[rtmod] SUBMIT tid=19722 cv=13 waits=0 sigs=2 cmds=1
[rtmod] COMMIT-NOOP
[rtmod] COMMIT-NOOP
[rtmod] SUBMIT tid=19722 cv=14 waits=0 sigs=2 cmds=1
[rtmod] COMMIT-NOOP
[rtmod] COMMIT-NOOP
[rtmod] SUBMIT tid=19722 cv=15 waits=0 sigs=2 cmds=1
[rtmod] COMMIT-NOOP
[rtmod] SUBMIT tid=19722 cv=16 waits=1 sigs=2 cmds=1
[rtmod] COMMIT-NOOP
[rtmod] COMMIT-NOOP
unit: profile registry + apply() deltas OK
[doctest] doctest version is "2.4.12"
[doctest] run with "--help" for options
[capsim q4-gemv] profile=no-cooperative-matrix subgroup_gate=0 bound=0.0462067
[capsim bf16-gemv] profile=no-cooperative-matrix gemv_gate=0 max_abs_err=0.0366859 bound=0.163149
[capsim f32-coopmat] profile=no-cooperative-matrix -> 16x16 tile (backed=1)
[capsim q4-prefill] profile=no-cooperative-matrix -> QmmTileRbF16 (backed=1)
[capsim sdpa] profile=no-cooperative-matrix -> composed f16 SDPA (backed=1)
===============================================================================
[doctest] test cases:    6 |    6 passed | 0 failed | 0 skipped
[doctest] assertions: 2462 | 2462 passed | 0 failed |
[doctest] Status: SUCCESS!
[rtmod] COMMIT-NOOP
[rtmod] COMMIT-NOOP
[rtmod] COMMIT-NOOP
[rtmod] COMMIT-NOOP
[rtmod] COMMIT-NOOP
[rtmod] COMMIT-NOOP
