out dir: ~/asc-capture/run-205806/bundle-out/core-20260924T205809
feat_f32.bin: OK
mask_i32.bin: OK
gold_f16.bin: OK
model dir: ~/.cache/mlx-omarchy/parakeet-reference/mweinbach1/parakeet-tdt-0.6b-v3-coreml/b650695c2322ee5281dff48d7345b2f3a58ff018
-- thermals
Note: No thermal warning level has been recorded
CFBundleVersion: 3520.5.1
compiling from source...
== arm cpu
{"units":"cpu","compile_ms":290.4,"load_ms":2240.6,"placement":{"cpu":1374},"reps":10,"median_ms":209.07,"min_ms":208.69,"max_ms":209.28,"mean_ms":209.00,"hidden_stride_mean":-0.053544,"hidden_count":240000,"mask_sum":375}
times_ms [208.69, 208.73, 208.83, 208.87, 208.99, 209.07, 209.14, 209.19, 209.20, 209.28]
{"file":"~/asc-capture/run-205806/bundle-out/core-20260924T205809/out_cpu.bin","words":240000,"mismatches":237729,"max_delta":0.145264,"first_bad_index":0,"bit_exact":false}
== arm ane
{"units":"ane","compile_ms":258.8,"load_ms":39064.1,"placement":{"ane":1341,"cpu":33},"reps":10,"median_ms":139.06,"min_ms":134.34,"max_ms":143.49,"mean_ms":138.52,"hidden_stride_mean":-0.053864,"hidden_count":240000,"mask_sum":375}
times_ms [134.34, 135.04, 135.14, 135.58, 138.70, 139.06, 139.06, 141.96, 142.85, 143.49]
{"file":"~/asc-capture/run-205806/bundle-out/core-20260924T205809/out_ane.bin","words":240000,"mismatches":0,"max_delta":0,"first_bad_index":-1,"bit_exact":true}
== arm all
{"units":"all","compile_ms":237.2,"load_ms":39135.1,"placement":{"ane":1334,"cpu":28,"gpu":12},"reps":10,"median_ms":154.67,"min_ms":148.43,"max_ms":160.74,"mean_ms":153.33,"hidden_stride_mean":-0.053864,"hidden_count":240000,"mask_sum":375}
times_ms [148.43, 148.59, 148.60, 148.72, 152.49, 154.67, 156.64, 157.06, 157.41, 160.74]
{"file":"~/asc-capture/run-205806/bundle-out/core-20260924T205809/out_all.bin","words":240000,"mismatches":0,"max_delta":0,"first_bad_index":-1,"bit_exact":true}
ane power sample: ANE power: none-recorded (check ane_power_*.txt/.err)
CORE-BUNDLE OK — ~/asc-capture/run-205806/bundle-out/core-20260924T205809
