[rtmod] DISPATCH kernel=323 count=166960 gx=653 gy=1 gz=1
[rtmod] FEW name=Divide count=166960
[rtmod] DISPATCH kernel=0 count=166960 gx=653 gy=1 gz=1
[rtmod] EV-SIGNAL tid=8810 ev=0xaaaacef02d30 val=1 st=0 host=0
[rtmod] SUBMIT-ENTER tid=8810
[rtmod] SUBMIT tid=8810 cv=1 waits=0 sigs=2 cmds=1
[rtmod] COMMIT-NOOP
[rtmod] EV-WAIT tid=8810 ev=0xaaaacef02d30 val=1 cnt=0 resv=1
[rtmod] DISPATCH kernel=429 count=0 gx=6002 gy=1 gz=1
[rtmod] DISPATCH kernel=429 count=0 gx=3001 gy=1 gz=1
[rtmod] DISPATCH kernel=429 count=0 gx=3013 gy=1 gz=1
[rtmod] DISPATCH kernel=429 count=0 gx=1501 gy=1 gz=1
[rtmod] DISPATCH kernel=429 count=0 gx=1 gy=1 gz=1
[rtmod] DISPATCH kernel=429 count=0 gx=1501 gy=1 gz=1
[rtmod] EV-SIGNAL tid=8810 ev=0xaaaaceee25b0 val=1 st=0 host=0
[rtmod] SUBMIT-ENTER tid=8810
[rtmod] SUBMIT tid=8810 cv=2 waits=1 sigs=2 cmds=1
[rtmod] COMMIT-NOOP
[rtmod] EV-WAIT tid=8810 ev=0xaaaaceee25b0 val=1 cnt=0 resv=2
[rtmod] EV-SIGNAL tid=8810 ev=0xaaaacef02d30 val=1 st=0 host=0
[rtmod] EV-SIGNAL path=host-signal
[rtmod] COMMIT-NOOP
[rtmod] EV-SIGNAL tid=8810 ev=0xaaaacef02d30 val=1 st=0 host=0
[rtmod] EV-SIGNAL path=host-signal
[rtmod] COMMIT-NOOP
[rtmod] EV-SIGNAL tid=8810 ev=0xaaaacef02d30 val=1 st=0 host=0
[rtmod] SUBMIT-ENTER tid=8810
[rtmod] SUBMIT tid=8810 cv=3 waits=1 sigs=2 cmds=1
[rtmod] COMMIT-NOOP
[rtmod] EV-WAIT tid=8810 ev=0xaaaacef02d30 val=1 cnt=0 resv=3
[rtmod] DISPATCH kernel=429 count=0 gx=100 gy=1 gz=1
[rtmod] DISPATCH kernel=429 count=0 gx=1 gy=1 gz=1
[rtmod] DISPATCH kernel=429 count=0 gx=100 gy=1 gz=1
[rtmod] DISPATCH kernel=429 count=0 gx=1 gy=1 gz=1
[rtmod] DISPATCH kernel=429 count=0 gx=33 gy=1 gz=1
[rtmod] DISPATCH kernel=429 count=0 gx=1 gy=1 gz=1
[rtmod] DISPATCH kernel=429 count=0 gx=100 gy=1 gz=1
[rtmod] DISPATCH kernel=429 count=0 gx=1 gy=1 gz=1
[rtmod] DISPATCH kernel=429 count=0 gx=100 gy=1 gz=1
[rtmod] DISPATCH kernel=429 count=0 gx=1 gy=1 gz=1
[rtmod] DISPATCH kernel=429 count=0 gx=33 gy=1 gz=1
[rtmod] DISPATCH kernel=429 count=0 gx=1 gy=1 gz=1
[rtmod] DISPATCH kernel=429 count=0 gx=100 gy=1 gz=1
[rtmod] DISPATCH kernel=429 count=0 gx=1 gy=1 gz=1
[rtmod] DISPATCH kernel=429 count=0 gx=100 gy=1 gz=1
[rtmod] DISPATCH kernel=429 count=0 gx=1 gy=1 gz=1
[rtmod] DISPATCH kernel=429 count=0 gx=33 gy=1 gz=1
[rtmod] DISPATCH kernel=429 count=0 gx=1 gy=1 gz=1
[rtmod] DISPATCH kernel=429 count=0 gx=100 gy=1 gz=1
[rtmod] DISPATCH kernel=429 count=0 gx=1 gy=1 gz=1
[rtmod] DISPATCH kernel=429 count=0 gx=100 gy=1 gz=1
[rtmod] DISPATCH kernel=429 count=0 gx=1 gy=1 gz=1
[rtmod] DISPATCH kernel=429 count=0 gx=33 gy=1 gz=1
[rtmod] DISPATCH kernel=429 count=0 gx=1 gy=1 gz=1
[rtmod] DISPATCH kernel=429 count=0 gx=100 gy=1 gz=1
[rtmod] DISPATCH kernel=429 count=0 gx=1 gy=1 gz=1
[rtmod] DISPATCH kernel=429 count=0 gx=100 gy=1 gz=1
[rtmod] DISPATCH kernel=429 count=0 gx=1 gy=1 gz=1
[rtmod] DISPATCH kernel=429 count=0 gx=33 gy=1 gz=1
[rtmod] DISPATCH kernel=429 count=0 gx=1 gy=1 gz=1
[rtmod] DISPATCH kernel=429 count=0 gx=100 gy=1 gz=1
[rtmod] DISPATCH kernel=429 count=0 gx=1 gy=1 gz=1
[rtmod] DISPATCH kernel=429 count=0 gx=100 gy=1 gz=1
[rtmod] DISPATCH kernel=429 count=0 gx=1 gy=1 gz=1
[rtmod] DISPATCH kernel=429 count=0 gx=33 gy=1 gz=1
[rtmod] DISPATCH kernel=429 count=0 gx=1 gy=1 gz=1
[rtmod] DISPATCH kernel=429 count=0 gx=100 gy=1 gz=1
[rtmod] DISPATCH kernel=429 count=0 gx=1 gy=1 gz=1
[rtmod] DISPATCH kernel=429 count=0 gx=100 gy=1 gz=1
[rtmod] DISPATCH kernel=429 count=0 gx=1 gy=1 gz=1
[rtmod] DISPATCH kernel=429 count=0 gx=33 gy=1 gz=1
[rtmod] DISPATCH kernel=429 count=0 gx=1 gy=1 gz=1
[rtmod] DISPATCH kernel=429 count=0 gx=100 gy=1 gz=1
[rtmod] DISPATCH kernel=429 count=0 gx=1 gy=1 gz=1
[rtmod] DISPATCH kernel=429 count=0 gx=100 gy=1 gz=1
[rtmod] DISPATCH kernel=429 count=0 gx=1 gy=1 gz=1
[rtmod] DISPATCH kernel=429 count=0 gx=33 gy=1 gz=1
[rtmod] DISPATCH kernel=429 count=0 gx=1 gy=1 gz=1
[rtmod] DISPATCH kernel=429 count=0 gx=100 gy=1 gz=1
[rtmod] DISPATCH kernel=429 count=0 gx=1 gy=1 gz=1
[rtmod] DISPATCH kernel=429 count=0 gx=100 gy=1 gz=1
[rtmod] DISPATCH kernel=429 count=0 gx=1 gy=1 gz=1
[rtmod] DISPATCH kernel=429 count=0 gx=33 gy=1 gz=1
[rtmod] DISPATCH kernel=429 count=0 gx=1 gy=1 gz=1
[rtmod] DISPATCH kernel=429 count=0 gx=100 gy=1 gz=1
[rtmod] DISPATCH kernel=429 count=0 gx=1 gy=1 gz=1
[rtmod] DISPATCH kernel=429 count=0 gx=100 gy=1 gz=1
[rtmod] DISPATCH kernel=429 count=0 gx=1 gy=1 gz=1
[rtmod] DISPATCH kernel=429 count=0 gx=33 gy=1 gz=1
[rtmod] DISPATCH kernel=429 count=0 gx=1 gy=1 gz=1
[rtmod] DISPATCH kernel=429 count=0 gx=100 gy=1 gz=1
[rtmod] DISPATCH kernel=429 count=0 gx=1 gy=1 gz=1
[rtmod] DISPATCH kernel=429 count=0 gx=100 gy=1 gz=1
[rtmod] DISPATCH kernel=429 count=0 gx=1 gy=1 gz=1
[rtmod] DISPATCH kernel=429 count=0 gx=33 gy=1 gz=1
[rtmod] DISPATCH kernel=429 count=0 gx=1 gy=1 gz=1
[rtmod] DISPATCH kernel=429 count=0 gx=100 gy=1 gz=1
[rtmod] DISPATCH kernel=429 count=0 gx=1 gy=1 gz=1
[rtmod] DISPATCH kernel=429 count=0 gx=100 gy=1 gz=1
[rtmod] DISPATCH kernel=429 count=0 gx=1 gy=1 gz=1
[rtmod] DISPATCH kernel=429 count=0 gx=33 gy=1 gz=1
[rtmod] DISPATCH kernel=429 count=0 gx=1 gy=1 gz=1
[rtmod] DISPATCH kernel=429 count=0 gx=100 gy=1 gz=1
[rtmod] DISPATCH kernel=429 count=0 gx=1 gy=1 gz=1
[rtmod] DISPATCH kernel=429 count=0 gx=100 gy=1 gz=1
[rtmod] DISPATCH kernel=429 count=0 gx=1 gy=1 gz=1
[rtmod] DISPATCH kernel=429 count=0 gx=33 gy=1 gz=1
[rtmod] DISPATCH kernel=429 count=0 gx=1 gy=1 gz=1
[rtmod] DISPATCH kernel=429 count=0 gx=100 gy=1 gz=1
[rtmod] DISPATCH kernel=429 count=0 gx=1 gy=1 gz=1
[rtmod] DISPATCH kernel=429 count=0 gx=100 gy=1 gz=1
[rtmod] DISPATCH kernel=429 count=0 gx=1 gy=1 gz=1
[rtmod] DISPATCH kernel=429 count=0 gx=33 gy=1 gz=1
[rtmod] DISPATCH kernel=429 count=0 gx=1 gy=1 gz=1
[rtmod] DISPATCH kernel=429 count=0 gx=100 gy=1 gz=1
[rtmod] DISPATCH kernel=429 count=0 gx=1 gy=1 gz=1
[rtmod] DISPATCH kernel=429 count=0 gx=100 gy=1 gz=1
[rtmod] DISPATCH kernel=429 count=0 gx=1 gy=1 gz=1
[rtmod] DISPATCH kernel=429 count=0 gx=33 gy=1 gz=1
[rtmod] DISPATCH kernel=429 count=0 gx=1 gy=1 gz=1
[rtmod] DISPATCH kernel=429 count=0 gx=100 gy=1 gz=1
[rtmod] DISPATCH kernel=429 count=0 gx=1 gy=1 gz=1
[rtmod] DISPATCH kernel=429 count=0 gx=100 gy=1 gz=1
[rtmod] DISPATCH kernel=429 count=0 gx=1 gy=1 gz=1
[rtmod] DISPATCH kernel=429 count=0 gx=33 gy=1 gz=1
[rtmod] DISPATCH kernel=429 count=0 gx=1 gy=1 gz=1
[rtmod] DISPATCH kernel=429 count=0 gx=100 gy=1 gz=1
[rtmod] DISPATCH kernel=429 count=0 gx=1 gy=1 gz=1
[rtmod] DISPATCH kernel=429 count=0 gx=100 gy=1 gz=1
[rtmod] DISPATCH kernel=429 count=0 gx=1 gy=1 gz=1
[rtmod] DISPATCH kernel=429 count=0 gx=33 gy=1 gz=1
[rtmod] DISPATCH kernel=429 count=0 gx=1 gy=1 gz=1
[rtmod] DISPATCH kernel=429 count=0 gx=100 gy=1 gz=1
[rtmod] DISPATCH kernel=429 count=0 gx=1 gy=1 gz=1
[rtmod] DISPATCH kernel=429 count=0 gx=100 gy=1 gz=1
[rtmod] DISPATCH kernel=429 count=0 gx=1 gy=1 gz=1
[rtmod] DISPATCH kernel=429 count=0 gx=33 gy=1 gz=1
[rtmod] DISPATCH kernel=429 count=0 gx=1 gy=1 gz=1
[rtmod] DISPATCH kernel=429 count=0 gx=100 gy=1 gz=1
[rtmod] DISPATCH kernel=429 count=0 gx=1 gy=1 gz=1
[rtmod] DISPATCH kernel=429 count=0 gx=100 gy=1 gz=1
[rtmod] DISPATCH kernel=429 count=0 gx=1 gy=1 gz=1
[rtmod] DISPATCH kernel=429 count=0 gx=33 gy=1 gz=1
[rtmod] DISPATCH kernel=429 count=0 gx=1 gy=1 gz=1
[rtmod] DISPATCH kernel=429 count=0 gx=100 gy=1 gz=1
[rtmod] DISPATCH kernel=429 count=0 gx=1 gy=1 gz=1
[rtmod] DISPATCH kernel=429 count=0 gx=100 gy=1 gz=1
[rtmod] DISPATCH kernel=429 count=0 gx=1 gy=1 gz=1
[rtmod] DISPATCH kernel=429 count=0 gx=33 gy=1 gz=1
[rtmod] DISPATCH kernel=429 count=0 gx=1 gy=1 gz=1
[rtmod] DISPATCH kernel=429 count=0 gx=100 gy=1 gz=1
[rtmod] DISPATCH kernel=429 count=0 gx=1 gy=1 gz=1
[rtmod] DISPATCH kernel=429 count=0 gx=100 gy=1 gz=1
[rtmod] DISPATCH kernel=429 count=0 gx=1 gy=1 gz=1
[rtmod] DISPATCH kernel=429 count=0 gx=33 gy=1 gz=1
[rtmod] DISPATCH kernel=429 count=0 gx=1 gy=1 gz=1
[rtmod] DISPATCH kernel=429 count=0 gx=100 gy=1 gz=1
[rtmod] DISPATCH kernel=429 count=0 gx=1 gy=1 gz=1
[rtmod] DISPATCH kernel=429 count=0 gx=100 gy=1 gz=1
[rtmod] DISPATCH kernel=429 count=0 gx=1 gy=1 gz=1
[rtmod] DISPATCH kernel=429 count=0 gx=33 gy=1 gz=1
[rtmod] DISPATCH kernel=429 count=0 gx=1 gy=1 gz=1
[rtmod] DISPATCH kernel=429 count=0 gx=100 gy=1 gz=1
[rtmod] DISPATCH kernel=429 count=0 gx=1 gy=1 gz=1
[rtmod] DISPATCH kernel=429 count=0 gx=100 gy=1 gz=1
[rtmod] DISPATCH kernel=429 count=0 gx=1 gy=1 gz=1
[rtmod] DISPATCH kernel=429 count=0 gx=33 gy=1 gz=1
[rtmod] DISPATCH kernel=429 count=0 gx=1 gy=1 gz=1
[rtmod] DISPATCH kernel=429 count=0 gx=100 gy=1 gz=1
[rtmod] DISPATCH kernel=429 count=0 gx=1 gy=1 gz=1
[rtmod] DISPATCH kernel=429 count=0 gx=100 gy=1 gz=1
[rtmod] DISPATCH kernel=429 count=0 gx=1 gy=1 gz=1
[rtmod] DISPATCH kernel=429 count=0 gx=33 gy=1 gz=1
[rtmod] DISPATCH kernel=429 count=0 gx=1 gy=1 gz=1
[rtmod] DISPATCH kernel=429 count=0 gx=100 gy=1 gz=1
[rtmod] DISPATCH kernel=429 count=0 gx=1 gy=1 gz=1
[rtmod] DISPATCH kernel=429 count=0 gx=100 gy=1 gz=1
[rtmod] DISPATCH kernel=429 count=0 gx=1 gy=1 gz=1
[rtmod] DISPATCH kernel=429 count=0 gx=33 gy=1 gz=1
[rtmod] DISPATCH kernel=429 count=0 gx=1 gy=1 gz=1
[rtmod] DISPATCH kernel=429 count=0 gx=100 gy=1 gz=1
[rtmod] DISPATCH kernel=429 count=0 gx=1 gy=1 gz=1
[rtmod] DISPATCH kernel=429 count=0 gx=100 gy=1 gz=1
[rtmod] DISPATCH kernel=429 count=0 gx=1 gy=1 gz=1
[rtmod] DISPATCH kernel=429 count=0 gx=33 gy=1 gz=1
[rtmod] DISPATCH kernel=429 count=0 gx=1 gy=1 gz=1
[rtmod] DISPATCH kernel=429 count=0 gx=100 gy=1 gz=1
[rtmod] DISPATCH kernel=429 count=0 gx=1 gy=1 gz=1
[rtmod] DISPATCH kernel=429 count=0 gx=100 gy=1 gz=1
[rtmod] DISPATCH kernel=429 count=0 gx=1 gy=1 gz=1
[rtmod] DISPATCH kernel=429 count=0 gx=33 gy=1 gz=1
[rtmod] DISPATCH kernel=429 count=0 gx=1 gy=1 gz=1
[rtmod] DISPATCH kernel=429 count=0 gx=100 gy=1 gz=1
[rtmod] DISPATCH kernel=429 count=0 gx=1 gy=1 gz=1
[rtmod] DISPATCH kernel=429 count=0 gx=100 gy=1 gz=1
[rtmod] DISPATCH kernel=429 count=0 gx=1 gy=1 gz=1
[rtmod] DISPATCH kernel=429 count=0 gx=33 gy=1 gz=1
[rtmod] DISPATCH kernel=429 count=0 gx=1 gy=1 gz=1
[rtmod] DISPATCH kernel=429 count=0 gx=100 gy=1 gz=1
[rtmod] DISPATCH kernel=429 count=0 gx=1 gy=1 gz=1
[rtmod] DISPATCH kernel=429 count=0 gx=100 gy=1 gz=1
[rtmod] DISPATCH kernel=429 count=0 gx=1 gy=1 gz=1
[rtmod] DISPATCH kernel=429 count=0 gx=33 gy=1 gz=1
[rtmod] DISPATCH kernel=429 count=0 gx=1 gy=1 gz=1
[rtmod] DISPATCH kernel=429 count=0 gx=100 gy=1 gz=1
[rtmod] DISPATCH kernel=429 count=0 gx=1 gy=1 gz=1
[rtmod] DISPATCH kernel=429 count=0 gx=100 gy=1 gz=1
[rtmod] DISPATCH kernel=429 count=0 gx=1 gy=1 gz=1
[rtmod] DISPATCH kernel=429 count=0 gx=33 gy=1 gz=1
[rtmod] DISPATCH kernel=429 count=0 gx=1 gy=1 gz=1
[rtmod] DISPATCH kernel=429 count=0 gx=100 gy=1 gz=1
[rtmod] DISPATCH kernel=429 count=0 gx=1 gy=1 gz=1
[rtmod] DISPATCH kernel=429 count=0 gx=100 gy=1 gz=1
[rtmod] DISPATCH kernel=429 count=0 gx=1 gy=1 gz=1
[rtmod] DISPATCH kernel=429 count=0 gx=33 gy=1 gz=1
[rtmod] DISPATCH kernel=429 count=0 gx=1 gy=1 gz=1
[rtmod] DISPATCH kernel=429 count=0 gx=100 gy=1 gz=1
[rtmod] DISPATCH kernel=429 count=0 gx=1 gy=1 gz=1
[rtmod] DISPATCH kernel=429 count=0 gx=100 gy=1 gz=1
[rtmod] DISPATCH kernel=429 count=0 gx=1 gy=1 gz=1
[rtmod] DISPATCH kernel=429 count=0 gx=33 gy=1 gz=1
[rtmod] DISPATCH kernel=429 count=0 gx=1 gy=1 gz=1
[rtmod] DISPATCH kernel=429 count=0 gx=100 gy=1 gz=1
[rtmod] DISPATCH kernel=429 count=0 gx=1 gy=1 gz=1
[rtmod] DISPATCH kernel=429 count=0 gx=100 gy=1 gz=1
[rtmod] DISPATCH kernel=429 count=0 gx=1 gy=1 gz=1
[rtmod] DISPATCH kernel=429 count=0 gx=33 gy=1 gz=1
[rtmod] DISPATCH kernel=429 count=0 gx=1 gy=1 gz=1
[rtmod] DISPATCH kernel=429 count=0 gx=100 gy=1 gz=1
[rtmod] DISPATCH kernel=429 count=0 gx=1 gy=1 gz=1
[rtmod] DISPATCH kernel=429 count=0 gx=100 gy=1 gz=1
[rtmod] DISPATCH kernel=429 count=0 gx=1 gy=1 gz=1
[rtmod] DISPATCH kernel=429 count=0 gx=33 gy=1 gz=1
[rtmod] DISPATCH kernel=429 count=0 gx=1 gy=1 gz=1
[rtmod] DISPATCH kernel=429 count=0 gx=100 gy=1 gz=1
[rtmod] DISPATCH kernel=429 count=0 gx=1 gy=1 gz=1
[rtmod] DISPATCH kernel=429 count=0 gx=100 gy=1 gz=1
[rtmod] DISPATCH kernel=429 count=0 gx=1 gy=1 gz=1
[rtmod] DISPATCH kernel=429 count=0 gx=33 gy=1 gz=1
[rtmod] DISPATCH kernel=429 count=0 gx=1 gy=1 gz=1
[rtmod] DISPATCH kernel=429 count=0 gx=100 gy=1 gz=1
[rtmod] DISPATCH kernel=429 count=0 gx=1 gy=1 gz=1
[rtmod] DISPATCH kernel=429 count=0 gx=100 gy=1 gz=1
[rtmod] DISPATCH kernel=429 count=0 gx=1 gy=1 gz=1
[rtmod] DISPATCH kernel=429 count=0 gx=33 gy=1 gz=1
[rtmod] DISPATCH kernel=429 count=0 gx=1 gy=1 gz=1
[rtmod] DISPATCH kernel=429 count=0 gx=100 gy=1 gz=1
[rtmod] DISPATCH kernel=429 count=0 gx=1 gy=1 gz=1
[rtmod] DISPATCH kernel=429 count=0 gx=100 gy=1 gz=1
[rtmod] DISPATCH kernel=429 count=0 gx=1 gy=1 gz=1
[rtmod] DISPATCH kernel=429 count=0 gx=33 gy=1 gz=1
[rtmod] DISPATCH kernel=429 count=0 gx=1 gy=1 gz=1
[rtmod] DISPATCH kernel=429 count=0 gx=100 gy=1 gz=1
[rtmod] DISPATCH kernel=429 count=0 gx=1 gy=1 gz=1
[rtmod] DISPATCH kernel=429 count=0 gx=100 gy=1 gz=1
[rtmod] DISPATCH kernel=429 count=0 gx=1 gy=1 gz=1
[rtmod] DISPATCH kernel=429 count=0 gx=33 gy=1 gz=1
[rtmod] DISPATCH kernel=429 count=0 gx=1 gy=1 gz=1
[rtmod] DISPATCH kernel=429 count=0 gx=100 gy=1 gz=1
[rtmod] DISPATCH kernel=429 count=0 gx=1 gy=1 gz=1
[rtmod] DISPATCH kernel=429 count=0 gx=100 gy=1 gz=1
[rtmod] DISPATCH kernel=429 count=0 gx=1 gy=1 gz=1
[rtmod] DISPATCH kernel=429 count=0 gx=33 gy=1 gz=1
[rtmod] DISPATCH kernel=429 count=0 gx=1 gy=1 gz=1
[rtmod] DISPATCH kernel=429 count=0 gx=100 gy=1 gz=1
[rtmod] DISPATCH kernel=429 count=0 gx=1 gy=1 gz=1
[rtmod] DISPATCH kernel=429 count=0 gx=100 gy=1 gz=1
[rtmod] DISPATCH kernel=429 count=0 gx=1 gy=1 gz=1
[rtmod] DISPATCH kernel=429 count=0 gx=33 gy=1 gz=1
[rtmod] DISPATCH kernel=429 count=0 gx=1 gy=1 gz=1
[rtmod] DISPATCH kernel=429 count=0 gx=100 gy=1 gz=1
[rtmod] DISPATCH kernel=429 count=0 gx=1 gy=1 gz=1
[rtmod] DISPATCH kernel=429 count=0 gx=100 gy=1 gz=1
[rtmod] DISPATCH kernel=429 count=0 gx=1 gy=1 gz=1
[rtmod] DISPATCH kernel=429 count=0 gx=33 gy=1 gz=1
[rtmod] DISPATCH kernel=429 count=0 gx=1 gy=1 gz=1
[rtmod] DISPATCH kernel=429 count=0 gx=100 gy=1 gz=1
[rtmod] DISPATCH kernel=429 count=0 gx=1 gy=1 gz=1
[rtmod] DISPATCH kernel=429 count=0 gx=100 gy=1 gz=1
[rtmod] DISPATCH kernel=429 count=0 gx=1 gy=1 gz=1
[rtmod] DISPATCH kernel=429 count=0 gx=33 gy=1 gz=1
[rtmod] DISPATCH kernel=429 count=0 gx=1 gy=1 gz=1
[rtmod] DISPATCH kernel=429 count=0 gx=100 gy=1 gz=1
[rtmod] DISPATCH kernel=429 count=0 gx=1 gy=1 gz=1
[rtmod] DISPATCH kernel=429 count=0 gx=100 gy=1 gz=1
[rtmod] DISPATCH kernel=429 count=0 gx=1 gy=1 gz=1
[rtmod] DISPATCH kernel=429 count=0 gx=33 gy=1 gz=1
[rtmod] DISPATCH kernel=429 count=0 gx=1 gy=1 gz=1
[rtmod] DISPATCH kernel=429 count=0 gx=100 gy=1 gz=1
[rtmod] DISPATCH kernel=429 count=0 gx=1 gy=1 gz=1
[rtmod] DISPATCH kernel=429 count=0 gx=100 gy=1 gz=1
[rtmod] DISPATCH kernel=429 count=0 gx=1 gy=1 gz=1
[rtmod] DISPATCH kernel=429 count=0 gx=33 gy=1 gz=1
[rtmod] DISPATCH kernel=429 count=0 gx=1 gy=1 gz=1
[rtmod] DISPATCH kernel=429 count=0 gx=100 gy=1 gz=1
[rtmod] DISPATCH kernel=429 count=0 gx=1 gy=1 gz=1
[rtmod] DISPATCH kernel=429 count=0 gx=100 gy=1 gz=1
[rtmod] DISPATCH kernel=429 count=0 gx=1 gy=1 gz=1
[rtmod] DISPATCH kernel=429 count=0 gx=33 gy=1 gz=1
[rtmod] DISPATCH kernel=429 count=0 gx=1 gy=1 gz=1
[rtmod] DISPATCH kernel=429 count=0 gx=100 gy=1 gz=1
[rtmod] DISPATCH kernel=429 count=0 gx=1 gy=1 gz=1
[rtmod] DISPATCH kernel=429 count=0 gx=100 gy=1 gz=1
[rtmod] DISPATCH kernel=429 count=0 gx=1 gy=1 gz=1
[rtmod] DISPATCH kernel=429 count=0 gx=33 gy=1 gz=1
[rtmod] DISPATCH kernel=429 count=0 gx=1 gy=1 gz=1
[rtmod] DISPATCH kernel=429 count=0 gx=100 gy=1 gz=1
[rtmod] DISPATCH kernel=429 count=0 gx=1 gy=1 gz=1
[rtmod] DISPATCH kernel=429 count=0 gx=100 gy=1 gz=1
[rtmod] DISPATCH kernel=429 count=0 gx=1 gy=1 gz=1
[rtmod] DISPATCH kernel=429 count=0 gx=33 gy=1 gz=1
[rtmod] DISPATCH kernel=429 count=0 gx=1 gy=1 gz=1
[rtmod] DISPATCH kernel=429 count=0 gx=100 gy=1 gz=1
[rtmod] DISPATCH kernel=429 count=0 gx=1 gy=1 gz=1
[rtmod] DISPATCH kernel=429 count=0 gx=100 gy=1 gz=1
[rtmod] DISPATCH kernel=429 count=0 gx=1 gy=1 gz=1
[rtmod] DISPATCH kernel=429 count=0 gx=33 gy=1 gz=1
[rtmod] DISPATCH kernel=429 count=0 gx=1 gy=1 gz=1
[rtmod] DISPATCH kernel=429 count=0 gx=100 gy=1 gz=1
[rtmod] DISPATCH kernel=429 count=0 gx=1 gy=1 gz=1
[rtmod] DISPATCH kernel=429 count=0 gx=100 gy=1 gz=1
[rtmod] DISPATCH kernel=429 count=0 gx=1 gy=1 gz=1
[rtmod] DISPATCH kernel=429 count=0 gx=33 gy=1 gz=1
[rtmod] DISPATCH kernel=429 count=0 gx=1 gy=1 gz=1
[rtmod] DISPATCH kernel=429 count=0 gx=100 gy=1 gz=1
[rtmod] DISPATCH kernel=429 count=0 gx=1 gy=1 gz=1
[rtmod] DISPATCH kernel=429 count=0 gx=100 gy=1 gz=1
[rtmod] DISPATCH kernel=429 count=0 gx=1 gy=1 gz=1
[rtmod] DISPATCH kernel=429 count=0 gx=33 gy=1 gz=1
[rtmod] DISPATCH kernel=429 count=0 gx=1 gy=1 gz=1
[rtmod] DISPATCH kernel=429 count=0 gx=100 gy=1 gz=1
[rtmod] DISPATCH kernel=429 count=0 gx=1 gy=1 gz=1
[rtmod] DISPATCH kernel=429 count=0 gx=100 gy=1 gz=1
[rtmod] DISPATCH kernel=429 count=0 gx=1 gy=1 gz=1
[rtmod] DISPATCH kernel=429 count=0 gx=33 gy=1 gz=1
[rtmod] DISPATCH kernel=429 count=0 gx=1 gy=1 gz=1
[rtmod] DISPATCH kernel=429 count=0 gx=100 gy=1 gz=1
[rtmod] DISPATCH kernel=429 count=0 gx=1 gy=1 gz=1
[rtmod] DISPATCH kernel=429 count=0 gx=100 gy=1 gz=1
[rtmod] DISPATCH kernel=429 count=0 gx=1 gy=1 gz=1
[rtmod] DISPATCH kernel=429 count=0 gx=33 gy=1 gz=1
[rtmod] DISPATCH kernel=429 count=0 gx=1 gy=1 gz=1
[rtmod] DISPATCH kernel=429 count=0 gx=100 gy=1 gz=1
[rtmod] DISPATCH kernel=429 count=0 gx=1 gy=1 gz=1
[rtmod] DISPATCH kernel=429 count=0 gx=100 gy=1 gz=1
[rtmod] DISPATCH kernel=429 count=0 gx=1 gy=1 gz=1
[rtmod] DISPATCH kernel=429 count=0 gx=33 gy=1 gz=1
[rtmod] DISPATCH kernel=429 count=0 gx=1 gy=1 gz=1
[rtmod] DISPATCH kernel=429 count=0 gx=100 gy=1 gz=1
[rtmod] DISPATCH kernel=429 count=0 gx=1 gy=1 gz=1
[rtmod] DISPATCH kernel=429 count=0 gx=100 gy=1 gz=1
[rtmod] DISPATCH kernel=429 count=0 gx=1 gy=1 gz=1
[rtmod] DISPATCH kernel=429 count=0 gx=33 gy=1 gz=1
[rtmod] DISPATCH kernel=429 count=0 gx=1 gy=1 gz=1
[rtmod] DISPATCH kernel=429 count=0 gx=100 gy=1 gz=1
[rtmod] DISPATCH kernel=429 count=0 gx=1 gy=1 gz=1
[rtmod] DISPATCH kernel=429 count=0 gx=100 gy=1 gz=1
[rtmod] DISPATCH kernel=429 count=0 gx=1 gy=1 gz=1
[rtmod] DISPATCH kernel=429 count=0 gx=33 gy=1 gz=1
[rtmod] DISPATCH kernel=429 count=0 gx=1 gy=1 gz=1
[rtmod] DISPATCH kernel=429 count=0 gx=100 gy=1 gz=1
[rtmod] DISPATCH kernel=429 count=0 gx=1 gy=1 gz=1
[rtmod] DISPATCH kernel=429 count=0 gx=100 gy=1 gz=1
[rtmod] DISPATCH kernel=429 count=0 gx=1 gy=1 gz=1
[rtmod] DISPATCH kernel=429 count=0 gx=33 gy=1 gz=1
[rtmod] DISPATCH kernel=429 count=0 gx=1 gy=1 gz=1
[rtmod] DISPATCH kernel=429 count=0 gx=100 gy=1 gz=1
[rtmod] DISPATCH kernel=429 count=0 gx=1 gy=1 gz=1
[rtmod] DISPATCH kernel=429 count=0 gx=100 gy=1 gz=1
[rtmod] DISPATCH kernel=429 count=0 gx=1 gy=1 gz=1
[rtmod] DISPATCH kernel=429 count=0 gx=33 gy=1 gz=1
[rtmod] DISPATCH kernel=429 count=0 gx=1 gy=1 gz=1
[rtmod] DISPATCH kernel=429 count=0 gx=100 gy=1 gz=1
[rtmod] DISPATCH kernel=429 count=0 gx=1 gy=1 gz=1
[rtmod] DISPATCH kernel=429 count=0 gx=100 gy=1 gz=1
[rtmod] DISPATCH kernel=429 count=0 gx=1 gy=1 gz=1
[rtmod] DISPATCH kernel=429 count=0 gx=33 gy=1 gz=1
[rtmod] DISPATCH kernel=429 count=0 gx=1 gy=1 gz=1
[rtmod] DISPATCH kernel=429 count=0 gx=100 gy=1 gz=1
[rtmod] DISPATCH kernel=429 count=0 gx=1 gy=1 gz=1
[rtmod] DISPATCH kernel=429 count=0 gx=100 gy=1 gz=1
[rtmod] DISPATCH kernel=429 count=0 gx=1 gy=1 gz=1
[rtmod] DISPATCH kernel=429 count=0 gx=33 gy=1 gz=1
[rtmod] DISPATCH kernel=429 count=0 gx=1 gy=1 gz=1
[rtmod] DISPATCH kernel=429 count=0 gx=100 gy=1 gz=1
[rtmod] DISPATCH kernel=429 count=0 gx=1 gy=1 gz=1
[rtmod] DISPATCH kernel=429 count=0 gx=100 gy=1 gz=1
[rtmod] DISPATCH kernel=429 count=0 gx=1 gy=1 gz=1
[rtmod] DISPATCH kernel=429 count=0 gx=33 gy=1 gz=1
[rtmod] DISPATCH kernel=429 count=0 gx=1 gy=1 gz=1
[rtmod] DISPATCH kernel=429 count=0 gx=100 gy=1 gz=1
[rtmod] DISPATCH kernel=429 count=0 gx=1 gy=1 gz=1
[rtmod] DISPATCH kernel=429 count=0 gx=100 gy=1 gz=1
[rtmod] DISPATCH kernel=429 count=0 gx=1 gy=1 gz=1
[rtmod] DISPATCH kernel=429 count=0 gx=33 gy=1 gz=1
[rtmod] DISPATCH kernel=429 count=0 gx=1 gy=1 gz=1
[rtmod] DISPATCH kernel=429 count=0 gx=100 gy=1 gz=1
[rtmod] DISPATCH kernel=429 count=0 gx=1 gy=1 gz=1
[rtmod] DISPATCH kernel=429 count=0 gx=100 gy=1 gz=1
[rtmod] DISPATCH kernel=429 count=0 gx=1 gy=1 gz=1
[rtmod] DISPATCH kernel=429 count=0 gx=33 gy=1 gz=1
[rtmod] DISPATCH kernel=429 count=0 gx=1 gy=1 gz=1
[rtmod] DISPATCH kernel=429 count=0 gx=100 gy=1 gz=1
[rtmod] DISPATCH kernel=429 count=0 gx=1 gy=1 gz=1
[rtmod] DISPATCH kernel=429 count=0 gx=100 gy=1 gz=1
[rtmod] DISPATCH kernel=429 count=0 gx=1 gy=1 gz=1
[rtmod] DISPATCH kernel=429 count=0 gx=33 gy=1 gz=1
[rtmod] DISPATCH kernel=429 count=0 gx=1 gy=1 gz=1
[rtmod] DISPATCH kernel=429 count=0 gx=100 gy=1 gz=1
[rtmod] DISPATCH kernel=429 count=0 gx=1 gy=1 gz=1
[rtmod] DISPATCH kernel=429 count=0 gx=100 gy=1 gz=1
[rtmod] DISPATCH kernel=429 count=0 gx=1 gy=1 gz=1
[rtmod] DISPATCH kernel=429 count=0 gx=33 gy=1 gz=1
[rtmod] DISPATCH kernel=429 count=0 gx=1 gy=1 gz=1
[rtmod] EV-SIGNAL tid=8810 ev=0xaaaacfd34190 val=1 st=0 host=0
[rtmod] SUBMIT-ENTER tid=8810
[rtmod] SUBMIT tid=8810 cv=4 waits=1 sigs=2 cmds=1
[rtmod] COMMIT-NOOP
[rtmod] EV-WAIT tid=8810 ev=0xaaaacfd34190 val=1 cnt=0 resv=4
[rtmod] DISPATCH kernel=429 count=0 gx=100 gy=1 gz=1
[rtmod] DISPATCH kernel=429 count=0 gx=1 gy=1 gz=1
[rtmod] DISPATCH kernel=429 count=0 gx=100 gy=1 gz=1
[rtmod] DISPATCH kernel=429 count=0 gx=1 gy=1 gz=1
[rtmod] DISPATCH kernel=429 count=0 gx=33 gy=1 gz=1
[rtmod] DISPATCH kernel=429 count=0 gx=1 gy=1 gz=1
[rtmod] DISPATCH kernel=429 count=0 gx=100 gy=1 gz=1
[rtmod] DISPATCH kernel=429 count=0 gx=1 gy=1 gz=1
[rtmod] DISPATCH kernel=429 count=0 gx=100 gy=1 gz=1
[rtmod] DISPATCH kernel=429 count=0 gx=1 gy=1 gz=1
[rtmod] DISPATCH kernel=429 count=0 gx=33 gy=1 gz=1
[rtmod] DISPATCH kernel=429 count=0 gx=1 gy=1 gz=1
[rtmod] DISPATCH kernel=429 count=0 gx=100 gy=1 gz=1
[rtmod] DISPATCH kernel=429 count=0 gx=1 gy=1 gz=1
[rtmod] DISPATCH kernel=429 count=0 gx=100 gy=1 gz=1
[rtmod] DISPATCH kernel=429 count=0 gx=1 gy=1 gz=1
[rtmod] DISPATCH kernel=429 count=0 gx=33 gy=1 gz=1
[rtmod] DISPATCH kernel=429 count=0 gx=1 gy=1 gz=1
[rtmod] DISPATCH kernel=429 count=0 gx=100 gy=1 gz=1
[rtmod] DISPATCH kernel=429 count=0 gx=1 gy=1 gz=1
[rtmod] DISPATCH kernel=429 count=0 gx=100 gy=1 gz=1
[rtmod] DISPATCH kernel=429 count=0 gx=1 gy=1 gz=1
[rtmod] DISPATCH kernel=429 count=0 gx=33 gy=1 gz=1
[rtmod] DISPATCH kernel=429 count=0 gx=1 gy=1 gz=1
[rtmod] DISPATCH kernel=429 count=0 gx=100 gy=1 gz=1
[rtmod] DISPATCH kernel=429 count=0 gx=1 gy=1 gz=1
[rtmod] DISPATCH kernel=429 count=0 gx=100 gy=1 gz=1
[rtmod] DISPATCH kernel=429 count=0 gx=1 gy=1 gz=1
[rtmod] DISPATCH kernel=429 count=0 gx=33 gy=1 gz=1
[rtmod] DISPATCH kernel=429 count=0 gx=1 gy=1 gz=1
[rtmod] DISPATCH kernel=429 count=0 gx=100 gy=1 gz=1
[rtmod] DISPATCH kernel=429 count=0 gx=1 gy=1 gz=1
[rtmod] DISPATCH kernel=429 count=0 gx=100 gy=1 gz=1
[rtmod] DISPATCH kernel=429 count=0 gx=1 gy=1 gz=1
[rtmod] DISPATCH kernel=429 count=0 gx=33 gy=1 gz=1
[rtmod] DISPATCH kernel=429 count=0 gx=1 gy=1 gz=1
[rtmod] DISPATCH kernel=429 count=0 gx=100 gy=1 gz=1
[rtmod] DISPATCH kernel=429 count=0 gx=1 gy=1 gz=1
[rtmod] DISPATCH kernel=429 count=0 gx=100 gy=1 gz=1
[rtmod] DISPATCH kernel=429 count=0 gx=1 gy=1 gz=1
[rtmod] DISPATCH kernel=429 count=0 gx=33 gy=1 gz=1
[rtmod] DISPATCH kernel=429 count=0 gx=1 gy=1 gz=1
[rtmod] DISPATCH kernel=429 count=0 gx=100 gy=1 gz=1
[rtmod] DISPATCH kernel=429 count=0 gx=1 gy=1 gz=1
[rtmod] DISPATCH kernel=429 count=0 gx=100 gy=1 gz=1
[rtmod] DISPATCH kernel=429 count=0 gx=1 gy=1 gz=1
[rtmod] DISPATCH kernel=429 count=0 gx=33 gy=1 gz=1
[rtmod] DISPATCH kernel=429 count=0 gx=1 gy=1 gz=1
[rtmod] DISPATCH kernel=429 count=0 gx=100 gy=1 gz=1
[rtmod] DISPATCH kernel=429 count=0 gx=1 gy=1 gz=1
[rtmod] DISPATCH kernel=429 count=0 gx=100 gy=1 gz=1
[rtmod] DISPATCH kernel=429 count=0 gx=1 gy=1 gz=1
[rtmod] DISPATCH kernel=429 count=0 gx=33 gy=1 gz=1
[rtmod] DISPATCH kernel=429 count=0 gx=1 gy=1 gz=1
[rtmod] DISPATCH kernel=429 count=0 gx=100 gy=1 gz=1
[rtmod] DISPATCH kernel=429 count=0 gx=1 gy=1 gz=1
[rtmod] DISPATCH kernel=429 count=0 gx=100 gy=1 gz=1
[rtmod] DISPATCH kernel=429 count=0 gx=1 gy=1 gz=1
[rtmod] DISPATCH kernel=429 count=0 gx=33 gy=1 gz=1
[rtmod] DISPATCH kernel=429 count=0 gx=1 gy=1 gz=1
[rtmod] DISPATCH kernel=429 count=0 gx=100 gy=1 gz=1
[rtmod] DISPATCH kernel=429 count=0 gx=1 gy=1 gz=1
[rtmod] DISPATCH kernel=429 count=0 gx=100 gy=1 gz=1
[rtmod] DISPATCH kernel=429 count=0 gx=1 gy=1 gz=1
[rtmod] DISPATCH kernel=429 count=0 gx=33 gy=1 gz=1
[rtmod] DISPATCH kernel=429 count=0 gx=1 gy=1 gz=1
[rtmod] DISPATCH kernel=429 count=0 gx=100 gy=1 gz=1
[rtmod] DISPATCH kernel=429 count=0 gx=1 gy=1 gz=1
[rtmod] DISPATCH kernel=429 count=0 gx=100 gy=1 gz=1
[rtmod] DISPATCH kernel=429 count=0 gx=1 gy=1 gz=1
[rtmod] DISPATCH kernel=429 count=0 gx=33 gy=1 gz=1
[rtmod] DISPATCH kernel=429 count=0 gx=1 gy=1 gz=1
[rtmod] DISPATCH kernel=429 count=0 gx=100 gy=1 gz=1
[rtmod] DISPATCH kernel=429 count=0 gx=1 gy=1 gz=1
[rtmod] DISPATCH kernel=429 count=0 gx=100 gy=1 gz=1
[rtmod] DISPATCH kernel=429 count=0 gx=1 gy=1 gz=1
[rtmod] DISPATCH kernel=429 count=0 gx=33 gy=1 gz=1
[rtmod] DISPATCH kernel=429 count=0 gx=1 gy=1 gz=1
[rtmod] DISPATCH kernel=429 count=0 gx=100 gy=1 gz=1
[rtmod] DISPATCH kernel=429 count=0 gx=1 gy=1 gz=1
[rtmod] DISPATCH kernel=429 count=0 gx=100 gy=1 gz=1
[rtmod] DISPATCH kernel=429 count=0 gx=1 gy=1 gz=1
[rtmod] DISPATCH kernel=429 count=0 gx=33 gy=1 gz=1
[rtmod] DISPATCH kernel=429 count=0 gx=1 gy=1 gz=1
[rtmod] DISPATCH kernel=429 count=0 gx=100 gy=1 gz=1
[rtmod] DISPATCH kernel=429 count=0 gx=1 gy=1 gz=1
[rtmod] DISPATCH kernel=429 count=0 gx=100 gy=1 gz=1
[rtmod] DISPATCH kernel=429 count=0 gx=1 gy=1 gz=1
[rtmod] DISPATCH kernel=429 count=0 gx=33 gy=1 gz=1
[rtmod] DISPATCH kernel=429 count=0 gx=1 gy=1 gz=1
[rtmod] DISPATCH kernel=429 count=0 gx=100 gy=1 gz=1
[rtmod] DISPATCH kernel=429 count=0 gx=1 gy=1 gz=1
[rtmod] DISPATCH kernel=429 count=0 gx=100 gy=1 gz=1
[rtmod] DISPATCH kernel=429 count=0 gx=1 gy=1 gz=1
[rtmod] DISPATCH kernel=429 count=0 gx=33 gy=1 gz=1
[rtmod] DISPATCH kernel=429 count=0 gx=1 gy=1 gz=1
[rtmod] DISPATCH kernel=429 count=0 gx=100 gy=1 gz=1
[rtmod] DISPATCH kernel=429 count=0 gx=1 gy=1 gz=1
[rtmod] DISPATCH kernel=429 count=0 gx=100 gy=1 gz=1
[rtmod] DISPATCH kernel=429 count=0 gx=1 gy=1 gz=1
[rtmod] DISPATCH kernel=429 count=0 gx=33 gy=1 gz=1
[rtmod] DISPATCH kernel=429 count=0 gx=1 gy=1 gz=1
[rtmod] DISPATCH kernel=429 count=0 gx=100 gy=1 gz=1
[rtmod] DISPATCH kernel=429 count=0 gx=1 gy=1 gz=1
[rtmod] DISPATCH kernel=429 count=0 gx=100 gy=1 gz=1
[rtmod] DISPATCH kernel=429 count=0 gx=1 gy=1 gz=1
[rtmod] DISPATCH kernel=429 count=0 gx=33 gy=1 gz=1
[rtmod] DISPATCH kernel=429 count=0 gx=1 gy=1 gz=1
[rtmod] DISPATCH kernel=429 count=0 gx=100 gy=1 gz=1
[rtmod] DISPATCH kernel=429 count=0 gx=1 gy=1 gz=1
[rtmod] DISPATCH kernel=429 count=0 gx=100 gy=1 gz=1
[rtmod] DISPATCH kernel=429 count=0 gx=1 gy=1 gz=1
[rtmod] DISPATCH kernel=429 count=0 gx=33 gy=1 gz=1
[rtmod] DISPATCH kernel=429 count=0 gx=1 gy=1 gz=1
[rtmod] DISPATCH kernel=429 count=0 gx=100 gy=1 gz=1
[rtmod] DISPATCH kernel=429 count=0 gx=1 gy=1 gz=1
[rtmod] DISPATCH kernel=429 count=0 gx=100 gy=1 gz=1
[rtmod] DISPATCH kernel=429 count=0 gx=1 gy=1 gz=1
[rtmod] DISPATCH kernel=429 count=0 gx=33 gy=1 gz=1
[rtmod] DISPATCH kernel=429 count=0 gx=1 gy=1 gz=1
[rtmod] DISPATCH kernel=429 count=0 gx=100 gy=1 gz=1
[rtmod] DISPATCH kernel=429 count=0 gx=1 gy=1 gz=1
[rtmod] DISPATCH kernel=429 count=0 gx=100 gy=1 gz=1
[rtmod] DISPATCH kernel=429 count=0 gx=1 gy=1 gz=1
[rtmod] DISPATCH kernel=429 count=0 gx=33 gy=1 gz=1
[rtmod] DISPATCH kernel=429 count=0 gx=1 gy=1 gz=1
[rtmod] DISPATCH kernel=429 count=0 gx=100 gy=1 gz=1
[rtmod] DISPATCH kernel=429 count=0 gx=1 gy=1 gz=1
[rtmod] DISPATCH kernel=429 count=0 gx=100 gy=1 gz=1
[rtmod] DISPATCH kernel=429 count=0 gx=1 gy=1 gz=1
[rtmod] DISPATCH kernel=429 count=0 gx=33 gy=1 gz=1
[rtmod] DISPATCH kernel=429 count=0 gx=1 gy=1 gz=1
[rtmod] DISPATCH kernel=429 count=0 gx=100 gy=1 gz=1
[rtmod] DISPATCH kernel=429 count=0 gx=1 gy=1 gz=1
[rtmod] DISPATCH kernel=429 count=0 gx=100 gy=1 gz=1
[rtmod] DISPATCH kernel=429 count=0 gx=1 gy=1 gz=1
[rtmod] DISPATCH kernel=429 count=0 gx=33 gy=1 gz=1
[rtmod] DISPATCH kernel=429 count=0 gx=1 gy=1 gz=1
[rtmod] DISPATCH kernel=429 count=0 gx=100 gy=1 gz=1
[rtmod] DISPATCH kernel=429 count=0 gx=1 gy=1 gz=1
[rtmod] DISPATCH kernel=429 count=0 gx=100 gy=1 gz=1
[rtmod] DISPATCH kernel=429 count=0 gx=1 gy=1 gz=1
[rtmod] DISPATCH kernel=429 count=0 gx=33 gy=1 gz=1
[rtmod] DISPATCH kernel=429 count=0 gx=1 gy=1 gz=1
[rtmod] DISPATCH kernel=429 count=0 gx=100 gy=1 gz=1
[rtmod] DISPATCH kernel=429 count=0 gx=1 gy=1 gz=1
[rtmod] DISPATCH kernel=429 count=0 gx=100 gy=1 gz=1
[rtmod] DISPATCH kernel=429 count=0 gx=1 gy=1 gz=1
[rtmod] DISPATCH kernel=429 count=0 gx=33 gy=1 gz=1
[rtmod] DISPATCH kernel=429 count=0 gx=1 gy=1 gz=1
[rtmod] DISPATCH kernel=429 count=0 gx=100 gy=1 gz=1
[rtmod] DISPATCH kernel=429 count=0 gx=1 gy=1 gz=1
[rtmod] DISPATCH kernel=429 count=0 gx=100 gy=1 gz=1
[rtmod] DISPATCH kernel=429 count=0 gx=1 gy=1 gz=1
[rtmod] DISPATCH kernel=429 count=0 gx=33 gy=1 gz=1
[rtmod] DISPATCH kernel=429 count=0 gx=1 gy=1 gz=1
[rtmod] DISPATCH kernel=429 count=0 gx=100 gy=1 gz=1
[rtmod] DISPATCH kernel=429 count=0 gx=1 gy=1 gz=1
[rtmod] DISPATCH kernel=429 count=0 gx=100 gy=1 gz=1
[rtmod] DISPATCH kernel=429 count=0 gx=1 gy=1 gz=1
[rtmod] DISPATCH kernel=429 count=0 gx=33 gy=1 gz=1
[rtmod] DISPATCH kernel=429 count=0 gx=1 gy=1 gz=1
[rtmod] DISPATCH kernel=429 count=0 gx=100 gy=1 gz=1
[rtmod] DISPATCH kernel=429 count=0 gx=1 gy=1 gz=1
[rtmod] DISPATCH kernel=429 count=0 gx=100 gy=1 gz=1
[rtmod] DISPATCH kernel=429 count=0 gx=1 gy=1 gz=1
[rtmod] DISPATCH kernel=429 count=0 gx=33 gy=1 gz=1
[rtmod] DISPATCH kernel=429 count=0 gx=1 gy=1 gz=1
[rtmod] DISPATCH kernel=429 count=0 gx=100 gy=1 gz=1
[rtmod] DISPATCH kernel=429 count=0 gx=1 gy=1 gz=1
[rtmod] DISPATCH kernel=429 count=0 gx=100 gy=1 gz=1
[rtmod] DISPATCH kernel=429 count=0 gx=1 gy=1 gz=1
[rtmod] DISPATCH kernel=429 count=0 gx=33 gy=1 gz=1
[rtmod] DISPATCH kernel=429 count=0 gx=1 gy=1 gz=1
[rtmod] DISPATCH kernel=429 count=0 gx=100 gy=1 gz=1
[rtmod] DISPATCH kernel=429 count=0 gx=1 gy=1 gz=1
[rtmod] DISPATCH kernel=429 count=0 gx=100 gy=1 gz=1
[rtmod] DISPATCH kernel=429 count=0 gx=1 gy=1 gz=1
[rtmod] DISPATCH kernel=429 count=0 gx=33 gy=1 gz=1
[rtmod] DISPATCH kernel=429 count=0 gx=1 gy=1 gz=1
[rtmod] DISPATCH kernel=429 count=0 gx=100 gy=1 gz=1
[rtmod] DISPATCH kernel=429 count=0 gx=1 gy=1 gz=1
[rtmod] DISPATCH kernel=429 count=0 gx=100 gy=1 gz=1
[rtmod] DISPATCH kernel=429 count=0 gx=1 gy=1 gz=1
[rtmod] DISPATCH kernel=429 count=0 gx=33 gy=1 gz=1
[rtmod] DISPATCH kernel=429 count=0 gx=1 gy=1 gz=1
[rtmod] DISPATCH kernel=429 count=0 gx=100 gy=1 gz=1
[rtmod] DISPATCH kernel=429 count=0 gx=1 gy=1 gz=1
[rtmod] DISPATCH kernel=429 count=0 gx=100 gy=1 gz=1
[rtmod] DISPATCH kernel=429 count=0 gx=1 gy=1 gz=1
[rtmod] DISPATCH kernel=429 count=0 gx=33 gy=1 gz=1
[rtmod] DISPATCH kernel=429 count=0 gx=1 gy=1 gz=1
[rtmod] DISPATCH kernel=429 count=0 gx=100 gy=1 gz=1
[rtmod] DISPATCH kernel=429 count=0 gx=1 gy=1 gz=1
[rtmod] DISPATCH kernel=429 count=0 gx=100 gy=1 gz=1
[rtmod] DISPATCH kernel=429 count=0 gx=1 gy=1 gz=1
[rtmod] DISPATCH kernel=429 count=0 gx=33 gy=1 gz=1
[rtmod] DISPATCH kernel=429 count=0 gx=1 gy=1 gz=1
[rtmod] DISPATCH kernel=429 count=0 gx=100 gy=1 gz=1
[rtmod] DISPATCH kernel=429 count=0 gx=1 gy=1 gz=1
[rtmod] DISPATCH kernel=429 count=0 gx=100 gy=1 gz=1
[rtmod] DISPATCH kernel=429 count=0 gx=1 gy=1 gz=1
[rtmod] DISPATCH kernel=429 count=0 gx=33 gy=1 gz=1
[rtmod] DISPATCH kernel=429 count=0 gx=1 gy=1 gz=1
[rtmod] DISPATCH kernel=429 count=0 gx=100 gy=1 gz=1
[rtmod] DISPATCH kernel=429 count=0 gx=1 gy=1 gz=1
[rtmod] DISPATCH kernel=429 count=0 gx=100 gy=1 gz=1
[rtmod] DISPATCH kernel=429 count=0 gx=1 gy=1 gz=1
[rtmod] DISPATCH kernel=429 count=0 gx=33 gy=1 gz=1
[rtmod] DISPATCH kernel=429 count=0 gx=1 gy=1 gz=1
[rtmod] DISPATCH kernel=429 count=0 gx=100 gy=1 gz=1
[rtmod] DISPATCH kernel=429 count=0 gx=1 gy=1 gz=1
[rtmod] DISPATCH kernel=429 count=0 gx=100 gy=1 gz=1
[rtmod] DISPATCH kernel=429 count=0 gx=1 gy=1 gz=1
[rtmod] DISPATCH kernel=429 count=0 gx=33 gy=1 gz=1
[rtmod] DISPATCH kernel=429 count=0 gx=1 gy=1 gz=1
[rtmod] DISPATCH kernel=429 count=0 gx=100 gy=1 gz=1
[rtmod] DISPATCH kernel=429 count=0 gx=1 gy=1 gz=1
[rtmod] DISPATCH kernel=429 count=0 gx=100 gy=1 gz=1
[rtmod] DISPATCH kernel=429 count=0 gx=1 gy=1 gz=1
[rtmod] DISPATCH kernel=429 count=0 gx=33 gy=1 gz=1
[rtmod] DISPATCH kernel=429 count=0 gx=1 gy=1 gz=1
[rtmod] DISPATCH kernel=429 count=0 gx=100 gy=1 gz=1
[rtmod] DISPATCH kernel=429 count=0 gx=1 gy=1 gz=1
[rtmod] DISPATCH kernel=429 count=0 gx=100 gy=1 gz=1
[rtmod] DISPATCH kernel=429 count=0 gx=1 gy=1 gz=1
[rtmod] DISPATCH kernel=429 count=0 gx=33 gy=1 gz=1
[rtmod] DISPATCH kernel=429 count=0 gx=1 gy=1 gz=1
[rtmod] DISPATCH kernel=429 count=0 gx=100 gy=1 gz=1
[rtmod] DISPATCH kernel=429 count=0 gx=1 gy=1 gz=1
[rtmod] DISPATCH kernel=429 count=0 gx=100 gy=1 gz=1
[rtmod] DISPATCH kernel=429 count=0 gx=1 gy=1 gz=1
[rtmod] DISPATCH kernel=429 count=0 gx=33 gy=1 gz=1
[rtmod] DISPATCH kernel=429 count=0 gx=1 gy=1 gz=1
[rtmod] DISPATCH kernel=429 count=0 gx=100 gy=1 gz=1
[rtmod] DISPATCH kernel=429 count=0 gx=1 gy=1 gz=1
[rtmod] DISPATCH kernel=429 count=0 gx=100 gy=1 gz=1
[rtmod] DISPATCH kernel=429 count=0 gx=1 gy=1 gz=1
[rtmod] DISPATCH kernel=429 count=0 gx=33 gy=1 gz=1
[rtmod] DISPATCH kernel=429 count=0 gx=1 gy=1 gz=1
[rtmod] DISPATCH kernel=429 count=0 gx=100 gy=1 gz=1
[rtmod] DISPATCH kernel=429 count=0 gx=1 gy=1 gz=1
[rtmod] DISPATCH kernel=429 count=0 gx=100 gy=1 gz=1
[rtmod] DISPATCH kernel=429 count=0 gx=1 gy=1 gz=1
[rtmod] DISPATCH kernel=429 count=0 gx=33 gy=1 gz=1
[rtmod] DISPATCH kernel=429 count=0 gx=1 gy=1 gz=1
[rtmod] DISPATCH kernel=429 count=0 gx=100 gy=1 gz=1
[rtmod] DISPATCH kernel=429 count=0 gx=1 gy=1 gz=1
[rtmod] DISPATCH kernel=429 count=0 gx=100 gy=1 gz=1
[rtmod] DISPATCH kernel=429 count=0 gx=1 gy=1 gz=1
[rtmod] DISPATCH kernel=429 count=0 gx=33 gy=1 gz=1
[rtmod] DISPATCH kernel=429 count=0 gx=1 gy=1 gz=1
[rtmod] DISPATCH kernel=429 count=0 gx=100 gy=1 gz=1
[rtmod] DISPATCH kernel=429 count=0 gx=1 gy=1 gz=1
[rtmod] DISPATCH kernel=429 count=0 gx=100 gy=1 gz=1
[rtmod] DISPATCH kernel=429 count=0 gx=1 gy=1 gz=1
[rtmod] DISPATCH kernel=429 count=0 gx=33 gy=1 gz=1
[rtmod] DISPATCH kernel=429 count=0 gx=1 gy=1 gz=1
[rtmod] DISPATCH kernel=429 count=0 gx=100 gy=1 gz=1
[rtmod] DISPATCH kernel=429 count=0 gx=1 gy=1 gz=1
[rtmod] DISPATCH kernel=429 count=0 gx=100 gy=1 gz=1
[rtmod] DISPATCH kernel=429 count=0 gx=1 gy=1 gz=1
[rtmod] DISPATCH kernel=429 count=0 gx=33 gy=1 gz=1
[rtmod] DISPATCH kernel=429 count=0 gx=1 gy=1 gz=1
[rtmod] DISPATCH kernel=429 count=0 gx=100 gy=1 gz=1
[rtmod] DISPATCH kernel=429 count=0 gx=1 gy=1 gz=1
[rtmod] DISPATCH kernel=429 count=0 gx=100 gy=1 gz=1
[rtmod] DISPATCH kernel=429 count=0 gx=1 gy=1 gz=1
[rtmod] DISPATCH kernel=429 count=0 gx=33 gy=1 gz=1
[rtmod] DISPATCH kernel=429 count=0 gx=1 gy=1 gz=1
[rtmod] DISPATCH kernel=429 count=0 gx=100 gy=1 gz=1
[rtmod] DISPATCH kernel=429 count=0 gx=1 gy=1 gz=1
[rtmod] DISPATCH kernel=429 count=0 gx=100 gy=1 gz=1
[rtmod] DISPATCH kernel=429 count=0 gx=1 gy=1 gz=1
[rtmod] DISPATCH kernel=429 count=0 gx=33 gy=1 gz=1
[rtmod] DISPATCH kernel=429 count=0 gx=1 gy=1 gz=1
[rtmod] DISPATCH kernel=429 count=0 gx=100 gy=1 gz=1
[rtmod] DISPATCH kernel=429 count=0 gx=1 gy=1 gz=1
[rtmod] DISPATCH kernel=429 count=0 gx=100 gy=1 gz=1
[rtmod] DISPATCH kernel=429 count=0 gx=1 gy=1 gz=1
[rtmod] DISPATCH kernel=429 count=0 gx=33 gy=1 gz=1
[rtmod] DISPATCH kernel=429 count=0 gx=1 gy=1 gz=1
[rtmod] DISPATCH kernel=429 count=0 gx=100 gy=1 gz=1
[rtmod] DISPATCH kernel=429 count=0 gx=1 gy=1 gz=1
[rtmod] DISPATCH kernel=429 count=0 gx=100 gy=1 gz=1
[rtmod] DISPATCH kernel=429 count=0 gx=1 gy=1 gz=1
[rtmod] DISPATCH kernel=429 count=0 gx=33 gy=1 gz=1
[rtmod] DISPATCH kernel=429 count=0 gx=1 gy=1 gz=1
[rtmod] DISPATCH kernel=429 count=0 gx=100 gy=1 gz=1
[rtmod] DISPATCH kernel=429 count=0 gx=1 gy=1 gz=1
[rtmod] DISPATCH kernel=429 count=0 gx=100 gy=1 gz=1
[rtmod] DISPATCH kernel=429 count=0 gx=1 gy=1 gz=1
[rtmod] DISPATCH kernel=429 count=0 gx=33 gy=1 gz=1
[rtmod] DISPATCH kernel=429 count=0 gx=1 gy=1 gz=1
[rtmod] DISPATCH kernel=429 count=0 gx=100 gy=1 gz=1
[rtmod] DISPATCH kernel=429 count=0 gx=1 gy=1 gz=1
[rtmod] DISPATCH kernel=429 count=0 gx=100 gy=1 gz=1
[rtmod] DISPATCH kernel=429 count=0 gx=1 gy=1 gz=1
[rtmod] DISPATCH kernel=429 count=0 gx=33 gy=1 gz=1
[rtmod] DISPATCH kernel=429 count=0 gx=1 gy=1 gz=1
[rtmod] DISPATCH kernel=429 count=0 gx=100 gy=1 gz=1
[rtmod] DISPATCH kernel=429 count=0 gx=1 gy=1 gz=1
[rtmod] DISPATCH kernel=429 count=0 gx=100 gy=1 gz=1
[rtmod] DISPATCH kernel=429 count=0 gx=1 gy=1 gz=1
[rtmod] DISPATCH kernel=429 count=0 gx=33 gy=1 gz=1
[rtmod] DISPATCH kernel=429 count=0 gx=1 gy=1 gz=1
[rtmod] DISPATCH kernel=429 count=0 gx=100 gy=1 gz=1
[rtmod] DISPATCH kernel=429 count=0 gx=1 gy=1 gz=1
[rtmod] DISPATCH kernel=429 count=0 gx=100 gy=1 gz=1
[rtmod] DISPATCH kernel=429 count=0 gx=1 gy=1 gz=1
[rtmod] DISPATCH kernel=429 count=0 gx=33 gy=1 gz=1
[rtmod] DISPATCH kernel=429 count=0 gx=1 gy=1 gz=1
[rtmod] DISPATCH kernel=429 count=0 gx=100 gy=1 gz=1
[rtmod] DISPATCH kernel=429 count=0 gx=1 gy=1 gz=1
[rtmod] DISPATCH kernel=429 count=0 gx=100 gy=1 gz=1
[rtmod] DISPATCH kernel=429 count=0 gx=1 gy=1 gz=1
[rtmod] DISPATCH kernel=429 count=0 gx=33 gy=1 gz=1
[rtmod] DISPATCH kernel=429 count=0 gx=1 gy=1 gz=1
[rtmod] DISPATCH kernel=429 count=0 gx=100 gy=1 gz=1
[rtmod] DISPATCH kernel=429 count=0 gx=1 gy=1 gz=1
[rtmod] DISPATCH kernel=429 count=0 gx=100 gy=1 gz=1
[rtmod] DISPATCH kernel=429 count=0 gx=1 gy=1 gz=1
[rtmod] DISPATCH kernel=429 count=0 gx=33 gy=1 gz=1
[rtmod] DISPATCH kernel=429 count=0 gx=1 gy=1 gz=1
[rtmod] DISPATCH kernel=429 count=0 gx=100 gy=1 gz=1
[rtmod] DISPATCH kernel=429 count=0 gx=1 gy=1 gz=1
[rtmod] DISPATCH kernel=429 count=0 gx=100 gy=1 gz=1
[rtmod] DISPATCH kernel=429 count=0 gx=1 gy=1 gz=1
[rtmod] DISPATCH kernel=429 count=0 gx=33 gy=1 gz=1
[rtmod] DISPATCH kernel=429 count=0 gx=1 gy=1 gz=1
[rtmod] DISPATCH kernel=429 count=0 gx=100 gy=1 gz=1
[rtmod] DISPATCH kernel=429 count=0 gx=1 gy=1 gz=1
[rtmod] DISPATCH kernel=429 count=0 gx=100 gy=1 gz=1
[rtmod] DISPATCH kernel=429 count=0 gx=1 gy=1 gz=1
[rtmod] DISPATCH kernel=429 count=0 gx=33 gy=1 gz=1
[rtmod] DISPATCH kernel=429 count=0 gx=1 gy=1 gz=1
[rtmod] DISPATCH kernel=429 count=0 gx=100 gy=1 gz=1
[rtmod] DISPATCH kernel=429 count=0 gx=1 gy=1 gz=1
[rtmod] DISPATCH kernel=429 count=0 gx=100 gy=1 gz=1
[rtmod] DISPATCH kernel=429 count=0 gx=1 gy=1 gz=1
[rtmod] DISPATCH kernel=429 count=0 gx=33 gy=1 gz=1
[rtmod] DISPATCH kernel=429 count=0 gx=1 gy=1 gz=1
[rtmod] DISPATCH kernel=429 count=0 gx=100 gy=1 gz=1
[rtmod] DISPATCH kernel=429 count=0 gx=1 gy=1 gz=1
[rtmod] DISPATCH kernel=429 count=0 gx=100 gy=1 gz=1
[rtmod] DISPATCH kernel=429 count=0 gx=1 gy=1 gz=1
[rtmod] DISPATCH kernel=429 count=0 gx=33 gy=1 gz=1
[rtmod] DISPATCH kernel=429 count=0 gx=1 gy=1 gz=1
[rtmod] DISPATCH kernel=429 count=0 gx=100 gy=1 gz=1
[rtmod] DISPATCH kernel=429 count=0 gx=1 gy=1 gz=1
[rtmod] DISPATCH kernel=429 count=0 gx=100 gy=1 gz=1
[rtmod] DISPATCH kernel=429 count=0 gx=1 gy=1 gz=1
[rtmod] DISPATCH kernel=429 count=0 gx=33 gy=1 gz=1
[rtmod] DISPATCH kernel=429 count=0 gx=1 gy=1 gz=1
[rtmod] DISPATCH kernel=429 count=0 gx=100 gy=1 gz=1
[rtmod] DISPATCH kernel=429 count=0 gx=1 gy=1 gz=1
[rtmod] DISPATCH kernel=429 count=0 gx=100 gy=1 gz=1
[rtmod] DISPATCH kernel=429 count=0 gx=1 gy=1 gz=1
[rtmod] DISPATCH kernel=429 count=0 gx=33 gy=1 gz=1
[rtmod] DISPATCH kernel=429 count=0 gx=1 gy=1 gz=1
[rtmod] DISPATCH kernel=429 count=0 gx=100 gy=1 gz=1
[rtmod] DISPATCH kernel=429 count=0 gx=1 gy=1 gz=1
[rtmod] DISPATCH kernel=429 count=0 gx=100 gy=1 gz=1
[rtmod] DISPATCH kernel=429 count=0 gx=1 gy=1 gz=1
[rtmod] DISPATCH kernel=429 count=0 gx=33 gy=1 gz=1
[rtmod] DISPATCH kernel=429 count=0 gx=1 gy=1 gz=1
[rtmod] DISPATCH kernel=429 count=0 gx=100 gy=1 gz=1
[rtmod] DISPATCH kernel=429 count=0 gx=1 gy=1 gz=1
[rtmod] DISPATCH kernel=429 count=0 gx=100 gy=1 gz=1
[rtmod] DISPATCH kernel=429 count=0 gx=1 gy=1 gz=1
[rtmod] DISPATCH kernel=429 count=0 gx=33 gy=1 gz=1
[rtmod] DISPATCH kernel=429 count=0 gx=1 gy=1 gz=1
[rtmod] DISPATCH kernel=429 count=0 gx=100 gy=1 gz=1
[rtmod] DISPATCH kernel=429 count=0 gx=1 gy=1 gz=1
[rtmod] DISPATCH kernel=429 count=0 gx=100 gy=1 gz=1
[rtmod] DISPATCH kernel=429 count=0 gx=1 gy=1 gz=1
[rtmod] DISPATCH kernel=429 count=0 gx=33 gy=1 gz=1
[rtmod] DISPATCH kernel=429 count=0 gx=1 gy=1 gz=1
[rtmod] DISPATCH kernel=429 count=0 gx=100 gy=1 gz=1
[rtmod] DISPATCH kernel=429 count=0 gx=1 gy=1 gz=1
[rtmod] DISPATCH kernel=429 count=0 gx=100 gy=1 gz=1
[rtmod] DISPATCH kernel=429 count=0 gx=1 gy=1 gz=1
[rtmod] DISPATCH kernel=429 count=0 gx=33 gy=1 gz=1
[rtmod] DISPATCH kernel=429 count=0 gx=1 gy=1 gz=1
[rtmod] EV-SIGNAL tid=8810 ev=0xaaaacf2dd280 val=1 st=0 host=0
[rtmod] SUBMIT-ENTER tid=8810
[rtmod] SUBMIT tid=8810 cv=5 waits=1 sigs=2 cmds=1
[rtmod] COMMIT-NOOP
[rtmod] EV-WAIT tid=8810 ev=0xaaaacf2dd280 val=1 cnt=0 resv=5
[rtmod] DISPATCH kernel=429 count=0 gx=100 gy=1 gz=1
[rtmod] DISPATCH kernel=429 count=0 gx=1 gy=1 gz=1
[rtmod] DISPATCH kernel=429 count=0 gx=100 gy=1 gz=1
[rtmod] DISPATCH kernel=429 count=0 gx=1 gy=1 gz=1
[rtmod] DISPATCH kernel=429 count=0 gx=33 gy=1 gz=1
[rtmod] DISPATCH kernel=429 count=0 gx=1 gy=1 gz=1
[rtmod] DISPATCH kernel=429 count=0 gx=100 gy=1 gz=1
[rtmod] DISPATCH kernel=429 count=0 gx=1 gy=1 gz=1
[rtmod] DISPATCH kernel=429 count=0 gx=100 gy=1 gz=1
[rtmod] DISPATCH kernel=429 count=0 gx=1 gy=1 gz=1
[rtmod] DISPATCH kernel=429 count=0 gx=33 gy=1 gz=1
[rtmod] DISPATCH kernel=429 count=0 gx=1 gy=1 gz=1
[rtmod] DISPATCH kernel=429 count=0 gx=100 gy=1 gz=1
[rtmod] DISPATCH kernel=429 count=0 gx=1 gy=1 gz=1
[rtmod] DISPATCH kernel=429 count=0 gx=100 gy=1 gz=1
[rtmod] DISPATCH kernel=429 count=0 gx=1 gy=1 gz=1
[rtmod] DISPATCH kernel=429 count=0 gx=33 gy=1 gz=1
[rtmod] DISPATCH kernel=429 count=0 gx=1 gy=1 gz=1
[rtmod] DISPATCH kernel=429 count=0 gx=100 gy=1 gz=1
[rtmod] DISPATCH kernel=429 count=0 gx=1 gy=1 gz=1
[rtmod] DISPATCH kernel=429 count=0 gx=100 gy=1 gz=1
[rtmod] DISPATCH kernel=429 count=0 gx=1 gy=1 gz=1
[rtmod] DISPATCH kernel=429 count=0 gx=33 gy=1 gz=1
[rtmod] DISPATCH kernel=429 count=0 gx=1 gy=1 gz=1
[rtmod] DISPATCH kernel=429 count=0 gx=100 gy=1 gz=1
[rtmod] DISPATCH kernel=429 count=0 gx=1 gy=1 gz=1
[rtmod] DISPATCH kernel=429 count=0 gx=100 gy=1 gz=1
[rtmod] DISPATCH kernel=429 count=0 gx=1 gy=1 gz=1
[rtmod] DISPATCH kernel=429 count=0 gx=33 gy=1 gz=1
[rtmod] DISPATCH kernel=429 count=0 gx=1 gy=1 gz=1
[rtmod] DISPATCH kernel=429 count=0 gx=100 gy=1 gz=1
[rtmod] DISPATCH kernel=429 count=0 gx=1 gy=1 gz=1
[rtmod] DISPATCH kernel=429 count=0 gx=100 gy=1 gz=1
[rtmod] DISPATCH kernel=429 count=0 gx=1 gy=1 gz=1
[rtmod] DISPATCH kernel=429 count=0 gx=33 gy=1 gz=1
[rtmod] DISPATCH kernel=429 count=0 gx=1 gy=1 gz=1
[rtmod] DISPATCH kernel=429 count=0 gx=100 gy=1 gz=1
[rtmod] DISPATCH kernel=429 count=0 gx=1 gy=1 gz=1
[rtmod] DISPATCH kernel=429 count=0 gx=100 gy=1 gz=1
[rtmod] DISPATCH kernel=429 count=0 gx=1 gy=1 gz=1
[rtmod] DISPATCH kernel=429 count=0 gx=33 gy=1 gz=1
[rtmod] DISPATCH kernel=429 count=0 gx=1 gy=1 gz=1
[rtmod] DISPATCH kernel=429 count=0 gx=100 gy=1 gz=1
[rtmod] DISPATCH kernel=429 count=0 gx=1 gy=1 gz=1
[rtmod] DISPATCH kernel=429 count=0 gx=100 gy=1 gz=1
[rtmod] DISPATCH kernel=429 count=0 gx=1 gy=1 gz=1
[rtmod] DISPATCH kernel=429 count=0 gx=33 gy=1 gz=1
[rtmod] DISPATCH kernel=429 count=0 gx=1 gy=1 gz=1
[rtmod] DISPATCH kernel=429 count=0 gx=100 gy=1 gz=1
[rtmod] DISPATCH kernel=429 count=0 gx=1 gy=1 gz=1
[rtmod] DISPATCH kernel=429 count=0 gx=100 gy=1 gz=1
[rtmod] DISPATCH kernel=429 count=0 gx=1 gy=1 gz=1
[rtmod] DISPATCH kernel=429 count=0 gx=33 gy=1 gz=1
[rtmod] DISPATCH kernel=429 count=0 gx=1 gy=1 gz=1
[rtmod] DISPATCH kernel=429 count=0 gx=100 gy=1 gz=1
[rtmod] DISPATCH kernel=429 count=0 gx=1 gy=1 gz=1
[rtmod] DISPATCH kernel=429 count=0 gx=100 gy=1 gz=1
[rtmod] DISPATCH kernel=429 count=0 gx=1 gy=1 gz=1
[rtmod] DISPATCH kernel=429 count=0 gx=33 gy=1 gz=1
[rtmod] DISPATCH kernel=429 count=0 gx=1 gy=1 gz=1
[rtmod] DISPATCH kernel=429 count=0 gx=100 gy=1 gz=1
[rtmod] DISPATCH kernel=429 count=0 gx=1 gy=1 gz=1
[rtmod] DISPATCH kernel=429 count=0 gx=100 gy=1 gz=1
[rtmod] DISPATCH kernel=429 count=0 gx=1 gy=1 gz=1
[rtmod] DISPATCH kernel=429 count=0 gx=33 gy=1 gz=1
[rtmod] DISPATCH kernel=429 count=0 gx=1 gy=1 gz=1
[rtmod] DISPATCH kernel=429 count=0 gx=100 gy=1 gz=1
[rtmod] DISPATCH kernel=429 count=0 gx=1 gy=1 gz=1
[rtmod] DISPATCH kernel=429 count=0 gx=100 gy=1 gz=1
[rtmod] DISPATCH kernel=429 count=0 gx=1 gy=1 gz=1
[rtmod] DISPATCH kernel=429 count=0 gx=33 gy=1 gz=1
[rtmod] DISPATCH kernel=429 count=0 gx=1 gy=1 gz=1
[rtmod] DISPATCH kernel=429 count=0 gx=100 gy=1 gz=1
[rtmod] DISPATCH kernel=429 count=0 gx=1 gy=1 gz=1
[rtmod] DISPATCH kernel=429 count=0 gx=100 gy=1 gz=1
[rtmod] DISPATCH kernel=429 count=0 gx=1 gy=1 gz=1
[rtmod] DISPATCH kernel=429 count=0 gx=33 gy=1 gz=1
[rtmod] DISPATCH kernel=429 count=0 gx=1 gy=1 gz=1
[rtmod] DISPATCH kernel=429 count=0 gx=100 gy=1 gz=1
[rtmod] DISPATCH kernel=429 count=0 gx=1 gy=1 gz=1
[rtmod] DISPATCH kernel=429 count=0 gx=100 gy=1 gz=1
[rtmod] DISPATCH kernel=429 count=0 gx=1 gy=1 gz=1
[rtmod] DISPATCH kernel=429 count=0 gx=33 gy=1 gz=1
[rtmod] DISPATCH kernel=429 count=0 gx=1 gy=1 gz=1
[rtmod] DISPATCH kernel=429 count=0 gx=100 gy=1 gz=1
[rtmod] DISPATCH kernel=429 count=0 gx=1 gy=1 gz=1
[rtmod] DISPATCH kernel=429 count=0 gx=100 gy=1 gz=1
[rtmod] DISPATCH kernel=429 count=0 gx=1 gy=1 gz=1
[rtmod] DISPATCH kernel=429 count=0 gx=33 gy=1 gz=1
[rtmod] DISPATCH kernel=429 count=0 gx=1 gy=1 gz=1
[rtmod] DISPATCH kernel=429 count=0 gx=100 gy=1 gz=1
[rtmod] DISPATCH kernel=429 count=0 gx=1 gy=1 gz=1
[rtmod] DISPATCH kernel=429 count=0 gx=100 gy=1 gz=1
[rtmod] DISPATCH kernel=429 count=0 gx=1 gy=1 gz=1
[rtmod] DISPATCH kernel=429 count=0 gx=33 gy=1 gz=1
[rtmod] DISPATCH kernel=429 count=0 gx=1 gy=1 gz=1
[rtmod] DISPATCH kernel=429 count=0 gx=100 gy=1 gz=1
[rtmod] DISPATCH kernel=429 count=0 gx=1 gy=1 gz=1
[rtmod] DISPATCH kernel=429 count=0 gx=100 gy=1 gz=1
[rtmod] DISPATCH kernel=429 count=0 gx=1 gy=1 gz=1
[rtmod] DISPATCH kernel=429 count=0 gx=33 gy=1 gz=1
[rtmod] DISPATCH kernel=429 count=0 gx=1 gy=1 gz=1
[rtmod] DISPATCH kernel=429 count=0 gx=100 gy=1 gz=1
[rtmod] DISPATCH kernel=429 count=0 gx=1 gy=1 gz=1
[rtmod] DISPATCH kernel=429 count=0 gx=100 gy=1 gz=1
[rtmod] DISPATCH kernel=429 count=0 gx=1 gy=1 gz=1
[rtmod] DISPATCH kernel=429 count=0 gx=33 gy=1 gz=1
[rtmod] DISPATCH kernel=429 count=0 gx=1 gy=1 gz=1
[rtmod] DISPATCH kernel=429 count=0 gx=100 gy=1 gz=1
[rtmod] DISPATCH kernel=429 count=0 gx=1 gy=1 gz=1
[rtmod] DISPATCH kernel=429 count=0 gx=100 gy=1 gz=1
[rtmod] DISPATCH kernel=429 count=0 gx=1 gy=1 gz=1
[rtmod] DISPATCH kernel=429 count=0 gx=33 gy=1 gz=1
[rtmod] DISPATCH kernel=429 count=0 gx=1 gy=1 gz=1
[rtmod] DISPATCH kernel=429 count=0 gx=100 gy=1 gz=1
[rtmod] DISPATCH kernel=429 count=0 gx=1 gy=1 gz=1
[rtmod] DISPATCH kernel=429 count=0 gx=100 gy=1 gz=1
[rtmod] DISPATCH kernel=429 count=0 gx=1 gy=1 gz=1
[rtmod] DISPATCH kernel=429 count=0 gx=33 gy=1 gz=1
[rtmod] DISPATCH kernel=429 count=0 gx=1 gy=1 gz=1
[rtmod] DISPATCH kernel=429 count=0 gx=100 gy=1 gz=1
[rtmod] DISPATCH kernel=429 count=0 gx=1 gy=1 gz=1
[rtmod] DISPATCH kernel=429 count=0 gx=100 gy=1 gz=1
[rtmod] DISPATCH kernel=429 count=0 gx=1 gy=1 gz=1
[rtmod] DISPATCH kernel=429 count=0 gx=33 gy=1 gz=1
[rtmod] DISPATCH kernel=429 count=0 gx=1 gy=1 gz=1
[rtmod] DISPATCH kernel=429 count=0 gx=100 gy=1 gz=1
[rtmod] DISPATCH kernel=429 count=0 gx=1 gy=1 gz=1
[rtmod] DISPATCH kernel=429 count=0 gx=100 gy=1 gz=1
[rtmod] DISPATCH kernel=429 count=0 gx=1 gy=1 gz=1
[rtmod] DISPATCH kernel=429 count=0 gx=33 gy=1 gz=1
[rtmod] DISPATCH kernel=429 count=0 gx=1 gy=1 gz=1
[rtmod] DISPATCH kernel=429 count=0 gx=100 gy=1 gz=1
[rtmod] DISPATCH kernel=429 count=0 gx=1 gy=1 gz=1
[rtmod] DISPATCH kernel=429 count=0 gx=100 gy=1 gz=1
[rtmod] DISPATCH kernel=429 count=0 gx=1 gy=1 gz=1
[rtmod] DISPATCH kernel=429 count=0 gx=33 gy=1 gz=1
[rtmod] DISPATCH kernel=429 count=0 gx=1 gy=1 gz=1
[rtmod] DISPATCH kernel=429 count=0 gx=100 gy=1 gz=1
[rtmod] DISPATCH kernel=429 count=0 gx=1 gy=1 gz=1
[rtmod] DISPATCH kernel=429 count=0 gx=100 gy=1 gz=1
[rtmod] DISPATCH kernel=429 count=0 gx=1 gy=1 gz=1
[rtmod] DISPATCH kernel=429 count=0 gx=33 gy=1 gz=1
[rtmod] DISPATCH kernel=429 count=0 gx=1 gy=1 gz=1
[rtmod] DISPATCH kernel=429 count=0 gx=100 gy=1 gz=1
[rtmod] DISPATCH kernel=429 count=0 gx=1 gy=1 gz=1
[rtmod] DISPATCH kernel=429 count=0 gx=100 gy=1 gz=1
[rtmod] DISPATCH kernel=429 count=0 gx=1 gy=1 gz=1
[rtmod] DISPATCH kernel=429 count=0 gx=33 gy=1 gz=1
[rtmod] DISPATCH kernel=429 count=0 gx=1 gy=1 gz=1
[rtmod] DISPATCH kernel=429 count=0 gx=100 gy=1 gz=1
[rtmod] DISPATCH kernel=429 count=0 gx=1 gy=1 gz=1
[rtmod] DISPATCH kernel=429 count=0 gx=100 gy=1 gz=1
[rtmod] DISPATCH kernel=429 count=0 gx=1 gy=1 gz=1
[rtmod] DISPATCH kernel=429 count=0 gx=33 gy=1 gz=1
[rtmod] DISPATCH kernel=429 count=0 gx=1 gy=1 gz=1
[rtmod] DISPATCH kernel=429 count=0 gx=100 gy=1 gz=1
[rtmod] DISPATCH kernel=429 count=0 gx=1 gy=1 gz=1
[rtmod] DISPATCH kernel=429 count=0 gx=100 gy=1 gz=1
[rtmod] DISPATCH kernel=429 count=0 gx=1 gy=1 gz=1
[rtmod] DISPATCH kernel=429 count=0 gx=33 gy=1 gz=1
[rtmod] DISPATCH kernel=429 count=0 gx=1 gy=1 gz=1
[rtmod] DISPATCH kernel=429 count=0 gx=100 gy=1 gz=1
[rtmod] DISPATCH kernel=429 count=0 gx=1 gy=1 gz=1
[rtmod] DISPATCH kernel=429 count=0 gx=100 gy=1 gz=1
[rtmod] DISPATCH kernel=429 count=0 gx=1 gy=1 gz=1
[rtmod] DISPATCH kernel=429 count=0 gx=33 gy=1 gz=1
[rtmod] DISPATCH kernel=429 count=0 gx=1 gy=1 gz=1
[rtmod] DISPATCH kernel=429 count=0 gx=100 gy=1 gz=1
[rtmod] DISPATCH kernel=429 count=0 gx=1 gy=1 gz=1
[rtmod] DISPATCH kernel=429 count=0 gx=100 gy=1 gz=1
[rtmod] DISPATCH kernel=429 count=0 gx=1 gy=1 gz=1
[rtmod] DISPATCH kernel=429 count=0 gx=33 gy=1 gz=1
[rtmod] DISPATCH kernel=429 count=0 gx=1 gy=1 gz=1
[rtmod] DISPATCH kernel=429 count=0 gx=100 gy=1 gz=1
[rtmod] DISPATCH kernel=429 count=0 gx=1 gy=1 gz=1
[rtmod] DISPATCH kernel=429 count=0 gx=100 gy=1 gz=1
[rtmod] DISPATCH kernel=429 count=0 gx=1 gy=1 gz=1
[rtmod] DISPATCH kernel=429 count=0 gx=33 gy=1 gz=1
[rtmod] DISPATCH kernel=429 count=0 gx=1 gy=1 gz=1
[rtmod] DISPATCH kernel=429 count=0 gx=100 gy=1 gz=1
[rtmod] DISPATCH kernel=429 count=0 gx=1 gy=1 gz=1
[rtmod] DISPATCH kernel=429 count=0 gx=100 gy=1 gz=1
[rtmod] DISPATCH kernel=429 count=0 gx=1 gy=1 gz=1
[rtmod] DISPATCH kernel=429 count=0 gx=33 gy=1 gz=1
[rtmod] DISPATCH kernel=429 count=0 gx=1 gy=1 gz=1
[rtmod] DISPATCH kernel=429 count=0 gx=100 gy=1 gz=1
[rtmod] DISPATCH kernel=429 count=0 gx=1 gy=1 gz=1
[rtmod] DISPATCH kernel=429 count=0 gx=100 gy=1 gz=1
[rtmod] DISPATCH kernel=429 count=0 gx=1 gy=1 gz=1
[rtmod] DISPATCH kernel=429 count=0 gx=33 gy=1 gz=1
[rtmod] DISPATCH kernel=429 count=0 gx=1 gy=1 gz=1
[rtmod] DISPATCH kernel=429 count=0 gx=100 gy=1 gz=1
[rtmod] DISPATCH kernel=429 count=0 gx=1 gy=1 gz=1
[rtmod] DISPATCH kernel=429 count=0 gx=100 gy=1 gz=1
[rtmod] DISPATCH kernel=429 count=0 gx=1 gy=1 gz=1
[rtmod] DISPATCH kernel=429 count=0 gx=33 gy=1 gz=1
[rtmod] DISPATCH kernel=429 count=0 gx=1 gy=1 gz=1
[rtmod] DISPATCH kernel=429 count=0 gx=100 gy=1 gz=1
[rtmod] DISPATCH kernel=429 count=0 gx=1 gy=1 gz=1
[rtmod] DISPATCH kernel=429 count=0 gx=100 gy=1 gz=1
[rtmod] DISPATCH kernel=429 count=0 gx=1 gy=1 gz=1
[rtmod] DISPATCH kernel=429 count=0 gx=33 gy=1 gz=1
[rtmod] DISPATCH kernel=429 count=0 gx=1 gy=1 gz=1
[rtmod] DISPATCH kernel=429 count=0 gx=100 gy=1 gz=1
[rtmod] DISPATCH kernel=429 count=0 gx=1 gy=1 gz=1
[rtmod] DISPATCH kernel=429 count=0 gx=100 gy=1 gz=1
[rtmod] DISPATCH kernel=429 count=0 gx=1 gy=1 gz=1
[rtmod] DISPATCH kernel=429 count=0 gx=33 gy=1 gz=1
[rtmod] DISPATCH kernel=429 count=0 gx=1 gy=1 gz=1
[rtmod] DISPATCH kernel=429 count=0 gx=100 gy=1 gz=1
[rtmod] DISPATCH kernel=429 count=0 gx=1 gy=1 gz=1
[rtmod] DISPATCH kernel=429 count=0 gx=100 gy=1 gz=1
[rtmod] DISPATCH kernel=429 count=0 gx=1 gy=1 gz=1
[rtmod] DISPATCH kernel=429 count=0 gx=33 gy=1 gz=1
[rtmod] DISPATCH kernel=429 count=0 gx=1 gy=1 gz=1
[rtmod] DISPATCH kernel=429 count=0 gx=100 gy=1 gz=1
[rtmod] DISPATCH kernel=429 count=0 gx=1 gy=1 gz=1
[rtmod] DISPATCH kernel=429 count=0 gx=100 gy=1 gz=1
[rtmod] DISPATCH kernel=429 count=0 gx=1 gy=1 gz=1
[rtmod] DISPATCH kernel=429 count=0 gx=33 gy=1 gz=1
[rtmod] DISPATCH kernel=429 count=0 gx=1 gy=1 gz=1
[rtmod] DISPATCH kernel=429 count=0 gx=100 gy=1 gz=1
[rtmod] DISPATCH kernel=429 count=0 gx=1 gy=1 gz=1
[rtmod] DISPATCH kernel=429 count=0 gx=100 gy=1 gz=1
[rtmod] DISPATCH kernel=429 count=0 gx=1 gy=1 gz=1
[rtmod] DISPATCH kernel=429 count=0 gx=33 gy=1 gz=1
[rtmod] DISPATCH kernel=429 count=0 gx=1 gy=1 gz=1
[rtmod] DISPATCH kernel=429 count=0 gx=100 gy=1 gz=1
[rtmod] DISPATCH kernel=429 count=0 gx=1 gy=1 gz=1
[rtmod] DISPATCH kernel=429 count=0 gx=100 gy=1 gz=1
[rtmod] DISPATCH kernel=429 count=0 gx=1 gy=1 gz=1
[rtmod] DISPATCH kernel=429 count=0 gx=33 gy=1 gz=1
[rtmod] DISPATCH kernel=429 count=0 gx=1 gy=1 gz=1
[rtmod] DISPATCH kernel=429 count=0 gx=100 gy=1 gz=1
[rtmod] DISPATCH kernel=429 count=0 gx=1 gy=1 gz=1
[rtmod] DISPATCH kernel=429 count=0 gx=100 gy=1 gz=1
[rtmod] DISPATCH kernel=429 count=0 gx=1 gy=1 gz=1
[rtmod] DISPATCH kernel=429 count=0 gx=33 gy=1 gz=1
[rtmod] DISPATCH kernel=429 count=0 gx=1 gy=1 gz=1
[rtmod] DISPATCH kernel=429 count=0 gx=100 gy=1 gz=1
[rtmod] DISPATCH kernel=429 count=0 gx=1 gy=1 gz=1
[rtmod] DISPATCH kernel=429 count=0 gx=100 gy=1 gz=1
[rtmod] DISPATCH kernel=429 count=0 gx=1 gy=1 gz=1
[rtmod] DISPATCH kernel=429 count=0 gx=33 gy=1 gz=1
[rtmod] DISPATCH kernel=429 count=0 gx=1 gy=1 gz=1
[rtmod] DISPATCH kernel=429 count=0 gx=100 gy=1 gz=1
[rtmod] DISPATCH kernel=429 count=0 gx=1 gy=1 gz=1
[rtmod] DISPATCH kernel=429 count=0 gx=100 gy=1 gz=1
[rtmod] DISPATCH kernel=429 count=0 gx=1 gy=1 gz=1
[rtmod] DISPATCH kernel=429 count=0 gx=33 gy=1 gz=1
[rtmod] DISPATCH kernel=429 count=0 gx=1 gy=1 gz=1
[rtmod] DISPATCH kernel=429 count=0 gx=100 gy=1 gz=1
[rtmod] DISPATCH kernel=429 count=0 gx=1 gy=1 gz=1
[rtmod] DISPATCH kernel=429 count=0 gx=100 gy=1 gz=1
[rtmod] DISPATCH kernel=429 count=0 gx=1 gy=1 gz=1
[rtmod] DISPATCH kernel=429 count=0 gx=33 gy=1 gz=1
[rtmod] DISPATCH kernel=429 count=0 gx=1 gy=1 gz=1
[rtmod] DISPATCH kernel=429 count=0 gx=100 gy=1 gz=1
[rtmod] DISPATCH kernel=429 count=0 gx=1 gy=1 gz=1
[rtmod] DISPATCH kernel=429 count=0 gx=100 gy=1 gz=1
[rtmod] DISPATCH kernel=429 count=0 gx=1 gy=1 gz=1
[rtmod] DISPATCH kernel=429 count=0 gx=33 gy=1 gz=1
[rtmod] DISPATCH kernel=429 count=0 gx=1 gy=1 gz=1
[rtmod] DISPATCH kernel=429 count=0 gx=100 gy=1 gz=1
[rtmod] DISPATCH kernel=429 count=0 gx=1 gy=1 gz=1
[rtmod] DISPATCH kernel=429 count=0 gx=100 gy=1 gz=1
[rtmod] DISPATCH kernel=429 count=0 gx=1 gy=1 gz=1
[rtmod] DISPATCH kernel=429 count=0 gx=33 gy=1 gz=1
[rtmod] DISPATCH kernel=429 count=0 gx=1 gy=1 gz=1
[rtmod] DISPATCH kernel=429 count=0 gx=100 gy=1 gz=1
[rtmod] DISPATCH kernel=429 count=0 gx=1 gy=1 gz=1
[rtmod] DISPATCH kernel=429 count=0 gx=100 gy=1 gz=1
[rtmod] DISPATCH kernel=429 count=0 gx=1 gy=1 gz=1
[rtmod] DISPATCH kernel=429 count=0 gx=33 gy=1 gz=1
[rtmod] DISPATCH kernel=429 count=0 gx=1 gy=1 gz=1
[rtmod] DISPATCH kernel=429 count=0 gx=100 gy=1 gz=1
[rtmod] DISPATCH kernel=429 count=0 gx=1 gy=1 gz=1
[rtmod] DISPATCH kernel=429 count=0 gx=100 gy=1 gz=1
[rtmod] DISPATCH kernel=429 count=0 gx=1 gy=1 gz=1
[rtmod] DISPATCH kernel=429 count=0 gx=33 gy=1 gz=1
[rtmod] DISPATCH kernel=429 count=0 gx=1 gy=1 gz=1
[rtmod] DISPATCH kernel=429 count=0 gx=100 gy=1 gz=1
[rtmod] DISPATCH kernel=429 count=0 gx=1 gy=1 gz=1
[rtmod] DISPATCH kernel=429 count=0 gx=100 gy=1 gz=1
[rtmod] DISPATCH kernel=429 count=0 gx=1 gy=1 gz=1
[rtmod] DISPATCH kernel=429 count=0 gx=33 gy=1 gz=1
[rtmod] DISPATCH kernel=429 count=0 gx=1 gy=1 gz=1
[rtmod] DISPATCH kernel=429 count=0 gx=100 gy=1 gz=1
[rtmod] DISPATCH kernel=429 count=0 gx=1 gy=1 gz=1
[rtmod] DISPATCH kernel=429 count=0 gx=100 gy=1 gz=1
[rtmod] DISPATCH kernel=429 count=0 gx=1 gy=1 gz=1
[rtmod] DISPATCH kernel=429 count=0 gx=33 gy=1 gz=1
[rtmod] DISPATCH kernel=429 count=0 gx=1 gy=1 gz=1
[rtmod] DISPATCH kernel=429 count=0 gx=100 gy=1 gz=1
[rtmod] DISPATCH kernel=429 count=0 gx=1 gy=1 gz=1
[rtmod] DISPATCH kernel=429 count=0 gx=100 gy=1 gz=1
[rtmod] DISPATCH kernel=429 count=0 gx=1 gy=1 gz=1
[rtmod] DISPATCH kernel=429 count=0 gx=33 gy=1 gz=1
[rtmod] DISPATCH kernel=429 count=0 gx=1 gy=1 gz=1
[rtmod] DISPATCH kernel=429 count=0 gx=100 gy=1 gz=1
[rtmod] DISPATCH kernel=429 count=0 gx=1 gy=1 gz=1
[rtmod] DISPATCH kernel=429 count=0 gx=100 gy=1 gz=1
[rtmod] DISPATCH kernel=429 count=0 gx=1 gy=1 gz=1
[rtmod] DISPATCH kernel=429 count=0 gx=33 gy=1 gz=1
[rtmod] DISPATCH kernel=429 count=0 gx=1 gy=1 gz=1
[rtmod] DISPATCH kernel=429 count=0 gx=100 gy=1 gz=1
[rtmod] DISPATCH kernel=429 count=0 gx=1 gy=1 gz=1
[rtmod] DISPATCH kernel=429 count=0 gx=100 gy=1 gz=1
[rtmod] DISPATCH kernel=429 count=0 gx=1 gy=1 gz=1
[rtmod] DISPATCH kernel=429 count=0 gx=33 gy=1 gz=1
[rtmod] DISPATCH kernel=429 count=0 gx=1 gy=1 gz=1
[rtmod] DISPATCH kernel=429 count=0 gx=100 gy=1 gz=1
[rtmod] DISPATCH kernel=429 count=0 gx=1 gy=1 gz=1
[rtmod] DISPATCH kernel=429 count=0 gx=100 gy=1 gz=1
[rtmod] DISPATCH kernel=429 count=0 gx=1 gy=1 gz=1
[rtmod] DISPATCH kernel=429 count=0 gx=33 gy=1 gz=1
[rtmod] DISPATCH kernel=429 count=0 gx=1 gy=1 gz=1
[rtmod] DISPATCH kernel=429 count=0 gx=100 gy=1 gz=1
[rtmod] DISPATCH kernel=429 count=0 gx=1 gy=1 gz=1
[rtmod] DISPATCH kernel=429 count=0 gx=100 gy=1 gz=1
[rtmod] DISPATCH kernel=429 count=0 gx=1 gy=1 gz=1
[rtmod] DISPATCH kernel=429 count=0 gx=33 gy=1 gz=1
[rtmod] DISPATCH kernel=429 count=0 gx=1 gy=1 gz=1
[rtmod] DISPATCH kernel=429 count=0 gx=100 gy=1 gz=1
[rtmod] DISPATCH kernel=429 count=0 gx=1 gy=1 gz=1
[rtmod] DISPATCH kernel=429 count=0 gx=100 gy=1 gz=1
[rtmod] DISPATCH kernel=429 count=0 gx=1 gy=1 gz=1
[rtmod] DISPATCH kernel=429 count=0 gx=33 gy=1 gz=1
[rtmod] DISPATCH kernel=429 count=0 gx=1 gy=1 gz=1
[rtmod] DISPATCH kernel=429 count=0 gx=100 gy=1 gz=1
[rtmod] DISPATCH kernel=429 count=0 gx=1 gy=1 gz=1
[rtmod] DISPATCH kernel=429 count=0 gx=100 gy=1 gz=1
[rtmod] DISPATCH kernel=429 count=0 gx=1 gy=1 gz=1
[rtmod] DISPATCH kernel=429 count=0 gx=33 gy=1 gz=1
[rtmod] DISPATCH kernel=429 count=0 gx=1 gy=1 gz=1
[rtmod] DISPATCH kernel=429 count=0 gx=100 gy=1 gz=1
[rtmod] DISPATCH kernel=429 count=0 gx=1 gy=1 gz=1
[rtmod] DISPATCH kernel=429 count=0 gx=100 gy=1 gz=1
[rtmod] DISPATCH kernel=429 count=0 gx=1 gy=1 gz=1
[rtmod] DISPATCH kernel=429 count=0 gx=33 gy=1 gz=1
[rtmod] DISPATCH kernel=429 count=0 gx=1 gy=1 gz=1
[rtmod] DISPATCH kernel=429 count=0 gx=100 gy=1 gz=1
[rtmod] DISPATCH kernel=429 count=0 gx=1 gy=1 gz=1
[rtmod] DISPATCH kernel=429 count=0 gx=100 gy=1 gz=1
[rtmod] DISPATCH kernel=429 count=0 gx=1 gy=1 gz=1
[rtmod] DISPATCH kernel=429 count=0 gx=33 gy=1 gz=1
[rtmod] DISPATCH kernel=429 count=0 gx=1 gy=1 gz=1
[rtmod] DISPATCH kernel=429 count=0 gx=100 gy=1 gz=1
[rtmod] DISPATCH kernel=429 count=0 gx=1 gy=1 gz=1
[rtmod] DISPATCH kernel=429 count=0 gx=100 gy=1 gz=1
[rtmod] DISPATCH kernel=429 count=0 gx=1 gy=1 gz=1
[rtmod] DISPATCH kernel=429 count=0 gx=33 gy=1 gz=1
[rtmod] DISPATCH kernel=429 count=0 gx=1 gy=1 gz=1
[rtmod] DISPATCH kernel=429 count=0 gx=100 gy=1 gz=1
[rtmod] DISPATCH kernel=429 count=0 gx=1 gy=1 gz=1
[rtmod] DISPATCH kernel=429 count=0 gx=100 gy=1 gz=1
[rtmod] DISPATCH kernel=429 count=0 gx=1 gy=1 gz=1
[rtmod] DISPATCH kernel=429 count=0 gx=33 gy=1 gz=1
[rtmod] DISPATCH kernel=429 count=0 gx=1 gy=1 gz=1
[rtmod] DISPATCH kernel=429 count=0 gx=100 gy=1 gz=1
[rtmod] DISPATCH kernel=429 count=0 gx=1 gy=1 gz=1
[rtmod] DISPATCH kernel=429 count=0 gx=100 gy=1 gz=1
[rtmod] DISPATCH kernel=429 count=0 gx=1 gy=1 gz=1
[rtmod] DISPATCH kernel=429 count=0 gx=33 gy=1 gz=1
[rtmod] DISPATCH kernel=429 count=0 gx=1 gy=1 gz=1
[rtmod] DISPATCH kernel=429 count=0 gx=100 gy=1 gz=1
[rtmod] DISPATCH kernel=429 count=0 gx=1 gy=1 gz=1
[rtmod] DISPATCH kernel=429 count=0 gx=100 gy=1 gz=1
[rtmod] DISPATCH kernel=429 count=0 gx=1 gy=1 gz=1
[rtmod] DISPATCH kernel=429 count=0 gx=33 gy=1 gz=1
[rtmod] DISPATCH kernel=429 count=0 gx=1 gy=1 gz=1
[rtmod] DISPATCH kernel=429 count=0 gx=100 gy=1 gz=1
[rtmod] DISPATCH kernel=429 count=0 gx=1 gy=1 gz=1
[rtmod] DISPATCH kernel=429 count=0 gx=100 gy=1 gz=1
[rtmod] DISPATCH kernel=429 count=0 gx=1 gy=1 gz=1
[rtmod] DISPATCH kernel=429 count=0 gx=33 gy=1 gz=1
[rtmod] DISPATCH kernel=429 count=0 gx=1 gy=1 gz=1
[rtmod] DISPATCH kernel=429 count=0 gx=100 gy=1 gz=1
[rtmod] DISPATCH kernel=429 count=0 gx=1 gy=1 gz=1
[rtmod] DISPATCH kernel=429 count=0 gx=100 gy=1 gz=1
[rtmod] DISPATCH kernel=429 count=0 gx=1 gy=1 gz=1
[rtmod] DISPATCH kernel=429 count=0 gx=33 gy=1 gz=1
[rtmod] DISPATCH kernel=429 count=0 gx=1 gy=1 gz=1
[rtmod] EV-SIGNAL tid=8810 ev=0xaaaacfeefeb0 val=1 st=0 host=0
[rtmod] SUBMIT-ENTER tid=8810
[rtmod] SUBMIT tid=8810 cv=6 waits=1 sigs=2 cmds=1
[rtmod] COMMIT-NOOP
[rtmod] EV-WAIT tid=8810 ev=0xaaaacfeefeb0 val=1 cnt=0 resv=6
{
  "status": "match",
  "checks_failed": [],
  "emissions": 104,
  "total_pipeline_ms": 1223.855,
  "out": "/tmp/levers8/after/parakeet-trace3",
  "transcript": "He hoped there would be stew for dinner, turnips and carrots and bruised potatoes and fat mutton pieces to be ladled out in thick, peppered, flour-fattened sauce........................................... Юн Ю"
}
[rtmod] COMMIT-NOOP
[rtmod] JOIN tid=8810 reason=explicit last=6
