15:09:07 600000 600000 2988000
15:09:08 600000 600000 2988000
15:09:09 600000 600000 2988000
15:09:10 600000 600000 2988000
15:09:11 600000 600000 2988000
15:09:12 600000 600000 2988000
15:09:13 600000 600000 2988000
15:09:14 600000 600000 2988000
15:09:15 600000 600000 2988000
15:09:16 600000 600000 2988000
15:09:17 600000 600000 2988000
15:09:18 600000 600000 2988000
15:09:19 600000 600000 2988000
15:09:20 600000 600000 2988000
15:09:21 600000 600000 2988000
15:09:22 600000 600000 2988000
15:09:23 600000 600000 2988000
15:09:24 600000 600000 2988000
15:09:25 600000 600000 2988000
15:09:26 2064000 2988000 2988000
15:09:27 2064000 2988000 2988000
15:09:28 2064000 2988000 2988000
15:09:29 2064000 2988000 2988000
15:09:30 2064000 2988000 2988000
15:09:31 2064000 2988000 2988000
15:09:32 2064000 2988000 2988000
15:09:33 2064000 2988000 2988000
15:09:34 2064000 2988000 2988000
15:09:35 2064000 2988000 2988000
15:09:36 2064000 2988000 2988000
15:09:37 2064000 2988000 2988000
15:09:38 2064000 2988000 2988000
15:09:39 2064000 2988000 2988000
15:09:40 2064000 2988000 2988000
15:09:41 2064000 2988000 2988000
15:09:42 2064000 2988000 2988000
15:09:43 2064000 2988000 2988000
15:09:44 2064000 2988000 2988000
15:09:45 2064000 2988000 2988000
15:09:46 2064000 2988000 2988000
15:09:47 2064000 2988000 2988000
15:09:48 2064000 2988000 2988000
15:09:49 2064000 2988000 2988000
15:09:50 2064000 2988000 2988000
15:09:51 2064000 2988000 2988000
15:09:52 2064000 2988000 2988000
15:09:53 2064000 2988000 2988000
15:09:54 2064000 2988000 2988000
15:09:55 2064000 2988000 2988000
15:09:56 2064000 2988000 2988000
15:09:57 2064000 2988000 2988000
15:09:58 2064000 2988000 2988000
15:09:59 2064000 2988000 2988000
15:10:00 2064000 2988000 2988000
15:10:01 2064000 2988000 2988000
15:10:02 2064000 2988000 2988000
15:10:03 2064000 2988000 2988000
15:10:04 2064000 2988000 2988000
15:10:05 2064000 2988000 2988000
15:10:06 2064000 2988000 2988000
