{"name": "in_proj_a", "n": 16, "k": 2048, "batched_us": 28.372518772812327, "batched_gbs": 0.7951356092367057}
{"name": "out_proj", "n": 2048, "k": 2048, "batched_us": 36.02489996410441, "batched_gbs": 65.71810060150035, "chained_us": 35.50276562691579, "chained_gbs": 66.68460775363177}
{"name": "in_proj_z", "n": 2048, "k": 2048, "batched_us": 24.09698122392001, "batched_gbs": 98.2483232235704, "chained_us": 29.970828222758428, "chained_gbs": 78.99307895009193}
{"name": "down", "n": 2048, "k": 6144, "batched_us": 48.68146252192673, "batched_gbs": 145.72840733379059}
{"name": "in_proj_qkv", "n": 6144, "k": 2048, "batched_us": 92.83062499889638, "batched_gbs": 76.4216765758535, "chained_us": 52.05167190069915, "chained_gbs": 136.29287477132337}
{"name": "gate_up", "n": 6144, "k": 2048, "batched_us": 48.789281254357775, "batched_gbs": 145.4063642178855, "chained_us": 63.06018747181952, "chained_gbs": 112.50001442146528}
{"name": "gate_up_fused", "n": 12288, "k": 2048, "batched_us": 142.61391875152185, "batched_gbs": 99.46047429433416, "chained_us": 122.67632803286688, "chained_gbs": 115.62498020155745}
{"name": "qkvz", "n": 8192, "k": 2048, "batched_us": 142.07641875145782, "batched_gbs": 66.56744365540926, "chained_us": 119.54545311709808, "chained_gbs": 79.1135401087648}
{"name": "lm_head", "n": 248320, "k": 2048, "batched_us": 1475.4336252735811, "batched_gbs": 194.22451209681753}
{"n": 1024, "k": 2048, "batched_us": 18.6628436722458, "batched_gbs": 63.53758413373171}
{"n": 2048, "k": 2048, "batched_us": 35.55159378265671, "batched_gbs": 66.59302011812876, "chained_us": 48.19357809537905, "chained_gbs": 49.12455338581723}
{"n": 4096, "k": 2048, "batched_us": 39.596531223651255, "batched_gbs": 119.4771323093629, "chained_us": 67.79782813737256, "chained_gbs": 69.7792264143661}
{"n": 8192, "k": 2048, "batched_us": 112.37681246711873, "batched_gbs": 84.16027997561594, "chained_us": 113.71665630122152, "chained_gbs": 83.16867825367468}
{"n": 16384, "k": 2048, "batched_us": 141.32875003269874, "batched_gbs": 133.81022612613904, "chained_us": 153.29756251958315, "chained_gbs": 123.3629008131435}
{"n": 32768, "k": 2048, "batched_us": 295.21487522288226, "batched_gbs": 128.10454748070458, "chained_us": 220.90462516644038, "chained_gbs": 171.19771924877438}
{"n": 65536, "k": 2048, "batched_us": 482.47100039588986, "batched_gbs": 156.76100726870612, "chained_us": 427.37174953799695, "chained_gbs": 176.9715477959444}
{"n": 131072, "k": 2048, "batched_us": 820.9307497963891, "batched_gbs": 184.2557171083145, "chained_us": 813.3473756970488, "chained_gbs": 185.97365470118754}
{"n": 248320, "k": 2048, "batched_us": 1431.3762503661565, "batched_gbs": 200.20269019183075, "chained_us": 1561.1839999110089, "chained_gbs": 183.5564392258279}
read-roofline
{"mb": 2, "us": 41.66099995472905, "gbs": 46.8813759180616}
{"mb": 6, "us": 41.74303126092127, "gbs": 140.3677409859162}
{"mb": 13, "us": 38.84848445068201, "gbs": 326.79041871290104}
{"mb": 32, "us": 41.115421822723874, "gbs": 760.0554394100511}
{"mb": 64, "us": 86.7569062847906, "gbs": 720.4037427848774}
{"mb": 128, "us": 196.69099992825068, "gbs": 635.5145891047264}
{"mb": 256, "us": 1038.3899998487323, "gbs": 240.75732628051003}
