host=jw16mbp1-linux
started=2026-09-14T11:19:15-05:00
kernel=7.1.6-1-1-ARCH
machine=aarch64
soc_compatible=apple,j316c apple,t6001 apple,arm-platform 
boot_id=f6ad865b-b85e-499e-8308-28b57b24f0c8
uptime_start=2026-09-13 22:19:50
device_before=character special file
device_node=crw-rw-rw- root:render 105,0
module_before=ane refs=0
module_version_file=absent
module_params=ane_bo_stop_stage,ane_disable_dart_irq,ane_np_map,ane_skip_dart_invalidate,ane_skip_genpd,ane_skip_power,ane_stop_stage,
ane_binding=/soc/ane@284000000
runtime_status_before=suspended
runtime_control=auto
jwm1_lock_convention=absent_on_this_host
gpu_lock=free_not_acquired
set0_before={"phys": "0x28e08c000", "raw": "0x00000300", "ACTUAL": "0x0", "TARGET": "0x0", "WAS_CLKGATED": true, "WAS_PWRGATED": true, "powered": false, "writes": 0, "prot": "PROT_READ"}
worker_liveness_before={"worker_name": "mlx-omarchy-ane-worker", "workers": [], "worker_count": 0, "device": "/dev/accel/accel0", "device_holders": [], "method": "ps -ww -eo pid=,args= matched on basename(argv[0]); /proc/<pid>/fd compared by device identity. pgrep -x cannot match a 22-character name and pgrep -f matches the caller's own shell."}
worker_clearance_before=true

--- artifact identity ---
762dd1de868b52e4d6ffa30e18d842d9341db463b06aef2355f18fb1eb248929  /var/tmp/jw16-tiny-linear/mlx-omarchy-ane-worker
bf4dbe5482d9eefd137108b88c3cb807f8cf3fdb32e02d6ed5314fea52201d95  /var/tmp/T6001ExportFamily-20260914/libane-polarity.so
4a9ba2298b45dc439c0713b0772ffbaa624c76b34a04e7bb621c4aca10b0e5b7  /var/tmp/T6001ExportFamily-20260914/control/bundle/manifest.json
9a6a6a9a701ce207d4a8ea80ee1ca6d5ade076be2115b73a9aed6f4236aa56ab  /var/tmp/T6001ExportFamily-20260914/control/bundle/program-0.anec
62595e4a61db24066b83a4f7c077d459c69a6a740109098ee0122b4b46dcd3cc  /var/tmp/T6001ExportFamily-20260914/control/bundle/program-1.anec
89f3acad0033b537b3927e9d49dfe3c0e28a4f0a52a0820092b8ae638766e2d0  /var/tmp/T6001ExportFamily-20260914/control/a.bin
0b61cf1534cf853b4171777680699809d08ffe93d580b58f0814dcd51cd7f42c  /var/tmp/T6001ExportFamily-20260914/control/b.bin
abd3b8c9f1439c1fa508b42aa229c4b1688e06271d2bf7b823d71cd730200054  /var/tmp/T6001ExportFamily-20260914/control/y.bin
d70abcf27610a1e5a5f5b2b1afa111704bc4cdbb8cd85fc078d084ca54472700  /var/tmp/T6001ExportFamily-20260914/staged/ane-add-fp16-1x512/manifest.json
4a063cf46cb8b27979eabc6eab8b020239a29adab7590fab5ccbd7f2f9d23b91  /var/tmp/T6001ExportFamily-20260914/staged/ane-add-fp16-1x512/model.anec
d799d42f51baf884cd0e8ab02f80d744241d84c94e2ed28a333cc43ceb1313b0  /var/tmp/T6001ExportFamily-20260914/staged/ane-add-fp16-1x896/manifest.json
06f272c9ec7b1a03165123e56eef59f086a11986d735be1f79841f01612bbc83  /var/tmp/T6001ExportFamily-20260914/staged/ane-add-fp16-1x896/model.anec
aacc3a5507f223eaa76dcf389a19fbdd997ba700a8e6750973380d82a6cfe84c  /var/tmp/T6001ExportFamily-20260914/t1_1x512.bin
ad367dfea76ff961d1ffa60c4bf5225965c5ce8df5a39ea43701042af6eeb31a  /var/tmp/T6001ExportFamily-20260914/t2_1x512_expected.bin
8604acde013b349d4764ca15ecab2b7bb6803eb54897841851e9c718fc9e4f5b  /var/tmp/T6001ExportFamily-20260914/t1_1x896.bin
4767878ff0264fa99b5e68066df3c35dda3b8790b44987338a3fbb8f8eb2c5d4  /var/tmp/T6001ExportFamily-20260914/t2_1x896_expected.bin
09c68349bb51a1939a2f5f12eefb4ffd0330add8b8d3a7054d3cf13e8f86b031  /var/tmp/T6001ExportFamily-20260914/libane-src/libane/ane.c
27dfc977a1da0566a3ceba8175b9f66940d874d414b0024550fe581fa2581685  /var/tmp/T6001ExportFamily-20260914/libane-src/libane/ane_bind.h
ca633e82855ba75e9a21a237ed56ca9a44e9b8c150b83f4d0e4c4b1f80d85274  /var/tmp/T6001ExportFamily-20260914/libane-src/libane/ane.h

--- submitted headers ---
bundle/program-0.anec: td_size=0x1f8 tsk_size=0x1f8 krn_size=0x4000 tiles[4,5]=(1, 1) nchw[4]=(1, 64, 1, 1, 64, 64) nchw[5]=(1, 64, 1, 1, 64, 64)
ane-add-fp16-1x512/model.anec: td_size=0x1f8 tsk_size=0x1f8 krn_size=0x400 tiles[4,5]=(1, 1) nchw[4]=(1, 512, 1, 1, 2, 2) nchw[5]=(1, 512, 1, 1, 2, 2)
ane-add-fp16-1x896/model.anec: td_size=0x1f8 tsk_size=0x1f8 krn_size=0x700 tiles[4,5]=(1, 1) nchw[4]=(1, 896, 1, 1, 2, 2) nchw[5]=(1, 896, 1, 1, 2, 2)

=== control-64el ===
bundle name=schema4-add-mul-worker programs=2 driver_abi=1 graph=5584d0fd8d40027229890408e924e6f7930cd5f02516466a442193408482ce76
worker status=0 iterations=1 released=2 elapsed_ms=203
worker detail=worker completed 1 iteration(s) and released its programs
verified output y exact
control-64el_exit=0 wall_ms=206

=== reexport-1x512 ===
bundle name=ane-add-fp16-1x512 programs=1 driver_abi=1 graph=0417bba9b253e8ada7ab60357aaa7cd05d0000dde58d2c578e6174c310ad3151
worker status=0 iterations=1 released=1 elapsed_ms=1
worker detail=worker completed 1 iteration(s) and released its programs
verified output t2 exact
reexport-1x512_exit=0 wall_ms=5

=== reexport-1x896 ===
bundle name=ane-add-fp16-1x896 programs=1 driver_abi=1 graph=9048326d6335b6bec29296d0ce521fa528c09c4558d93e15bf1830d7ec777da1
worker status=0 iterations=1 released=1 elapsed_ms=1
worker detail=worker completed 1 iteration(s) and released its programs
verified output t2 exact
reexport-1x896_exit=0 wall_ms=7

--- post-state ---
worker_liveness_after={"worker_name": "mlx-omarchy-ane-worker", "workers": [], "worker_count": 0, "device": "/dev/accel/accel0", "device_holders": [], "method": "ps -ww -eo pid=,args= matched on basename(argv[0]); /proc/<pid>/fd compared by device identity. pgrep -x cannot match a 22-character name and pgrep -f matches the caller's own shell."}
set0_after={"phys": "0x28e08c000", "raw": "0x000003ff", "ACTUAL": "0xf", "TARGET": "0xf", "WAS_CLKGATED": true, "WAS_PWRGATED": true, "powered": true, "writes": 0, "prot": "PROT_READ"}
device_after=character special file
module_after=ane refs=0
runtime_status_after=active
boot_id_after=f6ad865b-b85e-499e-8308-28b57b24f0c8
uptime_start_after=2026-09-13 22:19:50
errno110_this_boot=0
gpu_lock_after=free_never_acquired
--- dmesg tail since marker ---
[46765.659506] ANE-T6001-EXPORTFAMILY reexport-1x896 END status=0 2026-09-14T11:19:16-05:00
finished=2026-09-14T11:19:16-05:00
control_exit=0 reexport_512_exit=0 reexport_896_exit=0
