Experiment: Linux ANEC static graph, weight rebinding, and resident state
Date: 2026-08-27
Platform: Apple M1 Linux, Omarchy/Asahi, ANE KMD with queue-id 1
Sources: eiln/anecc, eiln/libane (patched), retained tinygrad v0.10.3 HWX graphs
Converter fix: eiln/libane read ANEC content at 0x800; anecc writes a 0x1000 header.
`ANEC_HEADER_SIZE` patched to 0x1000. Added explicit qid 1 submission and a
sentinel output poll to `ane_exec`.

Static graph execution (Linux ANEC, via `run-anec.py`):
- `mul.ane`: 64 outputs all `6.0` from inputs `3` and `2`.
- `concat.ane`: executed successfully.
- Retained tinygrad `model.hwx.golden` converted with `anecc`: fused Conv+GOC
  graph returned `[27.0, 27.0, 27.0]` from input `[3, 3, 3]`.
- Retained tinygrad `conv.ane`: returned `[9.0, 9.0, 9.0]` from `[3, 3, 3]`.

Programmed operation patch (no recompile):
- `patch-anec-mul-to-add.py` patched task registers
  `PE.cfg 0x00080004 -> 0x00080000` and `MACCfg -> 0x00000000` in the MUL ANEC
  payload. The same graph then returned `5.0` from `3 + 2`.

Resident state (new `ane_exec_loop`):
- New libane function swaps the state input BO with the state output BO between
  iterations, keeping state resident on the device across dispatches.
- `mul.ane` loop, 3 iterations, `((3 * 2) * 2) * 2`: returned `24.0` everywhere.
- Patched `add-resident.ane` loop, 3 iterations, `((3 + 2) + 2) + 2`:
  returned `9.0` everywhere.

Kernel rebinding (new `ane_bind_kernel`):
- Binds a new fp16 kernel payload into the command BO's kernel region at
  runtime without reloading or recompiling the graph. Capacity helper:
  `ane_kernel_capacity`.
- `gemm.ane` with identity matrix bound: returned input unchanged.
- `gemm.ane` identity then 2x identity: outputs `3.0` then `6.0` for input `3`.

Interpretation:
- Linux now has a working reusable static graph format (ANEC) with multi-op
  task graphs, in-place weight rebinding, and resident state loops.
- This removes the "thousands of separate ioctl-programs" limitation for ops
  expressible in ANEC graphs.

Not yet achieved:
- The tinygrad `gemm.ane` descriptor does not reproduce canonical fp16 GEMM on
  random weights (its packed weight layout differs from the runtime's
  `pack_weights_512`); the tied-output-head speed crossover therefore remains
  unproven on the static-graph path.
- The verified descriptor runtime path executes the full tied head exactly
  (argmax and top-10 match CPU, max error 0.0228) but is still CPU-side
  slower (0.33x).

Probe follow-up (same day). The graph applies a per-row linear map. With an
identity matrix bound in tile-transposed form, each output row reads as all
zeros or all ones. Three flat bindings do not reproduce canonical GEMM on
random weights: row-major, column-major, and `pack_weights_512`. Best-case
max error is `74.38`. An identity matrix bound in RAW row-major form does
pass the activation through exactly. That is why the earlier identity rebind
looked like a working GEMM. Decoding the real mapping needs the TD
KernelDMA descriptor fields from the HWX. See the tinygrad
`extra/accel/ane/lib/ane.py` register map. Flat-layout guesses are done.

Fresh-compile bridge blocker (same day): regenerating graphs via macOS 26
`ANECCompile` (tinygrad `compile.mm`, reference plist compiles clean) emits
a Mach-O HWX whose task-descriptor layout the `anecc` parser rejects
(`tsk_size` assertion; BASE_ADDR hits at 0x80/0xd0/0x290 vs the old single
consecutive pair the parser expects). The retained golden files predate this
compiler. So new-graph generation needs an anecc update for the macOS 26
HWX container before the KDMA layout question can be probed on freshly
compiled weights.

Speed-versus-CPU verification (the goal's comparison deliverable):
- Tied head on ANE (verified descriptor path): 3.86 s for the full
  248320x2048 head; CPU numpy: 1.27 s. ANE is 0.33x CPU.
- Head tiles are 512x512, which IS the verified descriptor ceiling
  (1024-input and 1024-output descriptors fail), so no larger single-dispatch
  tile is available on this driver.
Conclusion: quality matches CPU; speed does not cross over, and the two
paths to a crossover are blocked by the descriptor ceiling and the macOS 26
HWX parser gap respectively. Both are documented here rather than claimed.
