[rtmod] SUBMIT tid=3240 cv=1 waits=0 sigs=2 cmds=1
[rtmod] COMMIT-NOOP
[rtmod] COMMIT-NOOP
[rtmod] SUBMIT tid=3240 cv=2 waits=0 sigs=2 cmds=1
[rtmod] COMMIT-NOOP
[rtmod] COMMIT-NOOP
[rtmod] SUBMIT tid=3240 cv=3 waits=0 sigs=2 cmds=1
[rtmod] COMMIT-NOOP
[rtmod] COMMIT-NOOP
[rtmod] SUBMIT tid=3240 cv=4 waits=0 sigs=2 cmds=1
[rtmod] COMMIT-NOOP
[rtmod] COMMIT-NOOP
[rtmod] SUBMIT tid=3240 cv=5 waits=0 sigs=2 cmds=1
[rtmod] COMMIT-NOOP
[rtmod] COMMIT-NOOP
[rtmod] SUBMIT tid=3240 cv=6 waits=0 sigs=2 cmds=1
[rtmod] COMMIT-NOOP
[rtmod] COMMIT-NOOP
[rtmod] SUBMIT tid=3240 cv=7 waits=0 sigs=2 cmds=1
[rtmod] COMMIT-NOOP
[rtmod] COMMIT-NOOP
[rtmod] SUBMIT tid=3240 cv=8 waits=0 sigs=2 cmds=1
[rtmod] COMMIT-NOOP
[rtmod] COMMIT-NOOP
[rtmod] SUBMIT tid=3240 cv=9 waits=0 sigs=2 cmds=1
[rtmod] COMMIT-NOOP
[rtmod] COMMIT-NOOP
[rtmod] SUBMIT tid=3240 cv=10 waits=0 sigs=2 cmds=1
[rtmod] COMMIT-NOOP
[rtmod] COMMIT-NOOP
[rtmod] SUBMIT tid=3240 cv=11 waits=0 sigs=2 cmds=1
[rtmod] COMMIT-NOOP
[rtmod] COMMIT-NOOP
[rtmod] SUBMIT tid=3240 cv=12 waits=0 sigs=2 cmds=1
[rtmod] COMMIT-NOOP
[rtmod] COMMIT-NOOP
[rtmod] SUBMIT tid=3240 cv=13 waits=0 sigs=2 cmds=1
[rtmod] COMMIT-NOOP
[rtmod] COMMIT-NOOP
[rtmod] SUBMIT tid=3240 cv=14 waits=0 sigs=2 cmds=1
[rtmod] COMMIT-NOOP
[rtmod] COMMIT-NOOP
[rtmod] SUBMIT tid=3240 cv=15 waits=0 sigs=2 cmds=1
[rtmod] COMMIT-NOOP
[rtmod] COMMIT-NOOP
[rtmod] SUBMIT tid=3240 cv=16 waits=0 sigs=2 cmds=1
[rtmod] COMMIT-NOOP
[rtmod] COMMIT-NOOP
[rtmod] SUBMIT tid=3240 cv=17 waits=0 sigs=2 cmds=1
[rtmod] COMMIT-NOOP
[rtmod] COMMIT-NOOP
[rtmod] SUBMIT tid=3240 cv=18 waits=0 sigs=2 cmds=1
[rtmod] COMMIT-NOOP
[rtmod] COMMIT-NOOP
[rtmod] SUBMIT tid=3240 cv=19 waits=0 sigs=2 cmds=1
[rtmod] COMMIT-NOOP
[rtmod] COMMIT-NOOP
[rtmod] SUBMIT tid=3240 cv=20 waits=0 sigs=2 cmds=1
[rtmod] COMMIT-NOOP
[rtmod] COMMIT-NOOP
[rtmod] SUBMIT tid=3240 cv=21 waits=0 sigs=2 cmds=1
[rtmod] COMMIT-NOOP
[rtmod] COMMIT-NOOP
[rtmod] SUBMIT tid=3240 cv=22 waits=0 sigs=2 cmds=1
[rtmod] COMMIT-NOOP
[rtmod] COMMIT-NOOP
[rtmod] SUBMIT tid=3240 cv=23 waits=0 sigs=2 cmds=1
[rtmod] COMMIT-NOOP
[rtmod] COMMIT-NOOP
[rtmod] SUBMIT tid=3240 cv=24 waits=0 sigs=2 cmds=1
[rtmod] COMMIT-NOOP
[rtmod] COMMIT-NOOP
[rtmod] SUBMIT tid=3240 cv=25 waits=0 sigs=2 cmds=1
[rtmod] COMMIT-NOOP
[rtmod] COMMIT-NOOP
[rtmod] SUBMIT tid=3240 cv=26 waits=0 sigs=2 cmds=1
[rtmod] COMMIT-NOOP
[rtmod] COMMIT-NOOP
[rtmod] SUBMIT tid=3240 cv=27 waits=0 sigs=2 cmds=1
[rtmod] COMMIT-NOOP
[rtmod] COMMIT-NOOP
[rtmod] SUBMIT tid=3240 cv=28 waits=0 sigs=2 cmds=1
[rtmod] COMMIT-NOOP
[rtmod] COMMIT-NOOP
[rtmod] SUBMIT tid=3240 cv=29 waits=0 sigs=2 cmds=1
[rtmod] COMMIT-NOOP
[rtmod] COMMIT-NOOP
[rtmod] SUBMIT tid=3240 cv=30 waits=0 sigs=2 cmds=1
[rtmod] COMMIT-NOOP
[rtmod] COMMIT-NOOP
[rtmod] SUBMIT tid=3240 cv=31 waits=0 sigs=2 cmds=1
[rtmod] COMMIT-NOOP
[rtmod] COMMIT-NOOP
[rtmod] SUBMIT tid=3240 cv=32 waits=0 sigs=2 cmds=1
[rtmod] COMMIT-NOOP
[rtmod] COMMIT-NOOP
[rtmod] SUBMIT tid=3240 cv=33 waits=0 sigs=2 cmds=1
[rtmod] COMMIT-NOOP
[rtmod] COMMIT-NOOP
[rtmod] SUBMIT tid=3240 cv=34 waits=0 sigs=2 cmds=1
[rtmod] COMMIT-NOOP
[rtmod] COMMIT-NOOP
[rtmod] SUBMIT tid=3240 cv=35 waits=0 sigs=2 cmds=1
[rtmod] COMMIT-NOOP
[rtmod] COMMIT-NOOP
[rtmod] SUBMIT tid=3240 cv=36 waits=0 sigs=2 cmds=1
[rtmod] COMMIT-NOOP
[rtmod] COMMIT-NOOP
[rtmod] SUBMIT tid=3240 cv=37 waits=0 sigs=2 cmds=1
[rtmod] COMMIT-NOOP
[rtmod] COMMIT-NOOP
[rtmod] SUBMIT tid=3240 cv=38 waits=0 sigs=2 cmds=1
[rtmod] COMMIT-NOOP
[rtmod] COMMIT-NOOP
[rtmod] SUBMIT tid=3240 cv=39 waits=0 sigs=2 cmds=1
[rtmod] COMMIT-NOOP
[rtmod] COMMIT-NOOP
[rtmod] SUBMIT tid=3240 cv=40 waits=0 sigs=1 cmds=1
[rtmod] SUBMIT tid=3240 cv=41 waits=0 sigs=2 cmds=1
[rtmod] COMMIT-NOOP
[rtmod] COMMIT-NOOP
[rtmod] SUBMIT tid=3240 cv=42 waits=0 sigs=2 cmds=1
[rtmod] COMMIT-NOOP
[rtmod] COMMIT-NOOP
[rtmod] SUBMIT tid=3240 cv=43 waits=0 sigs=2 cmds=1
[rtmod] COMMIT-NOOP
[rtmod] COMMIT-NOOP
[rtmod] SUBMIT tid=3240 cv=44 waits=0 sigs=2 cmds=1
[rtmod] COMMIT-NOOP
[rtmod] COMMIT-NOOP
[rtmod] SUBMIT tid=3240 cv=45 waits=0 sigs=2 cmds=1
[rtmod] COMMIT-NOOP
[rtmod] COMMIT-NOOP
[rtmod] SUBMIT tid=3240 cv=46 waits=0 sigs=2 cmds=1
[rtmod] COMMIT-NOOP
[rtmod] COMMIT-NOOP
[rtmod] SUBMIT tid=3240 cv=47 waits=0 sigs=2 cmds=1
[rtmod] COMMIT-NOOP
[rtmod] COMMIT-NOOP
[rtmod] SUBMIT tid=3240 cv=48 waits=0 sigs=2 cmds=1
[rtmod] COMMIT-NOOP
[rtmod] COMMIT-NOOP
[rtmod] SUBMIT tid=3240 cv=49 waits=0 sigs=2 cmds=1
[rtmod] COMMIT-NOOP
[rtmod] COMMIT-NOOP
[rtmod] SUBMIT tid=3240 cv=50 waits=0 sigs=2 cmds=1
[rtmod] COMMIT-NOOP
[rtmod] COMMIT-NOOP
[rtmod] SUBMIT tid=3240 cv=51 waits=0 sigs=2 cmds=1
[rtmod] COMMIT-NOOP
[rtmod] COMMIT-NOOP
[rtmod] SUBMIT tid=3240 cv=52 waits=0 sigs=2 cmds=1
[rtmod] COMMIT-NOOP
[rtmod] COMMIT-NOOP
[rtmod] SUBMIT tid=3240 cv=53 waits=0 sigs=2 cmds=1
[rtmod] COMMIT-NOOP
[rtmod] COMMIT-NOOP
[rtmod] SUBMIT tid=3240 cv=54 waits=0 sigs=2 cmds=1
[rtmod] COMMIT-NOOP
[rtmod] COMMIT-NOOP
[rtmod] SUBMIT tid=3240 cv=55 waits=0 sigs=2 cmds=1
[rtmod] COMMIT-NOOP
[rtmod] COMMIT-NOOP
[rtmod] SUBMIT tid=3240 cv=56 waits=0 sigs=2 cmds=1
[rtmod] COMMIT-NOOP
[rtmod] COMMIT-NOOP
[rtmod] SUBMIT tid=3240 cv=57 waits=1 sigs=2 cmds=1
[rtmod] COMMIT-NOOP
[rtmod] COMMIT-NOOP
[rtmod] SUBMIT tid=3240 cv=58 waits=0 sigs=2 cmds=1
[rtmod] COMMIT-NOOP
[rtmod] COMMIT-NOOP
[rtmod] SUBMIT tid=3240 cv=59 waits=0 sigs=2 cmds=1
[rtmod] COMMIT-NOOP
[rtmod] COMMIT-NOOP
[rtmod] SUBMIT tid=3240 cv=60 waits=0 sigs=2 cmds=1
[rtmod] COMMIT-NOOP
[rtmod] COMMIT-NOOP
[rtmod] SUBMIT tid=3240 cv=61 waits=1 sigs=2 cmds=1
[rtmod] COMMIT-NOOP
[rtmod] SUBMIT tid=3240 cv=62 waits=1 sigs=2 cmds=1
[rtmod] COMMIT-NOOP
[rtmod] COMMIT-NOOP
[rtmod] COMMIT-NOOP
[rtmod] SUBMIT tid=3240 cv=63 waits=1 sigs=2 cmds=1
[rtmod] COMMIT-NOOP
[rtmod] SUBMIT tid=3240 cv=64 waits=1 sigs=2 cmds=1
[rtmod] COMMIT-NOOP
[rtmod] COMMIT-NOOP
[rtmod] SUBMIT tid=3240 cv=65 waits=0 sigs=2 cmds=1
[rtmod] COMMIT-NOOP
[rtmod] COMMIT-NOOP
[rtmod] SUBMIT tid=3240 cv=66 waits=0 sigs=2 cmds=1
[rtmod] COMMIT-NOOP
[rtmod] COMMIT-NOOP
[rtmod] SUBMIT tid=3240 cv=67 waits=0 sigs=2 cmds=1
[rtmod] COMMIT-NOOP
[rtmod] COMMIT-NOOP
[rtmod] SUBMIT tid=3240 cv=68 waits=0 sigs=2 cmds=1
[rtmod] COMMIT-NOOP
[rtmod] COMMIT-NOOP
[rtmod] COMMIT-NOOP
[rtmod] SUBMIT tid=3240 cv=69 waits=2 sigs=2 cmds=1
[rtmod] COMMIT-NOOP
[rtmod] COMMIT-NOOP
[rtmod] SUBMIT tid=3240 cv=70 waits=0 sigs=2 cmds=1
[rtmod] COMMIT-NOOP
[rtmod] COMMIT-NOOP
[rtmod] SUBMIT tid=3240 cv=71 waits=0 sigs=2 cmds=1
[rtmod] COMMIT-NOOP
[rtmod] COMMIT-NOOP
[rtmod] COMMIT-NOOP
[rtmod] SUBMIT tid=3240 cv=72 waits=1 sigs=2 cmds=1
[rtmod] COMMIT-NOOP
[rtmod] COMMIT-NOOP
[rtmod] SUBMIT tid=3240 cv=73 waits=0 sigs=2 cmds=1
[rtmod] COMMIT-NOOP
[rtmod] COMMIT-NOOP
[rtmod] SUBMIT tid=3240 cv=74 waits=0 sigs=2 cmds=1
[rtmod] COMMIT-NOOP
[rtmod] COMMIT-NOOP
[rtmod] COMMIT-NOOP
[rtmod] SUBMIT tid=3240 cv=75 waits=1 sigs=2 cmds=1
[rtmod] COMMIT-NOOP
[rtmod] COMMIT-NOOP
[rtmod] SUBMIT tid=3240 cv=76 waits=0 sigs=2 cmds=1
[rtmod] COMMIT-NOOP
[rtmod] COMMIT-NOOP
[rtmod] COMMIT-NOOP
[rtmod] SUBMIT tid=3240 cv=77 waits=1 sigs=2 cmds=1
[rtmod] COMMIT-NOOP
[rtmod] COMMIT-NOOP
[rtmod] SUBMIT tid=3240 cv=78 waits=0 sigs=2 cmds=1
[rtmod] COMMIT-NOOP
[rtmod] COMMIT-NOOP
[rtmod] SUBMIT tid=3240 cv=79 waits=0 sigs=2 cmds=1
[rtmod] COMMIT-NOOP
[rtmod] COMMIT-NOOP
[rtmod] SUBMIT tid=3240 cv=80 waits=0 sigs=2 cmds=1
[rtmod] COMMIT-NOOP
[rtmod] COMMIT-NOOP
[rtmod] SUBMIT tid=3240 cv=81 waits=0 sigs=2 cmds=1
[rtmod] COMMIT-NOOP
[rtmod] COMMIT-NOOP
[rtmod] SUBMIT tid=3240 cv=82 waits=0 sigs=2 cmds=1
[rtmod] COMMIT-NOOP
[rtmod] COMMIT-NOOP
[rtmod] SUBMIT tid=3240 cv=83 waits=0 sigs=2 cmds=1
[rtmod] COMMIT-NOOP
[rtmod] COMMIT-NOOP
[rtmod] SUBMIT tid=3240 cv=84 waits=0 sigs=2 cmds=1
[rtmod] COMMIT-NOOP
[rtmod] COMMIT-NOOP
[rtmod] SUBMIT tid=3240 cv=85 waits=0 sigs=2 cmds=1
[rtmod] COMMIT-NOOP
[rtmod] COMMIT-NOOP
[rtmod] SUBMIT tid=3240 cv=86 waits=0 sigs=2 cmds=1
[rtmod] COMMIT-NOOP
[rtmod] COMMIT-NOOP
[rtmod] SUBMIT tid=3240 cv=87 waits=0 sigs=2 cmds=1
[rtmod] COMMIT-NOOP
[rtmod] COMMIT-NOOP
[rtmod] SUBMIT tid=3240 cv=88 waits=0 sigs=2 cmds=1
[rtmod] COMMIT-NOOP
[rtmod] COMMIT-NOOP
[rtmod] SUBMIT tid=3240 cv=89 waits=0 sigs=2 cmds=1
[rtmod] COMMIT-NOOP
[rtmod] COMMIT-NOOP
[rtmod] SUBMIT tid=3240 cv=90 waits=0 sigs=2 cmds=1
[rtmod] COMMIT-NOOP
[rtmod] COMMIT-NOOP
[rtmod] SUBMIT tid=3240 cv=91 waits=0 sigs=2 cmds=1
[rtmod] COMMIT-NOOP
[rtmod] COMMIT-NOOP
[rtmod] SUBMIT tid=3240 cv=92 waits=0 sigs=2 cmds=1
[rtmod] COMMIT-NOOP
[rtmod] COMMIT-NOOP
[rtmod] SUBMIT tid=3240 cv=93 waits=0 sigs=2 cmds=1
[rtmod] COMMIT-NOOP
[rtmod] COMMIT-NOOP
[rtmod] SUBMIT tid=3240 cv=94 waits=0 sigs=2 cmds=1
[rtmod] COMMIT-NOOP
[rtmod] COMMIT-NOOP
[rtmod] SUBMIT tid=3240 cv=95 waits=0 sigs=2 cmds=1
[rtmod] COMMIT-NOOP
[rtmod] SUBMIT tid=3240 cv=96 waits=0 sigs=2 cmds=1
[rtmod] COMMIT-NOOP
[rtmod] COMMIT-NOOP
[rtmod] SUBMIT tid=3240 cv=97 waits=0 sigs=2 cmds=1
[rtmod] COMMIT-NOOP
[rtmod] COMMIT-NOOP
[rtmod] SUBMIT tid=3240 cv=98 waits=0 sigs=2 cmds=1
[rtmod] COMMIT-NOOP
[rtmod] COMMIT-NOOP
[rtmod] COMMIT-NOOP
[rtmod] COMMIT-NOOP
[rtmod] SUBMIT tid=3240 cv=99 waits=0 sigs=2 cmds=1
[rtmod] COMMIT-NOOP
[rtmod] COMMIT-NOOP
[rtmod] SUBMIT tid=3240 cv=100 waits=0 sigs=2 cmds=1
[rtmod] COMMIT-NOOP
[rtmod] COMMIT-NOOP
[rtmod] SUBMIT tid=3240 cv=101 waits=0 sigs=2 cmds=1
[rtmod] COMMIT-NOOP
[rtmod] COMMIT-NOOP
[rtmod] SUBMIT tid=3240 cv=102 waits=0 sigs=2 cmds=1
[rtmod] COMMIT-NOOP
[rtmod] COMMIT-NOOP
[rtmod] SUBMIT tid=3240 cv=103 waits=0 sigs=2 cmds=1
[rtmod] COMMIT-NOOP
[rtmod] COMMIT-NOOP
[rtmod] SUBMIT tid=3240 cv=104 waits=0 sigs=2 cmds=1
[rtmod] COMMIT-NOOP
[rtmod] COMMIT-NOOP
[rtmod] SUBMIT tid=3240 cv=105 waits=0 sigs=2 cmds=1
[rtmod] COMMIT-NOOP
[rtmod] COMMIT-NOOP
[rtmod] SUBMIT tid=3240 cv=106 waits=0 sigs=2 cmds=1
[rtmod] COMMIT-NOOP
[rtmod] COMMIT-NOOP
[rtmod] SUBMIT tid=3240 cv=107 waits=0 sigs=2 cmds=1
[rtmod] COMMIT-NOOP
[rtmod] COMMIT-NOOP
[rtmod] SUBMIT tid=3240 cv=108 waits=0 sigs=2 cmds=1
[rtmod] COMMIT-NOOP
[rtmod] COMMIT-NOOP
[rtmod] SUBMIT tid=3240 cv=109 waits=0 sigs=2 cmds=1
[rtmod] COMMIT-NOOP
[rtmod] COMMIT-NOOP
[rtmod] SUBMIT tid=3240 cv=110 waits=0 sigs=2 cmds=1
[rtmod] COMMIT-NOOP
[rtmod] COMMIT-NOOP
[rtmod] SUBMIT tid=3240 cv=111 waits=0 sigs=2 cmds=1
[rtmod] COMMIT-NOOP
[rtmod] COMMIT-NOOP
[rtmod] SUBMIT tid=3240 cv=112 waits=0 sigs=2 cmds=1
[rtmod] COMMIT-NOOP
[rtmod] COMMIT-NOOP
[rtmod] SUBMIT tid=3240 cv=113 waits=0 sigs=2 cmds=1
[rtmod] COMMIT-NOOP
[rtmod] COMMIT-NOOP
[rtmod] SUBMIT tid=3240 cv=114 waits=0 sigs=2 cmds=1
[rtmod] COMMIT-NOOP
[rtmod] COMMIT-NOOP
[rtmod] SUBMIT tid=3240 cv=115 waits=0 sigs=2 cmds=1
[rtmod] COMMIT-NOOP
[rtmod] COMMIT-NOOP
[rtmod] SUBMIT tid=3240 cv=116 waits=0 sigs=2 cmds=1
[rtmod] COMMIT-NOOP
[rtmod] COMMIT-NOOP
[rtmod] SUBMIT tid=3240 cv=117 waits=0 sigs=2 cmds=1
[rtmod] COMMIT-NOOP
[rtmod] COMMIT-NOOP
[rtmod] SUBMIT tid=3240 cv=118 waits=0 sigs=2 cmds=1
[rtmod] COMMIT-NOOP
[rtmod] COMMIT-NOOP
[rtmod] SUBMIT tid=3240 cv=119 waits=0 sigs=2 cmds=1
[rtmod] COMMIT-NOOP
[rtmod] COMMIT-NOOP
[rtmod] SUBMIT tid=3240 cv=120 waits=0 sigs=2 cmds=1
[rtmod] COMMIT-NOOP
[rtmod] COMMIT-NOOP
[rtmod] SUBMIT tid=3240 cv=121 waits=0 sigs=2 cmds=1
[rtmod] COMMIT-NOOP
[rtmod] COMMIT-NOOP
[rtmod] SUBMIT tid=3240 cv=122 waits=0 sigs=2 cmds=1
[rtmod] COMMIT-NOOP
[rtmod] COMMIT-NOOP
[rtmod] SUBMIT tid=3240 cv=123 waits=0 sigs=2 cmds=1
[rtmod] COMMIT-NOOP
[rtmod] COMMIT-NOOP
[rtmod] SUBMIT tid=3240 cv=124 waits=0 sigs=2 cmds=1
[rtmod] COMMIT-NOOP
[rtmod] COMMIT-NOOP
[rtmod] SUBMIT tid=3240 cv=125 waits=0 sigs=2 cmds=1
[rtmod] COMMIT-NOOP
[rtmod] COMMIT-NOOP
[rtmod] SUBMIT tid=3240 cv=126 waits=0 sigs=2 cmds=1
[rtmod] COMMIT-NOOP
[rtmod] COMMIT-NOOP
[rtmod] SUBMIT tid=3240 cv=127 waits=0 sigs=2 cmds=1
[rtmod] COMMIT-NOOP
[rtmod] COMMIT-NOOP
[rtmod] SUBMIT tid=3240 cv=128 waits=0 sigs=2 cmds=1
[rtmod] COMMIT-NOOP
[rtmod] COMMIT-NOOP
[rtmod] SUBMIT tid=3240 cv=129 waits=0 sigs=2 cmds=1
[rtmod] COMMIT-NOOP
[rtmod] COMMIT-NOOP
[rtmod] SUBMIT tid=3240 cv=130 waits=0 sigs=2 cmds=1
[rtmod] COMMIT-NOOP
[rtmod] COMMIT-NOOP
[rtmod] SUBMIT tid=3240 cv=131 waits=0 sigs=2 cmds=1
[rtmod] COMMIT-NOOP
[rtmod] COMMIT-NOOP
[rtmod] SUBMIT tid=3240 cv=132 waits=0 sigs=2 cmds=1
[rtmod] COMMIT-NOOP
[rtmod] COMMIT-NOOP
[rtmod] SUBMIT tid=3240 cv=133 waits=0 sigs=2 cmds=1
[rtmod] COMMIT-NOOP
[rtmod] COMMIT-NOOP
[rtmod] SUBMIT tid=3240 cv=134 waits=0 sigs=2 cmds=1
[rtmod] COMMIT-NOOP
[rtmod] COMMIT-NOOP
[rtmod] SUBMIT tid=3240 cv=135 waits=0 sigs=2 cmds=1
[rtmod] COMMIT-NOOP
[rtmod] COMMIT-NOOP
[rtmod] SUBMIT tid=3240 cv=136 waits=0 sigs=2 cmds=1
[rtmod] COMMIT-NOOP
[rtmod] COMMIT-NOOP
[rtmod] SUBMIT tid=3240 cv=137 waits=0 sigs=2 cmds=1
[rtmod] COMMIT-NOOP
[rtmod] COMMIT-NOOP
[rtmod] SUBMIT tid=3240 cv=138 waits=0 sigs=2 cmds=1
[rtmod] COMMIT-NOOP
[rtmod] COMMIT-NOOP
[rtmod] SUBMIT tid=3240 cv=139 waits=0 sigs=2 cmds=1
[rtmod] COMMIT-NOOP
[rtmod] COMMIT-NOOP
[rtmod] SUBMIT tid=3240 cv=140 waits=0 sigs=2 cmds=1
[rtmod] COMMIT-NOOP
[rtmod] COMMIT-NOOP
[rtmod] SUBMIT tid=3240 cv=141 waits=0 sigs=2 cmds=1
[rtmod] COMMIT-NOOP
[rtmod] COMMIT-NOOP
[rtmod] SUBMIT tid=3240 cv=142 waits=0 sigs=2 cmds=1
[rtmod] COMMIT-NOOP
[rtmod] COMMIT-NOOP
[rtmod] SUBMIT tid=3240 cv=143 waits=0 sigs=2 cmds=1
[rtmod] COMMIT-NOOP
[rtmod] COMMIT-NOOP
[rtmod] SUBMIT tid=3240 cv=144 waits=0 sigs=2 cmds=1
[rtmod] COMMIT-NOOP
[rtmod] COMMIT-NOOP
[rtmod] SUBMIT tid=3240 cv=145 waits=0 sigs=2 cmds=1
[rtmod] COMMIT-NOOP
[rtmod] COMMIT-NOOP
[rtmod] SUBMIT tid=3240 cv=146 waits=0 sigs=2 cmds=1
[rtmod] COMMIT-NOOP
[rtmod] COMMIT-NOOP
[rtmod] SUBMIT tid=3240 cv=147 waits=0 sigs=2 cmds=1
[rtmod] COMMIT-NOOP
[rtmod] COMMIT-NOOP
[rtmod] SUBMIT tid=3240 cv=148 waits=0 sigs=2 cmds=1
[rtmod] COMMIT-NOOP
[rtmod] COMMIT-NOOP
[rtmod] SUBMIT tid=3240 cv=149 waits=0 sigs=2 cmds=1
[rtmod] COMMIT-NOOP
[rtmod] COMMIT-NOOP
[rtmod] SUBMIT tid=3240 cv=150 waits=0 sigs=2 cmds=1
[rtmod] COMMIT-NOOP
[rtmod] COMMIT-NOOP
[rtmod] SUBMIT tid=3240 cv=151 waits=0 sigs=2 cmds=1
[rtmod] COMMIT-NOOP
[rtmod] COMMIT-NOOP
[rtmod] SUBMIT tid=3240 cv=152 waits=0 sigs=2 cmds=1
[rtmod] COMMIT-NOOP
[rtmod] SUBMIT tid=3240 cv=153 waits=1 sigs=2 cmds=1
[rtmod] COMMIT-NOOP
[rtmod] SUBMIT tid=3240 cv=154 waits=1 sigs=2 cmds=1
[rtmod] COMMIT-NOOP
[rtmod] SUBMIT tid=3240 cv=155 waits=1 sigs=2 cmds=1
[rtmod] COMMIT-NOOP
[rtmod] SUBMIT tid=3240 cv=156 waits=1 sigs=2 cmds=1
[rtmod] COMMIT-NOOP
[rtmod] SUBMIT tid=3240 cv=157 waits=1 sigs=2 cmds=1
[rtmod] COMMIT-NOOP
[rtmod] SUBMIT tid=3240 cv=158 waits=1 sigs=2 cmds=1
[rtmod] COMMIT-NOOP
[rtmod] SUBMIT tid=3240 cv=159 waits=1 sigs=2 cmds=1
[rtmod] COMMIT-NOOP
[rtmod] SUBMIT tid=3240 cv=160 waits=1 sigs=2 cmds=1
[rtmod] COMMIT-NOOP
[rtmod] SUBMIT tid=3240 cv=161 waits=1 sigs=2 cmds=1
[rtmod] COMMIT-NOOP
[rtmod] SUBMIT tid=3240 cv=162 waits=1 sigs=2 cmds=1
[rtmod] COMMIT-NOOP
[rtmod] SUBMIT tid=3240 cv=163 waits=1 sigs=2 cmds=1
[rtmod] COMMIT-NOOP
[rtmod] SUBMIT tid=3240 cv=164 waits=1 sigs=2 cmds=1
[rtmod] COMMIT-NOOP
[rtmod] SUBMIT tid=3240 cv=165 waits=1 sigs=2 cmds=1
[rtmod] COMMIT-NOOP
[rtmod] SUBMIT tid=3240 cv=166 waits=1 sigs=2 cmds=1
[rtmod] COMMIT-NOOP
[rtmod] SUBMIT tid=3240 cv=167 waits=1 sigs=2 cmds=1
[rtmod] COMMIT-NOOP
[rtmod] SUBMIT tid=3240 cv=168 waits=1 sigs=2 cmds=1
[rtmod] COMMIT-NOOP
[rtmod] SUBMIT tid=3240 cv=169 waits=1 sigs=2 cmds=1
[rtmod] COMMIT-NOOP
[rtmod] SUBMIT tid=3240 cv=170 waits=1 sigs=2 cmds=1
[rtmod] COMMIT-NOOP
[rtmod] SUBMIT tid=3240 cv=171 waits=1 sigs=2 cmds=1
[rtmod] COMMIT-NOOP
[rtmod] SUBMIT tid=3240 cv=172 waits=1 sigs=2 cmds=1
[rtmod] COMMIT-NOOP
[rtmod] SUBMIT tid=3240 cv=173 waits=1 sigs=2 cmds=1
[rtmod] COMMIT-NOOP
[rtmod] SUBMIT tid=3240 cv=174 waits=1 sigs=2 cmds=1
[rtmod] COMMIT-NOOP
[rtmod] SUBMIT tid=3240 cv=175 waits=1 sigs=2 cmds=1
[rtmod] COMMIT-NOOP
[rtmod] SUBMIT tid=3240 cv=176 waits=1 sigs=2 cmds=1
[rtmod] COMMIT-NOOP
[rtmod] SUBMIT tid=3240 cv=177 waits=1 sigs=2 cmds=1
[rtmod] COMMIT-NOOP
[rtmod] SUBMIT tid=3240 cv=178 waits=1 sigs=2 cmds=1
[rtmod] COMMIT-NOOP
[rtmod] SUBMIT tid=3240 cv=179 waits=1 sigs=2 cmds=1
[rtmod] COMMIT-NOOP
[rtmod] SUBMIT tid=3240 cv=180 waits=0 sigs=2 cmds=1
[rtmod] COMMIT-NOOP
[rtmod] COMMIT-NOOP
[rtmod] SUBMIT tid=3240 cv=181 waits=0 sigs=2 cmds=1
[rtmod] COMMIT-NOOP
[rtmod] COMMIT-NOOP
[rtmod] SUBMIT tid=3240 cv=182 waits=0 sigs=2 cmds=1
[rtmod] COMMIT-NOOP
[rtmod] COMMIT-NOOP
[rtmod] COMMIT-NOOP
[rtmod] SUBMIT tid=3240 cv=183 waits=2 sigs=2 cmds=1
[rtmod] COMMIT-NOOP
[rtmod] COMMIT-NOOP
[rtmod] SUBMIT tid=3240 cv=184 waits=0 sigs=2 cmds=1
[rtmod] SUBMIT tid=3240 cv=185 waits=2 sigs=2 cmds=1
[rtmod] SUBMIT tid=3240 cv=186 waits=2 sigs=2 cmds=1
[rtmod] COMMIT-NOOP
[rtmod] SUBMIT tid=3240 cv=187 waits=2 sigs=2 cmds=1
[rtmod] COMMIT-NOOP
[rtmod] COMMIT-NOOP
[rtmod] SUBMIT tid=3240 cv=188 waits=0 sigs=2 cmds=1
[rtmod] COMMIT-NOOP
[rtmod] COMMIT-NOOP
[rtmod] SUBMIT tid=3240 cv=189 waits=0 sigs=2 cmds=1
[rtmod] COMMIT-NOOP
[rtmod] COMMIT-NOOP
[rtmod] SUBMIT tid=3240 cv=190 waits=0 sigs=2 cmds=1
[rtmod] COMMIT-NOOP
[rtmod] COMMIT-NOOP
[rtmod] SUBMIT tid=3240 cv=191 waits=0 sigs=2 cmds=1
[rtmod] COMMIT-NOOP
[rtmod] COMMIT-NOOP
[rtmod] SUBMIT tid=3240 cv=192 waits=0 sigs=2 cmds=1
[rtmod] COMMIT-NOOP
[rtmod] COMMIT-NOOP
[rtmod] SUBMIT tid=3240 cv=193 waits=0 sigs=2 cmds=1
[rtmod] COMMIT-NOOP
[rtmod] COMMIT-NOOP
[rtmod] SUBMIT tid=3240 cv=194 waits=0 sigs=2 cmds=1
[rtmod] COMMIT-NOOP
[rtmod] COMMIT-NOOP
[rtmod] SUBMIT tid=3240 cv=195 waits=0 sigs=2 cmds=1
[rtmod] COMMIT-NOOP
[rtmod] COMMIT-NOOP
[rtmod] SUBMIT tid=3240 cv=196 waits=0 sigs=2 cmds=1
[rtmod] COMMIT-NOOP
[rtmod] COMMIT-NOOP
[rtmod] SUBMIT tid=3240 cv=197 waits=0 sigs=2 cmds=1
[rtmod] COMMIT-NOOP
[rtmod] COMMIT-NOOP
[rtmod] SUBMIT tid=3240 cv=198 waits=0 sigs=2 cmds=1
[rtmod] COMMIT-NOOP
[rtmod] COMMIT-NOOP
[rtmod] SUBMIT tid=3240 cv=199 waits=0 sigs=2 cmds=1
[rtmod] COMMIT-NOOP
[rtmod] COMMIT-NOOP
[rtmod] SUBMIT tid=3240 cv=200 waits=0 sigs=2 cmds=1
[rtmod] COMMIT-NOOP
[rtmod] COMMIT-NOOP
[rtmod] SUBMIT tid=3240 cv=201 waits=0 sigs=2 cmds=1
[rtmod] COMMIT-NOOP
[rtmod] COMMIT-NOOP
[rtmod] SUBMIT tid=3240 cv=202 waits=0 sigs=2 cmds=1
[rtmod] COMMIT-NOOP
[rtmod] COMMIT-NOOP
[rtmod] SUBMIT tid=3240 cv=203 waits=0 sigs=2 cmds=1
[rtmod] COMMIT-NOOP
[rtmod] COMMIT-NOOP
[rtmod] SUBMIT tid=3240 cv=204 waits=0 sigs=2 cmds=1
[rtmod] COMMIT-NOOP
[rtmod] COMMIT-NOOP
[rtmod] SUBMIT tid=3240 cv=205 waits=0 sigs=2 cmds=1
[rtmod] COMMIT-NOOP
[rtmod] COMMIT-NOOP
[rtmod] SUBMIT tid=3240 cv=206 waits=0 sigs=2 cmds=1
[rtmod] COMMIT-NOOP
[rtmod] COMMIT-NOOP
[rtmod] SUBMIT tid=3240 cv=207 waits=0 sigs=2 cmds=1
[rtmod] COMMIT-NOOP
[rtmod] COMMIT-NOOP
[rtmod] SUBMIT tid=3240 cv=208 waits=0 sigs=2 cmds=1
[rtmod] COMMIT-NOOP
[rtmod] COMMIT-NOOP
[rtmod] SUBMIT tid=3240 cv=209 waits=0 sigs=2 cmds=1
[rtmod] COMMIT-NOOP
[rtmod] COMMIT-NOOP
[rtmod] SUBMIT tid=3240 cv=210 waits=0 sigs=2 cmds=1
[rtmod] COMMIT-NOOP
[rtmod] COMMIT-NOOP
[rtmod] SUBMIT tid=3240 cv=211 waits=0 sigs=2 cmds=1
[rtmod] COMMIT-NOOP
[rtmod] SUBMIT tid=3240 cv=212 waits=1 sigs=2 cmds=1
[rtmod] COMMIT-NOOP
[rtmod] COMMIT-NOOP
[rtmod] SUBMIT tid=3240 cv=213 waits=1 sigs=2 cmds=1
[rtmod] COMMIT-NOOP
[rtmod] COMMIT-NOOP
[rtmod] SUBMIT tid=3240 cv=214 waits=0 sigs=2 cmds=1
[rtmod] COMMIT-NOOP
[rtmod] COMMIT-NOOP
[rtmod] SUBMIT tid=3240 cv=215 waits=0 sigs=2 cmds=1
[rtmod] COMMIT-NOOP
[rtmod] COMMIT-NOOP
[rtmod] SUBMIT tid=3240 cv=216 waits=0 sigs=2 cmds=1
[rtmod] COMMIT-NOOP
[rtmod] COMMIT-NOOP
[rtmod] SUBMIT tid=3240 cv=217 waits=0 sigs=2 cmds=1
[rtmod] COMMIT-NOOP
[rtmod] COMMIT-NOOP
[rtmod] SUBMIT tid=3240 cv=218 waits=0 sigs=2 cmds=1
[rtmod] COMMIT-NOOP
[rtmod] SUBMIT tid=3240 cv=219 waits=1 sigs=2 cmds=1
[rtmod] COMMIT-NOOP
[rtmod] SUBMIT tid=3240 cv=220 waits=0 sigs=2 cmds=1
[rtmod] COMMIT-NOOP
[rtmod] SUBMIT tid=3240 cv=221 waits=1 sigs=2 cmds=1
[rtmod] COMMIT-NOOP
[rtmod] COMMIT-NOOP
[rtmod] SUBMIT tid=3240 cv=222 waits=0 sigs=2 cmds=1
[rtmod] COMMIT-NOOP
[rtmod] SUBMIT tid=3240 cv=223 waits=1 sigs=2 cmds=1
[rtmod] COMMIT-NOOP
[rtmod] COMMIT-NOOP
[rtmod] SUBMIT tid=3240 cv=224 waits=0 sigs=2 cmds=1
[rtmod] COMMIT-NOOP
[rtmod] SUBMIT tid=3240 cv=225 waits=1 sigs=2 cmds=1
[rtmod] COMMIT-NOOP
[rtmod] COMMIT-NOOP
[rtmod] SUBMIT tid=3240 cv=226 waits=0 sigs=2 cmds=1
[rtmod] COMMIT-NOOP
[rtmod] COMMIT-NOOP
[rtmod] SUBMIT tid=3240 cv=227 waits=0 sigs=2 cmds=1
[rtmod] COMMIT-NOOP
[rtmod] COMMIT-NOOP
[rtmod] SUBMIT tid=3240 cv=228 waits=0 sigs=2 cmds=1
[rtmod] COMMIT-NOOP
[rtmod] COMMIT-NOOP
[rtmod] SUBMIT tid=3240 cv=229 waits=0 sigs=2 cmds=1
[rtmod] COMMIT-NOOP
[rtmod] COMMIT-NOOP
[rtmod] SUBMIT tid=3240 cv=230 waits=0 sigs=2 cmds=1
[rtmod] COMMIT-NOOP
[rtmod] COMMIT-NOOP
[rtmod] SUBMIT tid=3240 cv=231 waits=0 sigs=2 cmds=1
[rtmod] COMMIT-NOOP
[rtmod] COMMIT-NOOP
[rtmod] SUBMIT tid=3240 cv=232 waits=0 sigs=2 cmds=1
[rtmod] COMMIT-NOOP
[rtmod] COMMIT-NOOP
[rtmod] SUBMIT tid=3240 cv=233 waits=0 sigs=2 cmds=1
[rtmod] COMMIT-NOOP
[rtmod] COMMIT-NOOP
[rtmod] COMMIT-NOOP
[rtmod] SUBMIT tid=3240 cv=234 waits=0 sigs=2 cmds=1
[rtmod] COMMIT-NOOP
[rtmod] COMMIT-NOOP
[rtmod] SUBMIT tid=3240 cv=235 waits=0 sigs=2 cmds=1
[rtmod] COMMIT-NOOP
[rtmod] COMMIT-NOOP
[rtmod] SUBMIT tid=3240 cv=236 waits=0 sigs=2 cmds=1
[rtmod] COMMIT-NOOP
[rtmod] COMMIT-NOOP
[rtmod] SUBMIT tid=3240 cv=237 waits=0 sigs=2 cmds=1
[rtmod] COMMIT-NOOP
[rtmod] COMMIT-NOOP
[rtmod] SUBMIT tid=3240 cv=238 waits=0 sigs=2 cmds=1
[rtmod] COMMIT-NOOP
[rtmod] COMMIT-NOOP
[rtmod] SUBMIT tid=3240 cv=239 waits=0 sigs=2 cmds=1
[rtmod] COMMIT-NOOP
[rtmod] COMMIT-NOOP
[rtmod] SUBMIT tid=3240 cv=240 waits=0 sigs=2 cmds=1
[rtmod] COMMIT-NOOP
[rtmod] COMMIT-NOOP
[rtmod] SUBMIT tid=3240 cv=241 waits=0 sigs=2 cmds=1
[rtmod] COMMIT-NOOP
[rtmod] COMMIT-NOOP
[rtmod] SUBMIT tid=3240 cv=242 waits=0 sigs=2 cmds=1
[rtmod] COMMIT-NOOP
[rtmod] COMMIT-NOOP
[rtmod] SUBMIT tid=3240 cv=243 waits=0 sigs=2 cmds=1
[rtmod] COMMIT-NOOP
[rtmod] COMMIT-NOOP
[rtmod] SUBMIT tid=3240 cv=244 waits=0 sigs=2 cmds=1
[rtmod] COMMIT-NOOP
[rtmod] COMMIT-NOOP
[rtmod] SUBMIT tid=3240 cv=245 waits=0 sigs=2 cmds=1
[rtmod] COMMIT-NOOP
[rtmod] COMMIT-NOOP
[rtmod] SUBMIT tid=3240 cv=246 waits=0 sigs=2 cmds=1
[rtmod] COMMIT-NOOP
[rtmod] COMMIT-NOOP
[rtmod] SUBMIT tid=3240 cv=247 waits=0 sigs=2 cmds=1
[rtmod] COMMIT-NOOP
[rtmod] COMMIT-NOOP
[rtmod] SUBMIT tid=3240 cv=248 waits=0 sigs=2 cmds=1
[rtmod] COMMIT-NOOP
[rtmod] COMMIT-NOOP
[rtmod] SUBMIT tid=3240 cv=249 waits=0 sigs=2 cmds=1
[rtmod] COMMIT-NOOP
[rtmod] COMMIT-NOOP
[rtmod] SUBMIT tid=3240 cv=250 waits=0 sigs=2 cmds=1
[rtmod] COMMIT-NOOP
[rtmod] COMMIT-NOOP
[rtmod] SUBMIT tid=3240 cv=251 waits=0 sigs=2 cmds=1
[rtmod] COMMIT-NOOP
[rtmod] COMMIT-NOOP
[rtmod] SUBMIT tid=3240 cv=252 waits=0 sigs=2 cmds=1
[rtmod] COMMIT-NOOP
[rtmod] COMMIT-NOOP
[rtmod] SUBMIT tid=3240 cv=253 waits=0 sigs=2 cmds=1
[rtmod] COMMIT-NOOP
[rtmod] COMMIT-NOOP
[rtmod] SUBMIT tid=3240 cv=254 waits=0 sigs=2 cmds=1
[rtmod] COMMIT-NOOP
[rtmod] COMMIT-NOOP
[rtmod] SUBMIT tid=3240 cv=255 waits=0 sigs=2 cmds=1
[rtmod] COMMIT-NOOP
[rtmod] COMMIT-NOOP
[rtmod] SUBMIT tid=3240 cv=256 waits=0 sigs=2 cmds=1
[rtmod] COMMIT-NOOP
[rtmod] COMMIT-NOOP
[rtmod] SUBMIT tid=3240 cv=257 waits=0 sigs=2 cmds=1
[rtmod] COMMIT-NOOP
[rtmod] COMMIT-NOOP
[rtmod] SUBMIT tid=3240 cv=258 waits=0 sigs=2 cmds=1
[rtmod] COMMIT-NOOP
[rtmod] COMMIT-NOOP
[rtmod] SUBMIT tid=3240 cv=259 waits=0 sigs=2 cmds=1
[rtmod] COMMIT-NOOP
[rtmod] COMMIT-NOOP
[rtmod] SUBMIT tid=3240 cv=260 waits=0 sigs=2 cmds=1
[rtmod] COMMIT-NOOP
[rtmod] COMMIT-NOOP
[rtmod] SUBMIT tid=3240 cv=261 waits=0 sigs=2 cmds=1
[rtmod] COMMIT-NOOP
[rtmod] COMMIT-NOOP
[rtmod] SUBMIT tid=3240 cv=262 waits=0 sigs=2 cmds=1
[rtmod] COMMIT-NOOP
[rtmod] COMMIT-NOOP
[rtmod] SUBMIT tid=3240 cv=263 waits=0 sigs=2 cmds=1
[rtmod] COMMIT-NOOP
[rtmod] COMMIT-NOOP
[rtmod] SUBMIT tid=3240 cv=264 waits=0 sigs=2 cmds=1
[rtmod] COMMIT-NOOP
[rtmod] COMMIT-NOOP
[rtmod] SUBMIT tid=3240 cv=265 waits=0 sigs=2 cmds=1
[rtmod] COMMIT-NOOP
[rtmod] COMMIT-NOOP
[rtmod] SUBMIT tid=3240 cv=266 waits=0 sigs=2 cmds=1
[rtmod] COMMIT-NOOP
[rtmod] COMMIT-NOOP
[rtmod] SUBMIT tid=3240 cv=267 waits=0 sigs=2 cmds=1
[rtmod] COMMIT-NOOP
[rtmod] COMMIT-NOOP
[rtmod] SUBMIT tid=3240 cv=268 waits=0 sigs=2 cmds=1
[rtmod] COMMIT-NOOP
[rtmod] COMMIT-NOOP
[rtmod] SUBMIT tid=3240 cv=269 waits=0 sigs=2 cmds=1
[rtmod] COMMIT-NOOP
[rtmod] COMMIT-NOOP
[rtmod] SUBMIT tid=3240 cv=270 waits=0 sigs=2 cmds=1
[rtmod] COMMIT-NOOP
[rtmod] COMMIT-NOOP
[rtmod] SUBMIT tid=3240 cv=271 waits=0 sigs=2 cmds=1
[rtmod] COMMIT-NOOP
[rtmod] SUBMIT tid=3240 cv=272 waits=1 sigs=2 cmds=1
[rtmod] COMMIT-NOOP
[rtmod] COMMIT-NOOP
[rtmod] SUBMIT tid=3240 cv=273 waits=1 sigs=2 cmds=1
[rtmod] COMMIT-NOOP
[rtmod] SUBMIT tid=3240 cv=274 waits=1 sigs=2 cmds=1
[rtmod] COMMIT-NOOP
[rtmod] COMMIT-NOOP
[rtmod] SUBMIT tid=3240 cv=275 waits=0 sigs=2 cmds=1
[rtmod] COMMIT-NOOP
[rtmod] COMMIT-NOOP
[rtmod] SUBMIT tid=3240 cv=276 waits=0 sigs=1 cmds=1
[rtmod] SUBMIT tid=3240 cv=277 waits=0 sigs=2 cmds=1
[rtmod] COMMIT-NOOP
[rtmod] COMMIT-NOOP
[rtmod] SUBMIT tid=3240 cv=278 waits=0 sigs=1 cmds=1
[rtmod] SUBMIT tid=3240 cv=279 waits=0 sigs=2 cmds=1
[rtmod] COMMIT-NOOP
[rtmod] COMMIT-NOOP
[rtmod] SUBMIT tid=3240 cv=280 waits=0 sigs=2 cmds=1
[rtmod] COMMIT-NOOP
[rtmod] COMMIT-NOOP
[rtmod] SUBMIT tid=3240 cv=281 waits=0 sigs=2 cmds=1
[rtmod] COMMIT-NOOP
[rtmod] COMMIT-NOOP
[rtmod] SUBMIT tid=3240 cv=282 waits=0 sigs=2 cmds=1
[rtmod] COMMIT-NOOP
[rtmod] COMMIT-NOOP
[rtmod] SUBMIT tid=3240 cv=283 waits=0 sigs=2 cmds=1
[rtmod] COMMIT-NOOP
[rtmod] COMMIT-NOOP
[rtmod] SUBMIT tid=3240 cv=284 waits=0 sigs=2 cmds=1
[rtmod] COMMIT-NOOP
[rtmod] COMMIT-NOOP
[rtmod] SUBMIT tid=3240 cv=285 waits=0 sigs=2 cmds=1
[rtmod] COMMIT-NOOP
[rtmod] COMMIT-NOOP
[rtmod] SUBMIT tid=3240 cv=286 waits=0 sigs=2 cmds=1
[rtmod] COMMIT-NOOP
[rtmod] COMMIT-NOOP
[rtmod] SUBMIT tid=3240 cv=287 waits=0 sigs=2 cmds=1
[rtmod] COMMIT-NOOP
[rtmod] COMMIT-NOOP
[rtmod] SUBMIT tid=3240 cv=288 waits=0 sigs=2 cmds=1
[rtmod] COMMIT-NOOP
[rtmod] COMMIT-NOOP
[rtmod] SUBMIT tid=3240 cv=289 waits=0 sigs=2 cmds=1
[rtmod] COMMIT-NOOP
[rtmod] COMMIT-NOOP
[rtmod] SUBMIT tid=3240 cv=290 waits=0 sigs=2 cmds=1
[rtmod] COMMIT-NOOP
[rtmod] COMMIT-NOOP
[rtmod] SUBMIT tid=3240 cv=291 waits=0 sigs=2 cmds=1
[rtmod] COMMIT-NOOP
[rtmod] COMMIT-NOOP
[rtmod] SUBMIT tid=3240 cv=292 waits=0 sigs=2 cmds=1
[rtmod] COMMIT-NOOP
[rtmod] COMMIT-NOOP
[rtmod] SUBMIT tid=3240 cv=293 waits=0 sigs=2 cmds=1
[rtmod] COMMIT-NOOP
[rtmod] COMMIT-NOOP
[rtmod] SUBMIT tid=3240 cv=294 waits=0 sigs=2 cmds=1
[rtmod] COMMIT-NOOP
[rtmod] COMMIT-NOOP
[rtmod] SUBMIT tid=3240 cv=295 waits=1 sigs=1 cmds=1
[rtmod] COMMIT-NOOP
[rtmod] SUBMIT tid=3240 cv=296 waits=0 sigs=2 cmds=1
[rtmod] COMMIT-NOOP
[rtmod] COMMIT-NOOP
[rtmod] SUBMIT tid=3240 cv=297 waits=0 sigs=1 cmds=1
[rtmod] SUBMIT tid=3240 cv=298 waits=0 sigs=2 cmds=1
[rtmod] COMMIT-NOOP
[rtmod] COMMIT-NOOP
[rtmod] SUBMIT tid=3240 cv=299 waits=0 sigs=2 cmds=1
[rtmod] COMMIT-NOOP
[rtmod] COMMIT-NOOP
[rtmod] SUBMIT tid=3240 cv=300 waits=0 sigs=2 cmds=1
[rtmod] COMMIT-NOOP
[rtmod] COMMIT-NOOP
[rtmod] SUBMIT tid=3240 cv=301 waits=0 sigs=2 cmds=1
[rtmod] COMMIT-NOOP
[rtmod] COMMIT-NOOP
[rtmod] SUBMIT tid=3240 cv=302 waits=0 sigs=2 cmds=1
[rtmod] COMMIT-NOOP
[rtmod] COMMIT-NOOP
[rtmod] SUBMIT tid=3240 cv=303 waits=0 sigs=2 cmds=1
[rtmod] COMMIT-NOOP
[rtmod] COMMIT-NOOP
[rtmod] SUBMIT tid=3240 cv=304 waits=0 sigs=2 cmds=1
[rtmod] COMMIT-NOOP
[rtmod] COMMIT-NOOP
[rtmod] SUBMIT tid=3240 cv=305 waits=0 sigs=2 cmds=1
[rtmod] COMMIT-NOOP
[rtmod] SUBMIT tid=3240 cv=306 waits=1 sigs=2 cmds=1
[rtmod] COMMIT-NOOP
[rtmod] COMMIT-NOOP
[rtmod] SUBMIT tid=3240 cv=307 waits=0 sigs=2 cmds=1
[rtmod] COMMIT-NOOP
[rtmod] SUBMIT tid=3240 cv=308 waits=1 sigs=2 cmds=1
[rtmod] COMMIT-NOOP
[rtmod] COMMIT-NOOP
[rtmod] SUBMIT tid=3240 cv=309 waits=0 sigs=2 cmds=1
[rtmod] COMMIT-NOOP
[rtmod] SUBMIT tid=3240 cv=310 waits=1 sigs=2 cmds=1
[rtmod] COMMIT-NOOP
[rtmod] COMMIT-NOOP
[rtmod] SUBMIT tid=3240 cv=311 waits=0 sigs=2 cmds=1
[rtmod] COMMIT-NOOP
[rtmod] SUBMIT tid=3240 cv=312 waits=1 sigs=2 cmds=1
[rtmod] COMMIT-NOOP
[rtmod] COMMIT-NOOP
[rtmod] SUBMIT tid=3240 cv=313 waits=0 sigs=2 cmds=1
[rtmod] COMMIT-NOOP
[rtmod] SUBMIT tid=3240 cv=314 waits=1 sigs=2 cmds=1
[rtmod] COMMIT-NOOP
[rtmod] COMMIT-NOOP
[rtmod] SUBMIT tid=3240 cv=315 waits=0 sigs=2 cmds=1
[rtmod] COMMIT-NOOP
[rtmod] COMMIT-NOOP
[rtmod] SUBMIT tid=3240 cv=316 waits=0 sigs=2 cmds=1
[rtmod] COMMIT-NOOP
[rtmod] COMMIT-NOOP
[rtmod] SUBMIT tid=3240 cv=317 waits=0 sigs=2 cmds=1
[rtmod] COMMIT-NOOP
[rtmod] COMMIT-NOOP
[rtmod] COMMIT-NOOP
[rtmod] COMMIT-NOOP
[rtmod] SUBMIT tid=3240 cv=318 waits=0 sigs=2 cmds=1
[rtmod] COMMIT-NOOP
[rtmod] COMMIT-NOOP
[rtmod] SUBMIT tid=3240 cv=319 waits=0 sigs=2 cmds=1
[rtmod] COMMIT-NOOP
[rtmod] COMMIT-NOOP
[rtmod] SUBMIT tid=3240 cv=320 waits=0 sigs=2 cmds=1
[rtmod] COMMIT-NOOP
[rtmod] SUBMIT tid=3240 cv=321 waits=1 sigs=2 cmds=1
[rtmod] COMMIT-NOOP
[rtmod] COMMIT-NOOP
[rtmod] SUBMIT tid=3240 cv=322 waits=0 sigs=2 cmds=1
[rtmod] COMMIT-NOOP
[rtmod] SUBMIT tid=3240 cv=323 waits=1 sigs=2 cmds=1
[rtmod] COMMIT-NOOP
[rtmod] COMMIT-NOOP
[rtmod] SUBMIT tid=3240 cv=324 waits=0 sigs=2 cmds=1
[rtmod] COMMIT-NOOP
[rtmod] SUBMIT tid=3240 cv=325 waits=1 sigs=2 cmds=1
[rtmod] COMMIT-NOOP
[rtmod] COMMIT-NOOP
[rtmod] SUBMIT tid=3240 cv=326 waits=0 sigs=2 cmds=1
[rtmod] COMMIT-NOOP
[rtmod] SUBMIT tid=3240 cv=327 waits=1 sigs=2 cmds=1
[rtmod] COMMIT-NOOP
[rtmod] COMMIT-NOOP
[rtmod] SUBMIT tid=3240 cv=328 waits=0 sigs=2 cmds=1
[rtmod] COMMIT-NOOP
[rtmod] SUBMIT tid=3240 cv=329 waits=1 sigs=2 cmds=1
[rtmod] COMMIT-NOOP
[rtmod] COMMIT-NOOP
[rtmod] SUBMIT tid=3240 cv=330 waits=0 sigs=2 cmds=1
[rtmod] COMMIT-NOOP
[rtmod] COMMIT-NOOP
[rtmod] SUBMIT tid=3240 cv=331 waits=0 sigs=2 cmds=1
[rtmod] COMMIT-NOOP
[rtmod] COMMIT-NOOP
[rtmod] SUBMIT tid=3240 cv=332 waits=0 sigs=2 cmds=1
[rtmod] COMMIT-NOOP
[rtmod] COMMIT-NOOP
[rtmod] SUBMIT tid=3240 cv=333 waits=0 sigs=2 cmds=1
[rtmod] COMMIT-NOOP
[rtmod] COMMIT-NOOP
[rtmod] SUBMIT tid=3240 cv=334 waits=0 sigs=2 cmds=1
[rtmod] COMMIT-NOOP
[rtmod] COMMIT-NOOP
[rtmod] SUBMIT tid=3240 cv=335 waits=0 sigs=2 cmds=1
[rtmod] COMMIT-NOOP
[rtmod] COMMIT-NOOP
[rtmod] SUBMIT tid=3240 cv=336 waits=0 sigs=2 cmds=1
[rtmod] COMMIT-NOOP
[rtmod] COMMIT-NOOP
[rtmod] SUBMIT tid=3240 cv=337 waits=0 sigs=2 cmds=1
[rtmod] COMMIT-NOOP
[rtmod] COMMIT-NOOP
[rtmod] SUBMIT tid=3240 cv=338 waits=0 sigs=2 cmds=1
[rtmod] COMMIT-NOOP
[rtmod] COMMIT-NOOP
[rtmod] SUBMIT tid=3240 cv=339 waits=0 sigs=2 cmds=1
[rtmod] COMMIT-NOOP
[rtmod] COMMIT-NOOP
[rtmod] SUBMIT tid=3240 cv=340 waits=0 sigs=2 cmds=1
[rtmod] COMMIT-NOOP
[rtmod] COMMIT-NOOP
[rtmod] SUBMIT tid=3240 cv=341 waits=0 sigs=2 cmds=1
[rtmod] COMMIT-NOOP
[rtmod] COMMIT-NOOP
[rtmod] SUBMIT tid=3240 cv=342 waits=0 sigs=2 cmds=1
[rtmod] COMMIT-NOOP
[rtmod] COMMIT-NOOP
[rtmod] SUBMIT tid=3240 cv=343 waits=0 sigs=2 cmds=1
[rtmod] COMMIT-NOOP
[rtmod] COMMIT-NOOP
[rtmod] SUBMIT tid=3240 cv=344 waits=0 sigs=2 cmds=1
[rtmod] COMMIT-NOOP
[rtmod] COMMIT-NOOP
[rtmod] SUBMIT tid=3240 cv=345 waits=0 sigs=2 cmds=1
[rtmod] COMMIT-NOOP
[rtmod] COMMIT-NOOP
[rtmod] SUBMIT tid=3240 cv=346 waits=0 sigs=2 cmds=1
[rtmod] COMMIT-NOOP
[rtmod] COMMIT-NOOP
[rtmod] SUBMIT tid=3240 cv=347 waits=0 sigs=2 cmds=1
[rtmod] COMMIT-NOOP
[rtmod] COMMIT-NOOP
[rtmod] SUBMIT tid=3240 cv=348 waits=0 sigs=2 cmds=1
[rtmod] COMMIT-NOOP
[rtmod] COMMIT-NOOP
[rtmod] SUBMIT tid=3240 cv=349 waits=0 sigs=2 cmds=1
[rtmod] COMMIT-NOOP
[rtmod] COMMIT-NOOP
[rtmod] COMMIT-NOOP
[rtmod] COMMIT-NOOP
[rtmod] SUBMIT tid=3240 cv=350 waits=0 sigs=2 cmds=1
[rtmod] COMMIT-NOOP
[rtmod] COMMIT-NOOP
[rtmod] SUBMIT tid=3240 cv=351 waits=0 sigs=2 cmds=1
[rtmod] COMMIT-NOOP
[rtmod] COMMIT-NOOP
[rtmod] SUBMIT tid=3240 cv=352 waits=0 sigs=2 cmds=1
[rtmod] COMMIT-NOOP
[rtmod] COMMIT-NOOP
[rtmod] SUBMIT tid=3240 cv=353 waits=0 sigs=2 cmds=1
[rtmod] COMMIT-NOOP
[rtmod] COMMIT-NOOP
[rtmod] SUBMIT tid=3240 cv=354 waits=0 sigs=2 cmds=1
[rtmod] COMMIT-NOOP
[rtmod] COMMIT-NOOP
[rtmod] SUBMIT tid=3240 cv=355 waits=0 sigs=2 cmds=1
[rtmod] COMMIT-NOOP
[rtmod] COMMIT-NOOP
[rtmod] SUBMIT tid=3240 cv=356 waits=0 sigs=2 cmds=1
[rtmod] COMMIT-NOOP
[rtmod] COMMIT-NOOP
[rtmod] SUBMIT tid=3240 cv=357 waits=0 sigs=2 cmds=1
[rtmod] COMMIT-NOOP
[rtmod] COMMIT-NOOP
[rtmod] SUBMIT tid=3240 cv=358 waits=0 sigs=2 cmds=1
[rtmod] COMMIT-NOOP
[rtmod] COMMIT-NOOP
[rtmod] SUBMIT tid=3240 cv=359 waits=0 sigs=2 cmds=1
[rtmod] COMMIT-NOOP
[rtmod] COMMIT-NOOP
[rtmod] SUBMIT tid=3240 cv=360 waits=0 sigs=2 cmds=1
[rtmod] COMMIT-NOOP
[rtmod] COMMIT-NOOP
[rtmod] SUBMIT tid=3240 cv=361 waits=0 sigs=2 cmds=1
[rtmod] COMMIT-NOOP
[rtmod] COMMIT-NOOP
[rtmod] SUBMIT tid=3240 cv=362 waits=0 sigs=2 cmds=1
[rtmod] COMMIT-NOOP
[rtmod] COMMIT-NOOP
[rtmod] SUBMIT tid=3240 cv=363 waits=0 sigs=2 cmds=1
[rtmod] COMMIT-NOOP
[rtmod] COMMIT-NOOP
[rtmod] SUBMIT tid=3240 cv=364 waits=0 sigs=2 cmds=1
[rtmod] COMMIT-NOOP
[rtmod] COMMIT-NOOP
[rtmod] SUBMIT tid=3240 cv=365 waits=0 sigs=2 cmds=1
[rtmod] COMMIT-NOOP
[rtmod] COMMIT-NOOP
[rtmod] SUBMIT tid=3240 cv=366 waits=0 sigs=2 cmds=1
[rtmod] COMMIT-NOOP
[rtmod] COMMIT-NOOP
SPIR-V WARNING:
    In file ../../../..~/src/mesa-1/src/compiler/spirv/spirv_to_nir.c:5745
    Unsupported SPIR-V capability: SpvCapabilityFloat64 (10)
    28 bytes into the SPIR-V binary
[rtmod] SUBMIT tid=3240 cv=367 waits=0 sigs=2 cmds=1
[rtmod] COMMIT-NOOP
[rtmod] COMMIT-NOOP
[rtmod] SUBMIT tid=3240 cv=368 waits=0 sigs=2 cmds=1
[rtmod] COMMIT-NOOP
[rtmod] COMMIT-NOOP
[rtmod] SUBMIT tid=3240 cv=369 waits=0 sigs=2 cmds=1
[rtmod] SUBMIT tid=3240 cv=370 waits=2 sigs=2 cmds=1
[rtmod] COMMIT-NOOP
[rtmod] SUBMIT tid=3240 cv=371 waits=2 sigs=2 cmds=1
[rtmod] COMMIT-NOOP
[rtmod] SUBMIT tid=3240 cv=372 waits=0 sigs=2 cmds=1
[rtmod] COMMIT-NOOP
[rtmod] COMMIT-NOOP
[rtmod] SUBMIT tid=3240 cv=373 waits=0 sigs=2 cmds=1
[rtmod] COMMIT-NOOP
[rtmod] COMMIT-NOOP
[rtmod] COMMIT-NOOP
[rtmod] COMMIT-NOOP
[rtmod] COMMIT-NOOP
[rtmod] COMMIT-NOOP
[rtmod] SUBMIT tid=3240 cv=374 waits=0 sigs=2 cmds=1
[rtmod] COMMIT-NOOP
[rtmod] COMMIT-NOOP
[rtmod] SUBMIT tid=3240 cv=375 waits=0 sigs=2 cmds=1
[rtmod] COMMIT-NOOP
[rtmod] COMMIT-NOOP
[rtmod] SUBMIT tid=3240 cv=376 waits=0 sigs=2 cmds=1
[rtmod] COMMIT-NOOP
[rtmod] COMMIT-NOOP
[rtmod] SUBMIT tid=3240 cv=377 waits=0 sigs=2 cmds=1
[rtmod] COMMIT-NOOP
[rtmod] COMMIT-NOOP
[rtmod] SUBMIT tid=3240 cv=378 waits=0 sigs=2 cmds=1
[rtmod] COMMIT-NOOP
[rtmod] COMMIT-NOOP
[rtmod] SUBMIT tid=3240 cv=379 waits=0 sigs=2 cmds=1
[rtmod] COMMIT-NOOP
[rtmod] COMMIT-NOOP
[rtmod] SUBMIT tid=3240 cv=380 waits=0 sigs=2 cmds=1
[rtmod] COMMIT-NOOP
[rtmod] COMMIT-NOOP
[rtmod] SUBMIT tid=3240 cv=381 waits=0 sigs=2 cmds=1
[rtmod] COMMIT-NOOP
[rtmod] COMMIT-NOOP
[rtmod] SUBMIT tid=3240 cv=382 waits=0 sigs=2 cmds=1
[rtmod] COMMIT-NOOP
[rtmod] COMMIT-NOOP
[rtmod] SUBMIT tid=3240 cv=383 waits=0 sigs=2 cmds=1
[rtmod] COMMIT-NOOP
[rtmod] COMMIT-NOOP
[rtmod] SUBMIT tid=3240 cv=384 waits=0 sigs=2 cmds=1
[rtmod] COMMIT-NOOP
[rtmod] COMMIT-NOOP
[rtmod] SUBMIT tid=3240 cv=385 waits=0 sigs=2 cmds=1
[rtmod] COMMIT-NOOP
[rtmod] COMMIT-NOOP
[rtmod] SUBMIT tid=3240 cv=386 waits=0 sigs=2 cmds=1
[rtmod] COMMIT-NOOP
[rtmod] COMMIT-NOOP
[rtmod] SUBMIT tid=3240 cv=387 waits=0 sigs=2 cmds=1
[rtmod] COMMIT-NOOP
[rtmod] COMMIT-NOOP
[rtmod] SUBMIT tid=3240 cv=388 waits=0 sigs=2 cmds=1
[rtmod] COMMIT-NOOP
[rtmod] COMMIT-NOOP
[rtmod] SUBMIT tid=3240 cv=389 waits=0 sigs=2 cmds=1
[rtmod] COMMIT-NOOP
[rtmod] COMMIT-NOOP
[rtmod] SUBMIT tid=3240 cv=390 waits=0 sigs=2 cmds=1
[rtmod] COMMIT-NOOP
[rtmod] COMMIT-NOOP
[rtmod] SUBMIT tid=3240 cv=391 waits=0 sigs=2 cmds=1
[rtmod] COMMIT-NOOP
[rtmod] COMMIT-NOOP
[rtmod] SUBMIT tid=3240 cv=392 waits=0 sigs=2 cmds=1
[rtmod] COMMIT-NOOP
[rtmod] COMMIT-NOOP
[rtmod] SUBMIT tid=3240 cv=393 waits=0 sigs=2 cmds=1
[rtmod] COMMIT-NOOP
[rtmod] COMMIT-NOOP
[rtmod] SUBMIT tid=3240 cv=394 waits=0 sigs=2 cmds=1
[rtmod] COMMIT-NOOP
[rtmod] COMMIT-NOOP
[rtmod] SUBMIT tid=3240 cv=395 waits=0 sigs=2 cmds=1
[rtmod] COMMIT-NOOP
[rtmod] COMMIT-NOOP
[rtmod] SUBMIT tid=3240 cv=396 waits=0 sigs=2 cmds=1
[rtmod] COMMIT-NOOP
[rtmod] COMMIT-NOOP
[rtmod] SUBMIT tid=3240 cv=397 waits=0 sigs=2 cmds=1
[rtmod] COMMIT-NOOP
[rtmod] COMMIT-NOOP
[rtmod] SUBMIT tid=3240 cv=398 waits=0 sigs=2 cmds=1
[rtmod] COMMIT-NOOP
[rtmod] COMMIT-NOOP
[rtmod] SUBMIT tid=3240 cv=399 waits=0 sigs=2 cmds=1
[rtmod] COMMIT-NOOP
[rtmod] COMMIT-NOOP
[rtmod] SUBMIT tid=3240 cv=400 waits=0 sigs=2 cmds=1
[rtmod] COMMIT-NOOP
[rtmod] COMMIT-NOOP
[rtmod] SUBMIT tid=3240 cv=401 waits=0 sigs=2 cmds=1
[rtmod] COMMIT-NOOP
[rtmod] COMMIT-NOOP
[rtmod] SUBMIT tid=3240 cv=402 waits=0 sigs=2 cmds=1
[rtmod] COMMIT-NOOP
[rtmod] COMMIT-NOOP
[rtmod] SUBMIT tid=3240 cv=403 waits=0 sigs=2 cmds=1
[rtmod] COMMIT-NOOP
[rtmod] COMMIT-NOOP
[rtmod] SUBMIT tid=3240 cv=404 waits=0 sigs=2 cmds=1
[rtmod] COMMIT-NOOP
[rtmod] COMMIT-NOOP
[rtmod] SUBMIT tid=3240 cv=405 waits=0 sigs=2 cmds=1
[rtmod] COMMIT-NOOP
[rtmod] COMMIT-NOOP
[rtmod] SUBMIT tid=3240 cv=406 waits=0 sigs=2 cmds=1
[rtmod] COMMIT-NOOP
[rtmod] COMMIT-NOOP
[rtmod] SUBMIT tid=3240 cv=407 waits=0 sigs=2 cmds=1
[rtmod] COMMIT-NOOP
[rtmod] COMMIT-NOOP
[rtmod] SUBMIT tid=3240 cv=408 waits=0 sigs=2 cmds=1
[rtmod] COMMIT-NOOP
[rtmod] COMMIT-NOOP
[rtmod] SUBMIT tid=3240 cv=409 waits=0 sigs=2 cmds=1
[rtmod] COMMIT-NOOP
[rtmod] SUBMIT tid=3240 cv=410 waits=1 sigs=2 cmds=1
[rtmod] COMMIT-NOOP
[rtmod] COMMIT-NOOP
[rtmod] SUBMIT tid=3240 cv=411 waits=0 sigs=2 cmds=1
[rtmod] COMMIT-NOOP
[rtmod] COMMIT-NOOP
[rtmod] SUBMIT tid=3240 cv=412 waits=0 sigs=2 cmds=1
[rtmod] COMMIT-NOOP
[rtmod] COMMIT-NOOP
[rtmod] SUBMIT tid=3240 cv=413 waits=0 sigs=2 cmds=1
[rtmod] COMMIT-NOOP
[rtmod] COMMIT-NOOP
[rtmod] SUBMIT tid=3240 cv=414 waits=0 sigs=2 cmds=1
[rtmod] COMMIT-NOOP
[rtmod] COMMIT-NOOP
[rtmod] COMMIT-NOOP
[rtmod] SUBMIT tid=3240 cv=415 waits=1 sigs=2 cmds=1
[rtmod] COMMIT-NOOP
[rtmod] COMMIT-NOOP
[rtmod] SUBMIT tid=3240 cv=416 waits=0 sigs=2 cmds=1
[rtmod] COMMIT-NOOP
[rtmod] COMMIT-NOOP
[rtmod] COMMIT-NOOP
[rtmod] SUBMIT tid=3240 cv=417 waits=1 sigs=2 cmds=1
[rtmod] COMMIT-NOOP
[rtmod] COMMIT-NOOP
[rtmod] SUBMIT tid=3240 cv=418 waits=0 sigs=2 cmds=1
[rtmod] COMMIT-NOOP
[rtmod] COMMIT-NOOP
[rtmod] COMMIT-NOOP
[rtmod] SUBMIT tid=3240 cv=419 waits=1 sigs=2 cmds=1
[rtmod] COMMIT-NOOP
[rtmod] COMMIT-NOOP
[rtmod] SUBMIT tid=3240 cv=420 waits=0 sigs=2 cmds=1
[rtmod] COMMIT-NOOP
[rtmod] COMMIT-NOOP
[rtmod] COMMIT-NOOP
[rtmod] SUBMIT tid=3240 cv=421 waits=1 sigs=2 cmds=1
[rtmod] COMMIT-NOOP
[rtmod] COMMIT-NOOP
[rtmod] SUBMIT tid=3240 cv=422 waits=0 sigs=2 cmds=1
[rtmod] COMMIT-NOOP
[rtmod] COMMIT-NOOP
[rtmod] COMMIT-NOOP
[rtmod] SUBMIT tid=3240 cv=423 waits=1 sigs=2 cmds=1
[rtmod] COMMIT-NOOP
[rtmod] COMMIT-NOOP
[rtmod] SUBMIT tid=3240 cv=424 waits=0 sigs=2 cmds=1
[rtmod] COMMIT-NOOP
[rtmod] COMMIT-NOOP
[rtmod] COMMIT-NOOP
[rtmod] SUBMIT tid=3240 cv=425 waits=1 sigs=2 cmds=1
[rtmod] COMMIT-NOOP
[rtmod] COMMIT-NOOP
[rtmod] SUBMIT tid=3240 cv=426 waits=0 sigs=2 cmds=1
[rtmod] COMMIT-NOOP
[rtmod] COMMIT-NOOP
[rtmod] COMMIT-NOOP
[rtmod] SUBMIT tid=3240 cv=427 waits=1 sigs=2 cmds=1
[rtmod] COMMIT-NOOP
[rtmod] COMMIT-NOOP
[rtmod] SUBMIT tid=3240 cv=428 waits=0 sigs=2 cmds=1
[rtmod] COMMIT-NOOP
[rtmod] COMMIT-NOOP
[rtmod] COMMIT-NOOP
[rtmod] SUBMIT tid=3240 cv=429 waits=1 sigs=2 cmds=1
[rtmod] COMMIT-NOOP
[rtmod] COMMIT-NOOP
[rtmod] SUBMIT tid=3240 cv=430 waits=0 sigs=2 cmds=1
[rtmod] COMMIT-NOOP
[rtmod] COMMIT-NOOP
[rtmod] COMMIT-NOOP
[rtmod] SUBMIT tid=3240 cv=431 waits=1 sigs=2 cmds=1
[rtmod] COMMIT-NOOP
[rtmod] COMMIT-NOOP
[rtmod] SUBMIT tid=3240 cv=432 waits=0 sigs=2 cmds=1
[rtmod] COMMIT-NOOP
[rtmod] COMMIT-NOOP
[rtmod] COMMIT-NOOP
[rtmod] SUBMIT tid=3240 cv=433 waits=1 sigs=2 cmds=1
[rtmod] COMMIT-NOOP
[rtmod] COMMIT-NOOP
[rtmod] SUBMIT tid=3240 cv=434 waits=0 sigs=2 cmds=1
[rtmod] COMMIT-NOOP
[rtmod] COMMIT-NOOP
[rtmod] COMMIT-NOOP
[rtmod] SUBMIT tid=3240 cv=435 waits=1 sigs=2 cmds=1
[rtmod] COMMIT-NOOP
[rtmod] COMMIT-NOOP
[rtmod] SUBMIT tid=3240 cv=436 waits=0 sigs=2 cmds=1
[rtmod] COMMIT-NOOP
[rtmod] COMMIT-NOOP
[rtmod] COMMIT-NOOP
[rtmod] SUBMIT tid=3240 cv=437 waits=1 sigs=2 cmds=1
[rtmod] COMMIT-NOOP
[rtmod] COMMIT-NOOP
[rtmod] SUBMIT tid=3240 cv=438 waits=0 sigs=2 cmds=1
[rtmod] COMMIT-NOOP
[rtmod] COMMIT-NOOP
[rtmod] COMMIT-NOOP
[rtmod] SUBMIT tid=3240 cv=439 waits=1 sigs=2 cmds=1
[rtmod] COMMIT-NOOP
[rtmod] COMMIT-NOOP
[rtmod] SUBMIT tid=3240 cv=440 waits=0 sigs=2 cmds=1
[rtmod] COMMIT-NOOP
[rtmod] COMMIT-NOOP
[rtmod] COMMIT-NOOP
[rtmod] SUBMIT tid=3240 cv=441 waits=1 sigs=2 cmds=1
[rtmod] COMMIT-NOOP
[rtmod] COMMIT-NOOP
[rtmod] SUBMIT tid=3240 cv=442 waits=0 sigs=2 cmds=1
[rtmod] COMMIT-NOOP
[rtmod] COMMIT-NOOP
[rtmod] COMMIT-NOOP
[rtmod] SUBMIT tid=3240 cv=443 waits=1 sigs=2 cmds=1
[rtmod] COMMIT-NOOP
[rtmod] COMMIT-NOOP
[rtmod] SUBMIT tid=3240 cv=444 waits=0 sigs=2 cmds=1
[rtmod] COMMIT-NOOP
[rtmod] COMMIT-NOOP
[rtmod] COMMIT-NOOP
[rtmod] SUBMIT tid=3240 cv=445 waits=1 sigs=2 cmds=1
[rtmod] COMMIT-NOOP
[rtmod] COMMIT-NOOP
[rtmod] SUBMIT tid=3240 cv=446 waits=0 sigs=2 cmds=1
[rtmod] COMMIT-NOOP
[rtmod] COMMIT-NOOP
[rtmod] COMMIT-NOOP
[rtmod] SUBMIT tid=3240 cv=447 waits=1 sigs=2 cmds=1
[rtmod] COMMIT-NOOP
[rtmod] COMMIT-NOOP
[rtmod] SUBMIT tid=3240 cv=448 waits=0 sigs=2 cmds=1
[rtmod] COMMIT-NOOP
[rtmod] COMMIT-NOOP
[rtmod] COMMIT-NOOP
[rtmod] SUBMIT tid=3240 cv=449 waits=1 sigs=2 cmds=1
[rtmod] COMMIT-NOOP
[rtmod] COMMIT-NOOP
[rtmod] SUBMIT tid=3240 cv=450 waits=0 sigs=2 cmds=1
[rtmod] COMMIT-NOOP
[rtmod] COMMIT-NOOP
[rtmod] COMMIT-NOOP
[rtmod] SUBMIT tid=3240 cv=451 waits=1 sigs=2 cmds=1
[rtmod] COMMIT-NOOP
[rtmod] COMMIT-NOOP
[rtmod] SUBMIT tid=3240 cv=452 waits=0 sigs=2 cmds=1
[rtmod] COMMIT-NOOP
[rtmod] COMMIT-NOOP
[rtmod] COMMIT-NOOP
[rtmod] SUBMIT tid=3240 cv=453 waits=1 sigs=2 cmds=1
[rtmod] COMMIT-NOOP
[rtmod] COMMIT-NOOP
[rtmod] SUBMIT tid=3240 cv=454 waits=0 sigs=2 cmds=1
[rtmod] COMMIT-NOOP
[rtmod] COMMIT-NOOP
[rtmod] COMMIT-NOOP
[rtmod] SUBMIT tid=3240 cv=455 waits=1 sigs=2 cmds=1
[rtmod] COMMIT-NOOP
[rtmod] COMMIT-NOOP
[rtmod] SUBMIT tid=3240 cv=456 waits=0 sigs=2 cmds=1
[rtmod] COMMIT-NOOP
[rtmod] COMMIT-NOOP
[rtmod] COMMIT-NOOP
[rtmod] SUBMIT tid=3240 cv=457 waits=1 sigs=2 cmds=1
[rtmod] COMMIT-NOOP
[rtmod] COMMIT-NOOP
[rtmod] SUBMIT tid=3240 cv=458 waits=0 sigs=2 cmds=1
[rtmod] COMMIT-NOOP
[rtmod] COMMIT-NOOP
[rtmod] COMMIT-NOOP
[rtmod] SUBMIT tid=3240 cv=459 waits=1 sigs=2 cmds=1
[rtmod] COMMIT-NOOP
[rtmod] COMMIT-NOOP
[rtmod] SUBMIT tid=3240 cv=460 waits=0 sigs=2 cmds=1
[rtmod] COMMIT-NOOP
[rtmod] COMMIT-NOOP
[rtmod] COMMIT-NOOP
[rtmod] SUBMIT tid=3240 cv=461 waits=1 sigs=2 cmds=1
[rtmod] COMMIT-NOOP
[rtmod] COMMIT-NOOP
[rtmod] SUBMIT tid=3240 cv=462 waits=0 sigs=2 cmds=1
[rtmod] COMMIT-NOOP
[rtmod] COMMIT-NOOP
[rtmod] COMMIT-NOOP
[rtmod] SUBMIT tid=3240 cv=463 waits=1 sigs=2 cmds=1
[rtmod] COMMIT-NOOP
[rtmod] COMMIT-NOOP
[rtmod] SUBMIT tid=3240 cv=464 waits=0 sigs=2 cmds=1
[rtmod] COMMIT-NOOP
[rtmod] COMMIT-NOOP
[rtmod] COMMIT-NOOP
[rtmod] SUBMIT tid=3240 cv=465 waits=1 sigs=2 cmds=1
[rtmod] COMMIT-NOOP
[rtmod] COMMIT-NOOP
[rtmod] SUBMIT tid=3240 cv=466 waits=0 sigs=2 cmds=1
[rtmod] COMMIT-NOOP
[rtmod] COMMIT-NOOP
[rtmod] SUBMIT tid=3240 cv=467 waits=0 sigs=2 cmds=1
[rtmod] COMMIT-NOOP
[rtmod] COMMIT-NOOP
[rtmod] SUBMIT tid=3240 cv=468 waits=0 sigs=2 cmds=1
[rtmod] COMMIT-NOOP
[rtmod] COMMIT-NOOP
[rtmod] SUBMIT tid=3240 cv=469 waits=0 sigs=2 cmds=1
[rtmod] COMMIT-NOOP
[rtmod] SUBMIT tid=3240 cv=470 waits=1 sigs=2 cmds=1
[rtmod] COMMIT-NOOP
[rtmod] COMMIT-NOOP
[rtmod] SUBMIT tid=3240 cv=471 waits=0 sigs=2 cmds=1
[rtmod] COMMIT-NOOP
[rtmod] COMMIT-NOOP
[rtmod] SUBMIT tid=3240 cv=472 waits=0 sigs=2 cmds=1
[rtmod] COMMIT-NOOP
[rtmod] COMMIT-NOOP
[rtmod] SUBMIT tid=3240 cv=473 waits=0 sigs=2 cmds=1
[rtmod] COMMIT-NOOP
[rtmod] COMMIT-NOOP
[rtmod] SUBMIT tid=3240 cv=474 waits=0 sigs=2 cmds=1
[rtmod] COMMIT-NOOP
[rtmod] SUBMIT tid=3240 cv=475 waits=1 sigs=2 cmds=1
[rtmod] COMMIT-NOOP
[rtmod] COMMIT-NOOP
[rtmod] SUBMIT tid=3240 cv=476 waits=0 sigs=2 cmds=1
[rtmod] COMMIT-NOOP
[rtmod] COMMIT-NOOP
[rtmod] SUBMIT tid=3240 cv=477 waits=0 sigs=2 cmds=1
[rtmod] COMMIT-NOOP
[rtmod] COMMIT-NOOP
[rtmod] SUBMIT tid=3240 cv=478 waits=0 sigs=2 cmds=1
[rtmod] COMMIT-NOOP
[rtmod] COMMIT-NOOP
[rtmod] SUBMIT tid=3240 cv=479 waits=0 sigs=2 cmds=1
[rtmod] COMMIT-NOOP
[rtmod] SUBMIT tid=3240 cv=480 waits=1 sigs=2 cmds=1
[rtmod] COMMIT-NOOP
[rtmod] COMMIT-NOOP
[rtmod] SUBMIT tid=3240 cv=481 waits=0 sigs=2 cmds=1
[rtmod] COMMIT-NOOP
[rtmod] SUBMIT tid=3240 cv=482 waits=1 sigs=2 cmds=1
[rtmod] COMMIT-NOOP
[rtmod] COMMIT-NOOP
[rtmod] SUBMIT tid=3240 cv=483 waits=0 sigs=2 cmds=1
[rtmod] COMMIT-NOOP
[rtmod] COMMIT-NOOP
[rtmod] SUBMIT tid=3240 cv=484 waits=0 sigs=2 cmds=1
[rtmod] COMMIT-NOOP
[rtmod] COMMIT-NOOP
[rtmod] SUBMIT tid=3240 cv=485 waits=0 sigs=2 cmds=1
[rtmod] COMMIT-NOOP
[rtmod] COMMIT-NOOP
[rtmod] SUBMIT tid=3240 cv=486 waits=0 sigs=2 cmds=1
[rtmod] COMMIT-NOOP
[rtmod] SUBMIT tid=3240 cv=487 waits=1 sigs=2 cmds=1
[rtmod] COMMIT-NOOP
[rtmod] COMMIT-NOOP
[rtmod] SUBMIT tid=3240 cv=488 waits=0 sigs=2 cmds=1
[rtmod] COMMIT-NOOP
[rtmod] SUBMIT tid=3240 cv=489 waits=1 sigs=2 cmds=1
[rtmod] COMMIT-NOOP
[rtmod] COMMIT-NOOP
[rtmod] COMMIT-NOOP
[rtmod] SUBMIT tid=3240 cv=490 waits=0 sigs=2 cmds=1
[rtmod] COMMIT-NOOP
[rtmod] COMMIT-NOOP
[rtmod] SUBMIT tid=3240 cv=491 waits=0 sigs=2 cmds=1
[rtmod] COMMIT-NOOP
[rtmod] COMMIT-NOOP
[rtmod] SUBMIT tid=3240 cv=492 waits=0 sigs=2 cmds=1
[rtmod] COMMIT-NOOP
[rtmod] COMMIT-NOOP
[rtmod] COMMIT-NOOP
[rtmod] SUBMIT tid=3240 cv=493 waits=1 sigs=2 cmds=1
[rtmod] COMMIT-NOOP
[rtmod] COMMIT-NOOP
[rtmod] SUBMIT tid=3240 cv=494 waits=0 sigs=2 cmds=1
[rtmod] COMMIT-NOOP
[rtmod] COMMIT-NOOP
[rtmod] SUBMIT tid=3240 cv=495 waits=0 sigs=2 cmds=1
[rtmod] COMMIT-NOOP
[rtmod] SUBMIT tid=3240 cv=496 waits=1 sigs=2 cmds=1
[rtmod] COMMIT-NOOP
[rtmod] COMMIT-NOOP
[rtmod] SUBMIT tid=3240 cv=497 waits=0 sigs=2 cmds=1
[rtmod] COMMIT-NOOP
[rtmod] COMMIT-NOOP
[rtmod] SUBMIT tid=3240 cv=498 waits=0 sigs=2 cmds=1
[rtmod] COMMIT-NOOP
[rtmod] COMMIT-NOOP
[rtmod] SUBMIT tid=3240 cv=499 waits=0 sigs=2 cmds=1
[rtmod] COMMIT-NOOP
[rtmod] SUBMIT tid=3240 cv=500 waits=1 sigs=2 cmds=1
[rtmod] COMMIT-NOOP
[rtmod] COMMIT-NOOP
[rtmod] SUBMIT tid=3240 cv=501 waits=0 sigs=2 cmds=1
[rtmod] COMMIT-NOOP
[rtmod] COMMIT-NOOP
[rtmod] SUBMIT tid=3240 cv=502 waits=0 sigs=2 cmds=1
[rtmod] COMMIT-NOOP
[rtmod] COMMIT-NOOP
[rtmod] SUBMIT tid=3240 cv=503 waits=0 sigs=2 cmds=1
[rtmod] COMMIT-NOOP
[rtmod] SUBMIT tid=3240 cv=504 waits=1 sigs=2 cmds=1
[rtmod] COMMIT-NOOP
[rtmod] COMMIT-NOOP
[rtmod] SUBMIT tid=3240 cv=505 waits=0 sigs=2 cmds=1
[rtmod] COMMIT-NOOP
[rtmod] COMMIT-NOOP
[rtmod] SUBMIT tid=3240 cv=506 waits=0 sigs=2 cmds=1
[rtmod] COMMIT-NOOP
[rtmod] COMMIT-NOOP
[rtmod] SUBMIT tid=3240 cv=507 waits=0 sigs=2 cmds=1
[rtmod] COMMIT-NOOP
[rtmod] SUBMIT tid=3240 cv=508 waits=1 sigs=2 cmds=1
[rtmod] COMMIT-NOOP
[rtmod] COMMIT-NOOP
[rtmod] SUBMIT tid=3240 cv=509 waits=0 sigs=2 cmds=1
[rtmod] COMMIT-NOOP
[rtmod] COMMIT-NOOP
[rtmod] SUBMIT tid=3240 cv=510 waits=0 sigs=2 cmds=1
[rtmod] COMMIT-NOOP
[rtmod] COMMIT-NOOP
[rtmod] SUBMIT tid=3240 cv=511 waits=0 sigs=2 cmds=1
[rtmod] COMMIT-NOOP
[rtmod] SUBMIT tid=3240 cv=512 waits=1 sigs=2 cmds=1
[rtmod] COMMIT-NOOP
[rtmod] COMMIT-NOOP
[rtmod] SUBMIT tid=3240 cv=513 waits=0 sigs=2 cmds=1
[rtmod] COMMIT-NOOP
[rtmod] COMMIT-NOOP
[rtmod] SUBMIT tid=3240 cv=514 waits=0 sigs=2 cmds=1
[rtmod] COMMIT-NOOP
[rtmod] COMMIT-NOOP
[rtmod] SUBMIT tid=3240 cv=515 waits=0 sigs=2 cmds=1
[rtmod] COMMIT-NOOP
[rtmod] SUBMIT tid=3240 cv=516 waits=1 sigs=2 cmds=1
[rtmod] COMMIT-NOOP
[rtmod] COMMIT-NOOP
[rtmod] SUBMIT tid=3240 cv=517 waits=0 sigs=2 cmds=1
[rtmod] COMMIT-NOOP
[rtmod] COMMIT-NOOP
[rtmod] SUBMIT tid=3240 cv=518 waits=0 sigs=2 cmds=1
[rtmod] COMMIT-NOOP
[rtmod] COMMIT-NOOP
[rtmod] SUBMIT tid=3240 cv=519 waits=0 sigs=2 cmds=1
[rtmod] COMMIT-NOOP
[rtmod] SUBMIT tid=3240 cv=520 waits=1 sigs=2 cmds=1
[rtmod] COMMIT-NOOP
[rtmod] COMMIT-NOOP
[rtmod] SUBMIT tid=3240 cv=521 waits=0 sigs=2 cmds=1
[rtmod] COMMIT-NOOP
[rtmod] COMMIT-NOOP
[rtmod] SUBMIT tid=3240 cv=522 waits=0 sigs=2 cmds=1
[rtmod] COMMIT-NOOP
[rtmod] COMMIT-NOOP
[rtmod] SUBMIT tid=3240 cv=523 waits=0 sigs=2 cmds=1
[rtmod] COMMIT-NOOP
[rtmod] SUBMIT tid=3240 cv=524 waits=1 sigs=2 cmds=1
[rtmod] COMMIT-NOOP
[rtmod] COMMIT-NOOP
[rtmod] SUBMIT tid=3240 cv=525 waits=0 sigs=2 cmds=1
[rtmod] COMMIT-NOOP
[rtmod] COMMIT-NOOP
[rtmod] SUBMIT tid=3240 cv=526 waits=0 sigs=2 cmds=1
[rtmod] COMMIT-NOOP
[rtmod] COMMIT-NOOP
[rtmod] SUBMIT tid=3240 cv=527 waits=0 sigs=2 cmds=1
[rtmod] COMMIT-NOOP
[rtmod] SUBMIT tid=3240 cv=528 waits=1 sigs=2 cmds=1
[rtmod] COMMIT-NOOP
[rtmod] COMMIT-NOOP
[rtmod] SUBMIT tid=3240 cv=529 waits=0 sigs=2 cmds=1
[rtmod] COMMIT-NOOP
[rtmod] COMMIT-NOOP
[rtmod] SUBMIT tid=3240 cv=530 waits=0 sigs=2 cmds=1
[rtmod] COMMIT-NOOP
[rtmod] COMMIT-NOOP
[rtmod] SUBMIT tid=3240 cv=531 waits=0 sigs=2 cmds=1
[rtmod] COMMIT-NOOP
[rtmod] SUBMIT tid=3240 cv=532 waits=1 sigs=2 cmds=1
[rtmod] COMMIT-NOOP
[rtmod] COMMIT-NOOP
[rtmod] SUBMIT tid=3240 cv=533 waits=0 sigs=2 cmds=1
[rtmod] COMMIT-NOOP
[rtmod] COMMIT-NOOP
[rtmod] SUBMIT tid=3240 cv=534 waits=0 sigs=2 cmds=1
[rtmod] COMMIT-NOOP
[rtmod] COMMIT-NOOP
[rtmod] SUBMIT tid=3240 cv=535 waits=0 sigs=2 cmds=1
[rtmod] COMMIT-NOOP
[rtmod] SUBMIT tid=3240 cv=536 waits=1 sigs=2 cmds=1
[rtmod] COMMIT-NOOP
[rtmod] COMMIT-NOOP
[rtmod] SUBMIT tid=3240 cv=537 waits=0 sigs=2 cmds=1
[rtmod] COMMIT-NOOP
[rtmod] COMMIT-NOOP
[rtmod] SUBMIT tid=3240 cv=538 waits=0 sigs=2 cmds=1
[rtmod] COMMIT-NOOP
[rtmod] COMMIT-NOOP
[rtmod] SUBMIT tid=3240 cv=539 waits=0 sigs=2 cmds=1
[rtmod] COMMIT-NOOP
[rtmod] SUBMIT tid=3240 cv=540 waits=1 sigs=2 cmds=1
[rtmod] COMMIT-NOOP
[rtmod] COMMIT-NOOP
[rtmod] SUBMIT tid=3240 cv=541 waits=0 sigs=2 cmds=1
[rtmod] COMMIT-NOOP
[rtmod] COMMIT-NOOP
[rtmod] SUBMIT tid=3240 cv=542 waits=0 sigs=2 cmds=1
[rtmod] COMMIT-NOOP
[rtmod] COMMIT-NOOP
[rtmod] SUBMIT tid=3240 cv=543 waits=0 sigs=2 cmds=1
[rtmod] COMMIT-NOOP
[rtmod] SUBMIT tid=3240 cv=544 waits=1 sigs=2 cmds=1
[rtmod] COMMIT-NOOP
[rtmod] COMMIT-NOOP
[rtmod] SUBMIT tid=3240 cv=545 waits=0 sigs=2 cmds=1
[rtmod] COMMIT-NOOP
[rtmod] COMMIT-NOOP
[rtmod] SUBMIT tid=3240 cv=546 waits=0 sigs=2 cmds=1
[rtmod] COMMIT-NOOP
[rtmod] COMMIT-NOOP
[rtmod] SUBMIT tid=3240 cv=547 waits=0 sigs=2 cmds=1
[rtmod] COMMIT-NOOP
[rtmod] SUBMIT tid=3240 cv=548 waits=1 sigs=2 cmds=1
[rtmod] COMMIT-NOOP
[rtmod] COMMIT-NOOP
[rtmod] SUBMIT tid=3240 cv=549 waits=0 sigs=2 cmds=1
[rtmod] COMMIT-NOOP
[rtmod] COMMIT-NOOP
[rtmod] SUBMIT tid=3240 cv=550 waits=0 sigs=2 cmds=1
[rtmod] COMMIT-NOOP
[rtmod] COMMIT-NOOP
[rtmod] SUBMIT tid=3240 cv=551 waits=0 sigs=2 cmds=1
[rtmod] COMMIT-NOOP
[rtmod] SUBMIT tid=3240 cv=552 waits=1 sigs=2 cmds=1
[rtmod] COMMIT-NOOP
[rtmod] COMMIT-NOOP
[rtmod] SUBMIT tid=3240 cv=553 waits=0 sigs=2 cmds=1
[rtmod] COMMIT-NOOP
[rtmod] COMMIT-NOOP
[rtmod] SUBMIT tid=3240 cv=554 waits=0 sigs=2 cmds=1
[rtmod] COMMIT-NOOP
[rtmod] COMMIT-NOOP
[rtmod] SUBMIT tid=3240 cv=555 waits=0 sigs=2 cmds=1
[rtmod] COMMIT-NOOP
[rtmod] SUBMIT tid=3240 cv=556 waits=1 sigs=2 cmds=1
[rtmod] COMMIT-NOOP
[rtmod] COMMIT-NOOP
[rtmod] SUBMIT tid=3240 cv=557 waits=0 sigs=2 cmds=1
[rtmod] COMMIT-NOOP
[rtmod] COMMIT-NOOP
[rtmod] SUBMIT tid=3240 cv=558 waits=0 sigs=2 cmds=1
[rtmod] COMMIT-NOOP
[rtmod] COMMIT-NOOP
[rtmod] SUBMIT tid=3240 cv=559 waits=0 sigs=2 cmds=1
[rtmod] COMMIT-NOOP
[rtmod] SUBMIT tid=3240 cv=560 waits=1 sigs=2 cmds=1
[rtmod] COMMIT-NOOP
[rtmod] COMMIT-NOOP
[rtmod] SUBMIT tid=3240 cv=561 waits=0 sigs=2 cmds=1
[rtmod] COMMIT-NOOP
[rtmod] COMMIT-NOOP
[rtmod] SUBMIT tid=3240 cv=562 waits=0 sigs=2 cmds=1
[rtmod] COMMIT-NOOP
[rtmod] COMMIT-NOOP
[rtmod] SUBMIT tid=3240 cv=563 waits=0 sigs=2 cmds=1
[rtmod] COMMIT-NOOP
[rtmod] SUBMIT tid=3240 cv=564 waits=1 sigs=2 cmds=1
[rtmod] COMMIT-NOOP
[rtmod] COMMIT-NOOP
[rtmod] SUBMIT tid=3240 cv=565 waits=0 sigs=2 cmds=1
[rtmod] COMMIT-NOOP
[rtmod] COMMIT-NOOP
[rtmod] SUBMIT tid=3240 cv=566 waits=0 sigs=2 cmds=1
[rtmod] COMMIT-NOOP
[rtmod] COMMIT-NOOP
[rtmod] COMMIT-NOOP
[rtmod] COMMIT-NOOP
[rtmod] SUBMIT tid=3240 cv=567 waits=0 sigs=2 cmds=1
[rtmod] COMMIT-NOOP
[rtmod] COMMIT-NOOP
[rtmod] SUBMIT tid=3240 cv=568 waits=0 sigs=2 cmds=1
[rtmod] COMMIT-NOOP
[rtmod] COMMIT-NOOP
[rtmod] SUBMIT tid=3240 cv=569 waits=0 sigs=2 cmds=1
[rtmod] COMMIT-NOOP
[rtmod] COMMIT-NOOP
[rtmod] SUBMIT tid=3240 cv=570 waits=0 sigs=2 cmds=1
[rtmod] COMMIT-NOOP
[rtmod] COMMIT-NOOP
[rtmod] SUBMIT tid=3240 cv=571 waits=0 sigs=2 cmds=1
[rtmod] COMMIT-NOOP
[rtmod] COMMIT-NOOP
[rtmod] SUBMIT tid=3240 cv=572 waits=0 sigs=2 cmds=1
[rtmod] COMMIT-NOOP
[rtmod] COMMIT-NOOP
[rtmod] SUBMIT tid=3240 cv=573 waits=0 sigs=2 cmds=1
[rtmod] COMMIT-NOOP
[rtmod] COMMIT-NOOP
[rtmod] COMMIT-NOOP
[rtmod] COMMIT-NOOP
[rtmod] SUBMIT tid=3240 cv=574 waits=0 sigs=2 cmds=1
[rtmod] COMMIT-NOOP
[rtmod] COMMIT-NOOP
[rtmod] SUBMIT tid=3240 cv=575 waits=0 sigs=2 cmds=1
[rtmod] COMMIT-NOOP
[rtmod] COMMIT-NOOP
[rtmod] SUBMIT tid=3240 cv=576 waits=0 sigs=2 cmds=1
[rtmod] COMMIT-NOOP
[rtmod] COMMIT-NOOP
[rtmod] SUBMIT tid=3240 cv=577 waits=0 sigs=2 cmds=1
[rtmod] COMMIT-NOOP
[rtmod] COMMIT-NOOP
[rtmod] SUBMIT tid=3240 cv=578 waits=0 sigs=2 cmds=1
[rtmod] COMMIT-NOOP
[rtmod] COMMIT-NOOP
[rtmod] SUBMIT tid=3240 cv=579 waits=0 sigs=2 cmds=1
[rtmod] COMMIT-NOOP
[rtmod] COMMIT-NOOP
[rtmod] SUBMIT tid=3240 cv=580 waits=0 sigs=2 cmds=1
[rtmod] COMMIT-NOOP
[rtmod] COMMIT-NOOP
[rtmod] COMMIT-NOOP
[rtmod] COMMIT-NOOP
[rtmod] SUBMIT tid=3240 cv=581 waits=0 sigs=2 cmds=1
[rtmod] COMMIT-NOOP
[rtmod] COMMIT-NOOP
[rtmod] SUBMIT tid=3240 cv=582 waits=0 sigs=2 cmds=1
[rtmod] COMMIT-NOOP
[rtmod] COMMIT-NOOP
[rtmod] SUBMIT tid=3240 cv=583 waits=0 sigs=2 cmds=1
[rtmod] COMMIT-NOOP
[rtmod] COMMIT-NOOP
[rtmod] SUBMIT tid=3240 cv=584 waits=0 sigs=2 cmds=1
[rtmod] COMMIT-NOOP
[rtmod] COMMIT-NOOP
[rtmod] SUBMIT tid=3240 cv=585 waits=0 sigs=2 cmds=1
[rtmod] COMMIT-NOOP
[rtmod] COMMIT-NOOP
[rtmod] SUBMIT tid=3240 cv=586 waits=0 sigs=2 cmds=1
[rtmod] COMMIT-NOOP
[rtmod] COMMIT-NOOP
[rtmod] SUBMIT tid=3240 cv=587 waits=0 sigs=2 cmds=1
[rtmod] COMMIT-NOOP
[rtmod] COMMIT-NOOP
[rtmod] COMMIT-NOOP
[rtmod] COMMIT-NOOP
[rtmod] SUBMIT tid=3240 cv=588 waits=0 sigs=2 cmds=1
[rtmod] COMMIT-NOOP
[rtmod] COMMIT-NOOP
[rtmod] SUBMIT tid=3240 cv=589 waits=0 sigs=2 cmds=1
[rtmod] COMMIT-NOOP
[rtmod] COMMIT-NOOP
[rtmod] SUBMIT tid=3240 cv=590 waits=0 sigs=2 cmds=1
[rtmod] COMMIT-NOOP
[rtmod] COMMIT-NOOP
[rtmod] SUBMIT tid=3240 cv=591 waits=0 sigs=2 cmds=1
[rtmod] COMMIT-NOOP
[rtmod] COMMIT-NOOP
[rtmod] SUBMIT tid=3240 cv=592 waits=0 sigs=2 cmds=1
[rtmod] COMMIT-NOOP
[rtmod] COMMIT-NOOP
[rtmod] SUBMIT tid=3240 cv=593 waits=0 sigs=2 cmds=1
[rtmod] COMMIT-NOOP
[rtmod] COMMIT-NOOP
[rtmod] SUBMIT tid=3240 cv=594 waits=0 sigs=2 cmds=1
[rtmod] COMMIT-NOOP
[rtmod] COMMIT-NOOP
[rtmod] COMMIT-NOOP
[rtmod] COMMIT-NOOP
[rtmod] SUBMIT tid=3240 cv=595 waits=0 sigs=2 cmds=1
[rtmod] COMMIT-NOOP
[rtmod] COMMIT-NOOP
[rtmod] SUBMIT tid=3240 cv=596 waits=0 sigs=2 cmds=1
[rtmod] COMMIT-NOOP
[rtmod] COMMIT-NOOP
[rtmod] SUBMIT tid=3240 cv=597 waits=0 sigs=2 cmds=1
[rtmod] COMMIT-NOOP
[rtmod] COMMIT-NOOP
[rtmod] SUBMIT tid=3240 cv=598 waits=0 sigs=2 cmds=1
[rtmod] COMMIT-NOOP
[rtmod] COMMIT-NOOP
[rtmod] SUBMIT tid=3240 cv=599 waits=0 sigs=2 cmds=1
[rtmod] COMMIT-NOOP
[rtmod] COMMIT-NOOP
[rtmod] SUBMIT tid=3240 cv=600 waits=0 sigs=2 cmds=1
[rtmod] COMMIT-NOOP
[rtmod] COMMIT-NOOP
[rtmod] SUBMIT tid=3240 cv=601 waits=0 sigs=2 cmds=1
[rtmod] COMMIT-NOOP
[rtmod] COMMIT-NOOP
[rtmod] COMMIT-NOOP
[rtmod] COMMIT-NOOP
[rtmod] SUBMIT tid=3240 cv=602 waits=0 sigs=2 cmds=1
[rtmod] COMMIT-NOOP
[rtmod] COMMIT-NOOP
[rtmod] SUBMIT tid=3240 cv=603 waits=0 sigs=2 cmds=1
[rtmod] COMMIT-NOOP
[rtmod] COMMIT-NOOP
[rtmod] SUBMIT tid=3240 cv=604 waits=0 sigs=2 cmds=1
[rtmod] COMMIT-NOOP
[rtmod] COMMIT-NOOP
[rtmod] SUBMIT tid=3240 cv=605 waits=0 sigs=2 cmds=1
[rtmod] COMMIT-NOOP
[rtmod] COMMIT-NOOP
[rtmod] SUBMIT tid=3240 cv=606 waits=0 sigs=2 cmds=1
[rtmod] COMMIT-NOOP
[rtmod] COMMIT-NOOP
[rtmod] SUBMIT tid=3240 cv=607 waits=0 sigs=2 cmds=1
[rtmod] COMMIT-NOOP
[rtmod] COMMIT-NOOP
[rtmod] SUBMIT tid=3240 cv=608 waits=0 sigs=2 cmds=1
[rtmod] COMMIT-NOOP
[rtmod] COMMIT-NOOP
[rtmod] COMMIT-NOOP
[rtmod] COMMIT-NOOP
[rtmod] SUBMIT tid=3240 cv=609 waits=0 sigs=2 cmds=1
[rtmod] COMMIT-NOOP
[rtmod] COMMIT-NOOP
[rtmod] SUBMIT tid=3240 cv=610 waits=0 sigs=2 cmds=1
[rtmod] COMMIT-NOOP
[rtmod] COMMIT-NOOP
[rtmod] SUBMIT tid=3240 cv=611 waits=0 sigs=2 cmds=1
[rtmod] COMMIT-NOOP
[rtmod] COMMIT-NOOP
[rtmod] SUBMIT tid=3240 cv=612 waits=0 sigs=2 cmds=1
[rtmod] COMMIT-NOOP
[rtmod] COMMIT-NOOP
[rtmod] SUBMIT tid=3240 cv=613 waits=0 sigs=2 cmds=1
[rtmod] COMMIT-NOOP
[rtmod] COMMIT-NOOP
[rtmod] SUBMIT tid=3240 cv=614 waits=0 sigs=2 cmds=1
[rtmod] COMMIT-NOOP
[rtmod] COMMIT-NOOP
[rtmod] SUBMIT tid=3240 cv=615 waits=0 sigs=2 cmds=1
[rtmod] COMMIT-NOOP
[rtmod] COMMIT-NOOP
[rtmod] COMMIT-NOOP
[rtmod] COMMIT-NOOP
[rtmod] SUBMIT tid=3240 cv=616 waits=0 sigs=2 cmds=1
[rtmod] COMMIT-NOOP
[rtmod] COMMIT-NOOP
[rtmod] SUBMIT tid=3240 cv=617 waits=0 sigs=2 cmds=1
[rtmod] COMMIT-NOOP
[rtmod] COMMIT-NOOP
[rtmod] SUBMIT tid=3240 cv=618 waits=0 sigs=2 cmds=1
[rtmod] COMMIT-NOOP
[rtmod] COMMIT-NOOP
[rtmod] SUBMIT tid=3240 cv=619 waits=0 sigs=2 cmds=1
[rtmod] COMMIT-NOOP
[rtmod] COMMIT-NOOP
[rtmod] SUBMIT tid=3240 cv=620 waits=0 sigs=2 cmds=1
[rtmod] COMMIT-NOOP
[rtmod] COMMIT-NOOP
[rtmod] SUBMIT tid=3240 cv=621 waits=0 sigs=2 cmds=1
[rtmod] COMMIT-NOOP
[rtmod] COMMIT-NOOP
[rtmod] SUBMIT tid=3240 cv=622 waits=0 sigs=2 cmds=1
[rtmod] COMMIT-NOOP
[rtmod] COMMIT-NOOP
[rtmod] COMMIT-NOOP
[rtmod] COMMIT-NOOP
[rtmod] SUBMIT tid=3240 cv=623 waits=0 sigs=2 cmds=1
[rtmod] COMMIT-NOOP
[rtmod] COMMIT-NOOP
[rtmod] SUBMIT tid=3240 cv=624 waits=0 sigs=2 cmds=1
[rtmod] COMMIT-NOOP
[rtmod] COMMIT-NOOP
[rtmod] SUBMIT tid=3240 cv=625 waits=0 sigs=2 cmds=1
[rtmod] COMMIT-NOOP
[rtmod] COMMIT-NOOP
[rtmod] SUBMIT tid=3240 cv=626 waits=0 sigs=2 cmds=1
[rtmod] COMMIT-NOOP
[rtmod] COMMIT-NOOP
[rtmod] SUBMIT tid=3240 cv=627 waits=0 sigs=2 cmds=1
[rtmod] COMMIT-NOOP
[rtmod] COMMIT-NOOP
[rtmod] SUBMIT tid=3240 cv=628 waits=0 sigs=2 cmds=1
[rtmod] COMMIT-NOOP
[rtmod] COMMIT-NOOP
[rtmod] SUBMIT tid=3240 cv=629 waits=0 sigs=2 cmds=1
[rtmod] COMMIT-NOOP
[rtmod] COMMIT-NOOP
[rtmod] COMMIT-NOOP
[rtmod] COMMIT-NOOP
[rtmod] SUBMIT tid=3240 cv=630 waits=0 sigs=2 cmds=1
[rtmod] COMMIT-NOOP
[rtmod] COMMIT-NOOP
[rtmod] SUBMIT tid=3240 cv=631 waits=0 sigs=2 cmds=1
[rtmod] COMMIT-NOOP
[rtmod] COMMIT-NOOP
[rtmod] SUBMIT tid=3240 cv=632 waits=0 sigs=2 cmds=1
[rtmod] COMMIT-NOOP
[rtmod] COMMIT-NOOP
[rtmod] SUBMIT tid=3240 cv=633 waits=0 sigs=2 cmds=1
[rtmod] COMMIT-NOOP
[rtmod] COMMIT-NOOP
[rtmod] SUBMIT tid=3240 cv=634 waits=0 sigs=2 cmds=1
[rtmod] COMMIT-NOOP
[rtmod] COMMIT-NOOP
[rtmod] SUBMIT tid=3240 cv=635 waits=0 sigs=2 cmds=1
[rtmod] COMMIT-NOOP
[rtmod] COMMIT-NOOP
[rtmod] SUBMIT tid=3240 cv=636 waits=0 sigs=2 cmds=1
[rtmod] COMMIT-NOOP
[rtmod] COMMIT-NOOP
[rtmod] COMMIT-NOOP
[rtmod] COMMIT-NOOP
[rtmod] SUBMIT tid=3240 cv=637 waits=0 sigs=2 cmds=1
[rtmod] COMMIT-NOOP
[rtmod] COMMIT-NOOP
[rtmod] SUBMIT tid=3240 cv=638 waits=0 sigs=2 cmds=1
[rtmod] COMMIT-NOOP
[rtmod] COMMIT-NOOP
[rtmod] SUBMIT tid=3240 cv=639 waits=0 sigs=2 cmds=1
[rtmod] COMMIT-NOOP
[rtmod] COMMIT-NOOP
[rtmod] SUBMIT tid=3240 cv=640 waits=0 sigs=2 cmds=1
[rtmod] COMMIT-NOOP
[rtmod] COMMIT-NOOP
[rtmod] SUBMIT tid=3240 cv=641 waits=0 sigs=2 cmds=1
[rtmod] COMMIT-NOOP
[rtmod] COMMIT-NOOP
[rtmod] SUBMIT tid=3240 cv=642 waits=0 sigs=2 cmds=1
[rtmod] COMMIT-NOOP
[rtmod] COMMIT-NOOP
[rtmod] SUBMIT tid=3240 cv=643 waits=0 sigs=2 cmds=1
[rtmod] COMMIT-NOOP
[rtmod] COMMIT-NOOP
[rtmod] COMMIT-NOOP
[rtmod] COMMIT-NOOP
[rtmod] SUBMIT tid=3240 cv=644 waits=0 sigs=2 cmds=1
[rtmod] COMMIT-NOOP
[rtmod] COMMIT-NOOP
[rtmod] SUBMIT tid=3240 cv=645 waits=0 sigs=2 cmds=1
[rtmod] COMMIT-NOOP
[rtmod] COMMIT-NOOP
[rtmod] SUBMIT tid=3240 cv=646 waits=0 sigs=2 cmds=1
[rtmod] COMMIT-NOOP
[rtmod] COMMIT-NOOP
[rtmod] SUBMIT tid=3240 cv=647 waits=0 sigs=2 cmds=1
[rtmod] COMMIT-NOOP
[rtmod] COMMIT-NOOP
[rtmod] SUBMIT tid=3240 cv=648 waits=0 sigs=2 cmds=1
[rtmod] COMMIT-NOOP
[rtmod] COMMIT-NOOP
[rtmod] SUBMIT tid=3240 cv=649 waits=0 sigs=2 cmds=1
[rtmod] COMMIT-NOOP
[rtmod] COMMIT-NOOP
[rtmod] SUBMIT tid=3240 cv=650 waits=0 sigs=2 cmds=1
[rtmod] COMMIT-NOOP
[rtmod] COMMIT-NOOP
[rtmod] COMMIT-NOOP
[rtmod] COMMIT-NOOP
[rtmod] SUBMIT tid=3240 cv=651 waits=0 sigs=2 cmds=1
[rtmod] COMMIT-NOOP
[rtmod] COMMIT-NOOP
[rtmod] SUBMIT tid=3240 cv=652 waits=0 sigs=2 cmds=1
[rtmod] COMMIT-NOOP
[rtmod] COMMIT-NOOP
[rtmod] SUBMIT tid=3240 cv=653 waits=0 sigs=2 cmds=1
[rtmod] COMMIT-NOOP
[rtmod] COMMIT-NOOP
[rtmod] SUBMIT tid=3240 cv=654 waits=0 sigs=2 cmds=1
[rtmod] COMMIT-NOOP
[rtmod] COMMIT-NOOP
[rtmod] SUBMIT tid=3240 cv=655 waits=0 sigs=2 cmds=1
[rtmod] COMMIT-NOOP
[rtmod] COMMIT-NOOP
[rtmod] SUBMIT tid=3240 cv=656 waits=0 sigs=2 cmds=1
[rtmod] COMMIT-NOOP
[rtmod] COMMIT-NOOP
[rtmod] SUBMIT tid=3240 cv=657 waits=0 sigs=2 cmds=1
[rtmod] COMMIT-NOOP
[rtmod] COMMIT-NOOP
[rtmod] COMMIT-NOOP
[rtmod] COMMIT-NOOP
[rtmod] SUBMIT tid=3240 cv=658 waits=0 sigs=2 cmds=1
[rtmod] COMMIT-NOOP
[rtmod] COMMIT-NOOP
[rtmod] SUBMIT tid=3240 cv=659 waits=0 sigs=2 cmds=1
[rtmod] COMMIT-NOOP
[rtmod] COMMIT-NOOP
[rtmod] SUBMIT tid=3240 cv=660 waits=0 sigs=2 cmds=1
[rtmod] COMMIT-NOOP
[rtmod] COMMIT-NOOP
[rtmod] SUBMIT tid=3240 cv=661 waits=0 sigs=2 cmds=1
[rtmod] COMMIT-NOOP
[rtmod] COMMIT-NOOP
[rtmod] SUBMIT tid=3240 cv=662 waits=0 sigs=2 cmds=1
[rtmod] COMMIT-NOOP
[rtmod] COMMIT-NOOP
[rtmod] SUBMIT tid=3240 cv=663 waits=0 sigs=2 cmds=1
[rtmod] COMMIT-NOOP
[rtmod] COMMIT-NOOP
[rtmod] SUBMIT tid=3240 cv=664 waits=0 sigs=2 cmds=1
[rtmod] COMMIT-NOOP
[rtmod] COMMIT-NOOP
[rtmod] COMMIT-NOOP
[rtmod] COMMIT-NOOP
[rtmod] SUBMIT tid=3240 cv=665 waits=0 sigs=2 cmds=1
[rtmod] COMMIT-NOOP
[rtmod] COMMIT-NOOP
[rtmod] SUBMIT tid=3240 cv=666 waits=0 sigs=2 cmds=1
[rtmod] COMMIT-NOOP
[rtmod] COMMIT-NOOP
[rtmod] SUBMIT tid=3240 cv=667 waits=0 sigs=2 cmds=1
[rtmod] COMMIT-NOOP
[rtmod] COMMIT-NOOP
[rtmod] SUBMIT tid=3240 cv=668 waits=0 sigs=2 cmds=1
[rtmod] COMMIT-NOOP
[rtmod] COMMIT-NOOP
[rtmod] SUBMIT tid=3240 cv=669 waits=0 sigs=2 cmds=1
[rtmod] COMMIT-NOOP
[rtmod] COMMIT-NOOP
[rtmod] SUBMIT tid=3240 cv=670 waits=0 sigs=2 cmds=1
[rtmod] COMMIT-NOOP
[rtmod] COMMIT-NOOP
[rtmod] SUBMIT tid=3240 cv=671 waits=0 sigs=2 cmds=1
[rtmod] COMMIT-NOOP
[rtmod] COMMIT-NOOP
[rtmod] COMMIT-NOOP
[rtmod] COMMIT-NOOP
[rtmod] SUBMIT tid=3240 cv=672 waits=0 sigs=2 cmds=1
[rtmod] COMMIT-NOOP
[rtmod] COMMIT-NOOP
[rtmod] SUBMIT tid=3240 cv=673 waits=0 sigs=2 cmds=1
[rtmod] COMMIT-NOOP
[rtmod] COMMIT-NOOP
[rtmod] SUBMIT tid=3240 cv=674 waits=0 sigs=2 cmds=1
[rtmod] COMMIT-NOOP
[rtmod] COMMIT-NOOP
[rtmod] SUBMIT tid=3240 cv=675 waits=0 sigs=2 cmds=1
[rtmod] COMMIT-NOOP
[rtmod] COMMIT-NOOP
[rtmod] SUBMIT tid=3240 cv=676 waits=0 sigs=2 cmds=1
[rtmod] COMMIT-NOOP
[rtmod] COMMIT-NOOP
[rtmod] SUBMIT tid=3240 cv=677 waits=0 sigs=2 cmds=1
[rtmod] COMMIT-NOOP
[rtmod] COMMIT-NOOP
[rtmod] SUBMIT tid=3240 cv=678 waits=0 sigs=2 cmds=1
[rtmod] COMMIT-NOOP
[rtmod] COMMIT-NOOP
[rtmod] COMMIT-NOOP
[rtmod] COMMIT-NOOP
[rtmod] SUBMIT tid=3240 cv=679 waits=0 sigs=2 cmds=1
[rtmod] COMMIT-NOOP
[rtmod] COMMIT-NOOP
[rtmod] SUBMIT tid=3240 cv=680 waits=0 sigs=2 cmds=1
[rtmod] COMMIT-NOOP
[rtmod] COMMIT-NOOP
[rtmod] SUBMIT tid=3240 cv=681 waits=0 sigs=2 cmds=1
[rtmod] COMMIT-NOOP
[rtmod] COMMIT-NOOP
[rtmod] SUBMIT tid=3240 cv=682 waits=0 sigs=2 cmds=1
[rtmod] COMMIT-NOOP
[rtmod] COMMIT-NOOP
[rtmod] SUBMIT tid=3240 cv=683 waits=0 sigs=2 cmds=1
[rtmod] COMMIT-NOOP
[rtmod] COMMIT-NOOP
[rtmod] SUBMIT tid=3240 cv=684 waits=0 sigs=2 cmds=1
[rtmod] COMMIT-NOOP
[rtmod] COMMIT-NOOP
[rtmod] SUBMIT tid=3240 cv=685 waits=0 sigs=2 cmds=1
[rtmod] COMMIT-NOOP
[rtmod] COMMIT-NOOP
[rtmod] COMMIT-NOOP
[rtmod] COMMIT-NOOP
[rtmod] SUBMIT tid=3240 cv=686 waits=0 sigs=2 cmds=1
[rtmod] COMMIT-NOOP
[rtmod] COMMIT-NOOP
[rtmod] SUBMIT tid=3240 cv=687 waits=0 sigs=2 cmds=1
[rtmod] COMMIT-NOOP
[rtmod] COMMIT-NOOP
[rtmod] SUBMIT tid=3240 cv=688 waits=0 sigs=2 cmds=1
[rtmod] COMMIT-NOOP
[rtmod] COMMIT-NOOP
[rtmod] SUBMIT tid=3240 cv=689 waits=0 sigs=2 cmds=1
[rtmod] COMMIT-NOOP
[rtmod] COMMIT-NOOP
[rtmod] SUBMIT tid=3240 cv=690 waits=0 sigs=2 cmds=1
[rtmod] COMMIT-NOOP
[rtmod] COMMIT-NOOP
[rtmod] SUBMIT tid=3240 cv=691 waits=0 sigs=2 cmds=1
[rtmod] COMMIT-NOOP
[rtmod] COMMIT-NOOP
[rtmod] SUBMIT tid=3240 cv=692 waits=0 sigs=2 cmds=1
[rtmod] COMMIT-NOOP
[rtmod] COMMIT-NOOP
[rtmod] SUBMIT tid=3240 cv=693 waits=0 sigs=2 cmds=1
[rtmod] COMMIT-NOOP
[rtmod] COMMIT-NOOP
[rtmod] SUBMIT tid=3240 cv=694 waits=0 sigs=2 cmds=1
[rtmod] COMMIT-NOOP
[rtmod] COMMIT-NOOP
[rtmod] SUBMIT tid=3240 cv=695 waits=0 sigs=2 cmds=1
[rtmod] COMMIT-NOOP
[rtmod] COMMIT-NOOP
[rtmod] SUBMIT tid=3240 cv=696 waits=0 sigs=2 cmds=1
[rtmod] COMMIT-NOOP
[rtmod] COMMIT-NOOP
[rtmod] SUBMIT tid=3240 cv=697 waits=0 sigs=2 cmds=1
[rtmod] COMMIT-NOOP
[rtmod] COMMIT-NOOP
[rtmod] SUBMIT tid=3240 cv=698 waits=0 sigs=2 cmds=1
[rtmod] COMMIT-NOOP
[rtmod] COMMIT-NOOP
[rtmod] SUBMIT tid=3240 cv=699 waits=0 sigs=2 cmds=1
[rtmod] COMMIT-NOOP
[rtmod] COMMIT-NOOP
[rtmod] SUBMIT tid=3240 cv=700 waits=0 sigs=2 cmds=1
[rtmod] COMMIT-NOOP
[rtmod] COMMIT-NOOP
[rtmod] SUBMIT tid=3240 cv=701 waits=0 sigs=2 cmds=1
[rtmod] COMMIT-NOOP
[rtmod] COMMIT-NOOP
[rtmod] SUBMIT tid=3240 cv=702 waits=0 sigs=2 cmds=1
[rtmod] COMMIT-NOOP
[rtmod] COMMIT-NOOP
[rtmod] SUBMIT tid=3240 cv=703 waits=0 sigs=2 cmds=1
[rtmod] COMMIT-NOOP
[rtmod] COMMIT-NOOP
[rtmod] SUBMIT tid=3240 cv=704 waits=0 sigs=2 cmds=1
[rtmod] COMMIT-NOOP
[rtmod] COMMIT-NOOP
[rtmod] SUBMIT tid=3240 cv=705 waits=0 sigs=2 cmds=1
[rtmod] COMMIT-NOOP
[rtmod] COMMIT-NOOP
[rtmod] SUBMIT tid=3240 cv=706 waits=0 sigs=2 cmds=1
[rtmod] COMMIT-NOOP
[rtmod] COMMIT-NOOP
[rtmod] SUBMIT tid=3240 cv=707 waits=0 sigs=2 cmds=1
[rtmod] COMMIT-NOOP
[rtmod] COMMIT-NOOP
[rtmod] SUBMIT tid=3240 cv=708 waits=0 sigs=2 cmds=1
[rtmod] COMMIT-NOOP
[rtmod] COMMIT-NOOP
[rtmod] SUBMIT tid=3240 cv=709 waits=0 sigs=2 cmds=1
[rtmod] COMMIT-NOOP
[rtmod] COMMIT-NOOP
[rtmod] SUBMIT tid=3240 cv=710 waits=0 sigs=2 cmds=1
[rtmod] COMMIT-NOOP
[rtmod] COMMIT-NOOP
[rtmod] SUBMIT tid=3240 cv=711 waits=0 sigs=2 cmds=1
[rtmod] COMMIT-NOOP
[rtmod] COMMIT-NOOP
[rtmod] SUBMIT tid=3240 cv=712 waits=0 sigs=2 cmds=1
[rtmod] COMMIT-NOOP
[rtmod] COMMIT-NOOP
[rtmod] SUBMIT tid=3240 cv=713 waits=0 sigs=2 cmds=1
[rtmod] COMMIT-NOOP
[rtmod] COMMIT-NOOP
[rtmod] SUBMIT tid=3240 cv=714 waits=0 sigs=2 cmds=1
[rtmod] COMMIT-NOOP
[rtmod] COMMIT-NOOP
[rtmod] SUBMIT tid=3240 cv=715 waits=0 sigs=2 cmds=1
[rtmod] COMMIT-NOOP
[rtmod] COMMIT-NOOP
[rtmod] SUBMIT tid=3240 cv=716 waits=0 sigs=2 cmds=1
[rtmod] COMMIT-NOOP
[rtmod] COMMIT-NOOP
[rtmod] SUBMIT tid=3240 cv=717 waits=0 sigs=2 cmds=1
[rtmod] COMMIT-NOOP
[rtmod] COMMIT-NOOP
[rtmod] SUBMIT tid=3240 cv=718 waits=0 sigs=2 cmds=1
[rtmod] COMMIT-NOOP
[rtmod] COMMIT-NOOP
[rtmod] SUBMIT tid=3240 cv=719 waits=0 sigs=2 cmds=1
[rtmod] COMMIT-NOOP
[rtmod] COMMIT-NOOP
[rtmod] SUBMIT tid=3240 cv=720 waits=0 sigs=2 cmds=1
[rtmod] COMMIT-NOOP
[rtmod] COMMIT-NOOP
[rtmod] SUBMIT tid=3240 cv=721 waits=0 sigs=2 cmds=1
[rtmod] COMMIT-NOOP
[rtmod] COMMIT-NOOP
[rtmod] SUBMIT tid=3240 cv=722 waits=0 sigs=2 cmds=1
[rtmod] COMMIT-NOOP
[rtmod] COMMIT-NOOP
[rtmod] SUBMIT tid=3240 cv=723 waits=0 sigs=2 cmds=1
[rtmod] COMMIT-NOOP
[rtmod] COMMIT-NOOP
[rtmod] SUBMIT tid=3240 cv=724 waits=0 sigs=2 cmds=1
[rtmod] COMMIT-NOOP
[rtmod] COMMIT-NOOP
[rtmod] SUBMIT tid=3240 cv=725 waits=0 sigs=2 cmds=1
[rtmod] COMMIT-NOOP
[rtmod] COMMIT-NOOP
[rtmod] SUBMIT tid=3240 cv=726 waits=0 sigs=2 cmds=1
[rtmod] COMMIT-NOOP
[rtmod] COMMIT-NOOP
[rtmod] SUBMIT tid=3240 cv=727 waits=0 sigs=2 cmds=1
[rtmod] COMMIT-NOOP
[rtmod] COMMIT-NOOP
[rtmod] SUBMIT tid=3240 cv=728 waits=0 sigs=2 cmds=1
[rtmod] COMMIT-NOOP
[rtmod] COMMIT-NOOP
[rtmod] SUBMIT tid=3240 cv=729 waits=0 sigs=2 cmds=1
[rtmod] COMMIT-NOOP
[rtmod] COMMIT-NOOP
[rtmod] SUBMIT tid=3240 cv=730 waits=0 sigs=2 cmds=1
[rtmod] COMMIT-NOOP
[rtmod] COMMIT-NOOP
[rtmod] SUBMIT tid=3240 cv=731 waits=0 sigs=2 cmds=1
[rtmod] COMMIT-NOOP
[rtmod] COMMIT-NOOP
[rtmod] SUBMIT tid=3240 cv=732 waits=0 sigs=2 cmds=1
[rtmod] COMMIT-NOOP
[rtmod] COMMIT-NOOP
[rtmod] SUBMIT tid=3240 cv=733 waits=0 sigs=2 cmds=1
[rtmod] COMMIT-NOOP
[rtmod] COMMIT-NOOP
[rtmod] SUBMIT tid=3240 cv=734 waits=0 sigs=2 cmds=1
[rtmod] COMMIT-NOOP
[rtmod] COMMIT-NOOP
[rtmod] SUBMIT tid=3240 cv=735 waits=0 sigs=2 cmds=1
[rtmod] COMMIT-NOOP
[rtmod] COMMIT-NOOP
[rtmod] SUBMIT tid=3240 cv=736 waits=0 sigs=2 cmds=1
[rtmod] COMMIT-NOOP
[rtmod] COMMIT-NOOP
[rtmod] SUBMIT tid=3240 cv=737 waits=0 sigs=2 cmds=1
[rtmod] COMMIT-NOOP
[rtmod] COMMIT-NOOP
[rtmod] SUBMIT tid=3240 cv=738 waits=0 sigs=2 cmds=1
[rtmod] COMMIT-NOOP
[rtmod] COMMIT-NOOP
[rtmod] SUBMIT tid=3240 cv=739 waits=0 sigs=2 cmds=1
[rtmod] COMMIT-NOOP
[rtmod] COMMIT-NOOP
[rtmod] SUBMIT tid=3240 cv=740 waits=0 sigs=2 cmds=1
[rtmod] COMMIT-NOOP
[rtmod] COMMIT-NOOP
[rtmod] SUBMIT tid=3240 cv=741 waits=0 sigs=2 cmds=1
[rtmod] COMMIT-NOOP
[rtmod] COMMIT-NOOP
[rtmod] SUBMIT tid=3240 cv=742 waits=0 sigs=2 cmds=1
[rtmod] COMMIT-NOOP
[rtmod] COMMIT-NOOP
[rtmod] SUBMIT tid=3240 cv=743 waits=0 sigs=2 cmds=1
[rtmod] COMMIT-NOOP
[rtmod] COMMIT-NOOP
[rtmod] SUBMIT tid=3240 cv=744 waits=0 sigs=2 cmds=1
[rtmod] COMMIT-NOOP
[rtmod] COMMIT-NOOP
[rtmod] SUBMIT tid=3240 cv=745 waits=0 sigs=2 cmds=1
[rtmod] COMMIT-NOOP
[rtmod] COMMIT-NOOP
[rtmod] SUBMIT tid=3240 cv=746 waits=0 sigs=2 cmds=1
[rtmod] COMMIT-NOOP
[rtmod] COMMIT-NOOP
[rtmod] SUBMIT tid=3240 cv=747 waits=0 sigs=2 cmds=1
[rtmod] COMMIT-NOOP
[rtmod] COMMIT-NOOP
[rtmod] SUBMIT tid=3240 cv=748 waits=0 sigs=2 cmds=1
[rtmod] COMMIT-NOOP
[rtmod] COMMIT-NOOP
[rtmod] SUBMIT tid=3240 cv=749 waits=0 sigs=2 cmds=1
[rtmod] COMMIT-NOOP
[rtmod] COMMIT-NOOP
[rtmod] SUBMIT tid=3240 cv=750 waits=0 sigs=2 cmds=1
[rtmod] COMMIT-NOOP
[rtmod] COMMIT-NOOP
[rtmod] SUBMIT tid=3240 cv=751 waits=0 sigs=2 cmds=1
[rtmod] COMMIT-NOOP
[rtmod] COMMIT-NOOP
[rtmod] SUBMIT tid=3240 cv=752 waits=0 sigs=2 cmds=1
[rtmod] COMMIT-NOOP
[rtmod] COMMIT-NOOP
[rtmod] SUBMIT tid=3240 cv=753 waits=0 sigs=2 cmds=1
[rtmod] COMMIT-NOOP
[rtmod] COMMIT-NOOP
[rtmod] SUBMIT tid=3240 cv=754 waits=0 sigs=2 cmds=1
[rtmod] COMMIT-NOOP
[rtmod] COMMIT-NOOP
[rtmod] SUBMIT tid=3240 cv=755 waits=0 sigs=2 cmds=1
[rtmod] COMMIT-NOOP
[rtmod] COMMIT-NOOP
[rtmod] COMMIT-NOOP
[rtmod] COMMIT-NOOP
[rtmod] SUBMIT tid=3240 cv=756 waits=2 sigs=2 cmds=1
[rtmod] COMMIT-NOOP
[rtmod] COMMIT-NOOP
[rtmod] SUBMIT tid=3240 cv=757 waits=0 sigs=2 cmds=1
[rtmod] COMMIT-NOOP
[rtmod] SUBMIT tid=3240 cv=758 waits=1 sigs=2 cmds=1
[rtmod] COMMIT-NOOP
[rtmod] SUBMIT tid=3240 cv=759 waits=1 sigs=2 cmds=1
[rtmod] COMMIT-NOOP
[rtmod] COMMIT-NOOP
[rtmod] COMMIT-NOOP
[rtmod] SUBMIT tid=3240 cv=760 waits=2 sigs=2 cmds=1
[rtmod] COMMIT-NOOP
[rtmod] COMMIT-NOOP
[rtmod] COMMIT-NOOP
[rtmod] COMMIT-NOOP
[rtmod] SUBMIT tid=3240 cv=761 waits=2 sigs=2 cmds=1
[rtmod] COMMIT-NOOP
[rtmod] COMMIT-NOOP
[rtmod] COMMIT-NOOP
[rtmod] COMMIT-NOOP
[rtmod] SUBMIT tid=3240 cv=762 waits=2 sigs=2 cmds=1
[rtmod] COMMIT-NOOP
[rtmod] COMMIT-NOOP
[rtmod] SUBMIT tid=3240 cv=763 waits=0 sigs=2 cmds=1
[rtmod] COMMIT-NOOP
[rtmod] COMMIT-NOOP
[rtmod] SUBMIT tid=3240 cv=764 waits=0 sigs=2 cmds=1
[rtmod] COMMIT-NOOP
[rtmod] COMMIT-NOOP
[rtmod] SUBMIT tid=3240 cv=765 waits=2 sigs=2 cmds=1
[rtmod] COMMIT-NOOP
[rtmod] SUBMIT tid=3240 cv=766 waits=1 sigs=2 cmds=1
[rtmod] COMMIT-NOOP
[rtmod] COMMIT-NOOP
[rtmod] SUBMIT tid=3240 cv=767 waits=0 sigs=2 cmds=1
[rtmod] COMMIT-NOOP
[rtmod] COMMIT-NOOP
[rtmod] SUBMIT tid=3240 cv=768 waits=0 sigs=2 cmds=1
[rtmod] COMMIT-NOOP
[rtmod] COMMIT-NOOP
[rtmod] SUBMIT tid=3240 cv=769 waits=2 sigs=2 cmds=1
[rtmod] COMMIT-NOOP
[rtmod] SUBMIT tid=3240 cv=770 waits=1 sigs=2 cmds=1
[rtmod] COMMIT-NOOP
[rtmod] COMMIT-NOOP
[rtmod] COMMIT-NOOP
[rtmod] COMMIT-NOOP
[rtmod] COMMIT-NOOP
[rtmod] SUBMIT tid=3240 cv=771 waits=2 sigs=2 cmds=1
[rtmod] COMMIT-NOOP
[rtmod] COMMIT-NOOP
[rtmod] COMMIT-NOOP
[rtmod] COMMIT-NOOP
[rtmod] COMMIT-NOOP
[rtmod] SUBMIT tid=3240 cv=772 waits=2 sigs=2 cmds=1
[rtmod] COMMIT-NOOP
[rtmod] COMMIT-NOOP
[rtmod] SUBMIT tid=3240 cv=773 waits=0 sigs=2 cmds=1
[rtmod] COMMIT-NOOP
[rtmod] COMMIT-NOOP
[rtmod] SUBMIT tid=3240 cv=774 waits=0 sigs=2 cmds=1
[rtmod] COMMIT-NOOP
[rtmod] COMMIT-NOOP
[rtmod] SUBMIT tid=3240 cv=775 waits=0 sigs=2 cmds=1
[rtmod] COMMIT-NOOP
[rtmod] COMMIT-NOOP
[rtmod] SUBMIT tid=3240 cv=776 waits=0 sigs=2 cmds=1
[rtmod] COMMIT-NOOP
[rtmod] COMMIT-NOOP
[rtmod] SUBMIT tid=3240 cv=777 waits=0 sigs=2 cmds=1
[rtmod] COMMIT-NOOP
[rtmod] COMMIT-NOOP
[rtmod] SUBMIT tid=3240 cv=778 waits=0 sigs=2 cmds=1
[rtmod] COMMIT-NOOP
[rtmod] COMMIT-NOOP
[rtmod] SUBMIT tid=3240 cv=779 waits=0 sigs=2 cmds=1
[rtmod] COMMIT-NOOP
[rtmod] COMMIT-NOOP
[rtmod] SUBMIT tid=3240 cv=780 waits=0 sigs=2 cmds=1
[rtmod] COMMIT-NOOP
[rtmod] COMMIT-NOOP
[rtmod] SUBMIT tid=3240 cv=781 waits=0 sigs=2 cmds=1
[rtmod] COMMIT-NOOP
[rtmod] COMMIT-NOOP
[rtmod] SUBMIT tid=3240 cv=782 waits=0 sigs=2 cmds=1
[rtmod] COMMIT-NOOP
[rtmod] COMMIT-NOOP
[rtmod] SUBMIT tid=3240 cv=783 waits=0 sigs=2 cmds=1
[rtmod] COMMIT-NOOP
[rtmod] COMMIT-NOOP
[rtmod] SUBMIT tid=3240 cv=784 waits=0 sigs=2 cmds=1
[rtmod] COMMIT-NOOP
[rtmod] COMMIT-NOOP
[rtmod] SUBMIT tid=3240 cv=785 waits=0 sigs=2 cmds=1
[rtmod] COMMIT-NOOP
[rtmod] COMMIT-NOOP
[rtmod] SUBMIT tid=3240 cv=786 waits=0 sigs=2 cmds=1
[rtmod] COMMIT-NOOP
[rtmod] COMMIT-NOOP
[rtmod] SUBMIT tid=3240 cv=787 waits=0 sigs=2 cmds=1
[rtmod] COMMIT-NOOP
[rtmod] COMMIT-NOOP
[rtmod] SUBMIT tid=3240 cv=788 waits=0 sigs=2 cmds=1
[rtmod] COMMIT-NOOP
[rtmod] COMMIT-NOOP
[rtmod] SUBMIT tid=3240 cv=789 waits=0 sigs=2 cmds=1
[rtmod] COMMIT-NOOP
[rtmod] COMMIT-NOOP
[rtmod] SUBMIT tid=3240 cv=790 waits=0 sigs=2 cmds=1
[rtmod] COMMIT-NOOP
[rtmod] COMMIT-NOOP
[rtmod] SUBMIT tid=3240 cv=791 waits=0 sigs=2 cmds=1
[rtmod] COMMIT-NOOP
[rtmod] COMMIT-NOOP
[rtmod] SUBMIT tid=3240 cv=792 waits=0 sigs=2 cmds=1
[rtmod] COMMIT-NOOP
[rtmod] COMMIT-NOOP
[rtmod] SUBMIT tid=3240 cv=793 waits=0 sigs=2 cmds=1
[rtmod] COMMIT-NOOP
[rtmod] COMMIT-NOOP
[rtmod] SUBMIT tid=3240 cv=794 waits=0 sigs=2 cmds=1
[rtmod] COMMIT-NOOP
[rtmod] COMMIT-NOOP
[rtmod] SUBMIT tid=3240 cv=795 waits=0 sigs=2 cmds=1
[rtmod] COMMIT-NOOP
[rtmod] COMMIT-NOOP
[rtmod] SUBMIT tid=3240 cv=796 waits=0 sigs=2 cmds=1
[rtmod] COMMIT-NOOP
[rtmod] COMMIT-NOOP
[rtmod] SUBMIT tid=3240 cv=797 waits=0 sigs=2 cmds=1
[rtmod] COMMIT-NOOP
[rtmod] COMMIT-NOOP
[rtmod] SUBMIT tid=3240 cv=798 waits=0 sigs=2 cmds=1
[rtmod] COMMIT-NOOP
[rtmod] COMMIT-NOOP
[rtmod] SUBMIT tid=3240 cv=799 waits=0 sigs=2 cmds=1
[rtmod] COMMIT-NOOP
[rtmod] COMMIT-NOOP
[rtmod] SUBMIT tid=3240 cv=800 waits=0 sigs=2 cmds=1
[rtmod] COMMIT-NOOP
[rtmod] COMMIT-NOOP
[rtmod] SUBMIT tid=3240 cv=801 waits=0 sigs=2 cmds=1
[rtmod] COMMIT-NOOP
[rtmod] COMMIT-NOOP
[rtmod] SUBMIT tid=3240 cv=802 waits=0 sigs=2 cmds=1
[rtmod] COMMIT-NOOP
[rtmod] COMMIT-NOOP
[rtmod] SUBMIT tid=3240 cv=803 waits=0 sigs=2 cmds=1
[rtmod] COMMIT-NOOP
[rtmod] COMMIT-NOOP
[rtmod] SUBMIT tid=3240 cv=804 waits=0 sigs=2 cmds=1
[rtmod] COMMIT-NOOP
[rtmod] COMMIT-NOOP
[rtmod] SUBMIT tid=3240 cv=805 waits=0 sigs=2 cmds=1
[rtmod] COMMIT-NOOP
[rtmod] COMMIT-NOOP
[rtmod] SUBMIT tid=3240 cv=806 waits=0 sigs=2 cmds=1
[rtmod] COMMIT-NOOP
[rtmod] COMMIT-NOOP
[rtmod] SUBMIT tid=3240 cv=807 waits=0 sigs=2 cmds=1
[rtmod] COMMIT-NOOP
[rtmod] COMMIT-NOOP
[rtmod] SUBMIT tid=3240 cv=808 waits=0 sigs=2 cmds=1
[rtmod] COMMIT-NOOP
[rtmod] COMMIT-NOOP
[rtmod] SUBMIT tid=3240 cv=809 waits=0 sigs=2 cmds=1
[rtmod] COMMIT-NOOP
[rtmod] COMMIT-NOOP
[rtmod] SUBMIT tid=3240 cv=810 waits=0 sigs=2 cmds=1
[rtmod] COMMIT-NOOP
[rtmod] COMMIT-NOOP
[rtmod] SUBMIT tid=3240 cv=811 waits=0 sigs=2 cmds=1
[rtmod] COMMIT-NOOP
[rtmod] COMMIT-NOOP
[rtmod] SUBMIT tid=3240 cv=812 waits=0 sigs=2 cmds=1
[rtmod] COMMIT-NOOP
[rtmod] COMMIT-NOOP
[rtmod] SUBMIT tid=3240 cv=813 waits=0 sigs=2 cmds=1
[rtmod] COMMIT-NOOP
[rtmod] COMMIT-NOOP
[rtmod] SUBMIT tid=3240 cv=814 waits=0 sigs=2 cmds=1
[rtmod] COMMIT-NOOP
[rtmod] COMMIT-NOOP
[rtmod] COMMIT-NOOP
[rtmod] SUBMIT tid=3240 cv=815 waits=0 sigs=2 cmds=1
[rtmod] COMMIT-NOOP
[rtmod] COMMIT-NOOP
[rtmod] SUBMIT tid=3240 cv=816 waits=0 sigs=2 cmds=1
[rtmod] COMMIT-NOOP
[rtmod] COMMIT-NOOP
[rtmod] COMMIT-NOOP
[rtmod] SUBMIT tid=3240 cv=817 waits=0 sigs=2 cmds=1
[rtmod] COMMIT-NOOP
[rtmod] COMMIT-NOOP
[rtmod] SUBMIT tid=3240 cv=818 waits=0 sigs=2 cmds=1
[rtmod] COMMIT-NOOP
[rtmod] COMMIT-NOOP
[rtmod] SUBMIT tid=3240 cv=819 waits=0 sigs=2 cmds=1
[rtmod] COMMIT-NOOP
[rtmod] COMMIT-NOOP
[rtmod] SUBMIT tid=3240 cv=820 waits=0 sigs=2 cmds=1
[rtmod] COMMIT-NOOP
[rtmod] COMMIT-NOOP
[rtmod] SUBMIT tid=3240 cv=821 waits=0 sigs=2 cmds=1
[rtmod] COMMIT-NOOP
[rtmod] COMMIT-NOOP
[rtmod] SUBMIT tid=3240 cv=822 waits=0 sigs=2 cmds=1
[rtmod] COMMIT-NOOP
[rtmod] COMMIT-NOOP
[rtmod] SUBMIT tid=3240 cv=823 waits=0 sigs=2 cmds=1
[rtmod] COMMIT-NOOP
[rtmod] COMMIT-NOOP
[rtmod] SUBMIT tid=3240 cv=824 waits=0 sigs=2 cmds=1
[rtmod] COMMIT-NOOP
[rtmod] COMMIT-NOOP
[rtmod] COMMIT-NOOP
[rtmod] SUBMIT tid=3240 cv=825 waits=0 sigs=2 cmds=1
[rtmod] COMMIT-NOOP
[rtmod] COMMIT-NOOP
[rtmod] SUBMIT tid=3240 cv=826 waits=0 sigs=2 cmds=1
[rtmod] COMMIT-NOOP
[rtmod] COMMIT-NOOP
[rtmod] COMMIT-NOOP
[rtmod] SUBMIT tid=3240 cv=827 waits=0 sigs=2 cmds=1
[rtmod] COMMIT-NOOP
[rtmod] COMMIT-NOOP
[rtmod] SUBMIT tid=3240 cv=828 waits=0 sigs=2 cmds=1
[rtmod] COMMIT-NOOP
[rtmod] COMMIT-NOOP
[rtmod] COMMIT-NOOP
[rtmod] SUBMIT tid=3240 cv=829 waits=0 sigs=2 cmds=1
[rtmod] COMMIT-NOOP
[rtmod] COMMIT-NOOP
[rtmod] SUBMIT tid=3240 cv=830 waits=0 sigs=2 cmds=1
[rtmod] COMMIT-NOOP
[rtmod] COMMIT-NOOP
[rtmod] SUBMIT tid=3240 cv=831 waits=0 sigs=2 cmds=1
[rtmod] COMMIT-NOOP
[rtmod] COMMIT-NOOP
[rtmod] SUBMIT tid=3240 cv=832 waits=0 sigs=2 cmds=1
[rtmod] COMMIT-NOOP
[rtmod] COMMIT-NOOP
[rtmod] SUBMIT tid=3240 cv=833 waits=0 sigs=2 cmds=1
[rtmod] COMMIT-NOOP
[rtmod] COMMIT-NOOP
[rtmod] SUBMIT tid=3240 cv=834 waits=0 sigs=2 cmds=1
[rtmod] COMMIT-NOOP
[rtmod] COMMIT-NOOP
[rtmod] SUBMIT tid=3240 cv=835 waits=0 sigs=2 cmds=1
[rtmod] COMMIT-NOOP
[rtmod] COMMIT-NOOP
[rtmod] COMMIT-NOOP
[rtmod] SUBMIT tid=3240 cv=836 waits=5 sigs=2 cmds=1
[rtmod] COMMIT-NOOP
[rtmod] COMMIT-NOOP
[rtmod] SUBMIT tid=3240 cv=837 waits=0 sigs=2 cmds=1
[rtmod] COMMIT-NOOP
[rtmod] COMMIT-NOOP
[rtmod] SUBMIT tid=3240 cv=838 waits=0 sigs=2 cmds=1
[rtmod] COMMIT-NOOP
[rtmod] COMMIT-NOOP
[rtmod] SUBMIT tid=3240 cv=839 waits=0 sigs=2 cmds=1
[rtmod] COMMIT-NOOP
[rtmod] COMMIT-NOOP
[rtmod] SUBMIT tid=3240 cv=840 waits=0 sigs=2 cmds=1
[rtmod] COMMIT-NOOP
[rtmod] COMMIT-NOOP
[rtmod] SUBMIT tid=3240 cv=841 waits=0 sigs=2 cmds=1
[rtmod] COMMIT-NOOP
[doctest] doctest version is "2.4.12"
[doctest] run with "--help" for options
===============================================================================
[doctest] test cases:     103 |     103 passed | 0 failed | 0 skipped
[doctest] assertions: 2700952 | 2700952 passed | 0 failed |
[doctest] Status: SUCCESS!
[rtmod] COMMIT-NOOP
[rtmod] COMMIT-NOOP
[rtmod] COMMIT-NOOP
[rtmod] COMMIT-NOOP
[rtmod] COMMIT-NOOP
[rtmod] COMMIT-NOOP
[rtmod] COMMIT-NOOP
[rtmod] COMMIT-NOOP
[rtmod] COMMIT-NOOP
[rtmod] COMMIT-NOOP
[rtmod] COMMIT-NOOP
[rtmod] COMMIT-NOOP
[rtmod] COMMIT-NOOP
[rtmod] COMMIT-NOOP
[rtmod] COMMIT-NOOP
[rtmod] COMMIT-NOOP
[rtmod] COMMIT-NOOP
[rtmod] COMMIT-NOOP
[rtmod] COMMIT-NOOP
[rtmod] COMMIT-NOOP
[rtmod] COMMIT-NOOP
[rtmod] COMMIT-NOOP
[rtmod] COMMIT-NOOP
[rtmod] COMMIT-NOOP
[rtmod] COMMIT-NOOP
[rtmod] COMMIT-NOOP
[rtmod] COMMIT-NOOP
[rtmod] COMMIT-NOOP
[rtmod] COMMIT-NOOP
[rtmod] COMMIT-NOOP
[rtmod] COMMIT-NOOP
[rtmod] COMMIT-NOOP
[rtmod] COMMIT-NOOP
[rtmod] COMMIT-NOOP
[rtmod] COMMIT-NOOP
[rtmod] COMMIT-NOOP
[rtmod] COMMIT-NOOP
[rtmod] COMMIT-NOOP
[rtmod] COMMIT-NOOP
[rtmod] COMMIT-NOOP
[rtmod] COMMIT-NOOP
[rtmod] COMMIT-NOOP
[rtmod] COMMIT-NOOP
[rtmod] COMMIT-NOOP
[rtmod] COMMIT-NOOP
[rtmod] COMMIT-NOOP
[rtmod] COMMIT-NOOP
[rtmod] COMMIT-NOOP
[rtmod] COMMIT-NOOP
[rtmod] COMMIT-NOOP
[rtmod] COMMIT-NOOP
[rtmod] COMMIT-NOOP
[rtmod] COMMIT-NOOP
[rtmod] COMMIT-NOOP
[rtmod] COMMIT-NOOP
[rtmod] COMMIT-NOOP
[rtmod] COMMIT-NOOP
[rtmod] COMMIT-NOOP
[rtmod] COMMIT-NOOP
[rtmod] COMMIT-NOOP
[rtmod] COMMIT-NOOP
[rtmod] COMMIT-NOOP
[rtmod] COMMIT-NOOP
[rtmod] COMMIT-NOOP
[rtmod] COMMIT-NOOP
[rtmod] COMMIT-NOOP
[rtmod] COMMIT-NOOP
[rtmod] COMMIT-NOOP
[rtmod] COMMIT-NOOP
[rtmod] COMMIT-NOOP
[rtmod] COMMIT-NOOP
[rtmod] COMMIT-NOOP
[rtmod] COMMIT-NOOP
[rtmod] COMMIT-NOOP
[rtmod] COMMIT-NOOP
[rtmod] COMMIT-NOOP
[rtmod] COMMIT-NOOP
[rtmod] COMMIT-NOOP
[rtmod] COMMIT-NOOP
[rtmod] COMMIT-NOOP
[rtmod] COMMIT-NOOP
[rtmod] COMMIT-NOOP
[rtmod] COMMIT-NOOP
[rtmod] COMMIT-NOOP
[rtmod] COMMIT-NOOP
[rtmod] COMMIT-NOOP
[rtmod] COMMIT-NOOP
[rtmod] COMMIT-NOOP
[rtmod] COMMIT-NOOP
[rtmod] COMMIT-NOOP
[rtmod] COMMIT-NOOP
[rtmod] COMMIT-NOOP
[rtmod] COMMIT-NOOP
[rtmod] COMMIT-NOOP
[rtmod] COMMIT-NOOP
[rtmod] COMMIT-NOOP
[rtmod] COMMIT-NOOP
[rtmod] COMMIT-NOOP
[rtmod] COMMIT-NOOP
[rtmod] COMMIT-NOOP
[rtmod] COMMIT-NOOP
[rtmod] COMMIT-NOOP
[rtmod] COMMIT-NOOP
