Sep 20 15:47:03 jwm1-linux kernel: Booting Linux on physical CPU 0x0000000000 [0x611f0221]
Sep 20 15:47:03 jwm1-linux kernel: Linux version 7.1.13-3-2-ARCH (linux-asahi@archlinux) (gcc (GCC) 16.1.1 20260430, GNU ld (GNU Binutils) 2.46.0) #1 SMP PREEMPT_DYNAMIC Sat, 19 Sep 2026 16:04:41 +0000
Sep 20 15:47:03 jwm1-linux kernel: random: crng init done
Sep 20 15:47:03 jwm1-linux kernel: Machine model: Apple MacBook Pro (13-inch, M1, 2020)
Sep 20 15:47:03 jwm1-linux kernel: efi: EFI v2.11 by Das U-Boot
Sep 20 15:47:03 jwm1-linux kernel: efi: RTPROP=0xbcda36040 SMBIOS 3.0=0xbceac8000 INITRD=0xb34ffd040 MEMRESERVE=0xb34ffc040 
Sep 20 15:47:03 jwm1-linux kernel: OF: reserved mem: 0x0000000801b50000..0x0000000801f7ffff (4288 KiB) nomap non-reusable asc-firmware@801b50000
Sep 20 15:47:03 jwm1-linux kernel: OF: reserved mem: 0x0000000800b0c000..0x000000080152ffff (10384 KiB) nomap non-reusable asc-firmware@800b0c000
Sep 20 15:47:03 jwm1-linux kernel: OF: reserved mem: 0x00000008050f8000..0x00000008056cffff (5984 KiB) map non-reusable sep-firmware
Sep 20 15:47:03 jwm1-linux kernel: OF: reserved mem: 0x0000000bd5d5c000..0x0000000bd8ab7fff (46448 KiB) nomap non-reusable framebuffer@bd5d5c000
Sep 20 15:47:03 jwm1-linux kernel: OF: reserved mem: 0x0000000bd8ab8000..0x0000000bd8b77fff (768 KiB) nomap non-reusable region95@bd8ab8000
Sep 20 15:47:03 jwm1-linux kernel: OF: reserved mem: 0x0000000bd8b78000..0x0000000bd8b7bfff (16 KiB) nomap non-reusable region94@bd8b78000
Sep 20 15:47:03 jwm1-linux kernel: OF: reserved mem: 0x0000000bd8b7c000..0x0000000bd9b7bfff (16384 KiB) nomap non-reusable region57@bd8b7c000
Sep 20 15:47:03 jwm1-linux kernel: OF: reserved mem: 0x0000000bd9b7c000..0x0000000bd9e7bfff (3072 KiB) nomap non-reusable dcp_data@bd9b7c000
Sep 20 15:47:03 jwm1-linux kernel: OF: reserved mem: 0x0000000bd2bac000..0x0000000bd2baffff (16 KiB) map non-reusable flash@bd2bac000
Sep 20 15:47:03 jwm1-linux kernel: OF: reserved mem: 0x0000000804a50000..0x0000000804aaffff (384 KiB) map non-reusable flash@804a50000
Sep 20 15:47:03 jwm1-linux kernel: OF: reserved mem: 0x0000000bd2b8c000..0x0000000bd2b9ffff (80 KiB) map non-reusable globals
Sep 20 15:47:03 jwm1-linux kernel: OF: reserved mem: 0x0000000bd2ba4000..0x0000000bd2babfff (32 KiB) map non-reusable hw-cal-a
Sep 20 15:47:03 jwm1-linux kernel: OF: reserved mem: 0x0000000bd2ba0000..0x0000000bd2ba3fff (16 KiB) map non-reusable hw-cal-b
Sep 20 15:47:03 jwm1-linux kernel: OF: reserved mem: 0x0000000bfff70000..0x0000000bfff73fff (16 KiB) map non-reusable uat-handoff
Sep 20 15:47:03 jwm1-linux kernel: OF: reserved mem: 0x0000000bfff78000..0x0000000bfffb7fff (256 KiB) map non-reusable uat-pagetables
Sep 20 15:47:03 jwm1-linux kernel: OF: reserved mem: 0x0000000bfffb8000..0x0000000bfffbbfff (16 KiB) map non-reusable uat-ttbs
Sep 20 15:47:03 jwm1-linux kernel: OF: reserved mem: 0x0000000bd2bb0000..0x0000000bd2d5bfff (1712 KiB) nomap non-reusable isp-heap
Sep 20 15:47:03 jwm1-linux kernel: cma: Reserved 64 MiB at 0x0000000808000000
Sep 20 15:47:03 jwm1-linux kernel: Zone ranges:
Sep 20 15:47:03 jwm1-linux kernel:   DMA      [mem 0x0000000800b0c000-0x0000000bfffbbfff]
Sep 20 15:47:03 jwm1-linux kernel:   DMA32    empty
Sep 20 15:47:03 jwm1-linux kernel:   Normal   empty
Sep 20 15:47:03 jwm1-linux kernel: Movable zone start for each node
Sep 20 15:47:03 jwm1-linux kernel: Early memory node ranges
Sep 20 15:47:03 jwm1-linux kernel:   node   0: [mem 0x0000000800b0c000-0x000000080152ffff]
Sep 20 15:47:03 jwm1-linux kernel:   node   0: [mem 0x0000000801b50000-0x0000000801f7ffff]
Sep 20 15:47:03 jwm1-linux kernel:   node   0: [mem 0x0000000802078000-0x0000000804b07fff]
Sep 20 15:47:03 jwm1-linux kernel:   node   0: [mem 0x0000000804b08000-0x0000000804c17fff]
Sep 20 15:47:03 jwm1-linux kernel:   node   0: [mem 0x0000000804c18000-0x0000000806b13fff]
Sep 20 15:47:03 jwm1-linux kernel:   node   0: [mem 0x0000000806b14000-0x0000000806b23fff]
Sep 20 15:47:03 jwm1-linux kernel:   node   0: [mem 0x0000000806b24000-0x0000000806b27fff]
Sep 20 15:47:03 jwm1-linux kernel:   node   0: [mem 0x0000000806b28000-0x0000000806b37fff]
Sep 20 15:47:03 jwm1-linux kernel:   node   0: [mem 0x0000000806b38000-0x0000000806b3bfff]
Sep 20 15:47:03 jwm1-linux kernel:   node   0: [mem 0x0000000806b3c000-0x0000000806b4bfff]
Sep 20 15:47:03 jwm1-linux kernel:   node   0: [mem 0x0000000806b4c000-0x0000000806b4ffff]
Sep 20 15:47:03 jwm1-linux kernel:   node   0: [mem 0x0000000806b50000-0x0000000806b5ffff]
Sep 20 15:47:03 jwm1-linux kernel:   node   0: [mem 0x0000000806b60000-0x0000000806b63fff]
Sep 20 15:47:03 jwm1-linux kernel:   node   0: [mem 0x0000000806b64000-0x0000000806b73fff]
Sep 20 15:47:03 jwm1-linux kernel:   node   0: [mem 0x0000000806b74000-0x0000000806b77fff]
Sep 20 15:47:03 jwm1-linux kernel:   node   0: [mem 0x0000000806b78000-0x0000000806b87fff]
Sep 20 15:47:03 jwm1-linux kernel:   node   0: [mem 0x0000000806b88000-0x0000000806b8bfff]
Sep 20 15:47:03 jwm1-linux kernel:   node   0: [mem 0x0000000806b8c000-0x0000000806b9bfff]
Sep 20 15:47:03 jwm1-linux kernel:   node   0: [mem 0x0000000806b9c000-0x0000000806b9ffff]
Sep 20 15:47:03 jwm1-linux kernel:   node   0: [mem 0x0000000806ba0000-0x0000000806bcbfff]
Sep 20 15:47:03 jwm1-linux kernel:   node   0: [mem 0x0000000806bcc000-0x0000000b34bfffff]
Sep 20 15:47:03 jwm1-linux kernel:   node   0: [mem 0x0000000b34c00000-0x0000000b34c03fff]
Sep 20 15:47:03 jwm1-linux kernel:   node   0: [mem 0x0000000b34c04000-0x0000000bcda33fff]
Sep 20 15:47:03 jwm1-linux kernel:   node   0: [mem 0x0000000bcda34000-0x0000000bcda5bfff]
Sep 20 15:47:03 jwm1-linux kernel:   node   0: [mem 0x0000000bcda5c000-0x0000000bceac7fff]
Sep 20 15:47:03 jwm1-linux kernel:   node   0: [mem 0x0000000bceac8000-0x0000000bceacbfff]
Sep 20 15:47:03 jwm1-linux kernel:   node   0: [mem 0x0000000bceacc000-0x0000000bd2a9ffff]
Sep 20 15:47:03 jwm1-linux kernel:   node   0: [mem 0x0000000bd2aa0000-0x0000000bd2aaffff]
Sep 20 15:47:03 jwm1-linux kernel:   node   0: [mem 0x0000000bd2ab0000-0x0000000bd2b87fff]
Sep 20 15:47:03 jwm1-linux kernel:   node   0: [mem 0x0000000bd2b8c000-0x0000000bd2baffff]
Sep 20 15:47:03 jwm1-linux kernel:   node   0: [mem 0x0000000bd2bb0000-0x0000000bd2d5bfff]
Sep 20 15:47:03 jwm1-linux kernel:   node   0: [mem 0x0000000bd5d5c000-0x0000000bd9e7bfff]
Sep 20 15:47:03 jwm1-linux kernel:   node   0: [mem 0x0000000bfff70000-0x0000000bfff73fff]
Sep 20 15:47:03 jwm1-linux kernel:   node   0: [mem 0x0000000bfff78000-0x0000000bfffbbfff]
Sep 20 15:47:03 jwm1-linux kernel: Initmem setup node 0 [mem 0x0000000800b0c000-0x0000000bfffbbfff]
Sep 20 15:47:03 jwm1-linux kernel: On node 0, zone DMA: 707 pages in unavailable ranges
Sep 20 15:47:03 jwm1-linux kernel: On node 0, zone DMA: 392 pages in unavailable ranges
Sep 20 15:47:03 jwm1-linux kernel: On node 0, zone DMA: 62 pages in unavailable ranges
Sep 20 15:47:03 jwm1-linux kernel: On node 0, zone DMA: 1 pages in unavailable ranges
Sep 20 15:47:03 jwm1-linux kernel: On node 0, zone DMA: 3072 pages in unavailable ranges
Sep 20 15:47:03 jwm1-linux kernel: On node 0, zone DMA: 14397 pages in unavailable ranges
Sep 20 15:47:03 jwm1-linux kernel: On node 0, zone DMA: 1 pages in unavailable ranges
Sep 20 15:47:03 jwm1-linux kernel: On node 0, zone DMA: 17 pages in unavailable ranges
Sep 20 15:47:03 jwm1-linux kernel: percpu: Embedded 9 pages/cpu s103640 r8192 d35624 u147456
Sep 20 15:47:03 jwm1-linux kernel: pcpu-alloc: s103640 r8192 d35624 u147456 alloc=9*16384
Sep 20 15:47:03 jwm1-linux kernel: pcpu-alloc: [0] 0 [0] 1 [0] 2 [0] 3 [0] 4 [0] 5 [0] 6 [0] 7 
Sep 20 15:47:03 jwm1-linux kernel: Detected VIPT I-cache on CPU0
Sep 20 15:47:03 jwm1-linux kernel: CPU features: detected: Address authentication (IMP DEF algorithm)
Sep 20 15:47:03 jwm1-linux kernel: CPU features: detected: Virtualization Host Extensions
Sep 20 15:47:03 jwm1-linux kernel: CPU features: detected: Spectre-v4
Sep 20 15:47:03 jwm1-linux kernel: CPU features: detected: Spectre-BHB
Sep 20 15:47:03 jwm1-linux kernel: CPU features: detected: Apple IMPDEF PMUv3 Traps
Sep 20 15:47:03 jwm1-linux kernel: alternatives: applying boot alternatives
Sep 20 15:47:03 jwm1-linux kernel: Kernel command line: BOOT_IMAGE=/@/boot/vmlinuz-linux-asahi root=UUID=725346d2-f127-47bc-b464-9dd46155e8d6 rw rootflags=subvol=@ loglevel=3 quiet splash
Sep 20 15:47:03 jwm1-linux kernel: Unknown kernel command line parameters "splash", will be passed to user space.
Sep 20 15:47:03 jwm1-linux kernel: printk: log buffer data + meta data: 262144 + 1114112 = 1376256 bytes
Sep 20 15:47:03 jwm1-linux kernel: Dentry cache hash table entries: 2097152 (order: 10, 16777216 bytes, linear)
Sep 20 15:47:03 jwm1-linux kernel: Inode-cache hash table entries: 1048576 (order: 9, 8388608 bytes, linear)
Sep 20 15:47:03 jwm1-linux kernel: software IO TLB: SWIOTLB bounce buffer size adjusted to 15MB
Sep 20 15:47:03 jwm1-linux kernel: software IO TLB: area num 8.
Sep 20 15:47:03 jwm1-linux kernel: software IO TLB: SWIOTLB bounce buffer size roundup to 16MB
Sep 20 15:47:03 jwm1-linux kernel: software IO TLB: mapped [mem 0x0000000bcfa1c000-0x0000000bd0a1c000] (16MB)
Sep 20 15:47:03 jwm1-linux kernel: Built 1 zonelists, mobility grouping on.  Total pages: 1005351
Sep 20 15:47:03 jwm1-linux kernel: mem auto-init: stack:off, heap alloc:on, heap free:off
Sep 20 15:47:03 jwm1-linux kernel: SLUB: HWalign=64, Order=0-3, MinObjects=0, CPUs=8, Nodes=1
Sep 20 15:47:03 jwm1-linux kernel: ftrace: allocating 49671 entries in 49 pages
Sep 20 15:47:03 jwm1-linux kernel: ftrace: allocated 49 pages with 3 groups
Sep 20 15:47:03 jwm1-linux kernel: Dynamic Preempt: full
Sep 20 15:47:03 jwm1-linux kernel: rcu: Preemptible hierarchical RCU implementation.
Sep 20 15:47:03 jwm1-linux kernel: rcu:         RCU restricting CPUs from NR_CPUS=64 to nr_cpu_ids=8.
Sep 20 15:47:03 jwm1-linux kernel:         Trampoline variant of Tasks RCU enabled.
Sep 20 15:47:03 jwm1-linux kernel:         Rude variant of Tasks RCU enabled.
Sep 20 15:47:03 jwm1-linux kernel:         Tracing variant of Tasks RCU enabled.
Sep 20 15:47:03 jwm1-linux kernel: rcu: RCU calculated value of scheduler-enlistment delay is 100 jiffies.
Sep 20 15:47:03 jwm1-linux kernel: rcu: Adjusting geometry for rcu_fanout_leaf=16, nr_cpu_ids=8
Sep 20 15:47:03 jwm1-linux kernel: RCU Tasks: Setting shift to 3 and lim to 1 rcu_task_cb_adjust=1 rcu_task_cpu_ids=8.
Sep 20 15:47:03 jwm1-linux kernel: RCU Tasks Rude: Setting shift to 3 and lim to 1 rcu_task_cb_adjust=1 rcu_task_cpu_ids=8.
Sep 20 15:47:03 jwm1-linux kernel: NR_IRQS: 64, nr_irqs: 64, preallocated irqs: 0
Sep 20 15:47:03 jwm1-linux kernel: Root IRQ handler: aic_handle_irq
Sep 20 15:47:03 jwm1-linux kernel: Root FIQ handler: aic_handle_fiq
Sep 20 15:47:03 jwm1-linux kernel: irq_apple_aic: Using Fast IPIs
Sep 20 15:47:03 jwm1-linux kernel: irq_apple_aic: Initialized with 896/1024 IRQs * 1/1 die(s), 7 FIQs, 32 vIPIs
Sep 20 15:47:03 jwm1-linux kernel: rcu: srcu_init: Setting srcu_struct sizes based on contention.
Sep 20 15:47:03 jwm1-linux kernel: clocksource: jiffies: mask: 0xffffffff max_cycles: 0xffffffff, max_idle_ns: 1911260446275000 ns
Sep 20 15:47:03 jwm1-linux kernel: arch_timer: cp15 timer running at 24.00MHz (phys).
Sep 20 15:47:03 jwm1-linux kernel: clocksource: arch_sys_counter: mask: 0xffffffffffffff max_cycles: 0x588fe9dc0, max_idle_ns: 440795202592 ns
Sep 20 15:47:03 jwm1-linux kernel: sched_clock: 56 bits at 24MHz, resolution 41ns, wraps every 4398046511097ns
Sep 20 15:47:03 jwm1-linux kernel: Console: colour dummy device 80x25
Sep 20 15:47:03 jwm1-linux kernel: printk: legacy console [tty0] enabled
Sep 20 15:47:03 jwm1-linux kernel: Calibrating delay loop (skipped), value calculated using timer frequency.. 48.00 BogoMIPS (lpj=24000)
Sep 20 15:47:03 jwm1-linux kernel: pid_max: default: 32768 minimum: 301
Sep 20 15:47:03 jwm1-linux kernel: landlock: Up and running.
Sep 20 15:47:03 jwm1-linux kernel: Yama: becoming mindful.
Sep 20 15:47:03 jwm1-linux kernel: AppArmor: AppArmor initialized
Sep 20 15:47:03 jwm1-linux kernel: LSM support for eBPF active
Sep 20 15:47:03 jwm1-linux kernel: Mount-cache hash table entries: 32768 (order: 4, 262144 bytes, linear)
Sep 20 15:47:03 jwm1-linux kernel: Mountpoint-cache hash table entries: 32768 (order: 4, 262144 bytes, linear)
Sep 20 15:47:03 jwm1-linux kernel: VFS: Finished mounting rootfs on nullfs
Sep 20 15:47:03 jwm1-linux kernel: rcu: Hierarchical SRCU implementation.
Sep 20 15:47:03 jwm1-linux kernel: rcu:         Max phase no-delay instances is 400.
Sep 20 15:47:03 jwm1-linux kernel: Timer migration: 1 hierarchy levels; 8 children per group; 1 crossnode level
Sep 20 15:47:03 jwm1-linux kernel: Remapping and enabling EFI services.
Sep 20 15:47:03 jwm1-linux kernel: smp: Bringing up secondary CPUs ...
Sep 20 15:47:03 jwm1-linux kernel: Detected VIPT I-cache on CPU1
Sep 20 15:47:03 jwm1-linux kernel: CPU1: Booted secondary processor 0x0000000001 [0x611f0221]
Sep 20 15:47:03 jwm1-linux kernel: Detected VIPT I-cache on CPU2
Sep 20 15:47:03 jwm1-linux kernel: CPU2: Booted secondary processor 0x0000000002 [0x611f0221]
Sep 20 15:47:03 jwm1-linux kernel: Detected VIPT I-cache on CPU3
Sep 20 15:47:03 jwm1-linux kernel: CPU3: Booted secondary processor 0x0000000003 [0x611f0221]
Sep 20 15:47:03 jwm1-linux kernel: Detected VIPT I-cache on CPU4
Sep 20 15:47:03 jwm1-linux kernel: CPU4: Booted secondary processor 0x0000010100 [0x611f0231]
Sep 20 15:47:03 jwm1-linux kernel: Detected VIPT I-cache on CPU5
Sep 20 15:47:03 jwm1-linux kernel: CPU5: Booted secondary processor 0x0000010101 [0x611f0231]
Sep 20 15:47:03 jwm1-linux kernel: Detected VIPT I-cache on CPU6
Sep 20 15:47:03 jwm1-linux kernel: CPU6: Booted secondary processor 0x0000010102 [0x611f0231]
Sep 20 15:47:03 jwm1-linux kernel: Detected VIPT I-cache on CPU7
Sep 20 15:47:03 jwm1-linux kernel: CPU7: Booted secondary processor 0x0000010103 [0x611f0231]
Sep 20 15:47:03 jwm1-linux kernel: smp: Brought up 1 node, 8 CPUs
Sep 20 15:47:03 jwm1-linux kernel: SMP: Total of 8 processors activated.
Sep 20 15:47:03 jwm1-linux kernel: CPU: All CPU(s) started at EL2
Sep 20 15:47:03 jwm1-linux kernel: CPU features: detected: ARMv8.4 Translation Table Level
Sep 20 15:47:03 jwm1-linux kernel: CPU features: detected: Data cache clean to the PoU not required for I/D coherence
Sep 20 15:47:03 jwm1-linux kernel: CPU features: detected: Common not Private translations
Sep 20 15:47:03 jwm1-linux kernel: CPU features: detected: CRC32 instructions
Sep 20 15:47:03 jwm1-linux kernel: CPU features: detected: Data independent timing control (DIT)
Sep 20 15:47:03 jwm1-linux kernel: CPU features: detected: E0PD
Sep 20 15:47:03 jwm1-linux kernel: CPU features: detected: Enhanced Virtualization Traps
Sep 20 15:47:03 jwm1-linux kernel: CPU features: detected: Generic authentication (IMP DEF algorithm)
Sep 20 15:47:03 jwm1-linux kernel: CPU features: detected: RCpc load-acquire (LDAPR)
Sep 20 15:47:03 jwm1-linux kernel: CPU features: detected: LSE atomic instructions
Sep 20 15:47:03 jwm1-linux kernel: CPU features: detected: Privileged Access Never
Sep 20 15:47:03 jwm1-linux kernel: CPU features: detected: RAS Extension Support
Sep 20 15:47:03 jwm1-linux kernel: CPU features: detected: Speculation barrier (SB)
Sep 20 15:47:03 jwm1-linux kernel: CPU features: detected: Stage-2 Force Write-Back
Sep 20 15:47:03 jwm1-linux kernel: CPU features: detected: TLB range maintenance instructions
Sep 20 15:47:03 jwm1-linux kernel: CPU features: detected: XNX
Sep 20 15:47:03 jwm1-linux kernel: CPU features: detected: Speculative Store Bypassing Safe (SSBS)
Sep 20 15:47:03 jwm1-linux kernel: alternatives: applying system-wide alternatives
Sep 20 15:47:03 jwm1-linux kernel: CPU features: detected: ACTLR virtualization (IMPDEF, Apple)
Sep 20 15:47:03 jwm1-linux kernel: CPU features: detected: ICV_DIR_EL1 trapping
Sep 20 15:47:03 jwm1-linux kernel: CPU features: detected: TSO memory model (Apple)
Sep 20 15:47:03 jwm1-linux kernel: Memory: 15745232K/16085616K available (17088K kernel code, 2994K rwdata, 12112K rodata, 2560K init, 671K bss, 262064K reserved, 65536K cma-reserved)
Sep 20 15:47:03 jwm1-linux kernel: devtmpfs: initialized
Sep 20 15:47:03 jwm1-linux kernel: posixtimers hash table entries: 4096 (order: 2, 65536 bytes, linear)
Sep 20 15:47:03 jwm1-linux kernel: futex hash table entries: 2048 (131072 bytes on 1 NUMA nodes, total 128 KiB, linear).
Sep 20 15:47:03 jwm1-linux kernel: 5952 pages in range for non-PLT usage
Sep 20 15:47:03 jwm1-linux kernel: 128832 pages in range for PLT usage
Sep 20 15:47:03 jwm1-linux kernel: DMI: SMBIOS 3.7.0 present.
Sep 20 15:47:03 jwm1-linux kernel: DMI: Apple Inc. MacBookPro17,1/J293, BIOS 2026.07 07/01/2026
Sep 20 15:47:03 jwm1-linux kernel: DMI: Memory slots populated: 1/1
Sep 20 15:47:03 jwm1-linux kernel: NET: Registered PF_NETLINK/PF_ROUTE protocol family
Sep 20 15:47:03 jwm1-linux kernel: DMA: preallocated 2048 KiB GFP_KERNEL|GFP_DMA pool for atomic allocations
Sep 20 15:47:03 jwm1-linux kernel: audit: initializing netlink subsys (disabled)
Sep 20 15:47:03 jwm1-linux kernel: audit: type=2000 audit(0.008:1): state=initialized audit_enabled=0 res=1
Sep 20 15:47:03 jwm1-linux kernel: thermal_sys: Registered thermal governor 'fair_share'
Sep 20 15:47:03 jwm1-linux kernel: thermal_sys: Registered thermal governor 'bang_bang'
Sep 20 15:47:03 jwm1-linux kernel: thermal_sys: Registered thermal governor 'step_wise'
Sep 20 15:47:03 jwm1-linux kernel: thermal_sys: Registered thermal governor 'user_space'
Sep 20 15:47:03 jwm1-linux kernel: thermal_sys: Registered thermal governor 'power_allocator'
Sep 20 15:47:03 jwm1-linux kernel: cpuidle: using governor ladder
Sep 20 15:47:03 jwm1-linux kernel: cpuidle: using governor menu
Sep 20 15:47:03 jwm1-linux kernel: hw-breakpoint: found 6 breakpoint and 4 watchpoint registers.
Sep 20 15:47:03 jwm1-linux kernel: ASID allocator initialised with 256 entries
Sep 20 15:47:03 jwm1-linux kernel: /soc/display-pipe@228200000: Fixed dependency cycle(s) with /soc/dsi@228600000
Sep 20 15:47:03 jwm1-linux kernel: /soc/dsi@228600000: Fixed dependency cycle(s) with /soc/dsi@228600000/panel@0
Sep 20 15:47:03 jwm1-linux kernel: /soc/dsi@228600000: Fixed dependency cycle(s) with /soc/display-pipe@228200000
Sep 20 15:47:03 jwm1-linux kernel: /soc/dsi@228600000/panel@0: Fixed dependency cycle(s) with /soc/dsi@228600000
Sep 20 15:47:03 jwm1-linux kernel: /soc/i2c@235010000/usb-pd@38/connector: Fixed dependency cycle(s) with /soc/phy@383000000
Sep 20 15:47:03 jwm1-linux kernel: /soc/i2c@235010000/usb-pd@38/connector: Fixed dependency cycle(s) with /soc/usb@382280000
Sep 20 15:47:03 jwm1-linux kernel: /soc/i2c@235010000/usb-pd@3f/connector: Fixed dependency cycle(s) with /soc/phy@503000000
Sep 20 15:47:03 jwm1-linux kernel: /soc/i2c@235010000/usb-pd@3f/connector: Fixed dependency cycle(s) with /soc/usb@502280000
Sep 20 15:47:03 jwm1-linux kernel: /soc/usb@382280000: Fixed dependency cycle(s) with /soc/i2c@235010000/usb-pd@38/connector
Sep 20 15:47:03 jwm1-linux kernel: /soc/usb@382280000: Fixed dependency cycle(s) with /soc/phy@383000000
Sep 20 15:47:03 jwm1-linux kernel: /soc/phy@383000000: Fixed dependency cycle(s) with /soc/usb@382280000
Sep 20 15:47:03 jwm1-linux kernel: /soc/phy@383000000: Fixed dependency cycle(s) with /soc/i2c@235010000/usb-pd@38/connector
Sep 20 15:47:03 jwm1-linux kernel: /soc/usb@502280000: Fixed dependency cycle(s) with /soc/i2c@235010000/usb-pd@3f/connector
Sep 20 15:47:03 jwm1-linux kernel: /soc/usb@502280000: Fixed dependency cycle(s) with /soc/phy@503000000
Sep 20 15:47:03 jwm1-linux kernel: /soc/phy@503000000: Fixed dependency cycle(s) with /soc/usb@502280000
Sep 20 15:47:03 jwm1-linux kernel: /soc/phy@503000000: Fixed dependency cycle(s) with /soc/i2c@235010000/usb-pd@3f/connector
Sep 20 15:47:03 jwm1-linux kernel: /soc/pcie@690000000: Fixed dependency cycle(s) with /soc/pcie@690000000
Sep 20 15:47:03 jwm1-linux kernel: /soc/pcie@690000000/pci@0,0: Fixed dependency cycle(s) with /soc/pcie@690000000/pci@0,0
Sep 20 15:47:03 jwm1-linux kernel: /soc/display-pipe@228200000: Fixed dependency cycle(s) with /soc/dsi@228600000
Sep 20 15:47:03 jwm1-linux kernel: /soc/display-pipe@228200000: Fixed dependency cycle(s) with /soc/dsi@228600000
Sep 20 15:47:03 jwm1-linux kernel: /soc/dsi@228600000: Fixed dependency cycle(s) with /soc/dsi@228600000/panel@0
Sep 20 15:47:03 jwm1-linux kernel: /soc/dsi@228600000: Fixed dependency cycle(s) with /soc/display-pipe@228200000
Sep 20 15:47:03 jwm1-linux kernel: /soc/dsi@228600000/panel@0: Fixed dependency cycle(s) with /soc/dsi@228600000
Sep 20 15:47:03 jwm1-linux kernel: /soc/i2c@235010000/usb-pd@38/connector: Fixed dependency cycle(s) with /soc/phy@383000000
Sep 20 15:47:03 jwm1-linux kernel: /soc/i2c@235010000/usb-pd@38/connector: Fixed dependency cycle(s) with /soc/usb@382280000
Sep 20 15:47:03 jwm1-linux kernel: /soc/i2c@235010000/usb-pd@3f/connector: Fixed dependency cycle(s) with /soc/phy@503000000
Sep 20 15:47:03 jwm1-linux kernel: /soc/i2c@235010000/usb-pd@3f/connector: Fixed dependency cycle(s) with /soc/usb@502280000
Sep 20 15:47:03 jwm1-linux kernel: /soc/i2c@235010000/usb-pd@38/connector: Fixed dependency cycle(s) with /soc/usb@382280000
Sep 20 15:47:03 jwm1-linux kernel: /soc/usb@382280000: Fixed dependency cycle(s) with /soc/i2c@235010000/usb-pd@38/connector
Sep 20 15:47:03 jwm1-linux kernel: /soc/usb@382280000: Fixed dependency cycle(s) with /soc/phy@383000000
Sep 20 15:47:03 jwm1-linux kernel: /soc/usb@382280000: Fixed dependency cycle(s) with /soc/phy@383000000
Sep 20 15:47:03 jwm1-linux kernel: /soc/i2c@235010000/usb-pd@38/connector: Fixed dependency cycle(s) with /soc/phy@383000000
Sep 20 15:47:03 jwm1-linux kernel: /soc/phy@383000000: Fixed dependency cycle(s) with /soc/usb@382280000
Sep 20 15:47:03 jwm1-linux kernel: /soc/phy@383000000: Fixed dependency cycle(s) with /soc/i2c@235010000/usb-pd@38/connector
Sep 20 15:47:03 jwm1-linux kernel: /soc/i2c@235010000/usb-pd@3f/connector: Fixed dependency cycle(s) with /soc/usb@502280000
Sep 20 15:47:03 jwm1-linux kernel: /soc/usb@502280000: Fixed dependency cycle(s) with /soc/i2c@235010000/usb-pd@3f/connector
Sep 20 15:47:03 jwm1-linux kernel: /soc/usb@502280000: Fixed dependency cycle(s) with /soc/phy@503000000
Sep 20 15:47:03 jwm1-linux kernel: /soc/usb@502280000: Fixed dependency cycle(s) with /soc/phy@503000000
Sep 20 15:47:03 jwm1-linux kernel: /soc/i2c@235010000/usb-pd@3f/connector: Fixed dependency cycle(s) with /soc/phy@503000000
Sep 20 15:47:03 jwm1-linux kernel: /soc/phy@503000000: Fixed dependency cycle(s) with /soc/usb@502280000
Sep 20 15:47:03 jwm1-linux kernel: /soc/phy@503000000: Fixed dependency cycle(s) with /soc/i2c@235010000/usb-pd@3f/connector
Sep 20 15:47:03 jwm1-linux kernel: /soc/pcie@690000000: Fixed dependency cycle(s) with /soc/pcie@690000000
Sep 20 15:47:03 jwm1-linux kernel: /soc/pcie@690000000/pci@0,0: Fixed dependency cycle(s) with /soc/pcie@690000000/pci@0,0
Sep 20 15:47:03 jwm1-linux kernel: HugeTLB: registered 1.00 GiB page size, pre-allocated 0 pages
Sep 20 15:47:03 jwm1-linux kernel: HugeTLB: 0 KiB vmemmap can be freed for a 1.00 GiB page
Sep 20 15:47:03 jwm1-linux kernel: HugeTLB: registered 32.0 MiB page size, pre-allocated 0 pages
Sep 20 15:47:03 jwm1-linux kernel: HugeTLB: 0 KiB vmemmap can be freed for a 32.0 MiB page
Sep 20 15:47:03 jwm1-linux kernel: HugeTLB: registered 2.00 MiB page size, pre-allocated 0 pages
Sep 20 15:47:03 jwm1-linux kernel: HugeTLB: 0 KiB vmemmap can be freed for a 2.00 MiB page
Sep 20 15:47:03 jwm1-linux kernel: iommu: Default domain type: Translated
Sep 20 15:47:03 jwm1-linux kernel: iommu: DMA domain TLB invalidation policy: strict mode
Sep 20 15:47:03 jwm1-linux kernel: SCSI subsystem initialized
Sep 20 15:47:03 jwm1-linux kernel: usbcore: registered new interface driver usbfs
Sep 20 15:47:03 jwm1-linux kernel: usbcore: registered new interface driver hub
Sep 20 15:47:03 jwm1-linux kernel: usbcore: registered new device driver usb
Sep 20 15:47:03 jwm1-linux kernel: pps_core: LinuxPPS API ver. 1 registered
Sep 20 15:47:03 jwm1-linux kernel: pps_core: Software ver. 5.3.6 - Copyright 2005-2007 Rodolfo Giometti <giometti@linux.it>
Sep 20 15:47:03 jwm1-linux kernel: efivars: Registered efivars operations
Sep 20 15:47:03 jwm1-linux kernel: Advanced Linux Sound Architecture Driver Initialized.
Sep 20 15:47:03 jwm1-linux kernel: NetLabel: Initializing
Sep 20 15:47:03 jwm1-linux kernel: NetLabel:  domain hash size = 128
Sep 20 15:47:03 jwm1-linux kernel: NetLabel:  protocols = UNLABELED CIPSOv4 CALIPSO
Sep 20 15:47:03 jwm1-linux kernel: NetLabel:  unlabeled traffic allowed by default
Sep 20 15:47:03 jwm1-linux kernel: vgaarb: loaded
Sep 20 15:47:03 jwm1-linux kernel: clocksource: Switched to clocksource arch_sys_counter
Sep 20 15:47:03 jwm1-linux kernel: VFS: Disk quotas dquot_6.6.0
Sep 20 15:47:03 jwm1-linux kernel: VFS: Dquot-cache hash table entries: 2048 (order 0, 16384 bytes)
Sep 20 15:47:03 jwm1-linux kernel: AppArmor: AppArmor Filesystem Enabled
Sep 20 15:47:03 jwm1-linux kernel: NET: Registered PF_INET protocol family
Sep 20 15:47:03 jwm1-linux kernel: IP idents hash table entries: 262144 (order: 7, 2097152 bytes, linear)
Sep 20 15:47:03 jwm1-linux kernel: tcp_listen_portaddr_hash hash table entries: 8192 (order: 3, 131072 bytes, linear)
Sep 20 15:47:03 jwm1-linux kernel: Table-perturb hash table entries: 65536 (order: 4, 262144 bytes, linear)
Sep 20 15:47:03 jwm1-linux kernel: TCP established hash table entries: 131072 (order: 6, 1048576 bytes, linear)
Sep 20 15:47:03 jwm1-linux kernel: TCP bind hash table entries: 65536 (order: 7, 2097152 bytes, linear)
Sep 20 15:47:03 jwm1-linux kernel: TCP: Hash tables configured (established 131072 bind 65536)
Sep 20 15:47:03 jwm1-linux kernel: MPTCP token hash table entries: 16384 (order: 5, 393216 bytes, linear)
Sep 20 15:47:03 jwm1-linux kernel: UDP hash table entries: 8192 (order: 5, 524288 bytes, linear)
Sep 20 15:47:03 jwm1-linux kernel: NET: Registered PF_UNIX/PF_LOCAL protocol family
Sep 20 15:47:03 jwm1-linux kernel: RPC: Registered named UNIX socket transport module.
Sep 20 15:47:03 jwm1-linux kernel: RPC: Registered udp transport module.
Sep 20 15:47:03 jwm1-linux kernel: RPC: Registered tcp transport module.
Sep 20 15:47:03 jwm1-linux kernel: RPC: Registered tcp-with-tls transport module.
Sep 20 15:47:03 jwm1-linux kernel: RPC: Registered tcp NFSv4.1 backchannel transport module.
Sep 20 15:47:03 jwm1-linux kernel: PCI: CLS 0 bytes, default 64
Sep 20 15:47:03 jwm1-linux kernel: Trying to unpack rootfs image as initramfs...
Sep 20 15:47:03 jwm1-linux kernel: kvm [1]: nv: 570 coarse grained trap handlers
Sep 20 15:47:03 jwm1-linux kernel: kvm [1]: nv: 710 fine grained trap handlers
Sep 20 15:47:03 jwm1-linux kernel: kvm [1]: IPA Size Limit: 36 bits (Reduced IPA size, limited VM/VMM compatibility)
Sep 20 15:47:03 jwm1-linux kernel: kvm [1]: Non-architectural vgic, tainting kernel
Sep 20 15:47:03 jwm1-linux kernel: kvm [1]: GICv3: no GICV resource entry
Sep 20 15:47:03 jwm1-linux kernel: kvm [1]: disabling GICv2 emulation
Sep 20 15:47:03 jwm1-linux kernel: kvm [1]: GICv3 with broken locally generated SEI
Sep 20 15:47:03 jwm1-linux kernel: kvm [1]: GICv3 sysreg trapping enabled ([G0G1D], reduced performance)
Sep 20 15:47:03 jwm1-linux kernel: kvm [1]: GIC system register CPU interface enabled
Sep 20 15:47:03 jwm1-linux kernel: kvm [1]: vgic interrupt IRQ33
Sep 20 15:47:03 jwm1-linux kernel: kvm [1]: VHE mode initialized successfully
Sep 20 15:47:03 jwm1-linux kernel: Initialise system trusted keyrings
Sep 20 15:47:03 jwm1-linux kernel: workingset: timestamp_bits=46 (anon: 42) max_order=20 bucket_order=0 (anon: 0)
Sep 20 15:47:03 jwm1-linux kernel: NFS: Registering the id_resolver key type
Sep 20 15:47:03 jwm1-linux kernel: Key type id_resolver registered
Sep 20 15:47:03 jwm1-linux kernel: Key type id_legacy registered
Sep 20 15:47:03 jwm1-linux kernel: nfs4filelayout_init: NFSv4 File Layout Driver Registering...
Sep 20 15:47:03 jwm1-linux kernel: nfs4flexfilelayout_init: NFSv4 Flexfile Layout Driver Registering...
Sep 20 15:47:03 jwm1-linux kernel: cryptd: max_cpu_qlen set to 1000
Sep 20 15:47:03 jwm1-linux kernel: NET: Registered PF_ALG protocol family
Sep 20 15:47:03 jwm1-linux kernel: Key type asymmetric registered
Sep 20 15:47:03 jwm1-linux kernel: Asymmetric key parser 'x509' registered
Sep 20 15:47:03 jwm1-linux kernel: Asymmetric key parser 'pkcs8' registered
Sep 20 15:47:03 jwm1-linux kernel: Block layer SCSI generic (bsg) driver version 0.4 loaded (major 248)
Sep 20 15:47:03 jwm1-linux kernel: io scheduler mq-deadline registered
Sep 20 15:47:03 jwm1-linux kernel: io scheduler kyber registered
Sep 20 15:47:03 jwm1-linux kernel: io scheduler bfq registered
Sep 20 15:47:03 jwm1-linux kernel: ledtrig-cpu: registered to indicate activity on CPUs
Sep 20 15:47:03 jwm1-linux kernel: apple-pmgr-pwrstate 23d280000.power-management:power-controller@78: always-on domain msg is not on at boot
Sep 20 15:47:03 jwm1-linux kernel: 235200000.serial: ttySAC0 at MMIO 0x235200000 (irq = 60, base_baud = 0) is a APPLE S5L
Sep 20 15:47:03 jwm1-linux kernel: 235208000.serial: ttySAC2 at MMIO 0x235208000 (irq = 61, base_baud = 0) is a APPLE S5L
Sep 20 15:47:03 jwm1-linux kernel: apple-dart 26b800000.iommu: Limiting DMA range to 0x0000000000000000..0x00000000dfffffff
Sep 20 15:47:03 jwm1-linux kernel: apple-dart 26b800000.iommu: DART [pagesize 4000, 16 streams, bypass support: 1, bypass forced: 0, locked: 0, AS 32 -> 36] initialized
Sep 20 15:47:03 jwm1-linux kernel: apple-dart 26b810000.iommu: Limiting DMA range to 0x0000000000000000..0x00000000dfffffff
Sep 20 15:47:03 jwm1-linux kernel: apple-dart 26b810000.iommu: DART [pagesize 4000, 16 streams, bypass support: 0, bypass forced: 0, locked: 0, AS 32 -> 36] initialized
Sep 20 15:47:03 jwm1-linux kernel: apple-dart 26b820000.iommu: Limiting DMA range to 0x0000000000000000..0x00000000dfffffff
Sep 20 15:47:03 jwm1-linux kernel: platform 26bc04000.ane: Adding to iommu group 0
Sep 20 15:47:03 jwm1-linux kernel: apple-dart 26b820000.iommu: DART [pagesize 4000, 16 streams, bypass support: 1, bypass forced: 0, locked: 0, AS 32 -> 36] initialized
Sep 20 15:47:03 jwm1-linux kernel: platform 228200000.display-pipe: Adding to iommu group 1
Sep 20 15:47:03 jwm1-linux kernel: apple-dart 228304000.iommu: DART [pagesize 4000, 16 streams, bypass support: 0, bypass forced: 0, locked: 0, AS 32 -> 36] initialized
Sep 20 15:47:03 jwm1-linux kernel: apple-dart 22c0e8000.iommu: DART [pagesize 4000, 16 streams, bypass support: 1, bypass forced: 0, locked: 0, AS 32 -> 36] initialized
Sep 20 15:47:03 jwm1-linux kernel: apple-dart 22c0f4000.iommu: DART [pagesize 4000, 16 streams, bypass support: 0, bypass forced: 0, locked: 0, AS 32 -> 36] initialized
Sep 20 15:47:03 jwm1-linux kernel: platform 22a000000.isp: Adding to iommu group 2
Sep 20 15:47:03 jwm1-linux kernel: apple-dart 22c0fc000.iommu: DART [pagesize 4000, 16 streams, bypass support: 0, bypass forced: 0, locked: 0, AS 32 -> 36] initialized
Sep 20 15:47:03 jwm1-linux kernel: platform 242400000.sep: Adding to iommu group 3
Sep 20 15:47:03 jwm1-linux kernel: apple-dart 2412c0000.iommu: DART [pagesize 4000, 16 streams, bypass support: 0, bypass forced: 0, locked: 0, AS 32 -> 36] initialized
Sep 20 15:47:03 jwm1-linux kernel: platform 24a980000.dma-controller: Adding to iommu group 4
Sep 20 15:47:03 jwm1-linux kernel: platform 24ac00000.aop: Adding to iommu group 5
Sep 20 15:47:03 jwm1-linux kernel: apple-dart 24a808000.iommu: DART [pagesize 4000, 16 streams, bypass support: 1, bypass forced: 0, locked: 0, AS 32 -> 36] initialized
Sep 20 15:47:03 jwm1-linux kernel: platform 269080000.avd: Adding to iommu group 6
Sep 20 15:47:03 jwm1-linux kernel: apple-dart 269010000.iommu: DART [pagesize 4000, 16 streams, bypass support: 0, bypass forced: 0, locked: 0, AS 32 -> 36] initialized
Sep 20 15:47:03 jwm1-linux kernel: apple-dart 382f00000.iommu: DART [pagesize 4000, 16 streams, bypass support: 1, bypass forced: 0, locked: 0, AS 32 -> 36] initialized
Sep 20 15:47:03 jwm1-linux kernel: platform 382280000.usb: Adding to iommu group 7
Sep 20 15:47:03 jwm1-linux kernel: apple-dart 382f80000.iommu: DART [pagesize 4000, 16 streams, bypass support: 1, bypass forced: 0, locked: 0, AS 32 -> 36] initialized
Sep 20 15:47:03 jwm1-linux kernel: apple-dart 502f00000.iommu: DART [pagesize 4000, 16 streams, bypass support: 1, bypass forced: 0, locked: 0, AS 32 -> 36] initialized
Sep 20 15:47:03 jwm1-linux kernel: platform 502280000.usb: Adding to iommu group 8
Sep 20 15:47:03 jwm1-linux kernel: apple-dart 502f80000.iommu: DART [pagesize 4000, 16 streams, bypass support: 1, bypass forced: 0, locked: 0, AS 32 -> 36] initialized
Sep 20 15:47:03 jwm1-linux kernel: apple-dart 681008000.iommu: DART [pagesize 4000, 16 streams, bypass support: 0, bypass forced: 0, locked: 0, AS 32 -> 36] initialized
Sep 20 15:47:03 jwm1-linux kernel: asahi 206400000.gpu: Probing...
Sep 20 15:47:03 jwm1-linux kernel: asahi 206400000.gpu: MMU: Initializing...
Sep 20 15:47:03 jwm1-linux kernel: asahi 206400000.gpu: MMU: Initializing kernel page table
Sep 20 15:47:03 jwm1-linux kernel: asahi 206400000.gpu: MMU: Creating kernel page tables
Sep 20 15:47:03 jwm1-linux kernel: asahi 206400000.gpu: MMU: Kernel page tables created
Sep 20 15:47:03 jwm1-linux kernel: asahi 206400000.gpu: MMU: Initializing TTBs
Sep 20 15:47:03 jwm1-linux kernel: asahi 206400000.gpu: MMU: initialized
Sep 20 15:47:03 jwm1-linux kernel: asahi 206400000.gpu: GPU ID registers: 0x4021100 0x40a04 0x30808 0x40404 0x1320300 0x101311
Sep 20 15:47:03 jwm1-linux kernel: asahi 206400000.gpu: Core masks: [
                                       0xff,
                                       0x0,
                                   ]
Sep 20 15:47:03 jwm1-linux kernel: asahi 206400000.gpu: GPU Information:
Sep 20 15:47:03 jwm1-linux kernel: asahi 206400000.gpu:   Type: G13G
Sep 20 15:47:03 jwm1-linux kernel: asahi 206400000.gpu:   Clusters: 1
Sep 20 15:47:03 jwm1-linux kernel: asahi 206400000.gpu:   Cores: 8 (8)
Sep 20 15:47:03 jwm1-linux kernel: asahi 206400000.gpu:   Frags: 8 (8)
Sep 20 15:47:03 jwm1-linux kernel: asahi 206400000.gpu:   GPs: 4 (4)
Sep 20 15:47:03 jwm1-linux kernel: asahi 206400000.gpu:   Core masks: [
                                       0xff,
                                   ]
Sep 20 15:47:03 jwm1-linux kernel: asahi 206400000.gpu:   Active cores: 8
Sep 20 15:47:03 jwm1-linux kernel: asahi 206400000.gpu: Getting configuration from device tree...
Sep 20 15:47:03 jwm1-linux kernel: asahi 206400000.gpu: Dynamic configuration fetched
Sep 20 15:47:03 jwm1-linux kernel: asahi 206400000.gpu: !!! Hwdata A match
Sep 20 15:47:03 jwm1-linux kernel: asahi 206400000.gpu: !!! Hwdata B match
Sep 20 15:47:03 jwm1-linux kernel: asahi 206400000.gpu: !!! Globals match
Sep 20 15:47:03 jwm1-linux kernel: asahi 206400000.gpu: MMU: IO map: 0x204d00000:0x1c000 -> 0xffffffaf00000000
Sep 20 15:47:03 jwm1-linux kernel: asahi 206400000.gpu: MMU: IO map: 0x20e100000:0x4000 -> 0xffffffaf00020000
Sep 20 15:47:03 jwm1-linux kernel: asahi 206400000.gpu: MMU: IO map: 0x23b104000:0x4000 -> 0xffffffaf00028000
Sep 20 15:47:03 jwm1-linux kernel: asahi 206400000.gpu: MMU: IO map: 0x204000000:0x20000 -> 0xffffffaf00030000
Sep 20 15:47:03 jwm1-linux kernel: asahi 206400000.gpu: MMU: IO map: 0x23b2e8000:0x4000 -> 0xffffffaf00054000
Sep 20 15:47:03 jwm1-linux kernel: asahi 206400000.gpu: MMU: IO map: 0x23bc00000:0x4000 -> 0xffffffaf0005c000
Sep 20 15:47:03 jwm1-linux kernel: asahi 206400000.gpu: MMU: IO map: 0x204d80000:0x8000 -> 0xffffffaf00064000
Sep 20 15:47:03 jwm1-linux kernel: asahi 206400000.gpu: MMU: IO map: 0x204d60000:0x4000 -> 0xffffffaf00070000
Sep 20 15:47:03 jwm1-linux kernel: asahi 206400000.gpu: MMU: IO map: 0x200000000:0xd8000 -> 0xffffffaf00078000
Sep 20 15:47:03 jwm1-linux kernel: asahi 206400000.gpu: MMU: IO map: 0x23b738000:0x4000 -> 0xffffffaf00154000
Sep 20 15:47:03 jwm1-linux kernel: asahi 206400000.gpu: RTKit: Initializing (protocol version 12)
Sep 20 15:47:03 jwm1-linux kernel: [drm] Initialized asahi 0.0.0 for 206400000.gpu on minor 0
Sep 20 15:47:03 jwm1-linux kernel: macsmc 23e400000.smc: RTKit: Initializing (protocol version 12)
Sep 20 15:47:03 jwm1-linux kernel: macsmc-gpio macsmc-gpio: First GPIO key: gP01 (0x67503031)
Sep 20 15:47:03 jwm1-linux kernel: macsmc-low-gpio: Failed to locate of_node [id: -1]
Sep 20 15:47:03 jwm1-linux kernel: mousedev: PS/2 mouse device common for all mice
Sep 20 15:47:03 jwm1-linux kernel: input: Apple SMC power/lid events as /devices/platform/soc/23e400000.smc/macsmc-input/input/input0
Sep 20 15:47:03 jwm1-linux kernel: hwmon hwmon2: temp1_input not attached to any thermal zone
Sep 20 15:47:03 jwm1-linux kernel: hwmon hwmon2: temp2_input not attached to any thermal zone
Sep 20 15:47:03 jwm1-linux kernel: hwmon hwmon2: temp3_input not attached to any thermal zone
Sep 20 15:47:03 jwm1-linux kernel: hwmon hwmon2: temp4_input not attached to any thermal zone
Sep 20 15:47:03 jwm1-linux kernel: device-mapper: uevent: version 1.0.3
Sep 20 15:47:03 jwm1-linux kernel: device-mapper: ioctl: 4.50.0-ioctl (2025-04-28) initialised: dm-devel@lists.linux.dev
Sep 20 15:47:03 jwm1-linux kernel: cpu cpu0: EM: created perf domain
Sep 20 15:47:03 jwm1-linux kernel: cpu cpu4: EM: created perf domain
Sep 20 15:47:03 jwm1-linux kernel: energy_model: updating cpu0 cpu_cap=493 old capacity=714
Sep 20 15:47:03 jwm1-linux kernel: hid: raw HID events driver (C) Jiri Kosina
Sep 20 15:47:03 jwm1-linux kernel: watchdog: NMI not fully supported
Sep 20 15:47:03 jwm1-linux kernel: watchdog: Hard watchdog permanently disabled
Sep 20 15:47:03 jwm1-linux kernel: hw perfevents: enabled with apple_icestorm_pmu PMU driver, 10 (0,000003ff) counters available
Sep 20 15:47:03 jwm1-linux kernel: hw perfevents: enabled with apple_firestorm_pmu PMU driver, 10 (0,000003ff) counters available
Sep 20 15:47:03 jwm1-linux kernel: Initializing XFRM netlink socket
Sep 20 15:47:03 jwm1-linux kernel: NET: Registered PF_INET6 protocol family
Sep 20 15:47:03 jwm1-linux kernel: Segment Routing with IPv6
Sep 20 15:47:03 jwm1-linux kernel: In-situ OAM (IOAM) with IPv6
Sep 20 15:47:03 jwm1-linux kernel: mip6: Mobile IPv6
Sep 20 15:47:03 jwm1-linux kernel: NET: Registered PF_PACKET protocol family
Sep 20 15:47:03 jwm1-linux kernel: Key type dns_resolver registered
Sep 20 15:47:03 jwm1-linux kernel: registered taskstats version 1
Sep 20 15:47:03 jwm1-linux kernel: Loading compiled-in X.509 certificates
Sep 20 15:47:03 jwm1-linux kernel: Key type .fscrypt registered
Sep 20 15:47:03 jwm1-linux kernel: Key type fscrypt-provisioning registered
Sep 20 15:47:03 jwm1-linux kernel: Key type encrypted registered
Sep 20 15:47:03 jwm1-linux kernel: AppArmor: AppArmor sha256 policy hashing enabled
Sep 20 15:47:03 jwm1-linux kernel: leds_pwm led-controller: failed to read period for kbd_backlight, default to off
Sep 20 15:47:03 jwm1-linux kernel: pcie-apple 690000000.pcie: host bridge /soc/pcie@690000000 ranges:
Sep 20 15:47:03 jwm1-linux kernel: pcie-apple 690000000.pcie:      MEM 0x06a0000000..0x06bfffffff -> 0x06a0000000
Sep 20 15:47:03 jwm1-linux kernel: pcie-apple 690000000.pcie:      MEM 0x06c0000000..0x06ffffffff -> 0x00c0000000
Sep 20 15:47:03 jwm1-linux kernel: pcie-apple 690000000.pcie: Using 0 auxiliary PERST#
Sep 20 15:47:03 jwm1-linux kernel: Freeing initrd memory: 19392K
Sep 20 15:47:03 jwm1-linux kernel: pcie-apple 690000000.pcie: ECAM at [mem 0x690000000-0x690ffffff] for [bus 00-03]
Sep 20 15:47:03 jwm1-linux kernel: pcie-apple 690000000.pcie: PCI host bridge to bus 0000:00
Sep 20 15:47:03 jwm1-linux kernel: pci_bus 0000:00: root bus resource [bus 00-03]
Sep 20 15:47:03 jwm1-linux kernel: pci_bus 0000:00: root bus resource [mem 0x6a0000000-0x6bfffffff pref]
Sep 20 15:47:03 jwm1-linux kernel: pci_bus 0000:00: root bus resource [mem 0x6c0000000-0x6ffffffff] (bus address [0xc0000000-0xffffffff])
Sep 20 15:47:03 jwm1-linux kernel: pci 0000:00:00.0: [106b:100c] type 01 class 0x060400 PCIe Root Port
Sep 20 15:47:03 jwm1-linux kernel: pci 0000:00:00.0: PCI bridge to [bus 01]
Sep 20 15:47:03 jwm1-linux kernel: pci 0000:00:00.0: PME# supported from D0 D3hot D3cold
Sep 20 15:47:03 jwm1-linux kernel: OF: /soc/pcie@690000000: no iommu-map translation for id 0x0 on (null)
Sep 20 15:47:03 jwm1-linux kernel: /soc/pcie@690000000/pci@0,0: Fixed dependency cycle(s) with /soc/pcie@690000000/pci@0,0
Sep 20 15:47:03 jwm1-linux kernel: pci 0000:01:00.0: [14e4:4425] type 00 class 0x028000 PCIe Endpoint
Sep 20 15:47:03 jwm1-linux kernel: pci 0000:01:00.0: BAR 0 [mem 0x00000000-0x0000ffff 64bit]
Sep 20 15:47:03 jwm1-linux kernel: pci 0000:01:00.0: BAR 2 [mem 0x00000000-0x007fffff 64bit]
Sep 20 15:47:03 jwm1-linux kernel: pci 0000:01:00.0: supports D1 D2
Sep 20 15:47:03 jwm1-linux kernel: pci 0000:01:00.0: PME# supported from D0 D1 D2 D3hot D3cold
Sep 20 15:47:03 jwm1-linux kernel: pci 0000:01:00.0: Adding to iommu group 9
Sep 20 15:47:03 jwm1-linux kernel: pci 0000:01:00.1: [14e4:5f69] type 00 class 0x028000 PCIe Endpoint
Sep 20 15:47:03 jwm1-linux kernel: pci 0000:01:00.1: BAR 0 [mem 0x00000000-0x00007fff 64bit]
Sep 20 15:47:03 jwm1-linux kernel: pci 0000:01:00.1: BAR 2 [mem 0x00000000-0x003fffff 64bit]
Sep 20 15:47:03 jwm1-linux kernel: pci 0000:01:00.1: supports D1 D2
Sep 20 15:47:03 jwm1-linux kernel: pci 0000:01:00.1: PME# supported from D0 D1 D2 D3hot D3cold
Sep 20 15:47:03 jwm1-linux kernel: pci 0000:01:00.1: Adding to iommu group 9
Sep 20 15:47:03 jwm1-linux kernel: pci 0000:01:00.0: ASPM: default states L1
Sep 20 15:47:03 jwm1-linux kernel: pci_bus 0000:01: busn_res: [bus 01-03] end is updated to 01
Sep 20 15:47:03 jwm1-linux kernel: pci 0000:00:00.0: bridge window [mem 0x6c0000000-0x6c0cfffff]: assigned
Sep 20 15:47:03 jwm1-linux kernel: pci 0000:01:00.0: BAR 2 [mem 0x6c0000000-0x6c07fffff 64bit]: assigned
Sep 20 15:47:03 jwm1-linux kernel: pci 0000:01:00.1: BAR 2 [mem 0x6c0800000-0x6c0bfffff 64bit]: assigned
Sep 20 15:47:03 jwm1-linux kernel: pci 0000:01:00.0: BAR 0 [mem 0x6c0c00000-0x6c0c0ffff 64bit]: assigned
Sep 20 15:47:03 jwm1-linux kernel: pci 0000:01:00.1: BAR 0 [mem 0x6c0c10000-0x6c0c17fff 64bit]: assigned
Sep 20 15:47:03 jwm1-linux kernel: pci 0000:00:00.0: PCI bridge to [bus 01]
Sep 20 15:47:03 jwm1-linux kernel: pci 0000:00:00.0:   bridge window [mem 0x6c0000000-0x6c0cfffff]
Sep 20 15:47:03 jwm1-linux kernel: pci_bus 0000:00: resource 4 [mem 0x6a0000000-0x6bfffffff pref]
Sep 20 15:47:03 jwm1-linux kernel: pci_bus 0000:00: resource 5 [mem 0x6c0000000-0x6ffffffff]
Sep 20 15:47:03 jwm1-linux kernel: pci_bus 0000:01: resource 1 [mem 0x6c0000000-0x6c0cfffff]
Sep 20 15:47:03 jwm1-linux kernel: OF: /soc/pcie@690000000: no iommu-map translation for id 0x0 on (null)
Sep 20 15:47:03 jwm1-linux kernel: pcieport 0000:00:00.0: PME: Signaling with IRQ 90
Sep 20 15:47:03 jwm1-linux kernel: pcieport 0000:00:00.0: AER: enabled with IRQ 90
Sep 20 15:47:03 jwm1-linux kernel: apple-admac 24a980000.dma-controller: Audio DMA Controller
Sep 20 15:47:03 jwm1-linux kernel: apple-dart 231304000.iommu: Limiting DMA range to 0x0000000000000000..0x00000000fbffffff
Sep 20 15:47:03 jwm1-linux kernel: platform soc:display-subsystem: Adding to iommu group 10
Sep 20 15:47:03 jwm1-linux kernel: apple-dart 231304000.iommu: DART [pagesize 4000, 16 streams, bypass support: 1, bypass forced: 0, locked: 1, AS 32 -> 36] initialized
Sep 20 15:47:03 jwm1-linux kernel: apple-dart 23130c000.iommu: Limiting DMA range to 0x0000000f00000000..0x0000000ffbffffff
Sep 20 15:47:03 jwm1-linux kernel: platform 231c00000.dcp: Adding to iommu group 11
Sep 20 15:47:03 jwm1-linux kernel: apple-dart 23130c000.iommu: DART [pagesize 4000, 16 streams, bypass support: 1, bypass forced: 0, locked: 1, AS 32 -> 36] initialized
Sep 20 15:47:03 jwm1-linux kernel: platform 238200000.dma-controller: Adding to iommu group 12
Sep 20 15:47:03 jwm1-linux kernel: apple-dart 235004000.iommu: DART [pagesize 4000, 16 streams, bypass support: 1, bypass forced: 0, locked: 0, AS 32 -> 36] initialized
Sep 20 15:47:03 jwm1-linux kernel: [drm] Initialized simpledrm 1.0.0 for bd5d5c000.framebuffer on minor 1
Sep 20 15:47:03 jwm1-linux kernel: Console: switching to colour frame buffer device 160x50
Sep 20 15:47:03 jwm1-linux kernel: simple-framebuffer bd5d5c000.framebuffer: [drm] fb0: simpledrmdrmfb frame buffer device
Sep 20 15:47:03 jwm1-linux kernel: nvme-apple 27bcc0000.nvme: RTKit: Initializing (protocol version 12)
Sep 20 15:47:03 jwm1-linux kernel: spi-hid-apple-of spi2.0: limiting the number of devices to mngt, kbd and mouse
Sep 20 15:47:03 jwm1-linux kernel: input: Apple SPI Keyboard as /devices/platform/soc/23510c000.spi/spi_master/spi2/spi2.0/001C:05AC:0341.0001/input/input1
Sep 20 15:47:03 jwm1-linux kernel: hid-generic 001C:05AC:0341.0001: input,hidraw0: SPI HID v1.75 Keyboard [Apple SPI Keyboard] on spi2.0 (1)
Sep 20 15:47:03 jwm1-linux kernel: input: Apple SPI Trackpad Mouse as /devices/platform/soc/23510c000.spi/spi_master/spi2/spi2.0/001C:05AC:0341.0002/input/input2
Sep 20 15:47:03 jwm1-linux kernel: hid-generic 001C:05AC:0341.0002: input,hidraw1: SPI HID v1.75 Mouse [Apple SPI Trackpad] on spi2.0 (2)
Sep 20 15:47:03 jwm1-linux kernel: nvme-apple 27bcc0000.nvme: RTKit: syslog message: cmd.c:6438:  boot mode normal
Sep 20 15:47:03 jwm1-linux kernel: nvme nvme0: passthrough uses implicit buffer lengths
Sep 20 15:47:03 jwm1-linux kernel:  nvme0n1: p1 p2 p3 p4 p5 p6
Sep 20 15:47:03 jwm1-linux kernel: macsmc-rtc macsmc-rtc: registered as rtc0
Sep 20 15:47:03 jwm1-linux kernel: macsmc-rtc macsmc-rtc: setting system clock to 2026-09-20T20:47:00 UTC (1789937220)
Sep 20 15:47:03 jwm1-linux kernel: /soc/i2c@235010000/usb-pd@38/connector: Fixed dependency cycle(s) with /soc/phy@383000000
Sep 20 15:47:03 jwm1-linux kernel: /soc/i2c@235010000/usb-pd@38/connector: Fixed dependency cycle(s) with /soc/usb@382280000
Sep 20 15:47:03 jwm1-linux kernel: /soc/i2c@235010000/usb-pd@3f/connector: Fixed dependency cycle(s) with /soc/phy@503000000
Sep 20 15:47:03 jwm1-linux kernel: /soc/i2c@235010000/usb-pd@3f/connector: Fixed dependency cycle(s) with /soc/usb@502280000
Sep 20 15:47:03 jwm1-linux kernel: macsmc-reboot macsmc-reboot: Handling reboot and poweroff requests via SMC
Sep 20 15:47:03 jwm1-linux kernel: apple-admac 238200000.dma-controller: Audio DMA Controller
Sep 20 15:47:03 jwm1-linux kernel: clk: Disabling unused clocks
Sep 20 15:47:03 jwm1-linux kernel: PM: genpd: Disabling unused power domains
Sep 20 15:47:03 jwm1-linux kernel: ALSA device list:
Sep 20 15:47:03 jwm1-linux kernel:   No soundcards found.
Sep 20 15:47:03 jwm1-linux kernel: Freeing unused kernel memory: 2560K
Sep 20 15:47:03 jwm1-linux kernel: Checked W+X mappings: passed, no W+X pages found
Sep 20 15:47:03 jwm1-linux kernel: Run /init as init process
Sep 20 15:47:03 jwm1-linux kernel:   with arguments:
Sep 20 15:47:03 jwm1-linux kernel:     /init
Sep 20 15:47:03 jwm1-linux kernel:     splash
Sep 20 15:47:03 jwm1-linux kernel:   with environment:
Sep 20 15:47:03 jwm1-linux kernel:     HOME=/
Sep 20 15:47:03 jwm1-linux kernel:     TERM=linux
Sep 20 15:47:03 jwm1-linux kernel: raid6: neonx8   gen() 14062 MB/s
Sep 20 15:47:03 jwm1-linux kernel: raid6: neonx4   gen() 18861 MB/s
Sep 20 15:47:03 jwm1-linux kernel: raid6: neonx2   gen() 23724 MB/s
Sep 20 15:47:03 jwm1-linux kernel: raid6: neonx1   gen() 27164 MB/s
Sep 20 15:47:03 jwm1-linux kernel: raid6: int64x8  gen() 13166 MB/s
Sep 20 15:47:03 jwm1-linux kernel: raid6: int64x4  gen() 12234 MB/s
Sep 20 15:47:03 jwm1-linux kernel: raid6: int64x2  gen() 11085 MB/s
Sep 20 15:47:03 jwm1-linux kernel: raid6: int64x1  gen()  9697 MB/s
Sep 20 15:47:03 jwm1-linux kernel: raid6: using algorithm neonx1 gen() 27164 MB/s
Sep 20 15:47:03 jwm1-linux kernel: raid6: .... xor() 21600 MB/s, rmw enabled
Sep 20 15:47:03 jwm1-linux kernel: raid6: using neon recovery algorithm
Sep 20 15:47:03 jwm1-linux kernel: xor: measuring software checksum speed
Sep 20 15:47:03 jwm1-linux kernel:    eor3            : 47010 MB/sec
Sep 20 15:47:03 jwm1-linux kernel:    32regs          : 44486 MB/sec
Sep 20 15:47:03 jwm1-linux kernel:    8regs           : 24878 MB/sec
Sep 20 15:47:03 jwm1-linux kernel: xor: using function: eor3 (47010 MB/sec)
Sep 20 15:47:03 jwm1-linux kernel: Btrfs loaded, zoned=yes, fsverity=no
Sep 20 15:47:03 jwm1-linux kernel: input: Apple SPI Keyboard as /devices/platform/soc/23510c000.spi/spi_master/spi2/spi2.0/001C:05AC:0341.0001/input/input5
Sep 20 15:47:03 jwm1-linux kernel: apple 001C:05AC:0341.0001: input,hidraw0: SPI HID v1.75 Keyboard [Apple SPI Keyboard] on spi2.0 (1)
Sep 20 15:47:03 jwm1-linux kernel: input: Apple SPI Trackpad as /devices/platform/soc/23510c000.spi/spi_master/spi2/spi2.0/001C:05AC:0341.0002/input/input6
Sep 20 15:47:03 jwm1-linux kernel: magicmouse 001C:05AC:0341.0002: input,hidraw1: SPI HID v1.75 Mouse [Apple SPI Trackpad] on spi2.0 (2)
Sep 20 15:47:03 jwm1-linux kernel: /soc/dsi@228600000: Fixed dependency cycle(s) with /soc/dsi@228600000/panel@0
Sep 20 15:47:03 jwm1-linux kernel: /soc/dsi@228600000/panel@0: Fixed dependency cycle(s) with /soc/dsi@228600000
Sep 20 15:47:03 jwm1-linux kernel: platform 231c00000.dcp:piodma: Adding to iommu group 13
Sep 20 15:47:03 jwm1-linux kernel: apple-dcp 231c00000.dcp: RTKit: Initializing (protocol version 12)
Sep 20 15:47:03 jwm1-linux kernel: apple-dcp 231c00000.dcp: shmem_setup: iova: f00267000 -> pa: bd9de3000 -> iomem: ffff8000876a3000
Sep 20 15:47:03 jwm1-linux kernel: apple-dcp 231c00000.dcp: shmem_setup: iova: ffbffc000, buffer: ffff8000849b8000
Sep 20 15:47:03 jwm1-linux kernel: apple-dcp 231c00000.dcp: shmem_setup: iova: ffbff8000, buffer: ffff800084ab4000
Sep 20 15:47:03 jwm1-linux kernel: apple-dcp 231c00000.dcp: shmem_setup: iova: f0025f000 -> pa: bd9ddb000 -> iomem: ffff800085ff3000
Sep 20 15:47:03 jwm1-linux kernel: apple-drm soc:display-subsystem: bound 231c00000.dcp (ops dcp_comp_ops [appledrm])
Sep 20 15:47:03 jwm1-linux kernel: apple-dcp 231c00000.dcp: RTKit: syslog message: ap_link.c:299: shared memory dva: 0xffbe00000 0xffffffff000e7000
Sep 20 15:47:03 jwm1-linux kernel: apple-dcp 231c00000.dcp: RTKit: syslog message: ap_link.c:276: ap_link: IOMFB: DCP heap size: 0x1030000 [iBoot:0x1030000] [LinkService:0x0]
Sep 20 15:47:03 jwm1-linux kernel: apple-dcp 231c00000.dcp: RTKit: syslog message: nifiedPipeline.cpp:4191: IOMFB: Could not find Backlight service
Sep 20 15:47:03 jwm1-linux kernel: apple-dcp 231c00000.dcp: RTKit: syslog message: nifiedPipeline.cpp:4199: IOMFB: Could not find nvram service
Sep 20 15:47:03 jwm1-linux kernel: apple-dcp 231c00000.dcp: RTKit: syslog message: nifiedPipeline.cpp:1838: virtual bool UnifiedPipeline::start_ios_gated(): Created AP Services
Sep 20 15:47:03 jwm1-linux kernel: apple-dcp 231c00000.dcp: RTKit: syslog message: nifiedPipeline.cpp:1864: start_ios_gated: trigger pending HPD notification
Sep 20 15:47:03 jwm1-linux kernel: apple-dcp 231c00000.dcp: cb_hotplug() connected:1, valid_mode:0
Sep 20 15:47:03 jwm1-linux kernel: apple-dcp 231c00000.dcp: dcp_hotplug() connected:1 valid_mode:0 nr_modes:0
Sep 20 15:47:03 jwm1-linux kernel: apple-dcp 231c00000.dcp: RTKit: syslog message: nifiedPipeline.cpp:1871: virtual bool UnifiedPipeline::start_ios_gated(): Flushed RTPs
Sep 20 15:47:03 jwm1-linux kernel: apple-dcp 231c00000.dcp: RTKit: syslog message: PPipeDCP_H13P.cpp:11092: IOMFB updateFrequencies: minimum-frequency property not found, using getClockFrequency(0) instead.
Sep 20 15:47:03 jwm1-linux kernel: apple-dcp 231c00000.dcp: RTKit: syslog message: nifiedPipeline.cpp:1356: set_device_enabled_gated: current state: 1, requested state: 1
Sep 20 15:47:03 jwm1-linux kernel: apple-dcp 231c00000.dcp: RTKit: syslog message: PPipeDCP_H13P.cpp:11092: IOMFB updateFrequencies: minimum-frequency property not found, using getClockFrequency(0) instead.
Sep 20 15:47:03 jwm1-linux kernel: apple-dcp 231c00000.dcp: RTKit: syslog message: PPipeDCP_H13P.cpp:10490: set_run_mode_safe: deferring: 2 -> 4
Sep 20 15:47:03 jwm1-linux kernel: apple-dcp 231c00000.dcp: RTKit: syslog message: PPipeDCP_H13P.cpp:10395: virtual IOMFBStatus IOMFB::UPPipeDCP_H13P::ready_for_run_mode_change(IOMFB::AppleRegisterStream *): initiating deferred run mod
Sep 20 15:47:03 jwm1-linux kernel: apple-dcp 231c00000.dcp: RTKit: syslog message: M3Hal_v1.cpp:197: IOMFB: load APT M3 IMem : size 0x7948
Sep 20 15:47:03 jwm1-linux kernel: apple-dcp 231c00000.dcp: RTKit: syslog message: M3Hal_v1.cpp:197: IOMFB: load APT M3 DMem : size 0x6f60
Sep 20 15:47:03 jwm1-linux kernel: apple-dcp 231c00000.dcp: RTKit: syslog message: CAHandler.cpp:188: IOMFB load_ca_data: Unrecognized data version 0 (expected 1 or 2)
Sep 20 15:47:03 jwm1-linux kernel: apple-dcp 231c00000.dcp: RTKit: syslog message: UPPipe.cpp:3767: IOMFB read_pmu_data_sync: pmu ram read error (e00800d8)
Sep 20 15:47:03 jwm1-linux kernel: apple-dcp 231c00000.dcp: RTKit: syslog message: PPipeDCP_H13P.cpp:14085: IOMFB Int RTBandwidth: program_M3_rt_config: Using Legacy, scratch 23b738014
Sep 20 15:47:03 jwm1-linux kernel: apple-dcp 231c00000.dcp: RTKit: syslog message: PPipeDCP_H13P.cpp:14105: IOMFB Int RTBandwidth: using legacy. Doorbell 23bc3c000, bit 2
Sep 20 15:47:03 jwm1-linux kernel: apple-dcp 231c00000.dcp: RTKit: syslog message: UPTSQManager.cpp:133: IOMFB: clearing M3 reset
Sep 20 15:47:03 jwm1-linux kernel: apple-dcp 231c00000.dcp: RTKit: syslog message: UPTSQ_Hal_v1.cpp:349: IOMFB: timebase_offset = 4
Sep 20 15:47:03 jwm1-linux kernel: apple-dcp 231c00000.dcp: AFK[ep:20]: new service system on channel 5
Sep 20 15:47:03 jwm1-linux kernel: apple-dcp 231c00000.dcp: AFK[ep:20]: new service powerlog-service on channel 7
Sep 20 15:47:03 jwm1-linux kernel: apple-dcp 231c00000.dcp: RTKit: syslog message: dpointInterface.cpp:606: [AFK][AFKMailboxSharedMemoryEndpointInterface:#63] if:1 inCmd:0 inResp:0 outRepErr:0 outCmdErr:0 t:492717659
Sep 20 15:47:03 jwm1-linux kernel: apple-dcp 231c00000.dcp: RTKit: syslog message: dpointInterface.cpp:606: [AFK][AFKMailboxSharedMemoryEndpointInterface:#66] if:3 inCmd:0 inResp:0 outRepErr:0 outCmdErr:0 t:492719479
Sep 20 15:47:03 jwm1-linux kernel: apple-dcp 231c00000.dcp: RTKit: syslog message: UPTSQManager.cpp:105: IOMFB: switch to normal mode succeeded
Sep 20 15:47:03 jwm1-linux kernel: apple-dcp 231c00000.dcp: DCP booted
Sep 20 15:47:03 jwm1-linux kernel: apple-dcp 231c00000.dcp: DCP is_main_display: 1
Sep 20 15:47:03 jwm1-linux kernel: apple-dcp 231c00000.dcp: dcp_hotplug() connected:1 valid_mode:0 nr_modes:1
Sep 20 15:47:03 jwm1-linux kernel: Console: switching to colour dummy device 80x25
Sep 20 15:47:03 jwm1-linux kernel: [drm] Initialized apple 1.0.0 for soc:display-subsystem on minor 3
Sep 20 15:47:03 jwm1-linux kernel: apple-dcp 231c00000.dcp: dcp_poweron() starting
Sep 20 15:47:03 jwm1-linux kernel: apple-dcp 231c00000.dcp: dcp_set_power_state_req returned, 9999 ms remaining
Sep 20 15:47:03 jwm1-linux kernel: apple-dcp 231c00000.dcp: set_digital_out_mode(color:1 timing:2) "2560x1600": 60 266630 2560 2568 2600 2642 1600 1632 1640 1682 0x48 0x0
Sep 20 15:47:03 jwm1-linux kernel: apple-dcp 231c00000.dcp: set_digital_out_mode() color mode depth:8 format:0 colorimetry:16 eotf:0 range:0 vrr:0
Sep 20 15:47:03 jwm1-linux kernel: apple-dcp 231c00000.dcp: RTKit: syslog message: nifiedPipeline.cpp:7462: set_digital_out_mode: Modeset requested for colorID: 1, timingID: 2
Sep 20 15:47:03 jwm1-linux kernel: apple-dcp 231c00000.dcp: RTKit: syslog message: PPipeDCP_H13P.cpp:18011: Dual pipe disabled offset 0
Sep 20 15:47:03 jwm1-linux kernel: apple-dcp 231c00000.dcp: RTKit: syslog message: nifiedPipeline.cpp:7465: set_digital_out_mode returned 8000000b
Sep 20 15:47:03 jwm1-linux kernel: apple-dcp 231c00000.dcp: set_digital_out_mode finished:8500
Sep 20 15:47:03 jwm1-linux kernel: Console: switching to colour frame buffer device 160x50
Sep 20 15:47:03 jwm1-linux kernel: apple-drm soc:display-subsystem: [drm] fb0: appledrmfb frame buffer device
Sep 20 15:47:03 jwm1-linux kernel: [drm] Initialized adp 0.1.0 for 228200000.display-pipe on minor 2
Sep 20 15:47:03 jwm1-linux kernel: spi-hid-apple-of spi2.0: status message mismatch: 9c 17 e5 f8
Sep 20 15:47:03 jwm1-linux kernel: spi-hid-apple-of spi2.0: waiting for get report failed: -110
Sep 20 15:47:03 jwm1-linux kernel: magicmouse 001C:05AC:0341.0002: unable to request dimensions (-110)
Sep 20 15:47:03 jwm1-linux kernel: BTRFS: device label asahi-root devid 1 transid 727 /dev/nvme0n1p5 (259:5) scanned by mount (312)
Sep 20 15:47:03 jwm1-linux kernel: BTRFS info (device nvme0n1p5): first mount of filesystem 725346d2-f127-47bc-b464-9dd46155e8d6
Sep 20 15:47:03 jwm1-linux kernel: BTRFS info (device nvme0n1p5): using crc32c checksum algorithm
Sep 20 15:47:03 jwm1-linux kernel: BTRFS info (device nvme0n1p5): enabling ssd optimizations
Sep 20 15:47:03 jwm1-linux kernel: BTRFS info (device nvme0n1p5): turning on async discard
Sep 20 15:47:03 jwm1-linux kernel: BTRFS info (device nvme0n1p5): enabling free space tree
Sep 20 15:47:03 jwm1-linux systemd[1]: systemd 261.3-1-arch running in system mode (+PAM +AUDIT -SELINUX +APPARMOR -IMA +IPE +SMACK +SECCOMP +GCRYPT +GNUTLS +OPENSSL +ACL +BLKID +CURL +ELFUTILS +FIDO2 +IDN2 +KMOD +LIBCRYPTSETUP +LIBCRYPTSETUP_PLUGINS +LIBFDISK +PCRE2 +PWQUALITY +P11KIT +QRENCODE +TPM2 +BZIP2 +LZ4 +XZ +ZLIB +ZSTD +BPF_FRAMEWORK -BTF +XKBCOMMON +UTMP +LIBARCHIVE)
Sep 20 15:47:03 jwm1-linux systemd[1]: Detected architecture arm64.
Sep 20 15:47:03 jwm1-linux systemd[1]: Hostname set to <jwm1-linux>.
Sep 20 15:47:03 jwm1-linux systemd[1]: bpf-restrict-fs: LSM BPF program attached
Sep 20 15:47:03 jwm1-linux kernel: zram: Added device: zram0
Sep 20 15:47:03 jwm1-linux systemd[1]: Condition check resulted in Root Slice being skipped.
Sep 20 15:47:03 jwm1-linux systemd[1]: Condition check resulted in System Slice being skipped.
Sep 20 15:47:03 jwm1-linux systemd[1]: Queued start job for default target Graphical Interface.
Sep 20 15:47:03 jwm1-linux systemd[1]: Created slice CUPS Slice.
Sep 20 15:47:03 jwm1-linux systemd[1]: Created slice Slice /system/dirmngr.
Sep 20 15:47:03 jwm1-linux systemd[1]: Created slice Slice /system/getty.
Sep 20 15:47:03 jwm1-linux systemd[1]: Created slice Slice /system/gpg-agent.
Sep 20 15:47:03 jwm1-linux systemd[1]: Created slice Slice /system/gpg-agent-browser.
Sep 20 15:47:03 jwm1-linux systemd[1]: Created slice Slice /system/gpg-agent-extra.
Sep 20 15:47:03 jwm1-linux systemd[1]: Created slice Slice /system/gpg-agent-ssh.
Sep 20 15:47:03 jwm1-linux systemd[1]: Created slice Slice /system/keyboxd.
Sep 20 15:47:03 jwm1-linux systemd[1]: Created slice Slice /system/modprobe.
Sep 20 15:47:03 jwm1-linux systemd[1]: Created slice Slice /system/systemd-fsck.
Sep 20 15:47:03 jwm1-linux systemd[1]: Created slice Slice /system/systemd-growfs.
Sep 20 15:47:03 jwm1-linux systemd[1]: Created slice Slice /system/systemd-zram-setup.
Sep 20 15:47:03 jwm1-linux systemd[1]: Created slice User and Session Slice.
Sep 20 15:47:03 jwm1-linux systemd[1]: Started Forward Password Requests to Wall Directory Watch.
Sep 20 15:47:03 jwm1-linux systemd[1]: Set up automount Arbitrary Executable File Formats File System Automount Point.
Sep 20 15:47:03 jwm1-linux systemd[1]: Expecting device /dev/disk/by-uuid/725346d2-f127-47bc-b464-9dd46155e8d6...
Sep 20 15:47:03 jwm1-linux systemd[1]: Expecting device /dev/disk/by-uuid/BD14-6F4C...
Sep 20 15:47:03 jwm1-linux systemd[1]: Expecting device /dev/zram0...
Sep 20 15:47:03 jwm1-linux systemd[1]: Reached target Login Prompts.
Sep 20 15:47:03 jwm1-linux systemd[1]: Reached target Image Downloads.
Sep 20 15:47:03 jwm1-linux systemd[1]: Reached target Local Integrity Protected Volumes.
Sep 20 15:47:03 jwm1-linux systemd[1]: Reached target Remote Encrypted Volumes.
Sep 20 15:47:03 jwm1-linux systemd[1]: Reached target Remote File Systems.
Sep 20 15:47:03 jwm1-linux systemd[1]: Reached target Remote Integrity Protected Volumes.
Sep 20 15:47:03 jwm1-linux systemd[1]: Reached target Remote Verity Protected Volumes.
Sep 20 15:47:03 jwm1-linux systemd[1]: Reached target Slice Units.
Sep 20 15:47:03 jwm1-linux systemd[1]: Reached target Local Verity Protected Volumes.
Sep 20 15:47:03 jwm1-linux systemd[1]: Listening on Device-mapper event daemon FIFOs.
Sep 20 15:47:03 jwm1-linux systemd[1]: Listening on Query the User Interactively for a Password.
Sep 20 15:47:03 jwm1-linux systemd[1]: Listening on Process Core Dump Socket.
Sep 20 15:47:03 jwm1-linux systemd[1]: Listening on Credential Encryption/Decryption.
Sep 20 15:47:03 jwm1-linux systemd[1]: Listening on Factory Reset Management.
Sep 20 15:47:03 jwm1-linux systemd[1]: Listening on Hostname Service Socket.
Sep 20 15:47:03 jwm1-linux systemd[1]: Listening on Journal Audit Socket.
Sep 20 15:47:03 jwm1-linux systemd[1]: Listening on Journal Socket (/dev/log).
Sep 20 15:47:03 jwm1-linux systemd[1]: Listening on Journal Sockets.
Sep 20 15:47:03 jwm1-linux systemd[1]: Listening on DDI File System Mounter Socket.
Sep 20 15:47:03 jwm1-linux systemd[1]: Listening on Console Output Muting Service Socket.
Sep 20 15:47:03 jwm1-linux systemd[1]: Listening on Namespace Resource Manager Socket.
Sep 20 15:47:03 jwm1-linux systemd[1]: Listening on Userspace Out-Of-Memory (OOM) Killer Socket.
Sep 20 15:47:03 jwm1-linux systemd[1]: TPM PCR Measurements skipped, unmet condition check ConditionSecurity=measured-os
Sep 20 15:47:03 jwm1-linux systemd[1]: Make TPM PCR Policy skipped, unmet condition check ConditionSecurity=measured-uki
Sep 20 15:47:03 jwm1-linux systemd[1]: Listening on Disk Repartitioning Service Socket.
Sep 20 15:47:03 jwm1-linux systemd[1]: Listening on Report System Basic Metrics Socket.
Sep 20 15:47:03 jwm1-linux systemd[1]: Listening on CGroup Report Varlink Socket.
Sep 20 15:47:03 jwm1-linux systemd[1]: Listening on Resolve Monitor Varlink Socket.
Sep 20 15:47:03 jwm1-linux systemd[1]: Listening on Resolve Service Varlink Socket.
Sep 20 15:47:03 jwm1-linux systemd[1]: Listening on Simple Block Device Backed Storage Provider.
Sep 20 15:47:03 jwm1-linux systemd[1]: Listening on Simple File System Backed Storage Provider.
Sep 20 15:47:03 jwm1-linux systemd[1]: Listening on udev Control Socket.
Sep 20 15:47:03 jwm1-linux systemd[1]: Listening on udev Kernel Socket.
Sep 20 15:47:03 jwm1-linux systemd[1]: Listening on udev Varlink Socket.
Sep 20 15:47:03 jwm1-linux systemd[1]: Listening on User Database Manager Socket.
Sep 20 15:47:03 jwm1-linux systemd[1]: Mounting Huge Pages File System...
Sep 20 15:47:03 jwm1-linux systemd[1]: Mounting POSIX Message Queue File System...
Sep 20 15:47:03 jwm1-linux systemd[1]: Mounting Kernel Debug File System...
Sep 20 15:47:03 jwm1-linux systemd[1]: Mounting Kernel Trace File System...
Sep 20 15:47:03 jwm1-linux systemd[1]: Starting Create List of Static Device Nodes...
Sep 20 15:47:03 jwm1-linux systemd[1]: Load Kernel Module configfs skipped, unmet condition check ConditionKernelModuleLoaded=!configfs
Sep 20 15:47:03 jwm1-linux systemd[1]: Mounting Kernel Configuration File System...
Sep 20 15:47:03 jwm1-linux systemd[1]: Load Kernel Module drm skipped, unmet condition check ConditionKernelModuleLoaded=!drm
Sep 20 15:47:03 jwm1-linux systemd[1]: Load Kernel Module efi_pstore skipped, unmet condition check ConditionKernelModuleLoaded=!efi_pstore
Sep 20 15:47:03 jwm1-linux systemd[1]: Starting Load Kernel Module fuse...
Sep 20 15:47:03 jwm1-linux systemd[1]: Clear SysFail Entry If The Boot Is Successful skipped, unmet condition check ConditionPathExists=/sys/firmware/efi/efivars/LoaderEntrySysFail-4a67b082-0a4c-41cf-b6c7-440b29bb8c4f
Sep 20 15:47:03 jwm1-linux systemd[1]: Clear Stale Hibernate Storage Info skipped, unmet condition check ConditionPathExists=/sys/firmware/efi/efivars/HibernateLocation-8cf2644b-4b0b-428f-9387-6d876050dc67
Sep 20 15:47:03 jwm1-linux systemd[1]: Starting Journal Service...
Sep 20 15:47:03 jwm1-linux systemd[1]: Starting Load Kernel Modules...
Sep 20 15:47:03 jwm1-linux systemd[1]: TPM PCR Machine ID Measurement skipped, unmet condition check ConditionSecurity=measured-os
Sep 20 15:47:03 jwm1-linux systemd[1]: TPM PCR OS Separator skipped, unmet condition check ConditionSecurity=measured-os
Sep 20 15:47:03 jwm1-linux systemd[1]: Starting Remount Root and Kernel File Systems...
Sep 20 15:47:03 jwm1-linux systemd[1]: Early TPM SRK Setup skipped, unmet condition check ConditionSecurity=measured-os
Sep 20 15:47:03 jwm1-linux systemd[1]: TPM PCR NvPCR Initialization Separator skipped, unmet condition check ConditionPathExists=/etc/initrd-release
Sep 20 15:47:03 jwm1-linux systemd[1]: TPM NvPCR Product ID Measurement skipped, unmet condition check ConditionSecurity=measured-os
Sep 20 15:47:03 jwm1-linux systemd[1]: Starting Load udev Rules from Credentials...
Sep 20 15:47:03 jwm1-linux systemd[1]: Starting Coldplug All udev Devices...
Sep 20 15:47:03 jwm1-linux systemd[1]: Starting Virtual Console Setup...
Sep 20 15:47:03 jwm1-linux systemd[1]: Mounted Kernel Trace File System.
Sep 20 15:47:03 jwm1-linux systemd[1]: Mounted Kernel Configuration File System.
Sep 20 15:47:03 jwm1-linux systemd[1]: Finished Create List of Static Device Nodes.
Sep 20 15:47:03 jwm1-linux systemd[1]: Mounted Huge Pages File System.
Sep 20 15:47:03 jwm1-linux systemd[1]: Mounted Kernel Debug File System.
Sep 20 15:47:03 jwm1-linux systemd[1]: Starting Create Static Device Nodes in /dev gracefully...
Sep 20 15:47:03 jwm1-linux systemd[1]: Mounted POSIX Message Queue File System.
Sep 20 15:47:03 jwm1-linux kernel: fuse: init (API version 7.45)
Sep 20 15:47:03 jwm1-linux systemd[1]: modprobe@fuse.service: Deactivated successfully.
Sep 20 15:47:03 jwm1-linux systemd[1]: Finished Load Kernel Module fuse.
Sep 20 15:47:03 jwm1-linux systemd[1]: Finished Load udev Rules from Credentials.
Sep 20 15:47:03 jwm1-linux systemd[1]: Finished Virtual Console Setup.
Sep 20 15:47:03 jwm1-linux systemd-journald[402]: Collecting audit messages is enabled.
Sep 20 15:47:03 jwm1-linux kernel: i2c_dev: i2c /dev entries driver
Sep 20 15:47:03 jwm1-linux systemd[1]: Finished Load Kernel Modules.
Sep 20 15:47:03 jwm1-linux kernel: audit: type=1130 audit(1789937223.642:2): pid=1 uid=0 auid=4294967295 ses=4294967295 subj=unconfined msg='unit=systemd-modules-load comm="systemd" exe="/usr/lib/systemd/systemd" hostname=? addr=? terminal=? res=success'
Sep 20 15:47:03 jwm1-linux systemd[1]: Starting Apply Kernel Variables...
Sep 20 15:47:03 jwm1-linux systemd[1]: Starting Load Kernel Module tun...
Sep 20 15:47:03 jwm1-linux kernel: audit: type=1334 audit(1789937223.653:3): prog-id=22 op=LOAD
Sep 20 15:47:03 jwm1-linux kernel: audit: type=1334 audit(1789937223.653:4): prog-id=23 op=LOAD
Sep 20 15:47:03 jwm1-linux kernel: audit: type=1334 audit(1789937223.653:5): prog-id=24 op=LOAD
Sep 20 15:47:03 jwm1-linux systemd[1]: Starting User Database Manager...
Sep 20 15:47:03 jwm1-linux systemd[1]: Finished Apply Kernel Variables.
Sep 20 15:47:03 jwm1-linux kernel: audit: type=1130 audit(1789937223.654:6): pid=1 uid=0 auid=4294967295 ses=4294967295 subj=unconfined msg='unit=systemd-sysctl comm="systemd" exe="/usr/lib/systemd/systemd" hostname=? addr=? terminal=? res=success'
Sep 20 15:47:03 jwm1-linux systemd[1]: Starting CLI Netfilter Manager...
Sep 20 15:47:03 jwm1-linux systemd[1]: Started Journal Service.
Sep 20 15:47:03 jwm1-linux kernel: audit: type=1130 audit(1789937223.656:7): pid=1 uid=0 auid=4294967295 ses=4294967295 subj=unconfined msg='unit=systemd-journald comm="systemd" exe="/usr/lib/systemd/systemd" hostname=? addr=? terminal=? res=success'
Sep 20 15:47:03 jwm1-linux kernel: tun: Universal TUN/TAP device driver, 1.6
Sep 20 15:47:03 jwm1-linux kernel: audit: type=1130 audit(1789937223.662:8): pid=1 uid=0 auid=4294967295 ses=4294967295 subj=unconfined msg='unit=modprobe@tun comm="systemd" exe="/usr/lib/systemd/systemd" hostname=? addr=? terminal=? res=success'
Sep 20 15:47:03 jwm1-linux kernel: audit: type=1131 audit(1789937223.662:9): pid=1 uid=0 auid=4294967295 ses=4294967295 subj=unconfined msg='unit=modprobe@tun comm="systemd" exe="/usr/lib/systemd/systemd" hostname=? addr=? terminal=? res=success'
Sep 20 15:47:03 jwm1-linux kernel: audit: type=1334 audit(1789937223.662:10): prog-id=25 op=LOAD
Sep 20 15:47:03 jwm1-linux kernel: BTRFS info (device nvme0n1p5 state M): use zstd compression, level 1
Sep 20 15:47:03 jwm1-linux systemd-journald[402]: Received client request to flush runtime journal.
Sep 20 15:47:03 jwm1-linux kernel: zram0: detected capacity change from 0 to 31690752
Sep 20 15:47:03 jwm1-linux kernel: mc: Linux media interface: v0.10
Sep 20 15:47:03 jwm1-linux kernel: cs42l83 2-0048: supply VA not found, using dummy regulator
Sep 20 15:47:03 jwm1-linux kernel: cs42l83 2-0048: supply VP not found, using dummy regulator
Sep 20 15:47:03 jwm1-linux kernel: cs42l83 2-0048: supply VCP not found, using dummy regulator
Sep 20 15:47:03 jwm1-linux kernel: cs42l83 2-0048: supply VD_FILT not found, using dummy regulator
Sep 20 15:47:03 jwm1-linux kernel: cs42l83 2-0048: supply VL not found, using dummy regulator
Sep 20 15:47:03 jwm1-linux kernel: tas2770 1-0031: supply SDZ not found, using dummy regulator
Sep 20 15:47:03 jwm1-linux kernel: tas2770 1-0031: tas2770_i2c_probe: Failed to parse devicetree
Sep 20 15:47:03 jwm1-linux kernel: tas2770 1-0032: supply SDZ not found, using dummy regulator
Sep 20 15:47:03 jwm1-linux kernel: tas2770 1-0032: tas2770_i2c_probe: Failed to parse devicetree
Sep 20 15:47:03 jwm1-linux kernel: videodev: Linux video capture interface: v2.00
Sep 20 15:47:03 jwm1-linux kernel: cs42l83 2-0048: Cirrus Logic CS42L83, Revision: B0
Sep 20 15:47:03 jwm1-linux kernel: spi-nor spi1.0: supply vcc not found, using dummy regulator
Sep 20 15:47:03 jwm1-linux kernel: tas2770 3-0034: supply SDZ not found, using dummy regulator
Sep 20 15:47:03 jwm1-linux kernel: input: MacBookPro17,1 Touch Bar as /devices/platform/soc/235100000.spi/spi_master/spi0/spi0.0/input/input7
Sep 20 15:47:03 jwm1-linux kernel: tas2770 3-0034: tas2770_i2c_probe: Failed to parse devicetree
Sep 20 15:47:03 jwm1-linux kernel: tas2770 3-0035: supply SDZ not found, using dummy regulator
Sep 20 15:47:03 jwm1-linux kernel: tas2770 3-0035: tas2770_i2c_probe: Failed to parse devicetree
Sep 20 15:47:03 jwm1-linux kernel: tas2770 1-0031: supply SDZ not found, using dummy regulator
Sep 20 15:47:03 jwm1-linux kernel: tas2770 1-0031: tas2770_i2c_probe: Failed to parse devicetree
Sep 20 15:47:03 jwm1-linux kernel: tas2770 1-0032: supply SDZ not found, using dummy regulator
Sep 20 15:47:03 jwm1-linux kernel: tas2770 1-0032: tas2770_i2c_probe: Failed to parse devicetree
Sep 20 15:47:03 jwm1-linux kernel: tas2770 3-0034: supply SDZ not found, using dummy regulator
Sep 20 15:47:03 jwm1-linux kernel: tas2770 3-0034: tas2770_i2c_probe: Failed to parse devicetree
Sep 20 15:47:03 jwm1-linux kernel: apple-display-crossbar 38304c000.mux: Switched dpphy to disconnected state
Sep 20 15:47:03 jwm1-linux kernel: apple-display-crossbar 38304c000.mux: Switched dpin0 to disconnected state
Sep 20 15:47:03 jwm1-linux kernel: apple-display-crossbar 38304c000.mux: Switched dpin1 to disconnected state
Sep 20 15:47:03 jwm1-linux kernel: Adding 15845360k swap on /dev/zram0.  Priority:100 extents:1 across:15845360k SSDsc
Sep 20 15:47:03 jwm1-linux kernel: apple_aop 24ac00000.aop: RTKit: Initializing (protocol version 12)
Sep 20 15:47:03 jwm1-linux kernel: apple-display-crossbar 50304c000.mux: Switched dpphy to disconnected state
Sep 20 15:47:03 jwm1-linux kernel: apple-display-crossbar 50304c000.mux: Switched dpin0 to disconnected state
Sep 20 15:47:03 jwm1-linux kernel: apple-display-crossbar 50304c000.mux: Switched dpin1 to disconnected state
Sep 20 15:47:03 jwm1-linux kernel: apple_aop 24ac00000.aop: RTKit: syslog message: AOP_oslog_init.cpp:96: Start AOP OSLog init
Sep 20 15:47:03 jwm1-linux kernel: apple_aop 24ac00000.aop: RTKit: syslog message: P_os_log_support.cpp:60: AOP os log initialized
Sep 20 15:47:03 jwm1-linux kernel: apple_aop 24ac00000.aop: RTKit: syslog message: SPU_dram_client.cpp:211: AOP platform dram client initialized
Sep 20 15:47:03 jwm1-linux kernel: tas2770 3-0035: supply SDZ not found, using dummy regulator
Sep 20 15:47:03 jwm1-linux kernel: tas2770 1-0031: supply SDZ not found, using dummy regulator
Sep 20 15:47:03 jwm1-linux kernel: tas2770 1-0032: supply SDZ not found, using dummy regulator
Sep 20 15:47:03 jwm1-linux kernel: tas2770 3-0034: supply SDZ not found, using dummy regulator
Sep 20 15:47:03 jwm1-linux kernel: apple_aop 24ac00000.aop: RTKit: syslog message: ALSCT720.cpp:57: probe
Sep 20 15:47:03 jwm1-linux kernel: apple_aop 24ac00000.aop: RTKit: syslog message: ALSCT720.cpp:85: CT720 device found.
Sep 20 15:47:03 jwm1-linux kernel: apple_aop 24ac00000.aop: RTKit: syslog message: ALSVD6286.cpp:80: [ALS2] VD6286 device NOT found. Calibration Override:0
Sep 20 15:47:03 jwm1-linux kernel: apple_aop 24ac00000.aop: RTKit: syslog message: ClientInfo.cpp:184: exp "inCallbackAction(it.key(), inRef)" fail, RunActionOnClientManagers(), ln 1
Sep 20 15:47:03 jwm1-linux kernel: apple_aop 24ac00000.aop: RTKit: syslog message: ALSCT720.cpp:93: start
Sep 20 15:47:03 jwm1-linux kernel: apple_aop 24ac00000.aop: RTKit: syslog message: udioPDMNodeBase.cpp:150: PDMDev<pdm0> wake notification. Prev AP state 1
Sep 20 15:47:03 jwm1-linux kernel: apple_aop 24ac00000.aop: RTKit: syslog message: iggerController.cpp:129: VoiceTrig ready!! <AppleAOPVoiceTriggerController v240.2 built: Jun 30 202317:4
Sep 20 15:47:03 jwm1-linux kernel: apple_aop 24ac00000.aop: RTKit: syslog message: ClientInfo.cpp:184: exp "inCallbackAction(it.key(), inRef)" fail, RunActionOnClientManagers(), ln 1
Sep 20 15:47:03 jwm1-linux kernel: apple_aop 24ac00000.aop: RTKit: syslog message: Controller.cpp:160: RTKitAudioFramework v240.4 (built Jun 30 2023 17:51:05) ready!! {12 nodes}
Sep 20 15:47:03 jwm1-linux kernel: apple_aop 24ac00000.aop: RTKit: syslog message: Controller.cpp:251: aop-audio v240.10 (built Jun 30 2023 17:56:11, debug 0x0) ready!!
Sep 20 15:47:03 jwm1-linux kernel: apple_aop 24ac00000.aop: RTKit: syslog message: SPU_init.cpp:320: ===( AOP IS READY )===
Sep 20 15:47:04 jwm1-linux kernel: 1 fixed-partitions partitions found on MTD device spi1.0
Sep 20 15:47:04 jwm1-linux kernel: Creating 1 MTD partitions on "spi1.0":
Sep 20 15:47:04 jwm1-linux kernel: 0x000000700000-0x000000800000 : "nvram"
Sep 20 15:47:04 jwm1-linux kernel: cfg80211: Loading compiled-in X.509 certificates for regulatory database
Sep 20 15:47:04 jwm1-linux kernel: apple_aop 24ac00000.aop: RTKit: syslog message: udioPDMNodeBase.cpp:115: PDMDev<pdm0> LPClkCfg=Src:pll ,Freq:2400000
Sep 20 15:47:04 jwm1-linux kernel: apple_aop 24ac00000.aop: RTKit: syslog message: udioPDMNodeBase.cpp:554: PDMDev<pdm0> off ->xi0 , 0->2400000 AP state 1
Sep 20 15:47:04 jwm1-linux kernel: apple-isp 22a000000.isp: ISP firmware-compat: 13.5 (FW: 13.5)
Sep 20 15:47:04 jwm1-linux kernel: Loaded X.509 cert 'sforshee: 00b28ddf47aef9cea7'
Sep 20 15:47:04 jwm1-linux kernel: Loaded X.509 cert 'wens: 61c038651aabdcf94bd0ac7ff06c7248db18c600'
Sep 20 15:47:04 jwm1-linux kernel: apple-isp 22a000000.isp: IPC surface iova: 0x1000000
Sep 20 15:47:04 jwm1-linux kernel: apple-isp 22a000000.isp: Data surface iova: 0x101c000
Sep 20 15:47:04 jwm1-linux kernel: Bluetooth: Core ver 2.22
Sep 20 15:47:04 jwm1-linux kernel: NET: Registered PF_BLUETOOTH protocol family
Sep 20 15:47:04 jwm1-linux kernel: Bluetooth: HCI device and connection manager initialized
Sep 20 15:47:04 jwm1-linux kernel: Bluetooth: HCI socket layer initialized
Sep 20 15:47:04 jwm1-linux kernel: Bluetooth: L2CAP socket layer initialized
Sep 20 15:47:04 jwm1-linux kernel: Bluetooth: SCO socket layer initialized
Sep 20 15:47:04 jwm1-linux kernel: hci_bcm4377 0000:01:00.1: resetting
Sep 20 15:47:04 jwm1-linux kernel: usbcore: registered new interface driver brcmfmac
Sep 20 15:47:04 jwm1-linux kernel: brcmfmac 0000:01:00.0: enabling device (0000 -> 0002)
Sep 20 15:47:04 jwm1-linux kernel: input: MacBook Pro J293 Headphone Jack as /devices/platform/sound/sound/card0/input8
Sep 20 15:47:04 jwm1-linux kernel: brcmfmac: brcmf_fw_alloc_request: using brcm/brcmfmac4378b1-pcie for chip BCM4378/3
Sep 20 15:47:04 jwm1-linux kernel: hci_bcm4377 0000:01:00.1: reset done
Sep 20 15:47:04 jwm1-linux kernel: hci_bcm4377 0000:01:00.1: enabling device (0000 -> 0002)
Sep 20 15:47:04 jwm1-linux kernel: brcmfmac: brcmf_c_process_txcap_blob: TxCap blob found, loading
Sep 20 15:47:04 jwm1-linux kernel: brcmfmac: brcmf_c_process_cal_blob: Calibration blob provided by platform, loading
Sep 20 15:47:04 jwm1-linux kernel: brcmfmac: brcmf_c_preinit_dcmds: Firmware: BCM4378/3 wl0: May 13 2023 07:20:48 version 18.20.383.15.7.8.150 FWID 01-b37727a5
Sep 20 15:47:04 jwm1-linux kernel: Bluetooth: BNEP (Ethernet Emulation) ver 1.3
Sep 20 15:47:04 jwm1-linux kernel: Bluetooth: BNEP filters: protocol multicast
Sep 20 15:47:04 jwm1-linux kernel: Bluetooth: BNEP socket layer initialized
Sep 20 15:47:04 jwm1-linux kernel: snd-soc-macaudio sound: Speaker volumes unlocked
Sep 20 15:47:04 jwm1-linux kernel: Bluetooth: hci0: HCI LE Coded PHY feature bit is set, but its usage is not supported.
Sep 20 15:47:04 jwm1-linux kernel: ieee80211 phy0: brcmf_dongle_roam: WLC_SET_ROAM_DELTA error (-52)
Sep 20 15:47:04 jwm1-linux kernel: Bluetooth: MGMT ver 1.23
Sep 20 15:47:04 jwm1-linux kernel: apple-isp: CISP_CMD_CONFIG_GET: 
Sep 20 15:47:04 jwm1-linux kernel: apple-isp: 00000000 00000003 016e3600 00000001 0000000a 00000000 00000001
Sep 20 15:47:04 jwm1-linux kernel: apple-isp 22a000000.isp: found sensor 248 CC20426PPTJJ3Y32P on ch 0
Sep 20 15:47:04 jwm1-linux kernel: apple-isp: ch: CISP_CMD_CH_INFO_GET: 0
Sep 20 15:47:04 jwm1-linux kernel: apple-isp: ch: 00000000 0000010d 00000000 07da0001 0006008a 00040007 00000005 00000001
Sep 20 15:47:04 jwm1-linux kernel: apple-isp: ch: 00000248 00000007 00000001 00000001 00000000 00000000 00000000 00000000
Sep 20 15:47:04 jwm1-linux kernel: apple-isp: ch: 00000000 00000000 00000000 00010000 00000001 00000000 00000004 00000020
Sep 20 15:47:04 jwm1-linux kernel: apple-isp: ch: 00000001 00000000 00004680 00000040 00000001 00000002 00004000 00000040
Sep 20 15:47:04 jwm1-linux kernel: apple-isp: ch: 00000001 00000000 00000000 00000036 00000000 00000000 000f4240 43430000
Sep 20 15:47:04 jwm1-linux kernel: apple-isp: ch: 32343032 54505036 59334a4a 00503233 00000000 00000008 00000000 00000000
Sep 20 15:47:04 jwm1-linux kernel: apple-isp: ch: 00000004 00000000 00000000 00000000 00000000 00000000 00000000 00ff0000
Sep 20 15:47:04 jwm1-linux kernel: apple-isp: ch: 00000c00 00000000 0000001c 00000680 00000004 00000004 00000000 00000000
Sep 20 15:47:04 jwm1-linux kernel: apple-isp: ch: 00000000 00000000 00000000 00000000 05100000 000002e0
Sep 20 15:47:04 jwm1-linux kernel: apple-isp: ps: CISP_CMD_CH_CAMERA_CONFIG_GET: 0
Sep 20 15:47:04 jwm1-linux kernel: apple-isp: ps: 00000000 00000106 00000000 00000000 02e00510 02e00510 00000000 00001df8
Sep 20 15:47:04 jwm1-linux kernel: apple-isp: ps: 00000100 00000001 00000040 00000040 00000040 00000040 00000040 00000040
Sep 20 15:47:04 jwm1-linux kernel: apple-isp: ps: 00000003 00000040 00000040 00000005 00000000 00000528 00000001 00000000
Sep 20 15:47:04 jwm1-linux kernel: apple-isp: ps: 0249f000 00000006 00000007 00000000 00000009 000f4240 00000025 00000000
Sep 20 15:47:04 jwm1-linux kernel: apple-isp: ps: 00004000 00000014 00000015 00000000 00000000 00000000 00000510 000002e0
Sep 20 15:47:04 jwm1-linux kernel: apple-isp: ps: 00010000 b9680000 0ef80000 00000000 0000001f 00000000 00000000 00000000
Sep 20 15:47:04 jwm1-linux kernel: apple-isp: ps: 00000510 000002e0 00000100 00000000 00000000 00000510 000002e0
Sep 20 15:47:05 jwm1-linux kernel: apple-isp 22a000000.isp: apple-isp probe!
Sep 20 15:47:05 jwm1-linux kernel: kauditd_printk_skb: 137 callbacks suppressed
Sep 20 15:47:05 jwm1-linux kernel: audit: type=1100 audit(1789937225.076:104): pid=710 uid=0 auid=4294967295 ses=4294967295 subj=unconfined msg='op=PAM:authentication grantors=pam_permit acct="sddm" exe="/usr/lib/sddm/sddm-helper" hostname=? addr=? terminal=? res=success'
Sep 20 15:47:05 jwm1-linux kernel: audit: type=1101 audit(1789937225.076:105): pid=710 uid=0 auid=4294967295 ses=4294967295 subj=unconfined msg='op=PAM:accounting grantors=pam_permit acct="sddm" exe="/usr/lib/sddm/sddm-helper" hostname=? addr=? terminal=? res=success'
Sep 20 15:47:05 jwm1-linux kernel: audit: type=1103 audit(1789937225.076:106): pid=710 uid=0 auid=4294967295 ses=4294967295 subj=unconfined msg='op=PAM:setcred grantors=pam_permit acct="sddm" exe="/usr/lib/sddm/sddm-helper" hostname=? addr=? terminal=? res=success'
Sep 20 15:47:05 jwm1-linux kernel: audit: type=1130 audit(1789937225.104:107): pid=1 uid=0 auid=4294967295 ses=4294967295 subj=unconfined msg='unit=user-runtime-dir@963 comm="systemd" exe="/usr/lib/systemd/systemd" hostname=? addr=? terminal=? res=success'
Sep 20 15:47:05 jwm1-linux kernel: audit: type=1101 audit(1789937225.115:108): pid=715 uid=0 auid=4294967295 ses=4294967295 subj=unconfined msg='op=PAM:accounting grantors=pam_access,pam_unix,pam_permit,pam_time acct="sddm" exe="/usr/lib/systemd/systemd-executor" hostname=? addr=? terminal=? res=success'
Sep 20 15:47:05 jwm1-linux kernel: audit: type=1103 audit(1789937225.115:109): pid=715 uid=0 auid=4294967295 ses=4294967295 subj=unconfined msg='op=PAM:setcred grantors=? acct="sddm" exe="/usr/lib/systemd/systemd-executor" hostname=? addr=? terminal=? res=failed'
Sep 20 15:47:05 jwm1-linux kernel: audit: type=1006 audit(1789937225.115:110): pid=715 uid=0 subj=unconfined old-auid=4294967295 auid=963 tty=(none) old-ses=4294967295 ses=1 res=1
Sep 20 15:47:05 jwm1-linux kernel: audit: type=1300 audit(1789937225.115:110): arch=c00000b7 syscall=64 success=yes exit=3 a0=a a1=fffffaa391a0 a2=3 a3=0 items=0 ppid=1 pid=715 auid=963 uid=0 gid=0 euid=0 suid=0 fsuid=0 egid=0 sgid=0 fsgid=0 tty=(none) ses=1 comm="(systemd)" exe="/usr/lib/systemd/systemd-executor" subj=unconfined key=(null)
Sep 20 15:47:05 jwm1-linux kernel: audit: type=1327 audit(1789937225.115:110): proctitle="(systemd)"
Sep 20 15:47:05 jwm1-linux kernel: audit: type=1105 audit(1789937225.117:111): pid=715 uid=0 auid=963 ses=1 subj=unconfined msg='op=PAM:session_open grantors=pam_loginuid,pam_keyinit,pam_systemd_home,pam_limits,pam_unix,pam_permit,pam_umask,pam_systemd,pam_env acct="sddm" exe="/usr/lib/systemd/systemd-executor" hostname=? addr=? terminal=? res=success'
Sep 20 15:47:05 jwm1-linux kernel: input: Dynamic Function Row Virtual Input Device as /devices/virtual/input/input9
Sep 20 15:47:05 jwm1-linux kernel: ieee80211 phy0: brcmf_p2p_set_firmware: failed to update device address ret -52
Sep 20 15:47:05 jwm1-linux kernel: ieee80211 phy0: brcmf_p2p_create_p2pdev: set p2p_disc error
Sep 20 15:47:05 jwm1-linux kernel: ieee80211 phy0: brcmf_cfg80211_add_iface: add iface p2p-dev-wlan0 type 10 failed: err=-52
Sep 20 15:47:14 jwm1-linux kernel: kauditd_printk_skb: 76 callbacks suppressed
Sep 20 15:47:14 jwm1-linux kernel: audit: type=1131 audit(1789937234.877:144): pid=1 uid=0 auid=4294967295 ses=4294967295 subj=unconfined msg='unit=NetworkManager-dispatcher comm="systemd" exe="/usr/lib/systemd/systemd" hostname=? addr=? terminal=? res=success'
Sep 20 15:47:15 jwm1-linux kernel: apple-pmgr-pwrstate 23b700000.power-management:power-controller@c010: sync_state() pending due to 26bc04000.ane
Sep 20 15:47:15 jwm1-linux kernel: apple-pmgr-pwrstate 23b700000.power-management:power-controller@c018: sync_state() pending due to 26bc04000.ane
Sep 20 15:47:15 jwm1-linux kernel: apple-pmgr-pwrstate 23b700000.power-management:power-controller@c020: sync_state() pending due to 26bc04000.ane
Sep 20 15:47:15 jwm1-linux kernel: apple-pmgr-pwrstate 23b700000.power-management:power-controller@c028: sync_state() pending due to 26bc04000.ane
Sep 20 15:47:15 jwm1-linux kernel: apple-pmgr-pwrstate 23b700000.power-management:power-controller@c030: sync_state() pending due to 26bc04000.ane
Sep 20 15:47:18 jwm1-linux kernel: audit: type=1101 audit(1789937238.118:145): pid=803 uid=0 auid=4294967295 ses=4294967295 subj=unconfined msg='op=PAM:accounting grantors=pam_access,pam_unix,pam_permit,pam_time acct="joshuawarren" exe="/usr/lib/ssh/sshd-session" hostname=192.168.3.26 addr=192.168.3.26 terminal=ssh res=success'
Sep 20 15:47:18 jwm1-linux kernel: audit: type=1103 audit(1789937238.120:146): pid=803 uid=0 auid=4294967295 ses=4294967295 subj=unconfined msg='op=PAM:setcred grantors=pam_shells,pam_faillock,pam_permit,pam_env,pam_faillock acct="joshuawarren" exe="/usr/lib/ssh/sshd-session" hostname=192.168.3.26 addr=192.168.3.26 terminal=ssh res=success'
Sep 20 15:47:18 jwm1-linux kernel: audit: type=1006 audit(1789937238.120:147): pid=803 uid=0 subj=unconfined old-auid=4294967295 auid=1001 tty=(none) old-ses=4294967295 ses=2 res=1
Sep 20 15:47:18 jwm1-linux kernel: audit: type=1300 audit(1789937238.120:147): arch=c00000b7 syscall=64 success=yes exit=4 a0=6 a1=ffffc010cd70 a2=4 a3=0 items=0 ppid=691 pid=803 auid=1001 uid=0 gid=0 euid=0 suid=0 fsuid=0 egid=0 sgid=0 fsgid=0 tty=(none) ses=2 comm="sshd-session" exe="/usr/lib/ssh/sshd-session" subj=unconfined key=(null)
Sep 20 15:47:18 jwm1-linux kernel: audit: type=1327 audit(1789937238.120:147): proctitle=737368642D73657373696F6E3A206A6F7368756177617272656E205B706F7374617574685D
Sep 20 15:47:18 jwm1-linux kernel: audit: type=1130 audit(1789937238.187:148): pid=1 uid=0 auid=4294967295 ses=4294967295 subj=unconfined msg='unit=user-runtime-dir@1001 comm="systemd" exe="/usr/lib/systemd/systemd" hostname=? addr=? terminal=? res=success'
Sep 20 15:47:18 jwm1-linux kernel: audit: type=1101 audit(1789937238.200:149): pid=808 uid=0 auid=4294967295 ses=4294967295 subj=unconfined msg='op=PAM:accounting grantors=pam_access,pam_unix,pam_permit,pam_time acct="joshuawarren" exe="/usr/lib/systemd/systemd-executor" hostname=? addr=? terminal=? res=success'
Sep 20 15:47:18 jwm1-linux kernel: audit: type=1103 audit(1789937238.200:150): pid=808 uid=0 auid=4294967295 ses=4294967295 subj=unconfined msg='op=PAM:setcred grantors=? acct="joshuawarren" exe="/usr/lib/systemd/systemd-executor" hostname=? addr=? terminal=? res=failed'
Sep 20 15:47:18 jwm1-linux kernel: audit: type=1006 audit(1789937238.200:151): pid=808 uid=0 subj=unconfined old-auid=4294967295 auid=1001 tty=(none) old-ses=4294967295 ses=3 res=1
Sep 20 15:47:34 jwm1-linux kernel: kauditd_printk_skb: 66 callbacks suppressed
Sep 20 15:47:34 jwm1-linux kernel: audit: type=1131 audit(1789937254.832:176): pid=1 uid=0 auid=4294967295 ses=4294967295 subj=unconfined msg='unit=systemd-hostnamed comm="systemd" exe="/usr/lib/systemd/systemd" hostname=? addr=? terminal=? res=success'
Sep 20 15:47:34 jwm1-linux kernel: audit: type=1334 audit(1789937254.851:177): prog-id=41 op=UNLOAD
Sep 20 15:47:34 jwm1-linux kernel: audit: type=1101 audit(1789937254.880:178): pid=840 uid=1001 auid=1001 ses=2 subj=unconfined msg='op=PAM:accounting grantors=pam_unix,pam_permit,pam_time acct="joshuawarren" exe="/usr/bin/sudo" hostname=? addr=? terminal=? res=success'
Sep 20 15:47:34 jwm1-linux kernel: audit: type=1110 audit(1789937254.882:179): pid=840 uid=1001 auid=1001 ses=2 subj=unconfined msg='op=PAM:setcred grantors=pam_faillock,pam_permit,pam_env,pam_faillock acct="root" exe="/usr/bin/sudo" hostname=? addr=? terminal=? res=success'
Sep 20 15:47:34 jwm1-linux kernel: audit: type=1105 audit(1789937254.883:180): pid=840 uid=1001 auid=1001 ses=2 subj=unconfined msg='op=PAM:session_open grantors=pam_systemd_home,pam_limits,pam_unix,pam_permit,pam_systemd acct="root" exe="/usr/bin/sudo" hostname=? addr=? terminal=? res=success'
Sep 20 15:47:34 jwm1-linux kernel: audit: type=1106 audit(1789937254.908:181): pid=840 uid=1001 auid=1001 ses=2 subj=unconfined msg='op=PAM:session_close grantors=pam_systemd_home,pam_limits,pam_unix,pam_permit,pam_systemd acct="root" exe="/usr/bin/sudo" hostname=? addr=? terminal=? res=success'
Sep 20 15:47:34 jwm1-linux kernel: audit: type=1104 audit(1789937254.908:182): pid=840 uid=1001 auid=1001 ses=2 subj=unconfined msg='op=PAM:setcred grantors=pam_faillock,pam_permit,pam_env,pam_faillock acct="root" exe="/usr/bin/sudo" hostname=? addr=? terminal=? res=success'
Sep 20 15:47:34 jwm1-linux kernel: audit: type=1101 audit(1789937254.917:183): pid=844 uid=1001 auid=1001 ses=2 subj=unconfined msg='op=PAM:accounting grantors=pam_unix,pam_permit,pam_time acct="joshuawarren" exe="/usr/bin/sudo" hostname=? addr=? terminal=? res=success'
Sep 20 15:47:34 jwm1-linux kernel: audit: type=1110 audit(1789937254.918:184): pid=844 uid=1001 auid=1001 ses=2 subj=unconfined msg='op=PAM:setcred grantors=pam_faillock,pam_permit,pam_env,pam_faillock acct="root" exe="/usr/bin/sudo" hostname=? addr=? terminal=? res=success'
Sep 20 15:47:34 jwm1-linux kernel: audit: type=1105 audit(1789937254.920:185): pid=844 uid=1001 auid=1001 ses=2 subj=unconfined msg='op=PAM:session_open grantors=pam_systemd_home,pam_limits,pam_unix,pam_permit,pam_systemd acct="root" exe="/usr/bin/sudo" hostname=? addr=? terminal=? res=success'
Sep 20 15:47:34 jwm1-linux kernel: ane: loading out-of-tree module taints kernel.
Sep 20 15:47:34 jwm1-linux kernel: [drm] Initialized ane 1.0.0 for 26bc04000.ane on minor 0
Sep 20 15:47:34 jwm1-linux kernel: ane 26bc04000.ane: loaded ane
Sep 20 15:48:15 jwm1-linux kernel: kauditd_printk_skb: 12 callbacks suppressed
Sep 20 15:48:15 jwm1-linux kernel: audit: type=1101 audit(1789937295.275:198): pid=885 uid=1001 auid=1001 ses=2 subj=unconfined msg='op=PAM:accounting grantors=pam_unix,pam_permit,pam_time acct="joshuawarren" exe="/usr/bin/sudo" hostname=? addr=? terminal=? res=success'
Sep 20 15:48:15 jwm1-linux kernel: audit: type=1110 audit(1789937295.276:199): pid=885 uid=1001 auid=1001 ses=2 subj=unconfined msg='op=PAM:setcred grantors=pam_faillock,pam_permit,pam_env,pam_faillock acct="root" exe="/usr/bin/sudo" hostname=? addr=? terminal=? res=success'
Sep 20 15:48:15 jwm1-linux kernel: audit: type=1105 audit(1789937295.277:200): pid=885 uid=1001 auid=1001 ses=2 subj=unconfined msg='op=PAM:session_open grantors=pam_systemd_home,pam_limits,pam_unix,pam_permit,pam_systemd acct="root" exe="/usr/bin/sudo" hostname=? addr=? terminal=? res=success'
Sep 20 15:48:15 jwm1-linux kernel: audit: type=1106 audit(1789937295.283:201): pid=885 uid=1001 auid=1001 ses=2 subj=unconfined msg='op=PAM:session_close grantors=pam_systemd_home,pam_limits,pam_unix,pam_permit,pam_systemd acct="root" exe="/usr/bin/sudo" hostname=? addr=? terminal=? res=success'
Sep 20 15:48:15 jwm1-linux kernel: audit: type=1104 audit(1789937295.283:202): pid=885 uid=1001 auid=1001 ses=2 subj=unconfined msg='op=PAM:setcred grantors=pam_faillock,pam_permit,pam_env,pam_faillock acct="root" exe="/usr/bin/sudo" hostname=? addr=? terminal=? res=success'
Sep 20 15:48:29 jwm1-linux kernel: audit: type=1101 audit(1789937309.955:203): pid=893 uid=1001 auid=1001 ses=2 subj=unconfined msg='op=PAM:accounting grantors=pam_unix,pam_permit,pam_time acct="joshuawarren" exe="/usr/bin/sudo" hostname=? addr=? terminal=? res=success'
Sep 20 15:48:29 jwm1-linux kernel: audit: type=1110 audit(1789937309.956:204): pid=893 uid=1001 auid=1001 ses=2 subj=unconfined msg='op=PAM:setcred grantors=pam_faillock,pam_permit,pam_env,pam_faillock acct="root" exe="/usr/bin/sudo" hostname=? addr=? terminal=? res=success'
Sep 20 15:48:29 jwm1-linux kernel: audit: type=1105 audit(1789937309.957:205): pid=893 uid=1001 auid=1001 ses=2 subj=unconfined msg='op=PAM:session_open grantors=pam_systemd_home,pam_limits,pam_unix,pam_permit,pam_systemd acct="root" exe="/usr/bin/sudo" hostname=? addr=? terminal=? res=success'
