[omarchy] CAPABILITY SIMULATION ACTIVE: profile 'small-shared-memory' (stands in for driver_variant honeykrisp_fork)
[omarchy] simulated runs are not hardware results: no benchmark or generated-id-digest evidence may be recorded from this process.
[omarchy] simulated device 0: 'Apple M1 Max (G13C C0)' (Mesa Honeykrisp) as subgroup_size=32 subgroup_ops_mask=0x6ff cooperative_matrix_fp32_8x8x8=1 shared_memory_limit_bytes=16384 workgroup_invocations=1024 workgroup_size_x=1024 atomic_float_add=0
[rtmod] SUBMIT tid=44474 cv=1 waits=0 sigs=2 cmds=1
[rtmod] COMMIT-NOOP
[rtmod] COMMIT-NOOP
[rtmod] SUBMIT tid=44474 cv=2 waits=0 sigs=2 cmds=1
[rtmod] COMMIT-NOOP
[rtmod] COMMIT-NOOP
[rtmod] SUBMIT tid=44474 cv=3 waits=0 sigs=2 cmds=1
[rtmod] COMMIT-NOOP
[rtmod] SUBMIT tid=44474 cv=4 waits=1 sigs=2 cmds=1
[rtmod] COMMIT-NOOP
[rtmod] COMMIT-NOOP
[rtmod] SUBMIT tid=44474 cv=5 waits=0 sigs=2 cmds=1
[rtmod] COMMIT-NOOP
[rtmod] COMMIT-NOOP
[rtmod] SUBMIT tid=44474 cv=6 waits=0 sigs=2 cmds=1
[rtmod] COMMIT-NOOP
[rtmod] SUBMIT tid=44474 cv=7 waits=1 sigs=2 cmds=1
[rtmod] COMMIT-NOOP
[rtmod] COMMIT-NOOP
[rtmod] SUBMIT tid=44474 cv=8 waits=0 sigs=2 cmds=1
[rtmod] COMMIT-NOOP
[rtmod] COMMIT-NOOP
[rtmod] SUBMIT tid=44474 cv=9 waits=0 sigs=2 cmds=1
[rtmod] COMMIT-NOOP
[rtmod] COMMIT-NOOP
[rtmod] SUBMIT tid=44474 cv=10 waits=0 sigs=2 cmds=1
[rtmod] COMMIT-NOOP
[rtmod] SUBMIT tid=44474 cv=11 waits=1 sigs=2 cmds=1
[rtmod] COMMIT-NOOP
[rtmod] COMMIT-NOOP
[rtmod] SUBMIT tid=44474 cv=12 waits=0 sigs=2 cmds=1
[rtmod] COMMIT-NOOP
[rtmod] COMMIT-NOOP
[rtmod] SUBMIT tid=44474 cv=13 waits=0 sigs=2 cmds=1
[rtmod] COMMIT-NOOP
[rtmod] COMMIT-NOOP
[rtmod] SUBMIT tid=44474 cv=14 waits=0 sigs=2 cmds=1
[rtmod] COMMIT-NOOP
[rtmod] COMMIT-NOOP
[rtmod] SUBMIT tid=44474 cv=15 waits=0 sigs=2 cmds=1
[rtmod] COMMIT-NOOP
[rtmod] SUBMIT tid=44474 cv=16 waits=1 sigs=2 cmds=1
[rtmod] COMMIT-NOOP
[rtmod] COMMIT-NOOP
unit: profile registry + apply() deltas OK
[doctest] doctest version is "2.4.12"
[doctest] run with "--help" for options
[capsim q4-gemv] profile=small-shared-memory subgroup_gate=1 bound=0.0462067
[capsim bf16-gemv] profile=small-shared-memory gemv_gate=1 hw32=1 max_abs_err=0.0366859 bound=0.163149
[capsim f32-coopmat] profile=small-shared-memory -> MatmulF32Coopmat (backed=1)
[capsim q4-prefill] profile=small-shared-memory -> QmmPrefillCoopmatF16 (backed=1)
[capsim sdpa] profile=small-shared-memory -> composed f16 SDPA (backed=1)
===============================================================================
[doctest] test cases:    6 |    6 passed | 0 failed | 0 skipped
[doctest] assertions: 2460 | 2460 passed | 0 failed |
[doctest] Status: SUCCESS!
[rtmod] COMMIT-NOOP
[rtmod] COMMIT-NOOP
[rtmod] COMMIT-NOOP
[rtmod] COMMIT-NOOP
[rtmod] COMMIT-NOOP
[rtmod] COMMIT-NOOP
