SET-WRITE capture start (25G83 adaptation 3)
WRITE t=40736416 f=_ZN9ApplePMGR10writeReg32ENS_6RegMapEjjj a1=0 a2=98324 a3=15 a4=0
WRITE t=40736778 f=_ZN9ApplePMGR10writeReg32ENS_6RegMapEjjj a1=0 a2=98324 a3=47 a4=0
WRITE t=40736789 f=_ZN9ApplePMGR10writeReg32ENS_6RegMapEjjj a1=2 a2=409600 a3=1 a4=0
WRITE t=40736797 f=_ZN9ApplePMGR10writeReg32ENS_6RegMapEjjj a1=0 a2=488 a3=251920384 a4=0
WRITE t=40736803 f=_ZN9ApplePMGR10writeReg32ENS_6RegMapEjjj a1=0 a2=488 a3=251920399 a4=0
WRITE t=40736812 f=_ZN9ApplePMGR10writeReg32ENS_6RegMapEjjj a1=0 a2=488 a3=520355855 a4=0
WRITE t=40736820 f=_ZN9ApplePMGR10writeReg32ENS_6RegMapEjjj a1=2 a2=960 a3=251658255 a4=0
WRITE t=40736843 f=_ZN9ApplePMGR10writeReg32ENS_6RegMapEjjj a1=2 a2=960 a3=520093711 a4=0
WRITE t=40822894 f=_ZN9ApplePMGR10writeReg32ENS_6RegMapEjjj a1=2 a2=960 a3=251658495 a4=0
WRITE t=40822906 f=_ZN9ApplePMGR10writeReg32ENS_6RegMapEjjj a1=2 a2=960 a3=251659248 a4=0
WRITE t=40822922 f=_ZN9ApplePMGR10writeReg32ENS_6RegMapEjjj a1=0 a2=488 a3=67371087 a4=0
WRITE t=40822930 f=_ZN9ApplePMGR10writeReg32ENS_6RegMapEjjj a1=0 a2=488 a3=251921407 a4=0
WRITE t=40822937 f=_ZN9ApplePMGR10writeReg32ENS_6RegMapEjjj a1=0 a2=488 a3=520356095 a4=0
WRITE t=40822949 f=_ZN9ApplePMGR10writeReg32ENS_6RegMapEjjj a1=0 a2=488 a3=336527951 a4=0
WRITE t=40822955 f=_ZN9ApplePMGR10writeReg32ENS_6RegMapEjjj a1=0 a2=488 a3=252642047 a4=0
WRITE t=40822960 f=_ZN9ApplePMGR10writeReg32ENS_6RegMapEjjj a1=0 a2=488 a3=67371840 a4=0
WRITE t=40823234 f=_ZN9ApplePMGR10writeReg32ENS_6RegMapEjjj a1=2 a2=409600 a3=0 a4=0
WRITE t=40823253 f=_ZN9ApplePMGR10writeReg32ENS_6RegMapEjjj a1=0 a2=98324 a3=0 a4=0
WRITE t=40847927 f=_ZN9ApplePMGR10writeReg32ENS_6RegMapEjjj a1=0 a2=98324 a3=15 a4=0
WRITE t=40848275 f=_ZN9ApplePMGR10writeReg32ENS_6RegMapEjjj a1=0 a2=98324 a3=47 a4=0
WRITE t=40848284 f=_ZN9ApplePMGR10writeReg32ENS_6RegMapEjjj a1=2 a2=409600 a3=1 a4=0
WRITE t=40848296 f=_ZN9ApplePMGR10writeReg32ENS_6RegMapEjjj a1=0 a2=488 a3=251920384 a4=0
WRITE t=40848305 f=_ZN9ApplePMGR10writeReg32ENS_6RegMapEjjj a1=0 a2=488 a3=251920399 a4=0
WRITE t=40848318 f=_ZN9ApplePMGR10writeReg32ENS_6RegMapEjjj a1=0 a2=488 a3=520355855 a4=0
WRITE t=40848331 f=_ZN9ApplePMGR10writeReg32ENS_6RegMapEjjj a1=2 a2=960 a3=251658255 a4=0
WRITE t=40848356 f=_ZN9ApplePMGR10writeReg32ENS_6RegMapEjjj a1=2 a2=960 a3=520093711 a4=0
WRITE t=41363792 f=_ZN9ApplePMGR10writeReg32ENS_6RegMapEjjj a1=2 a2=960 a3=251658495 a4=0
WRITE t=41363802 f=_ZN9ApplePMGR10writeReg32ENS_6RegMapEjjj a1=2 a2=960 a3=251659248 a4=0
WRITE t=41363814 f=_ZN9ApplePMGR10writeReg32ENS_6RegMapEjjj a1=0 a2=488 a3=67371087 a4=0
WRITE t=41363821 f=_ZN9ApplePMGR10writeReg32ENS_6RegMapEjjj a1=0 a2=488 a3=251921407 a4=0
WRITE t=41363826 f=_ZN9ApplePMGR10writeReg32ENS_6RegMapEjjj a1=0 a2=488 a3=520356095 a4=0
WRITE t=41363837 f=_ZN9ApplePMGR10writeReg32ENS_6RegMapEjjj a1=0 a2=488 a3=336527951 a4=0
WRITE t=41363842 f=_ZN9ApplePMGR10writeReg32ENS_6RegMapEjjj a1=0 a2=488 a3=252642047 a4=0
WRITE t=41363845 f=_ZN9ApplePMGR10writeReg32ENS_6RegMapEjjj a1=0 a2=488 a3=67371840 a4=0
WRITE t=41364116 f=_ZN9ApplePMGR10writeReg32ENS_6RegMapEjjj a1=2 a2=409600 a3=0 a4=0
WRITE t=41364133 f=_ZN9ApplePMGR10writeReg32ENS_6RegMapEjjj a1=0 a2=98324 a3=0 a4=0
WRITE t=41413572 f=_ZN9ApplePMGR10writeReg32ENS_6RegMapEjjj a1=0 a2=98324 a3=15 a4=0
WRITE t=41413915 f=_ZN9ApplePMGR10writeReg32ENS_6RegMapEjjj a1=0 a2=98324 a3=47 a4=0
WRITE t=41413920 f=_ZN9ApplePMGR10writeReg32ENS_6RegMapEjjj a1=2 a2=409600 a3=1 a4=0
WRITE t=41413930 f=_ZN9ApplePMGR10writeReg32ENS_6RegMapEjjj a1=0 a2=488 a3=251920384 a4=0
WRITE t=41413937 f=_ZN9ApplePMGR10writeReg32ENS_6RegMapEjjj a1=0 a2=488 a3=251920399 a4=0
WRITE t=41413947 f=_ZN9ApplePMGR10writeReg32ENS_6RegMapEjjj a1=0 a2=488 a3=520355855 a4=0
WRITE t=41413958 f=_ZN9ApplePMGR10writeReg32ENS_6RegMapEjjj a1=2 a2=960 a3=251658255 a4=0
WRITE t=41413982 f=_ZN9ApplePMGR10writeReg32ENS_6RegMapEjjj a1=2 a2=960 a3=520093711 a4=0
WRITE t=41564498 f=_ZN9ApplePMGR10writeReg32ENS_6RegMapEjjj a1=2 a2=960 a3=251658495 a4=0
WRITE t=41564509 f=_ZN9ApplePMGR10writeReg32ENS_6RegMapEjjj a1=2 a2=960 a3=251659248 a4=0
WRITE t=41564523 f=_ZN9ApplePMGR10writeReg32ENS_6RegMapEjjj a1=0 a2=488 a3=67371087 a4=0
WRITE t=41564530 f=_ZN9ApplePMGR10writeReg32ENS_6RegMapEjjj a1=0 a2=488 a3=251921407 a4=0
WRITE t=41564536 f=_ZN9ApplePMGR10writeReg32ENS_6RegMapEjjj a1=0 a2=488 a3=520356095 a4=0
WRITE t=41564547 f=_ZN9ApplePMGR10writeReg32ENS_6RegMapEjjj a1=0 a2=488 a3=336527951 a4=0
WRITE t=41564553 f=_ZN9ApplePMGR10writeReg32ENS_6RegMapEjjj a1=0 a2=488 a3=252642047 a4=0
WRITE t=41564557 f=_ZN9ApplePMGR10writeReg32ENS_6RegMapEjjj a1=0 a2=488 a3=67371840 a4=0
WRITE t=41564832 f=_ZN9ApplePMGR10writeReg32ENS_6RegMapEjjj a1=2 a2=409600 a3=0 a4=0
WRITE t=41564850 f=_ZN9ApplePMGR10writeReg32ENS_6RegMapEjjj a1=0 a2=98324 a3=0 a4=0
WRITE t=41897011 f=_ZN9ApplePMGR10writeReg32ENS_6RegMapEjjj a1=0 a2=98324 a3=15 a4=0
WRITE t=41897360 f=_ZN9ApplePMGR10writeReg32ENS_6RegMapEjjj a1=0 a2=98324 a3=47 a4=0
WRITE t=41897368 f=_ZN9ApplePMGR10writeReg32ENS_6RegMapEjjj a1=2 a2=409600 a3=1 a4=0
WRITE t=41897378 f=_ZN9ApplePMGR10writeReg32ENS_6RegMapEjjj a1=0 a2=488 a3=251920384 a4=0
WRITE t=41897386 f=_ZN9ApplePMGR10writeReg32ENS_6RegMapEjjj a1=0 a2=488 a3=251920399 a4=0
WRITE t=41897397 f=_ZN9ApplePMGR10writeReg32ENS_6RegMapEjjj a1=0 a2=488 a3=520355855 a4=0
WRITE t=41897409 f=_ZN9ApplePMGR10writeReg32ENS_6RegMapEjjj a1=2 a2=960 a3=251658255 a4=0
WRITE t=41897433 f=_ZN9ApplePMGR10writeReg32ENS_6RegMapEjjj a1=2 a2=960 a3=520093711 a4=0
WRITE t=41997307 f=_ZN9ApplePMGR10writeReg32ENS_6RegMapEjjj a1=2 a2=960 a3=251658495 a4=0
WRITE t=41997317 f=_ZN9ApplePMGR10writeReg32ENS_6RegMapEjjj a1=2 a2=960 a3=251659248 a4=0
WRITE t=41997330 f=_ZN9ApplePMGR10writeReg32ENS_6RegMapEjjj a1=0 a2=488 a3=67371087 a4=0
WRITE t=41997336 f=_ZN9ApplePMGR10writeReg32ENS_6RegMapEjjj a1=0 a2=488 a3=251921407 a4=0
WRITE t=41997341 f=_ZN9ApplePMGR10writeReg32ENS_6RegMapEjjj a1=0 a2=488 a3=520356095 a4=0
WRITE t=41997352 f=_ZN9ApplePMGR10writeReg32ENS_6RegMapEjjj a1=0 a2=488 a3=336527951 a4=0
WRITE t=41997357 f=_ZN9ApplePMGR10writeReg32ENS_6RegMapEjjj a1=0 a2=488 a3=252642047 a4=0
WRITE t=41997360 f=_ZN9ApplePMGR10writeReg32ENS_6RegMapEjjj a1=0 a2=488 a3=67371840 a4=0
WRITE t=41997633 f=_ZN9ApplePMGR10writeReg32ENS_6RegMapEjjj a1=2 a2=409600 a3=0 a4=0
WRITE t=41997650 f=_ZN9ApplePMGR10writeReg32ENS_6RegMapEjjj a1=0 a2=98324 a3=0 a4=0
WRITE t=42246958 f=_ZN9ApplePMGR10writeReg32ENS_6RegMapEjjj a1=0 a2=98324 a3=15 a4=0
WRITE t=42247323 f=_ZN9ApplePMGR10writeReg32ENS_6RegMapEjjj a1=0 a2=98324 a3=47 a4=0
WRITE t=42247331 f=_ZN9ApplePMGR10writeReg32ENS_6RegMapEjjj a1=2 a2=409600 a3=1 a4=0
WRITE t=42247342 f=_ZN9ApplePMGR10writeReg32ENS_6RegMapEjjj a1=0 a2=488 a3=251920384 a4=0
WRITE t=42247350 f=_ZN9ApplePMGR10writeReg32ENS_6RegMapEjjj a1=0 a2=488 a3=251920399 a4=0
WRITE t=42247361 f=_ZN9ApplePMGR10writeReg32ENS_6RegMapEjjj a1=0 a2=488 a3=520355855 a4=0
WRITE t=42247374 f=_ZN9ApplePMGR10writeReg32ENS_6RegMapEjjj a1=2 a2=960 a3=251658255 a4=0
WRITE t=42247398 f=_ZN9ApplePMGR10writeReg32ENS_6RegMapEjjj a1=2 a2=960 a3=520093711 a4=0
WRITE t=42346608 f=_ZN9ApplePMGR10writeReg32ENS_6RegMapEjjj a1=2 a2=960 a3=251658495 a4=0
WRITE t=42346622 f=_ZN9ApplePMGR10writeReg32ENS_6RegMapEjjj a1=2 a2=960 a3=251659248 a4=0
WRITE t=42346640 f=_ZN9ApplePMGR10writeReg32ENS_6RegMapEjjj a1=0 a2=488 a3=67371087 a4=0
WRITE t=42346650 f=_ZN9ApplePMGR10writeReg32ENS_6RegMapEjjj a1=0 a2=488 a3=251921407 a4=0
WRITE t=42346658 f=_ZN9ApplePMGR10writeReg32ENS_6RegMapEjjj a1=0 a2=488 a3=520356095 a4=0
WRITE t=42346673 f=_ZN9ApplePMGR10writeReg32ENS_6RegMapEjjj a1=0 a2=488 a3=336527951 a4=0
WRITE t=42346681 f=_ZN9ApplePMGR10writeReg32ENS_6RegMapEjjj a1=0 a2=488 a3=252642047 a4=0
WRITE t=42346688 f=_ZN9ApplePMGR10writeReg32ENS_6RegMapEjjj a1=0 a2=488 a3=67371840 a4=0
WRITE t=42346968 f=_ZN9ApplePMGR10writeReg32ENS_6RegMapEjjj a1=2 a2=409600 a3=0 a4=0
WRITE t=42346990 f=_ZN9ApplePMGR10writeReg32ENS_6RegMapEjjj a1=0 a2=98324 a3=0 a4=0
WRITE t=42667700 f=_ZN9ApplePMGR10writeReg32ENS_6RegMapEjjj a1=0 a2=98324 a3=15 a4=0
WRITE t=42668052 f=_ZN9ApplePMGR10writeReg32ENS_6RegMapEjjj a1=0 a2=98324 a3=47 a4=0
WRITE t=42668062 f=_ZN9ApplePMGR10writeReg32ENS_6RegMapEjjj a1=2 a2=409600 a3=1 a4=0
WRITE t=42668075 f=_ZN9ApplePMGR10writeReg32ENS_6RegMapEjjj a1=0 a2=488 a3=251920384 a4=0
WRITE t=42668079 f=_ZN9ApplePMGR10writeReg32ENS_6RegMapEjjj a1=0 a2=488 a3=251920399 a4=0
WRITE t=42668089 f=_ZN9ApplePMGR10writeReg32ENS_6RegMapEjjj a1=0 a2=488 a3=520355855 a4=0
WRITE t=42668095 f=_ZN9ApplePMGR10writeReg32ENS_6RegMapEjjj a1=2 a2=960 a3=251658255 a4=0
WRITE t=42668117 f=_ZN9ApplePMGR10writeReg32ENS_6RegMapEjjj a1=2 a2=960 a3=520093711 a4=0
WRITE t=42751658 f=_ZN9ApplePMGR10writeReg32ENS_6RegMapEjjj a1=2 a2=960 a3=251658495 a4=0
WRITE t=42751676 f=_ZN9ApplePMGR10writeReg32ENS_6RegMapEjjj a1=2 a2=960 a3=251659248 a4=0
WRITE t=42751694 f=_ZN9ApplePMGR10writeReg32ENS_6RegMapEjjj a1=0 a2=488 a3=67371087 a4=0
WRITE t=42751704 f=_ZN9ApplePMGR10writeReg32ENS_6RegMapEjjj a1=0 a2=488 a3=251921407 a4=0
WRITE t=42751713 f=_ZN9ApplePMGR10writeReg32ENS_6RegMapEjjj a1=0 a2=488 a3=520356095 a4=0
WRITE t=42751727 f=_ZN9ApplePMGR10writeReg32ENS_6RegMapEjjj a1=0 a2=488 a3=336527951 a4=0
WRITE t=42751735 f=_ZN9ApplePMGR10writeReg32ENS_6RegMapEjjj a1=0 a2=488 a3=252642047 a4=0
WRITE t=42751742 f=_ZN9ApplePMGR10writeReg32ENS_6RegMapEjjj a1=0 a2=488 a3=67371840 a4=0
WRITE t=42752024 f=_ZN9ApplePMGR10writeReg32ENS_6RegMapEjjj a1=2 a2=409600 a3=0 a4=0
WRITE t=42752046 f=_ZN9ApplePMGR10writeReg32ENS_6RegMapEjjj a1=0 a2=98324 a3=0 a4=0
WRITE t=43571772 f=_ZN9ApplePMGR10writeReg32ENS_6RegMapEjjj a1=0 a2=98324 a3=15 a4=0
WRITE t=43572184 f=_ZN9ApplePMGR10writeReg32ENS_6RegMapEjjj a1=0 a2=98324 a3=47 a4=0
WRITE t=43572190 f=_ZN9ApplePMGR10writeReg32ENS_6RegMapEjjj a1=2 a2=409600 a3=1 a4=0
WRITE t=43572203 f=_ZN9ApplePMGR10writeReg32ENS_6RegMapEjjj a1=0 a2=488 a3=251920384 a4=0
WRITE t=43572209 f=_ZN9ApplePMGR10writeReg32ENS_6RegMapEjjj a1=0 a2=488 a3=251920399 a4=0
WRITE t=43572219 f=_ZN9ApplePMGR10writeReg32ENS_6RegMapEjjj a1=0 a2=488 a3=520355855 a4=0
WRITE t=43572233 f=_ZN9ApplePMGR10writeReg32ENS_6RegMapEjjj a1=0 a2=98316 a3=15 a4=0
WRITE t=43572438 f=_ZN9ApplePMGR10writeReg32ENS_6RegMapEjjj a1=0 a2=98316 a3=47 a4=0
WRITE t=43572447 f=_ZN9ApplePMGR10writeReg32ENS_6RegMapEjjj a1=0 a2=616 a3=251658255 a4=0
WRITE t=43572460 f=_ZN9ApplePMGR10writeReg32ENS_6RegMapEjjj a1=113 a2=8192 a3=1 a4=0
WRITE t=43572465 f=_ZN9ApplePMGR10writeReg32ENS_6RegMapEjjj a1=0 a2=616 a3=520093711 a4=0
SET t=43572485 f=_ZN9ApplePMGR13_setPerfStateEjhj a1=0 a2=8 a3=0 a4=0
WRITE t=43572490 f=_ZN9ApplePMGR10writeReg32ENS_6RegMapEjjj a1=113 a2=2560 a3=2147483648 a4=0
WRITE t=43572499 f=_ZN9ApplePMGR10writeReg32ENS_6RegMapEjjj a1=0 a2=712 a3=15 a4=0
WRITE t=43572510 f=_ZN9ApplePMGR10writeReg32ENS_6RegMapEjjj a1=0 a2=712 a3=268435471 a4=0
SET t=49341670 f=_ZN9ApplePMGR13_setPerfStateEjhj a1=0 a2=8 a3=0 a4=0
WRITE t=49341686 f=_ZN9ApplePMGR10writeReg32ENS_6RegMapEjjj a1=113 a2=2560 a3=2147483648 a4=0
WRITE t=49341699 f=_ZN9ApplePMGR10writeReg32ENS_6RegMapEjjj a1=0 a2=616 a3=251658495 a4=0
WRITE t=49341709 f=_ZN9ApplePMGR10writeReg32ENS_6RegMapEjjj a1=113 a2=8192 a3=0 a4=0
WRITE t=49341728 f=_ZN9ApplePMGR10writeReg32ENS_6RegMapEjjj a1=0 a2=616 a3=251659248 a4=0
WRITE t=49341746 f=_ZN9ApplePMGR10writeReg32ENS_6RegMapEjjj a1=0 a2=488 a3=67371087 a4=0
WRITE t=49341756 f=_ZN9ApplePMGR10writeReg32ENS_6RegMapEjjj a1=0 a2=488 a3=251921407 a4=0
WRITE t=49341765 f=_ZN9ApplePMGR10writeReg32ENS_6RegMapEjjj a1=0 a2=488 a3=520356095 a4=0
WRITE t=49341779 f=_ZN9ApplePMGR10writeReg32ENS_6RegMapEjjj a1=0 a2=488 a3=336527951 a4=0
WRITE t=49341787 f=_ZN9ApplePMGR10writeReg32ENS_6RegMapEjjj a1=0 a2=488 a3=252642047 a4=0
WRITE t=49341794 f=_ZN9ApplePMGR10writeReg32ENS_6RegMapEjjj a1=0 a2=488 a3=67371840 a4=0
WRITE t=49341891 f=_ZN9ApplePMGR10writeReg32ENS_6RegMapEjjj a1=0 a2=98316 a3=0 a4=0
WRITE t=49342668 f=_ZN9ApplePMGR10writeReg32ENS_6RegMapEjjj a1=2 a2=409600 a3=0 a4=0
WRITE t=49342689 f=_ZN9ApplePMGR10writeReg32ENS_6RegMapEjjj a1=0 a2=98324 a3=0 a4=0
WRITE t=53859508 f=_ZN9ApplePMGR10writeReg32ENS_6RegMapEjjj a1=0 a2=98324 a3=15 a4=0
WRITE t=53859853 f=_ZN9ApplePMGR10writeReg32ENS_6RegMapEjjj a1=0 a2=98324 a3=47 a4=0
WRITE t=53859859 f=_ZN9ApplePMGR10writeReg32ENS_6RegMapEjjj a1=2 a2=409600 a3=1 a4=0
WRITE t=53859868 f=_ZN9ApplePMGR10writeReg32ENS_6RegMapEjjj a1=0 a2=488 a3=251920384 a4=0
WRITE t=53859875 f=_ZN9ApplePMGR10writeReg32ENS_6RegMapEjjj a1=0 a2=488 a3=251920399 a4=0
WRITE t=53859886 f=_ZN9ApplePMGR10writeReg32ENS_6RegMapEjjj a1=0 a2=488 a3=520355855 a4=0
WRITE t=53859896 f=_ZN9ApplePMGR10writeReg32ENS_6RegMapEjjj a1=0 a2=98316 a3=15 a4=0
WRITE t=53860098 f=_ZN9ApplePMGR10writeReg32ENS_6RegMapEjjj a1=0 a2=98316 a3=47 a4=0
WRITE t=53860108 f=_ZN9ApplePMGR10writeReg32ENS_6RegMapEjjj a1=0 a2=616 a3=251658255 a4=0
WRITE t=53860121 f=_ZN9ApplePMGR10writeReg32ENS_6RegMapEjjj a1=113 a2=8192 a3=1 a4=0
WRITE t=53860126 f=_ZN9ApplePMGR10writeReg32ENS_6RegMapEjjj a1=0 a2=616 a3=520093711 a4=0
SET t=53860146 f=_ZN9ApplePMGR13_setPerfStateEjhj a1=0 a2=8 a3=0 a4=0
WRITE t=53860150 f=_ZN9ApplePMGR10writeReg32ENS_6RegMapEjjj a1=113 a2=2560 a3=2147483648 a4=0
WRITE t=53860157 f=_ZN9ApplePMGR10writeReg32ENS_6RegMapEjjj a1=0 a2=712 a3=15 a4=0
WRITE t=53860168 f=_ZN9ApplePMGR10writeReg32ENS_6RegMapEjjj a1=0 a2=712 a3=268435471 a4=0
WRITE t=53861810 f=_ZN9ApplePMGR10writeReg32ENS_6RegMapEjjj a1=0 a2=712 a3=1008 a4=0
SET t=53861824 f=_ZN9ApplePMGR13_setPerfStateEjhj a1=0 a2=8 a3=0 a4=0
WRITE t=53861828 f=_ZN9ApplePMGR10writeReg32ENS_6RegMapEjjj a1=113 a2=2560 a3=2147483648 a4=0
WRITE t=53861832 f=_ZN9ApplePMGR10writeReg32ENS_6RegMapEjjj a1=0 a2=616 a3=251658495 a4=0
WRITE t=53861837 f=_ZN9ApplePMGR10writeReg32ENS_6RegMapEjjj a1=113 a2=8192 a3=0 a4=0
WRITE t=53861853 f=_ZN9ApplePMGR10writeReg32ENS_6RegMapEjjj a1=0 a2=616 a3=251659248 a4=0
WRITE t=53861865 f=_ZN9ApplePMGR10writeReg32ENS_6RegMapEjjj a1=0 a2=488 a3=67371087 a4=0
WRITE t=53861872 f=_ZN9ApplePMGR10writeReg32ENS_6RegMapEjjj a1=0 a2=488 a3=251921407 a4=0
WRITE t=53861876 f=_ZN9ApplePMGR10writeReg32ENS_6RegMapEjjj a1=0 a2=488 a3=520356095 a4=0
WRITE t=53861887 f=_ZN9ApplePMGR10writeReg32ENS_6RegMapEjjj a1=0 a2=488 a3=336527951 a4=0
WRITE t=53861892 f=_ZN9ApplePMGR10writeReg32ENS_6RegMapEjjj a1=0 a2=488 a3=252642047 a4=0
WRITE t=53861895 f=_ZN9ApplePMGR10writeReg32ENS_6RegMapEjjj a1=0 a2=488 a3=67371840 a4=0
WRITE t=53862002 f=_ZN9ApplePMGR10writeReg32ENS_6RegMapEjjj a1=0 a2=98316 a3=0 a4=0
WRITE t=53862777 f=_ZN9ApplePMGR10writeReg32ENS_6RegMapEjjj a1=2 a2=409600 a3=0 a4=0
WRITE t=53862794 f=_ZN9ApplePMGR10writeReg32ENS_6RegMapEjjj a1=0 a2=98324 a3=0 a4=0
WRITE t=100735921 f=_ZN9ApplePMGR10writeReg32ENS_6RegMapEjjj a1=0 a2=98324 a3=15 a4=0
WRITE t=100736321 f=_ZN9ApplePMGR10writeReg32ENS_6RegMapEjjj a1=0 a2=98324 a3=47 a4=0
WRITE t=100736331 f=_ZN9ApplePMGR10writeReg32ENS_6RegMapEjjj a1=2 a2=409600 a3=1 a4=0
WRITE t=100736341 f=_ZN9ApplePMGR10writeReg32ENS_6RegMapEjjj a1=0 a2=488 a3=251920384 a4=0
WRITE t=100736346 f=_ZN9ApplePMGR10writeReg32ENS_6RegMapEjjj a1=0 a2=488 a3=251920399 a4=0
WRITE t=100736355 f=_ZN9ApplePMGR10writeReg32ENS_6RegMapEjjj a1=0 a2=488 a3=520355855 a4=0
WRITE t=100736362 f=_ZN9ApplePMGR10writeReg32ENS_6RegMapEjjj a1=2 a2=960 a3=251658255 a4=0
WRITE t=100736385 f=_ZN9ApplePMGR10writeReg32ENS_6RegMapEjjj a1=2 a2=960 a3=520093711 a4=0
WRITE t=100823605 f=_ZN9ApplePMGR10writeReg32ENS_6RegMapEjjj a1=2 a2=960 a3=251658495 a4=0
WRITE t=100823614 f=_ZN9ApplePMGR10writeReg32ENS_6RegMapEjjj a1=2 a2=960 a3=251659248 a4=0
WRITE t=100823628 f=_ZN9ApplePMGR10writeReg32ENS_6RegMapEjjj a1=0 a2=488 a3=67371087 a4=0
WRITE t=100823635 f=_ZN9ApplePMGR10writeReg32ENS_6RegMapEjjj a1=0 a2=488 a3=251921407 a4=0
WRITE t=100823640 f=_ZN9ApplePMGR10writeReg32ENS_6RegMapEjjj a1=0 a2=488 a3=520356095 a4=0
WRITE t=100823652 f=_ZN9ApplePMGR10writeReg32ENS_6RegMapEjjj a1=0 a2=488 a3=336527951 a4=0
WRITE t=100823658 f=_ZN9ApplePMGR10writeReg32ENS_6RegMapEjjj a1=0 a2=488 a3=252642047 a4=0
WRITE t=100823661 f=_ZN9ApplePMGR10writeReg32ENS_6RegMapEjjj a1=0 a2=488 a3=67371840 a4=0
WRITE t=100823936 f=_ZN9ApplePMGR10writeReg32ENS_6RegMapEjjj a1=2 a2=409600 a3=0 a4=0
WRITE t=100823954 f=_ZN9ApplePMGR10writeReg32ENS_6RegMapEjjj a1=0 a2=98324 a3=0 a4=0
WRITE t=100847304 f=_ZN9ApplePMGR10writeReg32ENS_6RegMapEjjj a1=0 a2=98324 a3=15 a4=0
WRITE t=100847646 f=_ZN9ApplePMGR10writeReg32ENS_6RegMapEjjj a1=0 a2=98324 a3=47 a4=0
WRITE t=100847652 f=_ZN9ApplePMGR10writeReg32ENS_6RegMapEjjj a1=2 a2=409600 a3=1 a4=0
WRITE t=100847661 f=_ZN9ApplePMGR10writeReg32ENS_6RegMapEjjj a1=0 a2=488 a3=251920384 a4=0
WRITE t=100847668 f=_ZN9ApplePMGR10writeReg32ENS_6RegMapEjjj a1=0 a2=488 a3=251920399 a4=0
WRITE t=100847679 f=_ZN9ApplePMGR10writeReg32ENS_6RegMapEjjj a1=0 a2=488 a3=520355855 a4=0
WRITE t=100847689 f=_ZN9ApplePMGR10writeReg32ENS_6RegMapEjjj a1=2 a2=960 a3=251658255 a4=0
WRITE t=100847713 f=_ZN9ApplePMGR10writeReg32ENS_6RegMapEjjj a1=2 a2=960 a3=520093711 a4=0
WRITE t=100947848 f=_ZN9ApplePMGR10writeReg32ENS_6RegMapEjjj a1=2 a2=960 a3=251658495 a4=0
WRITE t=100947857 f=_ZN9ApplePMGR10writeReg32ENS_6RegMapEjjj a1=2 a2=960 a3=251659248 a4=0
WRITE t=100947867 f=_ZN9ApplePMGR10writeReg32ENS_6RegMapEjjj a1=0 a2=488 a3=67371087 a4=0
WRITE t=100947873 f=_ZN9ApplePMGR10writeReg32ENS_6RegMapEjjj a1=0 a2=488 a3=251921407 a4=0
WRITE t=100947878 f=_ZN9ApplePMGR10writeReg32ENS_6RegMapEjjj a1=0 a2=488 a3=520356095 a4=0
WRITE t=100947889 f=_ZN9ApplePMGR10writeReg32ENS_6RegMapEjjj a1=0 a2=488 a3=336527951 a4=0
WRITE t=100947894 f=_ZN9ApplePMGR10writeReg32ENS_6RegMapEjjj a1=0 a2=488 a3=252642047 a4=0
WRITE t=100947897 f=_ZN9ApplePMGR10writeReg32ENS_6RegMapEjjj a1=0 a2=488 a3=67371840 a4=0
WRITE t=100948168 f=_ZN9ApplePMGR10writeReg32ENS_6RegMapEjjj a1=2 a2=409600 a3=0 a4=0
WRITE t=100948186 f=_ZN9ApplePMGR10writeReg32ENS_6RegMapEjjj a1=0 a2=98324 a3=0 a4=0
WRITE t=101246999 f=_ZN9ApplePMGR10writeReg32ENS_6RegMapEjjj a1=0 a2=98324 a3=15 a4=0
WRITE t=101247340 f=_ZN9ApplePMGR10writeReg32ENS_6RegMapEjjj a1=0 a2=98324 a3=47 a4=0
WRITE t=101247346 f=_ZN9ApplePMGR10writeReg32ENS_6RegMapEjjj a1=2 a2=409600 a3=1 a4=0
WRITE t=101247356 f=_ZN9ApplePMGR10writeReg32ENS_6RegMapEjjj a1=0 a2=488 a3=251920384 a4=0
WRITE t=101247363 f=_ZN9ApplePMGR10writeReg32ENS_6RegMapEjjj a1=0 a2=488 a3=251920399 a4=0
WRITE t=101247374 f=_ZN9ApplePMGR10writeReg32ENS_6RegMapEjjj a1=0 a2=488 a3=520355855 a4=0
WRITE t=101247385 f=_ZN9ApplePMGR10writeReg32ENS_6RegMapEjjj a1=2 a2=960 a3=251658255 a4=0
WRITE t=101247409 f=_ZN9ApplePMGR10writeReg32ENS_6RegMapEjjj a1=2 a2=960 a3=520093711 a4=0
WRITE t=101412749 f=_ZN9ApplePMGR10writeReg32ENS_6RegMapEjjj a1=2 a2=960 a3=251658495 a4=0
WRITE t=101412762 f=_ZN9ApplePMGR10writeReg32ENS_6RegMapEjjj a1=2 a2=960 a3=251659248 a4=0
WRITE t=101412777 f=_ZN9ApplePMGR10writeReg32ENS_6RegMapEjjj a1=0 a2=488 a3=67371087 a4=0
WRITE t=101412786 f=_ZN9ApplePMGR10writeReg32ENS_6RegMapEjjj a1=0 a2=488 a3=251921407 a4=0
WRITE t=101412793 f=_ZN9ApplePMGR10writeReg32ENS_6RegMapEjjj a1=0 a2=488 a3=520356095 a4=0
WRITE t=101412806 f=_ZN9ApplePMGR10writeReg32ENS_6RegMapEjjj a1=0 a2=488 a3=336527951 a4=0
WRITE t=101412813 f=_ZN9ApplePMGR10writeReg32ENS_6RegMapEjjj a1=0 a2=488 a3=252642047 a4=0
WRITE t=101412819 f=_ZN9ApplePMGR10writeReg32ENS_6RegMapEjjj a1=0 a2=488 a3=67371840 a4=0
WRITE t=101413096 f=_ZN9ApplePMGR10writeReg32ENS_6RegMapEjjj a1=2 a2=409600 a3=0 a4=0
WRITE t=101413117 f=_ZN9ApplePMGR10writeReg32ENS_6RegMapEjjj a1=0 a2=98324 a3=0 a4=0
WRITE t=101480246 f=_ZN9ApplePMGR10writeReg32ENS_6RegMapEjjj a1=0 a2=98324 a3=15 a4=0
WRITE t=101480587 f=_ZN9ApplePMGR10writeReg32ENS_6RegMapEjjj a1=0 a2=98324 a3=47 a4=0
WRITE t=101480593 f=_ZN9ApplePMGR10writeReg32ENS_6RegMapEjjj a1=2 a2=409600 a3=1 a4=0
WRITE t=101480603 f=_ZN9ApplePMGR10writeReg32ENS_6RegMapEjjj a1=0 a2=488 a3=251920384 a4=0
WRITE t=101480610 f=_ZN9ApplePMGR10writeReg32ENS_6RegMapEjjj a1=0 a2=488 a3=251920399 a4=0
WRITE t=101480621 f=_ZN9ApplePMGR10writeReg32ENS_6RegMapEjjj a1=0 a2=488 a3=520355855 a4=0
WRITE t=101480632 f=_ZN9ApplePMGR10writeReg32ENS_6RegMapEjjj a1=2 a2=960 a3=251658255 a4=0
WRITE t=101480655 f=_ZN9ApplePMGR10writeReg32ENS_6RegMapEjjj a1=2 a2=960 a3=520093711 a4=0
WRITE t=101629839 f=_ZN9ApplePMGR10writeReg32ENS_6RegMapEjjj a1=2 a2=960 a3=251658495 a4=0
WRITE t=101629854 f=_ZN9ApplePMGR10writeReg32ENS_6RegMapEjjj a1=2 a2=960 a3=251659248 a4=0
WRITE t=101629871 f=_ZN9ApplePMGR10writeReg32ENS_6RegMapEjjj a1=0 a2=488 a3=67371087 a4=0
WRITE t=101629881 f=_ZN9ApplePMGR10writeReg32ENS_6RegMapEjjj a1=0 a2=488 a3=251921407 a4=0
WRITE t=101629889 f=_ZN9ApplePMGR10writeReg32ENS_6RegMapEjjj a1=0 a2=488 a3=520356095 a4=0
WRITE t=101629903 f=_ZN9ApplePMGR10writeReg32ENS_6RegMapEjjj a1=0 a2=488 a3=336527951 a4=0
WRITE t=101629912 f=_ZN9ApplePMGR10writeReg32ENS_6RegMapEjjj a1=0 a2=488 a3=252642047 a4=0
WRITE t=101629918 f=_ZN9ApplePMGR10writeReg32ENS_6RegMapEjjj a1=0 a2=488 a3=67371840 a4=0
WRITE t=101630199 f=_ZN9ApplePMGR10writeReg32ENS_6RegMapEjjj a1=2 a2=409600 a3=0 a4=0
WRITE t=101630221 f=_ZN9ApplePMGR10writeReg32ENS_6RegMapEjjj a1=0 a2=98324 a3=0 a4=0
WRITE t=101647714 f=_ZN9ApplePMGR10writeReg32ENS_6RegMapEjjj a1=0 a2=98324 a3=15 a4=0
WRITE t=101648071 f=_ZN9ApplePMGR10writeReg32ENS_6RegMapEjjj a1=0 a2=98324 a3=47 a4=0
WRITE t=101648081 f=_ZN9ApplePMGR10writeReg32ENS_6RegMapEjjj a1=2 a2=409600 a3=1 a4=0
WRITE t=101648097 f=_ZN9ApplePMGR10writeReg32ENS_6RegMapEjjj a1=0 a2=488 a3=251920384 a4=0
WRITE t=101648109 f=_ZN9ApplePMGR10writeReg32ENS_6RegMapEjjj a1=0 a2=488 a3=251920399 a4=0
WRITE t=101648123 f=_ZN9ApplePMGR10writeReg32ENS_6RegMapEjjj a1=0 a2=488 a3=520355855 a4=0
WRITE t=101648139 f=_ZN9ApplePMGR10writeReg32ENS_6RegMapEjjj a1=2 a2=960 a3=251658255 a4=0
WRITE t=101648166 f=_ZN9ApplePMGR10writeReg32ENS_6RegMapEjjj a1=2 a2=960 a3=520093711 a4=0
WRITE t=101746340 f=_ZN9ApplePMGR10writeReg32ENS_6RegMapEjjj a1=2 a2=960 a3=251658495 a4=0
WRITE t=101746349 f=_ZN9ApplePMGR10writeReg32ENS_6RegMapEjjj a1=2 a2=960 a3=251659248 a4=0
WRITE t=101746360 f=_ZN9ApplePMGR10writeReg32ENS_6RegMapEjjj a1=0 a2=488 a3=67371087 a4=0
WRITE t=101746367 f=_ZN9ApplePMGR10writeReg32ENS_6RegMapEjjj a1=0 a2=488 a3=251921407 a4=0
WRITE t=101746372 f=_ZN9ApplePMGR10writeReg32ENS_6RegMapEjjj a1=0 a2=488 a3=520356095 a4=0
WRITE t=101746383 f=_ZN9ApplePMGR10writeReg32ENS_6RegMapEjjj a1=0 a2=488 a3=336527951 a4=0
WRITE t=101746388 f=_ZN9ApplePMGR10writeReg32ENS_6RegMapEjjj a1=0 a2=488 a3=252642047 a4=0
WRITE t=101746391 f=_ZN9ApplePMGR10writeReg32ENS_6RegMapEjjj a1=0 a2=488 a3=67371840 a4=0
WRITE t=101746662 f=_ZN9ApplePMGR10writeReg32ENS_6RegMapEjjj a1=2 a2=409600 a3=0 a4=0
WRITE t=101746680 f=_ZN9ApplePMGR10writeReg32ENS_6RegMapEjjj a1=0 a2=98324 a3=0 a4=0
WRITE t=101913526 f=_ZN9ApplePMGR10writeReg32ENS_6RegMapEjjj a1=0 a2=98324 a3=15 a4=0
WRITE t=101913926 f=_ZN9ApplePMGR10writeReg32ENS_6RegMapEjjj a1=0 a2=98324 a3=47 a4=0
WRITE t=101913933 f=_ZN9ApplePMGR10writeReg32ENS_6RegMapEjjj a1=2 a2=409600 a3=1 a4=0
WRITE t=101913942 f=_ZN9ApplePMGR10writeReg32ENS_6RegMapEjjj a1=0 a2=488 a3=251920384 a4=0
WRITE t=101913949 f=_ZN9ApplePMGR10writeReg32ENS_6RegMapEjjj a1=0 a2=488 a3=251920399 a4=0
WRITE t=101913960 f=_ZN9ApplePMGR10writeReg32ENS_6RegMapEjjj a1=0 a2=488 a3=520355855 a4=0
WRITE t=101913972 f=_ZN9ApplePMGR10writeReg32ENS_6RegMapEjjj a1=2 a2=960 a3=251658255 a4=0
WRITE t=101913995 f=_ZN9ApplePMGR10writeReg32ENS_6RegMapEjjj a1=2 a2=960 a3=520093711 a4=0
WRITE t=102012814 f=_ZN9ApplePMGR10writeReg32ENS_6RegMapEjjj a1=2 a2=960 a3=251658495 a4=0
WRITE t=102012828 f=_ZN9ApplePMGR10writeReg32ENS_6RegMapEjjj a1=2 a2=960 a3=251659248 a4=0
WRITE t=102012846 f=_ZN9ApplePMGR10writeReg32ENS_6RegMapEjjj a1=0 a2=488 a3=67371087 a4=0
WRITE t=102012856 f=_ZN9ApplePMGR10writeReg32ENS_6RegMapEjjj a1=0 a2=488 a3=251921407 a4=0
WRITE t=102012865 f=_ZN9ApplePMGR10writeReg32ENS_6RegMapEjjj a1=0 a2=488 a3=520356095 a4=0
WRITE t=102012879 f=_ZN9ApplePMGR10writeReg32ENS_6RegMapEjjj a1=0 a2=488 a3=336527951 a4=0
WRITE t=102012888 f=_ZN9ApplePMGR10writeReg32ENS_6RegMapEjjj a1=0 a2=488 a3=252642047 a4=0
WRITE t=102012894 f=_ZN9ApplePMGR10writeReg32ENS_6RegMapEjjj a1=0 a2=488 a3=67371840 a4=0
WRITE t=102013170 f=_ZN9ApplePMGR10writeReg32ENS_6RegMapEjjj a1=2 a2=409600 a3=0 a4=0
WRITE t=102013191 f=_ZN9ApplePMGR10writeReg32ENS_6RegMapEjjj a1=0 a2=98324 a3=0 a4=0
WRITE t=102047479 f=_ZN9ApplePMGR10writeReg32ENS_6RegMapEjjj a1=0 a2=98324 a3=15 a4=0
WRITE t=102047906 f=_ZN9ApplePMGR10writeReg32ENS_6RegMapEjjj a1=0 a2=98324 a3=47 a4=0
WRITE t=102047916 f=_ZN9ApplePMGR10writeReg32ENS_6RegMapEjjj a1=2 a2=409600 a3=1 a4=0
WRITE t=102047931 f=_ZN9ApplePMGR10writeReg32ENS_6RegMapEjjj a1=0 a2=488 a3=251920384 a4=0
WRITE t=102047943 f=_ZN9ApplePMGR10writeReg32ENS_6RegMapEjjj a1=0 a2=488 a3=251920399 a4=0
WRITE t=102047957 f=_ZN9ApplePMGR10writeReg32ENS_6RegMapEjjj a1=0 a2=488 a3=520355855 a4=0
WRITE t=102047973 f=_ZN9ApplePMGR10writeReg32ENS_6RegMapEjjj a1=2 a2=960 a3=251658255 a4=0
WRITE t=102048000 f=_ZN9ApplePMGR10writeReg32ENS_6RegMapEjjj a1=2 a2=960 a3=520093711 a4=0
WRITE t=102162768 f=_ZN9ApplePMGR10writeReg32ENS_6RegMapEjjj a1=2 a2=960 a3=251658495 a4=0
WRITE t=102162780 f=_ZN9ApplePMGR10writeReg32ENS_6RegMapEjjj a1=2 a2=960 a3=251659248 a4=0
WRITE t=102162795 f=_ZN9ApplePMGR10writeReg32ENS_6RegMapEjjj a1=0 a2=488 a3=67371087 a4=0
WRITE t=102162804 f=_ZN9ApplePMGR10writeReg32ENS_6RegMapEjjj a1=0 a2=488 a3=251921407 a4=0
WRITE t=102162811 f=_ZN9ApplePMGR10writeReg32ENS_6RegMapEjjj a1=0 a2=488 a3=520356095 a4=0
WRITE t=102162823 f=_ZN9ApplePMGR10writeReg32ENS_6RegMapEjjj a1=0 a2=488 a3=336527951 a4=0
WRITE t=102162831 f=_ZN9ApplePMGR10writeReg32ENS_6RegMapEjjj a1=0 a2=488 a3=252642047 a4=0
WRITE t=102162837 f=_ZN9ApplePMGR10writeReg32ENS_6RegMapEjjj a1=0 a2=488 a3=67371840 a4=0
WRITE t=102163131 f=_ZN9ApplePMGR10writeReg32ENS_6RegMapEjjj a1=2 a2=409600 a3=0 a4=0
WRITE t=102163152 f=_ZN9ApplePMGR10writeReg32ENS_6RegMapEjjj a1=0 a2=98324 a3=0 a4=0
WRITE t=102263463 f=_ZN9ApplePMGR10writeReg32ENS_6RegMapEjjj a1=0 a2=98324 a3=15 a4=0
WRITE t=102263805 f=_ZN9ApplePMGR10writeReg32ENS_6RegMapEjjj a1=0 a2=98324 a3=47 a4=0
WRITE t=102263811 f=_ZN9ApplePMGR10writeReg32ENS_6RegMapEjjj a1=2 a2=409600 a3=1 a4=0
WRITE t=102263820 f=_ZN9ApplePMGR10writeReg32ENS_6RegMapEjjj a1=0 a2=488 a3=251920384 a4=0
WRITE t=102263828 f=_ZN9ApplePMGR10writeReg32ENS_6RegMapEjjj a1=0 a2=488 a3=251920399 a4=0
WRITE t=102263838 f=_ZN9ApplePMGR10writeReg32ENS_6RegMapEjjj a1=0 a2=488 a3=520355855 a4=0
WRITE t=102263848 f=_ZN9ApplePMGR10writeReg32ENS_6RegMapEjjj a1=2 a2=960 a3=251658255 a4=0
WRITE t=102263872 f=_ZN9ApplePMGR10writeReg32ENS_6RegMapEjjj a1=2 a2=960 a3=520093711 a4=0
WRITE t=102379401 f=_ZN9ApplePMGR10writeReg32ENS_6RegMapEjjj a1=2 a2=960 a3=251658495 a4=0
WRITE t=102379413 f=_ZN9ApplePMGR10writeReg32ENS_6RegMapEjjj a1=2 a2=960 a3=251659248 a4=0
WRITE t=102379428 f=_ZN9ApplePMGR10writeReg32ENS_6RegMapEjjj a1=0 a2=488 a3=67371087 a4=0
WRITE t=102379436 f=_ZN9ApplePMGR10writeReg32ENS_6RegMapEjjj a1=0 a2=488 a3=251921407 a4=0
WRITE t=102379443 f=_ZN9ApplePMGR10writeReg32ENS_6RegMapEjjj a1=0 a2=488 a3=520356095 a4=0
WRITE t=102379455 f=_ZN9ApplePMGR10writeReg32ENS_6RegMapEjjj a1=0 a2=488 a3=336527951 a4=0
WRITE t=102379462 f=_ZN9ApplePMGR10writeReg32ENS_6RegMapEjjj a1=0 a2=488 a3=252642047 a4=0
WRITE t=102379467 f=_ZN9ApplePMGR10writeReg32ENS_6RegMapEjjj a1=0 a2=488 a3=67371840 a4=0
WRITE t=102379739 f=_ZN9ApplePMGR10writeReg32ENS_6RegMapEjjj a1=2 a2=409600 a3=0 a4=0
WRITE t=102379759 f=_ZN9ApplePMGR10writeReg32ENS_6RegMapEjjj a1=0 a2=98324 a3=0 a4=0
WRITE t=102665918 f=_ZN9ApplePMGR10writeReg32ENS_6RegMapEjjj a1=0 a2=98324 a3=15 a4=0
WRITE t=102666268 f=_ZN9ApplePMGR10writeReg32ENS_6RegMapEjjj a1=0 a2=98324 a3=47 a4=0
WRITE t=102666275 f=_ZN9ApplePMGR10writeReg32ENS_6RegMapEjjj a1=2 a2=409600 a3=1 a4=0
WRITE t=102666285 f=_ZN9ApplePMGR10writeReg32ENS_6RegMapEjjj a1=0 a2=488 a3=251920384 a4=0
WRITE t=102666293 f=_ZN9ApplePMGR10writeReg32ENS_6RegMapEjjj a1=0 a2=488 a3=251920399 a4=0
WRITE t=102666304 f=_ZN9ApplePMGR10writeReg32ENS_6RegMapEjjj a1=0 a2=488 a3=520355855 a4=0
WRITE t=102666316 f=_ZN9ApplePMGR10writeReg32ENS_6RegMapEjjj a1=2 a2=960 a3=251658255 a4=0
WRITE t=102666340 f=_ZN9ApplePMGR10writeReg32ENS_6RegMapEjjj a1=2 a2=960 a3=520093711 a4=0
WRITE t=102750998 f=_ZN9ApplePMGR10writeReg32ENS_6RegMapEjjj a1=2 a2=960 a3=251658495 a4=0
WRITE t=102751009 f=_ZN9ApplePMGR10writeReg32ENS_6RegMapEjjj a1=2 a2=960 a3=251659248 a4=0
WRITE t=102751023 f=_ZN9ApplePMGR10writeReg32ENS_6RegMapEjjj a1=0 a2=488 a3=67371087 a4=0
WRITE t=102751032 f=_ZN9ApplePMGR10writeReg32ENS_6RegMapEjjj a1=0 a2=488 a3=251921407 a4=0
WRITE t=102751038 f=_ZN9ApplePMGR10writeReg32ENS_6RegMapEjjj a1=0 a2=488 a3=520356095 a4=0
WRITE t=102751050 f=_ZN9ApplePMGR10writeReg32ENS_6RegMapEjjj a1=0 a2=488 a3=336527951 a4=0
WRITE t=102751057 f=_ZN9ApplePMGR10writeReg32ENS_6RegMapEjjj a1=0 a2=488 a3=252642047 a4=0
WRITE t=102751061 f=_ZN9ApplePMGR10writeReg32ENS_6RegMapEjjj a1=0 a2=488 a3=67371840 a4=0
WRITE t=102751338 f=_ZN9ApplePMGR10writeReg32ENS_6RegMapEjjj a1=2 a2=409600 a3=0 a4=0
WRITE t=102751359 f=_ZN9ApplePMGR10writeReg32ENS_6RegMapEjjj a1=0 a2=98324 a3=0 a4=0
WRITE t=119697468 f=_ZN9ApplePMGR10writeReg32ENS_6RegMapEjjj a1=0 a2=98324 a3=15 a4=0
WRITE t=119697824 f=_ZN9ApplePMGR10writeReg32ENS_6RegMapEjjj a1=0 a2=98324 a3=47 a4=0
WRITE t=119697832 f=_ZN9ApplePMGR10writeReg32ENS_6RegMapEjjj a1=2 a2=409600 a3=1 a4=0
WRITE t=119697846 f=_ZN9ApplePMGR10writeReg32ENS_6RegMapEjjj a1=0 a2=488 a3=251920384 a4=0
WRITE t=119697853 f=_ZN9ApplePMGR10writeReg32ENS_6RegMapEjjj a1=0 a2=488 a3=251920399 a4=0
WRITE t=119697864 f=_ZN9ApplePMGR10writeReg32ENS_6RegMapEjjj a1=0 a2=488 a3=520355855 a4=0
WRITE t=119697876 f=_ZN9ApplePMGR10writeReg32ENS_6RegMapEjjj a1=0 a2=98316 a3=15 a4=0
WRITE t=119698087 f=_ZN9ApplePMGR10writeReg32ENS_6RegMapEjjj a1=0 a2=98316 a3=47 a4=0
WRITE t=119698098 f=_ZN9ApplePMGR10writeReg32ENS_6RegMapEjjj a1=0 a2=616 a3=251658255 a4=0
WRITE t=119698112 f=_ZN9ApplePMGR10writeReg32ENS_6RegMapEjjj a1=113 a2=8192 a3=1 a4=0
WRITE t=119698118 f=_ZN9ApplePMGR10writeReg32ENS_6RegMapEjjj a1=0 a2=616 a3=520093711 a4=0
SET t=119698142 f=_ZN9ApplePMGR13_setPerfStateEjhj a1=0 a2=8 a3=0 a4=0
WRITE t=119698148 f=_ZN9ApplePMGR10writeReg32ENS_6RegMapEjjj a1=113 a2=2560 a3=2147483648 a4=0
WRITE t=119698157 f=_ZN9ApplePMGR10writeReg32ENS_6RegMapEjjj a1=0 a2=712 a3=15 a4=0
WRITE t=119698169 f=_ZN9ApplePMGR10writeReg32ENS_6RegMapEjjj a1=0 a2=712 a3=268435471 a4=0
SET t=119844075 f=_ZN9ApplePMGR13_setPerfStateEjhj a1=1 a2=8 a3=0 a4=-2197965846200
WRITE t=119844086 f=_ZN9ApplePMGR10writeReg32ENS_6RegMapEjjj a1=113 a2=2560 a3=2147483649 a4=0
SET t=119848700 f=_ZN9ApplePMGR13_setPerfStateEjhj a1=0 a2=8 a3=0 a4=-2197965846200
WRITE t=119848707 f=_ZN9ApplePMGR10writeReg32ENS_6RegMapEjjj a1=113 a2=2560 a3=2147483664 a4=0
SET t=119858125 f=_ZN9ApplePMGR13_setPerfStateEjhj a1=1 a2=8 a3=0 a4=-2197965846200
WRITE t=119858133 f=_ZN9ApplePMGR10writeReg32ENS_6RegMapEjjj a1=113 a2=2560 a3=2147483649 a4=0
SET t=119871901 f=_ZN9ApplePMGR13_setPerfStateEjhj a1=2 a2=8 a3=0 a4=-2197965846200
WRITE t=119871908 f=_ZN9ApplePMGR10writeReg32ENS_6RegMapEjjj a1=113 a2=2560 a3=2147483666 a4=0
SET t=119876534 f=_ZN9ApplePMGR13_setPerfStateEjhj a1=3 a2=8 a3=0 a4=-2197965846200
WRITE t=119876540 f=_ZN9ApplePMGR10writeReg32ENS_6RegMapEjjj a1=113 a2=2560 a3=2147483683 a4=0
SET t=119881232 f=_ZN9ApplePMGR13_setPerfStateEjhj a1=5 a2=8 a3=0 a4=-2197965846200
WRITE t=119881238 f=_ZN9ApplePMGR10writeReg32ENS_6RegMapEjjj a1=113 a2=2560 a3=2147483701 a4=0
SET t=119988505 f=_ZN9ApplePMGR13_setPerfStateEjhj a1=4 a2=8 a3=0 a4=-2197965846200
WRITE t=119988528 f=_ZN9ApplePMGR10writeReg32ENS_6RegMapEjjj a1=113 a2=2560 a3=2147483732 a4=0
SET t=119993153 f=_ZN9ApplePMGR13_setPerfStateEjhj a1=3 a2=8 a3=0 a4=-2197965846200
WRITE t=119993164 f=_ZN9ApplePMGR10writeReg32ENS_6RegMapEjjj a1=113 a2=2560 a3=2147483715 a4=0
SET t=120002580 f=_ZN9ApplePMGR13_setPerfStateEjhj a1=0 a2=8 a3=0 a4=-2197965846200
WRITE t=120002594 f=_ZN9ApplePMGR10writeReg32ENS_6RegMapEjjj a1=113 a2=2560 a3=2147483696 a4=0
SET t=120007197 f=_ZN9ApplePMGR13_setPerfStateEjhj a1=2 a2=8 a3=0 a4=-2197965846200
WRITE t=120007209 f=_ZN9ApplePMGR10writeReg32ENS_6RegMapEjjj a1=113 a2=2560 a3=2147483650 a4=0
SET t=120011899 f=_ZN9ApplePMGR13_setPerfStateEjhj a1=3 a2=8 a3=0 a4=-2197965846200
WRITE t=120011909 f=_ZN9ApplePMGR10writeReg32ENS_6RegMapEjjj a1=113 a2=2560 a3=2147483683 a4=0
SET t=120016632 f=_ZN9ApplePMGR13_setPerfStateEjhj a1=0 a2=8 a3=0 a4=-2197965846200
WRITE t=120016647 f=_ZN9ApplePMGR10writeReg32ENS_6RegMapEjjj a1=113 a2=2560 a3=2147483696 a4=0
SET t=120021237 f=_ZN9ApplePMGR13_setPerfStateEjhj a1=2 a2=8 a3=0 a4=-2197965846200
WRITE t=120021245 f=_ZN9ApplePMGR10writeReg32ENS_6RegMapEjjj a1=113 a2=2560 a3=2147483650 a4=0
SET t=120025898 f=_ZN9ApplePMGR13_setPerfStateEjhj a1=3 a2=8 a3=0 a4=-2197965846200
WRITE t=120025908 f=_ZN9ApplePMGR10writeReg32ENS_6RegMapEjjj a1=113 a2=2560 a3=2147483683 a4=0
SET t=120030630 f=_ZN9ApplePMGR13_setPerfStateEjhj a1=5 a2=8 a3=0 a4=-2197965846200
WRITE t=120030639 f=_ZN9ApplePMGR10writeReg32ENS_6RegMapEjjj a1=113 a2=2560 a3=2147483701 a4=0
SET t=120137032 f=_ZN9ApplePMGR13_setPerfStateEjhj a1=4 a2=8 a3=0 a4=-2197965846200
WRITE t=120137054 f=_ZN9ApplePMGR10writeReg32ENS_6RegMapEjjj a1=113 a2=2560 a3=2147483732 a4=0
SET t=120169883 f=_ZN9ApplePMGR13_setPerfStateEjhj a1=5 a2=8 a3=0 a4=-2197965846200
WRITE t=120169894 f=_ZN9ApplePMGR10writeReg32ENS_6RegMapEjjj a1=113 a2=2560 a3=2147483717 a4=0
SET t=120408491 f=_ZN9ApplePMGR13_setPerfStateEjhj a1=0 a2=8 a3=0 a4=-2197965846200
WRITE t=120408525 f=_ZN9ApplePMGR10writeReg32ENS_6RegMapEjjj a1=113 a2=2560 a3=2147483728 a4=0
SET t=120413086 f=_ZN9ApplePMGR13_setPerfStateEjhj a1=5 a2=8 a3=0 a4=-2197965846200
WRITE t=120413101 f=_ZN9ApplePMGR10writeReg32ENS_6RegMapEjjj a1=113 a2=2560 a3=2147483653 a4=0
SET t=120431892 f=_ZN9ApplePMGR13_setPerfStateEjhj a1=0 a2=8 a3=0 a4=-2197965846200
WRITE t=120431909 f=_ZN9ApplePMGR10writeReg32ENS_6RegMapEjjj a1=113 a2=2560 a3=2147483728 a4=0
SET t=120436212 f=_ZN9ApplePMGR13_setPerfStateEjhj a1=5 a2=8 a3=0 a4=-2197965846200
WRITE t=120436223 f=_ZN9ApplePMGR10writeReg32ENS_6RegMapEjjj a1=113 a2=2560 a3=2147483653 a4=0
SET t=120701939 f=_ZN9ApplePMGR13_setPerfStateEjhj a1=0 a2=8 a3=0 a4=-2197965846200
WRITE t=120701966 f=_ZN9ApplePMGR10writeReg32ENS_6RegMapEjjj a1=113 a2=2560 a3=2147483728 a4=0
SET t=120706555 f=_ZN9ApplePMGR13_setPerfStateEjhj a1=5 a2=8 a3=0 a4=-2197965846200
WRITE t=120706565 f=_ZN9ApplePMGR10writeReg32ENS_6RegMapEjjj a1=113 a2=2560 a3=2147483653 a4=0
SET t=121092922 f=_ZN9ApplePMGR13_setPerfStateEjhj a1=0 a2=8 a3=0 a4=-2197965846200
WRITE t=121092958 f=_ZN9ApplePMGR10writeReg32ENS_6RegMapEjjj a1=113 a2=2560 a3=2147483728 a4=0
SET t=121097619 f=_ZN9ApplePMGR13_setPerfStateEjhj a1=5 a2=8 a3=0 a4=-2197965846200
WRITE t=121097632 f=_ZN9ApplePMGR10writeReg32ENS_6RegMapEjjj a1=113 a2=2560 a3=2147483653 a4=0
SET t=121116315 f=_ZN9ApplePMGR13_setPerfStateEjhj a1=0 a2=8 a3=0 a4=-2197965846200
WRITE t=121116331 f=_ZN9ApplePMGR10writeReg32ENS_6RegMapEjjj a1=113 a2=2560 a3=2147483728 a4=0
SET t=121121003 f=_ZN9ApplePMGR13_setPerfStateEjhj a1=5 a2=8 a3=0 a4=-2197965846200
WRITE t=121121014 f=_ZN9ApplePMGR10writeReg32ENS_6RegMapEjjj a1=113 a2=2560 a3=2147483653 a4=0
SET t=121527520 f=_ZN9ApplePMGR13_setPerfStateEjhj a1=4 a2=8 a3=0 a4=-2197965846200
WRITE t=121527550 f=_ZN9ApplePMGR10writeReg32ENS_6RegMapEjjj a1=113 a2=2560 a3=2147483732 a4=0
SET t=121541226 f=_ZN9ApplePMGR13_setPerfStateEjhj a1=5 a2=8 a3=0 a4=-2197965846200
WRITE t=121541238 f=_ZN9ApplePMGR10writeReg32ENS_6RegMapEjjj a1=113 a2=2560 a3=2147483717 a4=0
SET t=121644148 f=_ZN9ApplePMGR13_setPerfStateEjhj a1=0 a2=8 a3=0 a4=-2197965846200
WRITE t=121644175 f=_ZN9ApplePMGR10writeReg32ENS_6RegMapEjjj a1=113 a2=2560 a3=2147483728 a4=0
SET t=121881863 f=_ZN9ApplePMGR13_setPerfStateEjhj a1=0 a2=8 a3=0 a4=0
WRITE t=121881898 f=_ZN9ApplePMGR10writeReg32ENS_6RegMapEjjj a1=113 a2=2560 a3=2147483648 a4=0
WRITE t=121881913 f=_ZN9ApplePMGR10writeReg32ENS_6RegMapEjjj a1=0 a2=616 a3=251658495 a4=0
WRITE t=121881924 f=_ZN9ApplePMGR10writeReg32ENS_6RegMapEjjj a1=113 a2=8192 a3=0 a4=0
WRITE t=121881942 f=_ZN9ApplePMGR10writeReg32ENS_6RegMapEjjj a1=0 a2=616 a3=251659248 a4=0
WRITE t=121881968 f=_ZN9ApplePMGR10writeReg32ENS_6RegMapEjjj a1=0 a2=488 a3=67371087 a4=0
WRITE t=121881977 f=_ZN9ApplePMGR10writeReg32ENS_6RegMapEjjj a1=0 a2=488 a3=251921407 a4=0
WRITE t=121881983 f=_ZN9ApplePMGR10writeReg32ENS_6RegMapEjjj a1=0 a2=488 a3=520356095 a4=0
WRITE t=121881995 f=_ZN9ApplePMGR10writeReg32ENS_6RegMapEjjj a1=0 a2=488 a3=336527951 a4=0
WRITE t=121882003 f=_ZN9ApplePMGR10writeReg32ENS_6RegMapEjjj a1=0 a2=488 a3=252642047 a4=0
WRITE t=121882007 f=_ZN9ApplePMGR10writeReg32ENS_6RegMapEjjj a1=0 a2=488 a3=67371840 a4=0
WRITE t=121882143 f=_ZN9ApplePMGR10writeReg32ENS_6RegMapEjjj a1=0 a2=98316 a3=0 a4=0
WRITE t=121882927 f=_ZN9ApplePMGR10writeReg32ENS_6RegMapEjjj a1=2 a2=409600 a3=0 a4=0
WRITE t=121882947 f=_ZN9ApplePMGR10writeReg32ENS_6RegMapEjjj a1=0 a2=98324 a3=0 a4=0
WRITE t=160744825 f=_ZN9ApplePMGR10writeReg32ENS_6RegMapEjjj a1=0 a2=98324 a3=15 a4=0
WRITE t=160745289 f=_ZN9ApplePMGR10writeReg32ENS_6RegMapEjjj a1=0 a2=98324 a3=47 a4=0
WRITE t=160745311 f=_ZN9ApplePMGR10writeReg32ENS_6RegMapEjjj a1=2 a2=409600 a3=1 a4=0
WRITE t=160745359 f=_ZN9ApplePMGR10writeReg32ENS_6RegMapEjjj a1=0 a2=488 a3=251920384 a4=0
WRITE t=160745371 f=_ZN9ApplePMGR10writeReg32ENS_6RegMapEjjj a1=0 a2=488 a3=251920399 a4=0
WRITE t=160745381 f=_ZN9ApplePMGR10writeReg32ENS_6RegMapEjjj a1=0 a2=488 a3=520355855 a4=0
WRITE t=160745398 f=_ZN9ApplePMGR10writeReg32ENS_6RegMapEjjj a1=2 a2=960 a3=251658255 a4=0
WRITE t=160745423 f=_ZN9ApplePMGR10writeReg32ENS_6RegMapEjjj a1=2 a2=960 a3=520093711 a4=0
WRITE t=160833669 f=_ZN9ApplePMGR10writeReg32ENS_6RegMapEjjj a1=2 a2=960 a3=251658495 a4=0
WRITE t=160833697 f=_ZN9ApplePMGR10writeReg32ENS_6RegMapEjjj a1=2 a2=960 a3=251659248 a4=0
WRITE t=160833724 f=_ZN9ApplePMGR10writeReg32ENS_6RegMapEjjj a1=0 a2=488 a3=67371087 a4=0
WRITE t=160833735 f=_ZN9ApplePMGR10writeReg32ENS_6RegMapEjjj a1=0 a2=488 a3=251921407 a4=0
WRITE t=160833743 f=_ZN9ApplePMGR10writeReg32ENS_6RegMapEjjj a1=0 a2=488 a3=520356095 a4=0
WRITE t=160833757 f=_ZN9ApplePMGR10writeReg32ENS_6RegMapEjjj a1=0 a2=488 a3=336527951 a4=0
WRITE t=160833766 f=_ZN9ApplePMGR10writeReg32ENS_6RegMapEjjj a1=0 a2=488 a3=252642047 a4=0
WRITE t=160833773 f=_ZN9ApplePMGR10writeReg32ENS_6RegMapEjjj a1=0 a2=488 a3=67371840 a4=0
WRITE t=160834058 f=_ZN9ApplePMGR10writeReg32ENS_6RegMapEjjj a1=2 a2=409600 a3=0 a4=0
WRITE t=160834080 f=_ZN9ApplePMGR10writeReg32ENS_6RegMapEjjj a1=0 a2=98324 a3=0 a4=0
WRITE t=160850058 f=_ZN9ApplePMGR10writeReg32ENS_6RegMapEjjj a1=0 a2=98324 a3=15 a4=0
WRITE t=160850480 f=_ZN9ApplePMGR10writeReg32ENS_6RegMapEjjj a1=0 a2=98324 a3=47 a4=0
WRITE t=160850486 f=_ZN9ApplePMGR10writeReg32ENS_6RegMapEjjj a1=2 a2=409600 a3=1 a4=0
WRITE t=160850498 f=_ZN9ApplePMGR10writeReg32ENS_6RegMapEjjj a1=0 a2=488 a3=251920384 a4=0
WRITE t=160850507 f=_ZN9ApplePMGR10writeReg32ENS_6RegMapEjjj a1=0 a2=488 a3=251920399 a4=0
WRITE t=160850518 f=_ZN9ApplePMGR10writeReg32ENS_6RegMapEjjj a1=0 a2=488 a3=520355855 a4=0
WRITE t=160850531 f=_ZN9ApplePMGR10writeReg32ENS_6RegMapEjjj a1=2 a2=960 a3=251658255 a4=0
WRITE t=160850556 f=_ZN9ApplePMGR10writeReg32ENS_6RegMapEjjj a1=2 a2=960 a3=520093711 a4=0
WRITE t=160949250 f=_ZN9ApplePMGR10writeReg32ENS_6RegMapEjjj a1=2 a2=960 a3=251658495 a4=0
WRITE t=160949267 f=_ZN9ApplePMGR10writeReg32ENS_6RegMapEjjj a1=2 a2=960 a3=251659248 a4=0
WRITE t=160949288 f=_ZN9ApplePMGR10writeReg32ENS_6RegMapEjjj a1=0 a2=488 a3=67371087 a4=0
WRITE t=160949299 f=_ZN9ApplePMGR10writeReg32ENS_6RegMapEjjj a1=0 a2=488 a3=251921407 a4=0
WRITE t=160949307 f=_ZN9ApplePMGR10writeReg32ENS_6RegMapEjjj a1=0 a2=488 a3=520356095 a4=0
WRITE t=160949322 f=_ZN9ApplePMGR10writeReg32ENS_6RegMapEjjj a1=0 a2=488 a3=336527951 a4=0
WRITE t=160949331 f=_ZN9ApplePMGR10writeReg32ENS_6RegMapEjjj a1=0 a2=488 a3=252642047 a4=0
WRITE t=160949337 f=_ZN9ApplePMGR10writeReg32ENS_6RegMapEjjj a1=0 a2=488 a3=67371840 a4=0
WRITE t=160949625 f=_ZN9ApplePMGR10writeReg32ENS_6RegMapEjjj a1=2 a2=409600 a3=0 a4=0
WRITE t=160949648 f=_ZN9ApplePMGR10writeReg32ENS_6RegMapEjjj a1=0 a2=98324 a3=0 a4=0
WRITE t=160982394 f=_ZN9ApplePMGR10writeReg32ENS_6RegMapEjjj a1=0 a2=98324 a3=15 a4=0
WRITE t=160982852 f=_ZN9ApplePMGR10writeReg32ENS_6RegMapEjjj a1=0 a2=98324 a3=47 a4=0
WRITE t=160982861 f=_ZN9ApplePMGR10writeReg32ENS_6RegMapEjjj a1=2 a2=409600 a3=1 a4=0
WRITE t=160982874 f=_ZN9ApplePMGR10writeReg32ENS_6RegMapEjjj a1=0 a2=488 a3=251920384 a4=0
WRITE t=160982886 f=_ZN9ApplePMGR10writeReg32ENS_6RegMapEjjj a1=0 a2=488 a3=251920399 a4=0
WRITE t=160982899 f=_ZN9ApplePMGR10writeReg32ENS_6RegMapEjjj a1=0 a2=488 a3=520355855 a4=0
WRITE t=160982913 f=_ZN9ApplePMGR10writeReg32ENS_6RegMapEjjj a1=2 a2=960 a3=251658255 a4=0
WRITE t=160982939 f=_ZN9ApplePMGR10writeReg32ENS_6RegMapEjjj a1=2 a2=960 a3=520093711 a4=0
WRITE t=162414956 f=_ZN9ApplePMGR10writeReg32ENS_6RegMapEjjj a1=2 a2=960 a3=251658495 a4=0
WRITE t=162414993 f=_ZN9ApplePMGR10writeReg32ENS_6RegMapEjjj a1=2 a2=960 a3=251659248 a4=0
WRITE t=162415020 f=_ZN9ApplePMGR10writeReg32ENS_6RegMapEjjj a1=0 a2=488 a3=67371087 a4=0
WRITE t=162415032 f=_ZN9ApplePMGR10writeReg32ENS_6RegMapEjjj a1=0 a2=488 a3=251921407 a4=0
WRITE t=162415040 f=_ZN9ApplePMGR10writeReg32ENS_6RegMapEjjj a1=0 a2=488 a3=520356095 a4=0
WRITE t=162415054 f=_ZN9ApplePMGR10writeReg32ENS_6RegMapEjjj a1=0 a2=488 a3=336527951 a4=0
WRITE t=162415063 f=_ZN9ApplePMGR10writeReg32ENS_6RegMapEjjj a1=0 a2=488 a3=252642047 a4=0
WRITE t=162415070 f=_ZN9ApplePMGR10writeReg32ENS_6RegMapEjjj a1=0 a2=488 a3=67371840 a4=0
WRITE t=162415356 f=_ZN9ApplePMGR10writeReg32ENS_6RegMapEjjj a1=2 a2=409600 a3=0 a4=0
WRITE t=162415381 f=_ZN9ApplePMGR10writeReg32ENS_6RegMapEjjj a1=0 a2=98324 a3=0 a4=0
WRITE t=162465379 f=_ZN9ApplePMGR10writeReg32ENS_6RegMapEjjj a1=0 a2=98324 a3=15 a4=0
WRITE t=162465813 f=_ZN9ApplePMGR10writeReg32ENS_6RegMapEjjj a1=0 a2=98324 a3=47 a4=0
WRITE t=162465824 f=_ZN9ApplePMGR10writeReg32ENS_6RegMapEjjj a1=2 a2=409600 a3=1 a4=0
WRITE t=162465844 f=_ZN9ApplePMGR10writeReg32ENS_6RegMapEjjj a1=0 a2=488 a3=251920384 a4=0
WRITE t=162465857 f=_ZN9ApplePMGR10writeReg32ENS_6RegMapEjjj a1=0 a2=488 a3=251920399 a4=0
WRITE t=162465872 f=_ZN9ApplePMGR10writeReg32ENS_6RegMapEjjj a1=0 a2=488 a3=520355855 a4=0
WRITE t=162465893 f=_ZN9ApplePMGR10writeReg32ENS_6RegMapEjjj a1=2 a2=960 a3=251658255 a4=0
WRITE t=162465920 f=_ZN9ApplePMGR10writeReg32ENS_6RegMapEjjj a1=2 a2=960 a3=520093711 a4=0
WRITE t=162648422 f=_ZN9ApplePMGR10writeReg32ENS_6RegMapEjjj a1=2 a2=960 a3=251658495 a4=0
WRITE t=162648441 f=_ZN9ApplePMGR10writeReg32ENS_6RegMapEjjj a1=2 a2=960 a3=251659248 a4=0
WRITE t=162648462 f=_ZN9ApplePMGR10writeReg32ENS_6RegMapEjjj a1=0 a2=488 a3=67371087 a4=0
WRITE t=162648473 f=_ZN9ApplePMGR10writeReg32ENS_6RegMapEjjj a1=0 a2=488 a3=251921407 a4=0
WRITE t=162648481 f=_ZN9ApplePMGR10writeReg32ENS_6RegMapEjjj a1=0 a2=488 a3=520356095 a4=0
WRITE t=162648495 f=_ZN9ApplePMGR10writeReg32ENS_6RegMapEjjj a1=0 a2=488 a3=336527951 a4=0
WRITE t=162648505 f=_ZN9ApplePMGR10writeReg32ENS_6RegMapEjjj a1=0 a2=488 a3=252642047 a4=0
WRITE t=162648511 f=_ZN9ApplePMGR10writeReg32ENS_6RegMapEjjj a1=0 a2=488 a3=67371840 a4=0
WRITE t=162648792 f=_ZN9ApplePMGR10writeReg32ENS_6RegMapEjjj a1=2 a2=409600 a3=0 a4=0
WRITE t=162648814 f=_ZN9ApplePMGR10writeReg32ENS_6RegMapEjjj a1=0 a2=98324 a3=0 a4=0
WRITE t=162834737 f=_ZN9ApplePMGR10writeReg32ENS_6RegMapEjjj a1=0 a2=98324 a3=15 a4=0
WRITE t=162835205 f=_ZN9ApplePMGR10writeReg32ENS_6RegMapEjjj a1=0 a2=98324 a3=47 a4=0
WRITE t=162835221 f=_ZN9ApplePMGR10writeReg32ENS_6RegMapEjjj a1=2 a2=409600 a3=1 a4=0
WRITE t=162835232 f=_ZN9ApplePMGR10writeReg32ENS_6RegMapEjjj a1=0 a2=488 a3=251920384 a4=0
WRITE t=162835243 f=_ZN9ApplePMGR10writeReg32ENS_6RegMapEjjj a1=0 a2=488 a3=251920399 a4=0
WRITE t=162835256 f=_ZN9ApplePMGR10writeReg32ENS_6RegMapEjjj a1=0 a2=488 a3=520355855 a4=0
WRITE t=162835271 f=_ZN9ApplePMGR10writeReg32ENS_6RegMapEjjj a1=2 a2=960 a3=251658255 a4=0
WRITE t=162835298 f=_ZN9ApplePMGR10writeReg32ENS_6RegMapEjjj a1=2 a2=960 a3=520093711 a4=0
WRITE t=162919437 f=_ZN9ApplePMGR10writeReg32ENS_6RegMapEjjj a1=2 a2=960 a3=251658495 a4=0
WRITE t=162919453 f=_ZN9ApplePMGR10writeReg32ENS_6RegMapEjjj a1=2 a2=960 a3=251659248 a4=0
WRITE t=162919478 f=_ZN9ApplePMGR10writeReg32ENS_6RegMapEjjj a1=0 a2=488 a3=67371087 a4=0
WRITE t=162919489 f=_ZN9ApplePMGR10writeReg32ENS_6RegMapEjjj a1=0 a2=488 a3=251921407 a4=0
WRITE t=162919497 f=_ZN9ApplePMGR10writeReg32ENS_6RegMapEjjj a1=0 a2=488 a3=520356095 a4=0
WRITE t=162919511 f=_ZN9ApplePMGR10writeReg32ENS_6RegMapEjjj a1=0 a2=488 a3=336527951 a4=0
WRITE t=162919520 f=_ZN9ApplePMGR10writeReg32ENS_6RegMapEjjj a1=0 a2=488 a3=252642047 a4=0
WRITE t=162919527 f=_ZN9ApplePMGR10writeReg32ENS_6RegMapEjjj a1=0 a2=488 a3=67371840 a4=0
WRITE t=162919809 f=_ZN9ApplePMGR10writeReg32ENS_6RegMapEjjj a1=2 a2=409600 a3=0 a4=0
WRITE t=162919831 f=_ZN9ApplePMGR10writeReg32ENS_6RegMapEjjj a1=0 a2=98324 a3=0 a4=0
WRITE t=220742031 f=_ZN9ApplePMGR10writeReg32ENS_6RegMapEjjj a1=0 a2=98324 a3=15 a4=0
WRITE t=220742498 f=_ZN9ApplePMGR10writeReg32ENS_6RegMapEjjj a1=0 a2=98324 a3=47 a4=0
WRITE t=220742516 f=_ZN9ApplePMGR10writeReg32ENS_6RegMapEjjj a1=2 a2=409600 a3=1 a4=0
WRITE t=220742527 f=_ZN9ApplePMGR10writeReg32ENS_6RegMapEjjj a1=0 a2=488 a3=251920384 a4=0
WRITE t=220742533 f=_ZN9ApplePMGR10writeReg32ENS_6RegMapEjjj a1=0 a2=488 a3=251920399 a4=0
WRITE t=220742544 f=_ZN9ApplePMGR10writeReg32ENS_6RegMapEjjj a1=0 a2=488 a3=520355855 a4=0
WRITE t=220742557 f=_ZN9ApplePMGR10writeReg32ENS_6RegMapEjjj a1=2 a2=960 a3=251658255 a4=0
WRITE t=220742581 f=_ZN9ApplePMGR10writeReg32ENS_6RegMapEjjj a1=2 a2=960 a3=520093711 a4=0
WRITE t=220830728 f=_ZN9ApplePMGR10writeReg32ENS_6RegMapEjjj a1=2 a2=960 a3=251658495 a4=0
WRITE t=220830743 f=_ZN9ApplePMGR10writeReg32ENS_6RegMapEjjj a1=2 a2=960 a3=251659248 a4=0
WRITE t=220830758 f=_ZN9ApplePMGR10writeReg32ENS_6RegMapEjjj a1=0 a2=488 a3=67371087 a4=0
WRITE t=220830766 f=_ZN9ApplePMGR10writeReg32ENS_6RegMapEjjj a1=0 a2=488 a3=251921407 a4=0
WRITE t=220830771 f=_ZN9ApplePMGR10writeReg32ENS_6RegMapEjjj a1=0 a2=488 a3=520356095 a4=0
WRITE t=220830782 f=_ZN9ApplePMGR10writeReg32ENS_6RegMapEjjj a1=0 a2=488 a3=336527951 a4=0
WRITE t=220830787 f=_ZN9ApplePMGR10writeReg32ENS_6RegMapEjjj a1=0 a2=488 a3=252642047 a4=0
WRITE t=220830790 f=_ZN9ApplePMGR10writeReg32ENS_6RegMapEjjj a1=0 a2=488 a3=67371840 a4=0
WRITE t=220831089 f=_ZN9ApplePMGR10writeReg32ENS_6RegMapEjjj a1=2 a2=409600 a3=0 a4=0
WRITE t=220831107 f=_ZN9ApplePMGR10writeReg32ENS_6RegMapEjjj a1=0 a2=98324 a3=0 a4=0
WRITE t=220865192 f=_ZN9ApplePMGR10writeReg32ENS_6RegMapEjjj a1=0 a2=98324 a3=15 a4=0
WRITE t=220865605 f=_ZN9ApplePMGR10writeReg32ENS_6RegMapEjjj a1=0 a2=98324 a3=47 a4=0
WRITE t=220865612 f=_ZN9ApplePMGR10writeReg32ENS_6RegMapEjjj a1=2 a2=409600 a3=1 a4=0
WRITE t=220865623 f=_ZN9ApplePMGR10writeReg32ENS_6RegMapEjjj a1=0 a2=488 a3=251920384 a4=0
WRITE t=220865631 f=_ZN9ApplePMGR10writeReg32ENS_6RegMapEjjj a1=0 a2=488 a3=251920399 a4=0
WRITE t=220865642 f=_ZN9ApplePMGR10writeReg32ENS_6RegMapEjjj a1=0 a2=488 a3=520355855 a4=0
WRITE t=220865656 f=_ZN9ApplePMGR10writeReg32ENS_6RegMapEjjj a1=2 a2=960 a3=251658255 a4=0
WRITE t=220865680 f=_ZN9ApplePMGR10writeReg32ENS_6RegMapEjjj a1=2 a2=960 a3=520093711 a4=0
WRITE t=221049187 f=_ZN9ApplePMGR10writeReg32ENS_6RegMapEjjj a1=2 a2=960 a3=251658495 a4=0
WRITE t=221049204 f=_ZN9ApplePMGR10writeReg32ENS_6RegMapEjjj a1=2 a2=960 a3=251659248 a4=0
WRITE t=221049220 f=_ZN9ApplePMGR10writeReg32ENS_6RegMapEjjj a1=0 a2=488 a3=67371087 a4=0
WRITE t=221049227 f=_ZN9ApplePMGR10writeReg32ENS_6RegMapEjjj a1=0 a2=488 a3=251921407 a4=0
WRITE t=221049232 f=_ZN9ApplePMGR10writeReg32ENS_6RegMapEjjj a1=0 a2=488 a3=520356095 a4=0
WRITE t=221049243 f=_ZN9ApplePMGR10writeReg32ENS_6RegMapEjjj a1=0 a2=488 a3=336527951 a4=0
WRITE t=221049248 f=_ZN9ApplePMGR10writeReg32ENS_6RegMapEjjj a1=0 a2=488 a3=252642047 a4=0
WRITE t=221049251 f=_ZN9ApplePMGR10writeReg32ENS_6RegMapEjjj a1=0 a2=488 a3=67371840 a4=0
WRITE t=221049307 f=_ZN9ApplePMGR10writeReg32ENS_6RegMapEjjj a1=0 a2=488 a3=251920399 a4=0
WRITE t=221049319 f=_ZN9ApplePMGR10writeReg32ENS_6RegMapEjjj a1=0 a2=488 a3=520355855 a4=0
WRITE t=221049330 f=_ZN9ApplePMGR10writeReg32ENS_6RegMapEjjj a1=2 a2=960 a3=251658255 a4=0
WRITE t=221049354 f=_ZN9ApplePMGR10writeReg32ENS_6RegMapEjjj a1=2 a2=960 a3=520093711 a4=0
WRITE t=221180938 f=_ZN9ApplePMGR10writeReg32ENS_6RegMapEjjj a1=2 a2=960 a3=251658495 a4=0
WRITE t=221180964 f=_ZN9ApplePMGR10writeReg32ENS_6RegMapEjjj a1=2 a2=960 a3=251659248 a4=0
WRITE t=221180986 f=_ZN9ApplePMGR10writeReg32ENS_6RegMapEjjj a1=0 a2=488 a3=67371087 a4=0
WRITE t=221180994 f=_ZN9ApplePMGR10writeReg32ENS_6RegMapEjjj a1=0 a2=488 a3=251921407 a4=0
WRITE t=221181000 f=_ZN9ApplePMGR10writeReg32ENS_6RegMapEjjj a1=0 a2=488 a3=520356095 a4=0
WRITE t=221181012 f=_ZN9ApplePMGR10writeReg32ENS_6RegMapEjjj a1=0 a2=488 a3=336527951 a4=0
WRITE t=221181018 f=_ZN9ApplePMGR10writeReg32ENS_6RegMapEjjj a1=0 a2=488 a3=252642047 a4=0
WRITE t=221181022 f=_ZN9ApplePMGR10writeReg32ENS_6RegMapEjjj a1=0 a2=488 a3=67371840 a4=0
WRITE t=221181296 f=_ZN9ApplePMGR10writeReg32ENS_6RegMapEjjj a1=2 a2=409600 a3=0 a4=0
WRITE t=221181314 f=_ZN9ApplePMGR10writeReg32ENS_6RegMapEjjj a1=0 a2=98324 a3=0 a4=0
WRITE t=221248387 f=_ZN9ApplePMGR10writeReg32ENS_6RegMapEjjj a1=0 a2=98324 a3=15 a4=0
WRITE t=221248813 f=_ZN9ApplePMGR10writeReg32ENS_6RegMapEjjj a1=0 a2=98324 a3=47 a4=0
WRITE t=221248821 f=_ZN9ApplePMGR10writeReg32ENS_6RegMapEjjj a1=2 a2=409600 a3=1 a4=0
WRITE t=221248834 f=_ZN9ApplePMGR10writeReg32ENS_6RegMapEjjj a1=0 a2=488 a3=251920384 a4=0
WRITE t=221248841 f=_ZN9ApplePMGR10writeReg32ENS_6RegMapEjjj a1=0 a2=488 a3=251920399 a4=0
WRITE t=221248853 f=_ZN9ApplePMGR10writeReg32ENS_6RegMapEjjj a1=0 a2=488 a3=520355855 a4=0
WRITE t=221248870 f=_ZN9ApplePMGR10writeReg32ENS_6RegMapEjjj a1=2 a2=960 a3=251658255 a4=0
WRITE t=221248894 f=_ZN9ApplePMGR10writeReg32ENS_6RegMapEjjj a1=2 a2=960 a3=520093711 a4=0
WRITE t=222064548 f=_ZN9ApplePMGR10writeReg32ENS_6RegMapEjjj a1=2 a2=960 a3=251658495 a4=0
WRITE t=222064580 f=_ZN9ApplePMGR10writeReg32ENS_6RegMapEjjj a1=2 a2=960 a3=251659248 a4=0
WRITE t=222064600 f=_ZN9ApplePMGR10writeReg32ENS_6RegMapEjjj a1=0 a2=488 a3=67371087 a4=0
WRITE t=222064608 f=_ZN9ApplePMGR10writeReg32ENS_6RegMapEjjj a1=0 a2=488 a3=251921407 a4=0
WRITE t=222064614 f=_ZN9ApplePMGR10writeReg32ENS_6RegMapEjjj a1=0 a2=488 a3=520356095 a4=0
WRITE t=222064625 f=_ZN9ApplePMGR10writeReg32ENS_6RegMapEjjj a1=0 a2=488 a3=336527951 a4=0
WRITE t=222064630 f=_ZN9ApplePMGR10writeReg32ENS_6RegMapEjjj a1=0 a2=488 a3=252642047 a4=0
WRITE t=222064633 f=_ZN9ApplePMGR10writeReg32ENS_6RegMapEjjj a1=0 a2=488 a3=67371840 a4=0
WRITE t=222064916 f=_ZN9ApplePMGR10writeReg32ENS_6RegMapEjjj a1=2 a2=409600 a3=0 a4=0
WRITE t=222064936 f=_ZN9ApplePMGR10writeReg32ENS_6RegMapEjjj a1=0 a2=98324 a3=0 a4=0
WRITE t=222065254 f=_ZN9ApplePMGR10writeReg32ENS_6RegMapEjjj a1=0 a2=98324 a3=15 a4=0
WRITE t=222065701 f=_ZN9ApplePMGR10writeReg32ENS_6RegMapEjjj a1=0 a2=98324 a3=47 a4=0
WRITE t=222065706 f=_ZN9ApplePMGR10writeReg32ENS_6RegMapEjjj a1=2 a2=409600 a3=1 a4=0
WRITE t=222065718 f=_ZN9ApplePMGR10writeReg32ENS_6RegMapEjjj a1=0 a2=488 a3=251920384 a4=0
WRITE t=222065726 f=_ZN9ApplePMGR10writeReg32ENS_6RegMapEjjj a1=0 a2=488 a3=251920399 a4=0
WRITE t=222065737 f=_ZN9ApplePMGR10writeReg32ENS_6RegMapEjjj a1=0 a2=488 a3=520355855 a4=0
WRITE t=222065749 f=_ZN9ApplePMGR10writeReg32ENS_6RegMapEjjj a1=2 a2=960 a3=251658255 a4=0
WRITE t=222065774 f=_ZN9ApplePMGR10writeReg32ENS_6RegMapEjjj a1=2 a2=960 a3=520093711 a4=0
WRITE t=222163080 f=_ZN9ApplePMGR10writeReg32ENS_6RegMapEjjj a1=2 a2=960 a3=251658495 a4=0
WRITE t=222163110 f=_ZN9ApplePMGR10writeReg32ENS_6RegMapEjjj a1=2 a2=960 a3=251659248 a4=0
WRITE t=222163129 f=_ZN9ApplePMGR10writeReg32ENS_6RegMapEjjj a1=0 a2=488 a3=67371087 a4=0
WRITE t=222163138 f=_ZN9ApplePMGR10writeReg32ENS_6RegMapEjjj a1=0 a2=488 a3=251921407 a4=0
WRITE t=222163143 f=_ZN9ApplePMGR10writeReg32ENS_6RegMapEjjj a1=0 a2=488 a3=520356095 a4=0
WRITE t=222163154 f=_ZN9ApplePMGR10writeReg32ENS_6RegMapEjjj a1=0 a2=488 a3=336527951 a4=0
WRITE t=222163160 f=_ZN9ApplePMGR10writeReg32ENS_6RegMapEjjj a1=0 a2=488 a3=252642047 a4=0
WRITE t=222163163 f=_ZN9ApplePMGR10writeReg32ENS_6RegMapEjjj a1=0 a2=488 a3=67371840 a4=0
WRITE t=222163439 f=_ZN9ApplePMGR10writeReg32ENS_6RegMapEjjj a1=2 a2=409600 a3=0 a4=0
WRITE t=222163456 f=_ZN9ApplePMGR10writeReg32ENS_6RegMapEjjj a1=0 a2=98324 a3=0 a4=0
WRITE t=222265168 f=_ZN9ApplePMGR10writeReg32ENS_6RegMapEjjj a1=0 a2=98324 a3=15 a4=0
WRITE t=222265607 f=_ZN9ApplePMGR10writeReg32ENS_6RegMapEjjj a1=0 a2=98324 a3=47 a4=0
WRITE t=222265618 f=_ZN9ApplePMGR10writeReg32ENS_6RegMapEjjj a1=2 a2=409600 a3=1 a4=0
WRITE t=222265636 f=_ZN9ApplePMGR10writeReg32ENS_6RegMapEjjj a1=0 a2=488 a3=251920384 a4=0
WRITE t=222265643 f=_ZN9ApplePMGR10writeReg32ENS_6RegMapEjjj a1=0 a2=488 a3=251920399 a4=0
WRITE t=222265654 f=_ZN9ApplePMGR10writeReg32ENS_6RegMapEjjj a1=0 a2=488 a3=520355855 a4=0
WRITE t=222265677 f=_ZN9ApplePMGR10writeReg32ENS_6RegMapEjjj a1=2 a2=960 a3=251658255 a4=0
WRITE t=222265701 f=_ZN9ApplePMGR10writeReg32ENS_6RegMapEjjj a1=2 a2=960 a3=520093711 a4=0
WRITE t=222381755 f=_ZN9ApplePMGR10writeReg32ENS_6RegMapEjjj a1=2 a2=960 a3=251658495 a4=0
WRITE t=222381772 f=_ZN9ApplePMGR10writeReg32ENS_6RegMapEjjj a1=2 a2=960 a3=251659248 a4=0
WRITE t=222381789 f=_ZN9ApplePMGR10writeReg32ENS_6RegMapEjjj a1=0 a2=488 a3=67371087 a4=0
WRITE t=222381797 f=_ZN9ApplePMGR10writeReg32ENS_6RegMapEjjj a1=0 a2=488 a3=251921407 a4=0
WRITE t=222381803 f=_ZN9ApplePMGR10writeReg32ENS_6RegMapEjjj a1=0 a2=488 a3=520356095 a4=0
WRITE t=222381814 f=_ZN9ApplePMGR10writeReg32ENS_6RegMapEjjj a1=0 a2=488 a3=336527951 a4=0
WRITE t=222381820 f=_ZN9ApplePMGR10writeReg32ENS_6RegMapEjjj a1=0 a2=488 a3=252642047 a4=0
WRITE t=222381824 f=_ZN9ApplePMGR10writeReg32ENS_6RegMapEjjj a1=0 a2=488 a3=67371840 a4=0
WRITE t=222382099 f=_ZN9ApplePMGR10writeReg32ENS_6RegMapEjjj a1=2 a2=409600 a3=0 a4=0
WRITE t=222382117 f=_ZN9ApplePMGR10writeReg32ENS_6RegMapEjjj a1=0 a2=98324 a3=0 a4=0
WRITE t=222669561 f=_ZN9ApplePMGR10writeReg32ENS_6RegMapEjjj a1=0 a2=98324 a3=15 a4=0
WRITE t=222670031 f=_ZN9ApplePMGR10writeReg32ENS_6RegMapEjjj a1=0 a2=98324 a3=47 a4=0
WRITE t=222670048 f=_ZN9ApplePMGR10writeReg32ENS_6RegMapEjjj a1=2 a2=409600 a3=1 a4=0
WRITE t=222670088 f=_ZN9ApplePMGR10writeReg32ENS_6RegMapEjjj a1=0 a2=488 a3=251920384 a4=0
WRITE t=222670096 f=_ZN9ApplePMGR10writeReg32ENS_6RegMapEjjj a1=0 a2=488 a3=251920399 a4=0
WRITE t=222670107 f=_ZN9ApplePMGR10writeReg32ENS_6RegMapEjjj a1=0 a2=488 a3=520355855 a4=0
WRITE t=222670121 f=_ZN9ApplePMGR10writeReg32ENS_6RegMapEjjj a1=2 a2=960 a3=251658255 a4=0
WRITE t=222670147 f=_ZN9ApplePMGR10writeReg32ENS_6RegMapEjjj a1=2 a2=960 a3=520093711 a4=0
WRITE t=222754034 f=_ZN9ApplePMGR10writeReg32ENS_6RegMapEjjj a1=2 a2=960 a3=251658495 a4=0
WRITE t=222754050 f=_ZN9ApplePMGR10writeReg32ENS_6RegMapEjjj a1=2 a2=960 a3=251659248 a4=0
WRITE t=222754074 f=_ZN9ApplePMGR10writeReg32ENS_6RegMapEjjj a1=0 a2=488 a3=67371087 a4=0
WRITE t=222754083 f=_ZN9ApplePMGR10writeReg32ENS_6RegMapEjjj a1=0 a2=488 a3=251921407 a4=0
WRITE t=222754091 f=_ZN9ApplePMGR10writeReg32ENS_6RegMapEjjj a1=0 a2=488 a3=520356095 a4=0
WRITE t=222754103 f=_ZN9ApplePMGR10writeReg32ENS_6RegMapEjjj a1=0 a2=488 a3=336527951 a4=0
WRITE t=222754111 f=_ZN9ApplePMGR10writeReg32ENS_6RegMapEjjj a1=0 a2=488 a3=252642047 a4=0
WRITE t=222754116 f=_ZN9ApplePMGR10writeReg32ENS_6RegMapEjjj a1=0 a2=488 a3=67371840 a4=0
WRITE t=222754394 f=_ZN9ApplePMGR10writeReg32ENS_6RegMapEjjj a1=2 a2=409600 a3=0 a4=0
WRITE t=222754414 f=_ZN9ApplePMGR10writeReg32ENS_6RegMapEjjj a1=0 a2=98324 a3=0 a4=0
WRITE t=247859845 f=_ZN9ApplePMGR10writeReg32ENS_6RegMapEjjj a1=2 a2=504 a3=15 a4=0
WRITE t=247859850 f=_ZN9ApplePMGR10writeReg32ENS_6RegMapEjjj a1=2 a2=504 a3=268435471 a4=0
WRITE t=248867518 f=_ZN9ApplePMGR10writeReg32ENS_6RegMapEjjj a1=2 a2=504 a3=1008 a4=0
WRITE t=282945101 f=_ZN9ApplePMGR10writeReg32ENS_6RegMapEjjj a1=0 a2=98324 a3=15 a4=0
WRITE t=282945544 f=_ZN9ApplePMGR10writeReg32ENS_6RegMapEjjj a1=0 a2=98324 a3=47 a4=0
WRITE t=282945562 f=_ZN9ApplePMGR10writeReg32ENS_6RegMapEjjj a1=2 a2=409600 a3=1 a4=0
WRITE t=282945582 f=_ZN9ApplePMGR10writeReg32ENS_6RegMapEjjj a1=0 a2=488 a3=251920384 a4=0
WRITE t=282945590 f=_ZN9ApplePMGR10writeReg32ENS_6RegMapEjjj a1=0 a2=488 a3=251920399 a4=0
WRITE t=282945603 f=_ZN9ApplePMGR10writeReg32ENS_6RegMapEjjj a1=0 a2=488 a3=520355855 a4=0
WRITE t=282945617 f=_ZN9ApplePMGR10writeReg32ENS_6RegMapEjjj a1=2 a2=960 a3=251658255 a4=0
WRITE t=282945641 f=_ZN9ApplePMGR10writeReg32ENS_6RegMapEjjj a1=2 a2=960 a3=520093711 a4=0
WRITE t=283033039 f=_ZN9ApplePMGR10writeReg32ENS_6RegMapEjjj a1=2 a2=960 a3=251658495 a4=0
WRITE t=283033054 f=_ZN9ApplePMGR10writeReg32ENS_6RegMapEjjj a1=2 a2=960 a3=251659248 a4=0
WRITE t=283033070 f=_ZN9ApplePMGR10writeReg32ENS_6RegMapEjjj a1=0 a2=488 a3=67371087 a4=0
WRITE t=283033078 f=_ZN9ApplePMGR10writeReg32ENS_6RegMapEjjj a1=0 a2=488 a3=251921407 a4=0
WRITE t=283033083 f=_ZN9ApplePMGR10writeReg32ENS_6RegMapEjjj a1=0 a2=488 a3=520356095 a4=0
WRITE t=283033094 f=_ZN9ApplePMGR10writeReg32ENS_6RegMapEjjj a1=0 a2=488 a3=336527951 a4=0
WRITE t=283033099 f=_ZN9ApplePMGR10writeReg32ENS_6RegMapEjjj a1=0 a2=488 a3=252642047 a4=0
WRITE t=283033102 f=_ZN9ApplePMGR10writeReg32ENS_6RegMapEjjj a1=0 a2=488 a3=67371840 a4=0
WRITE t=283033376 f=_ZN9ApplePMGR10writeReg32ENS_6RegMapEjjj a1=2 a2=409600 a3=0 a4=0
WRITE t=283033394 f=_ZN9ApplePMGR10writeReg32ENS_6RegMapEjjj a1=0 a2=98324 a3=0 a4=0
WRITE t=283048704 f=_ZN9ApplePMGR10writeReg32ENS_6RegMapEjjj a1=0 a2=98324 a3=15 a4=0
WRITE t=283049160 f=_ZN9ApplePMGR10writeReg32ENS_6RegMapEjjj a1=0 a2=98324 a3=47 a4=0
WRITE t=283049166 f=_ZN9ApplePMGR10writeReg32ENS_6RegMapEjjj a1=2 a2=409600 a3=1 a4=0
WRITE t=283049178 f=_ZN9ApplePMGR10writeReg32ENS_6RegMapEjjj a1=0 a2=488 a3=251920384 a4=0
WRITE t=283049185 f=_ZN9ApplePMGR10writeReg32ENS_6RegMapEjjj a1=0 a2=488 a3=251920399 a4=0
WRITE t=283049196 f=_ZN9ApplePMGR10writeReg32ENS_6RegMapEjjj a1=0 a2=488 a3=520355855 a4=0
WRITE t=283049211 f=_ZN9ApplePMGR10writeReg32ENS_6RegMapEjjj a1=2 a2=960 a3=251658255 a4=0
WRITE t=283049235 f=_ZN9ApplePMGR10writeReg32ENS_6RegMapEjjj a1=2 a2=960 a3=520093711 a4=0
WRITE t=283846113 f=_ZN9ApplePMGR10writeReg32ENS_6RegMapEjjj a1=2 a2=960 a3=251658495 a4=0
WRITE t=283846144 f=_ZN9ApplePMGR10writeReg32ENS_6RegMapEjjj a1=2 a2=960 a3=251659248 a4=0
WRITE t=283846165 f=_ZN9ApplePMGR10writeReg32ENS_6RegMapEjjj a1=0 a2=488 a3=67371087 a4=0
WRITE t=283846173 f=_ZN9ApplePMGR10writeReg32ENS_6RegMapEjjj a1=0 a2=488 a3=251921407 a4=0
WRITE t=283846178 f=_ZN9ApplePMGR10writeReg32ENS_6RegMapEjjj a1=0 a2=488 a3=520356095 a4=0
WRITE t=283846189 f=_ZN9ApplePMGR10writeReg32ENS_6RegMapEjjj a1=0 a2=488 a3=336527951 a4=0
WRITE t=283846194 f=_ZN9ApplePMGR10writeReg32ENS_6RegMapEjjj a1=0 a2=488 a3=252642047 a4=0
WRITE t=283846197 f=_ZN9ApplePMGR10writeReg32ENS_6RegMapEjjj a1=0 a2=488 a3=67371840 a4=0
WRITE t=283846475 f=_ZN9ApplePMGR10writeReg32ENS_6RegMapEjjj a1=2 a2=409600 a3=0 a4=0
WRITE t=283846493 f=_ZN9ApplePMGR10writeReg32ENS_6RegMapEjjj a1=0 a2=98324 a3=0 a4=0
WRITE t=284014809 f=_ZN9ApplePMGR10writeReg32ENS_6RegMapEjjj a1=0 a2=98324 a3=15 a4=0
WRITE t=284015276 f=_ZN9ApplePMGR10writeReg32ENS_6RegMapEjjj a1=0 a2=98324 a3=47 a4=0
WRITE t=284015284 f=_ZN9ApplePMGR10writeReg32ENS_6RegMapEjjj a1=2 a2=409600 a3=1 a4=0
WRITE t=284015309 f=_ZN9ApplePMGR10writeReg32ENS_6RegMapEjjj a1=0 a2=488 a3=251920384 a4=0
WRITE t=284015316 f=_ZN9ApplePMGR10writeReg32ENS_6RegMapEjjj a1=0 a2=488 a3=251920399 a4=0
WRITE t=284015327 f=_ZN9ApplePMGR10writeReg32ENS_6RegMapEjjj a1=0 a2=488 a3=520355855 a4=0
WRITE t=284015346 f=_ZN9ApplePMGR10writeReg32ENS_6RegMapEjjj a1=2 a2=960 a3=251658255 a4=0
WRITE t=284015371 f=_ZN9ApplePMGR10writeReg32ENS_6RegMapEjjj a1=2 a2=960 a3=520093711 a4=0
WRITE t=284115296 f=_ZN9ApplePMGR10writeReg32ENS_6RegMapEjjj a1=2 a2=960 a3=251658495 a4=0
WRITE t=284115308 f=_ZN9ApplePMGR10writeReg32ENS_6RegMapEjjj a1=2 a2=960 a3=251659248 a4=0
WRITE t=284115322 f=_ZN9ApplePMGR10writeReg32ENS_6RegMapEjjj a1=0 a2=488 a3=67371087 a4=0
WRITE t=284115329 f=_ZN9ApplePMGR10writeReg32ENS_6RegMapEjjj a1=0 a2=488 a3=251921407 a4=0
WRITE t=284115334 f=_ZN9ApplePMGR10writeReg32ENS_6RegMapEjjj a1=0 a2=488 a3=520356095 a4=0
WRITE t=284115345 f=_ZN9ApplePMGR10writeReg32ENS_6RegMapEjjj a1=0 a2=488 a3=336527951 a4=0
WRITE t=284115351 f=_ZN9ApplePMGR10writeReg32ENS_6RegMapEjjj a1=0 a2=488 a3=252642047 a4=0
WRITE t=284115354 f=_ZN9ApplePMGR10writeReg32ENS_6RegMapEjjj a1=0 a2=488 a3=67371840 a4=0
WRITE t=284115423 f=_ZN9ApplePMGR10writeReg32ENS_6RegMapEjjj a1=0 a2=488 a3=251920399 a4=0
WRITE t=284115434 f=_ZN9ApplePMGR10writeReg32ENS_6RegMapEjjj a1=0 a2=488 a3=520355855 a4=0
WRITE t=284115444 f=_ZN9ApplePMGR10writeReg32ENS_6RegMapEjjj a1=2 a2=960 a3=251658255 a4=0
WRITE t=284115468 f=_ZN9ApplePMGR10writeReg32ENS_6RegMapEjjj a1=2 a2=960 a3=520093711 a4=0
WRITE t=284212912 f=_ZN9ApplePMGR10writeReg32ENS_6RegMapEjjj a1=2 a2=960 a3=251658495 a4=0
WRITE t=284212925 f=_ZN9ApplePMGR10writeReg32ENS_6RegMapEjjj a1=2 a2=960 a3=251659248 a4=0
WRITE t=284212939 f=_ZN9ApplePMGR10writeReg32ENS_6RegMapEjjj a1=0 a2=488 a3=67371087 a4=0
WRITE t=284212946 f=_ZN9ApplePMGR10writeReg32ENS_6RegMapEjjj a1=0 a2=488 a3=251921407 a4=0
WRITE t=284212951 f=_ZN9ApplePMGR10writeReg32ENS_6RegMapEjjj a1=0 a2=488 a3=520356095 a4=0
WRITE t=284212962 f=_ZN9ApplePMGR10writeReg32ENS_6RegMapEjjj a1=0 a2=488 a3=336527951 a4=0
WRITE t=284212968 f=_ZN9ApplePMGR10writeReg32ENS_6RegMapEjjj a1=0 a2=488 a3=252642047 a4=0
WRITE t=284212971 f=_ZN9ApplePMGR10writeReg32ENS_6RegMapEjjj a1=0 a2=488 a3=67371840 a4=0
WRITE t=284213249 f=_ZN9ApplePMGR10writeReg32ENS_6RegMapEjjj a1=2 a2=409600 a3=0 a4=0
WRITE t=284213267 f=_ZN9ApplePMGR10writeReg32ENS_6RegMapEjjj a1=0 a2=98324 a3=0 a4=0
WRITE t=284264378 f=_ZN9ApplePMGR10writeReg32ENS_6RegMapEjjj a1=0 a2=98324 a3=15 a4=0
WRITE t=284264799 f=_ZN9ApplePMGR10writeReg32ENS_6RegMapEjjj a1=0 a2=98324 a3=47 a4=0
WRITE t=284264807 f=_ZN9ApplePMGR10writeReg32ENS_6RegMapEjjj a1=2 a2=409600 a3=1 a4=0
WRITE t=284264818 f=_ZN9ApplePMGR10writeReg32ENS_6RegMapEjjj a1=0 a2=488 a3=251920384 a4=0
WRITE t=284264825 f=_ZN9ApplePMGR10writeReg32ENS_6RegMapEjjj a1=0 a2=488 a3=251920399 a4=0
WRITE t=284264836 f=_ZN9ApplePMGR10writeReg32ENS_6RegMapEjjj a1=0 a2=488 a3=520355855 a4=0
WRITE t=284264851 f=_ZN9ApplePMGR10writeReg32ENS_6RegMapEjjj a1=2 a2=960 a3=251658255 a4=0
WRITE t=284264875 f=_ZN9ApplePMGR10writeReg32ENS_6RegMapEjjj a1=2 a2=960 a3=520093711 a4=0
WRITE t=284364013 f=_ZN9ApplePMGR10writeReg32ENS_6RegMapEjjj a1=2 a2=960 a3=251658495 a4=0
WRITE t=284364025 f=_ZN9ApplePMGR10writeReg32ENS_6RegMapEjjj a1=2 a2=960 a3=251659248 a4=0
WRITE t=284364040 f=_ZN9ApplePMGR10writeReg32ENS_6RegMapEjjj a1=0 a2=488 a3=67371087 a4=0
WRITE t=284364047 f=_ZN9ApplePMGR10writeReg32ENS_6RegMapEjjj a1=0 a2=488 a3=251921407 a4=0
WRITE t=284364052 f=_ZN9ApplePMGR10writeReg32ENS_6RegMapEjjj a1=0 a2=488 a3=520356095 a4=0
WRITE t=284364063 f=_ZN9ApplePMGR10writeReg32ENS_6RegMapEjjj a1=0 a2=488 a3=336527951 a4=0
WRITE t=284364068 f=_ZN9ApplePMGR10writeReg32ENS_6RegMapEjjj a1=0 a2=488 a3=252642047 a4=0
WRITE t=284364071 f=_ZN9ApplePMGR10writeReg32ENS_6RegMapEjjj a1=0 a2=488 a3=67371840 a4=0
WRITE t=284364340 f=_ZN9ApplePMGR10writeReg32ENS_6RegMapEjjj a1=2 a2=409600 a3=0 a4=0
WRITE t=284364357 f=_ZN9ApplePMGR10writeReg32ENS_6RegMapEjjj a1=0 a2=98324 a3=0 a4=0
WRITE t=284464432 f=_ZN9ApplePMGR10writeReg32ENS_6RegMapEjjj a1=0 a2=98324 a3=15 a4=0
WRITE t=284464882 f=_ZN9ApplePMGR10writeReg32ENS_6RegMapEjjj a1=0 a2=98324 a3=47 a4=0
WRITE t=284464889 f=_ZN9ApplePMGR10writeReg32ENS_6RegMapEjjj a1=2 a2=409600 a3=1 a4=0
WRITE t=284464903 f=_ZN9ApplePMGR10writeReg32ENS_6RegMapEjjj a1=0 a2=488 a3=251920384 a4=0
WRITE t=284464910 f=_ZN9ApplePMGR10writeReg32ENS_6RegMapEjjj a1=0 a2=488 a3=251920399 a4=0
WRITE t=284464921 f=_ZN9ApplePMGR10writeReg32ENS_6RegMapEjjj a1=0 a2=488 a3=520355855 a4=0
WRITE t=284464936 f=_ZN9ApplePMGR10writeReg32ENS_6RegMapEjjj a1=2 a2=960 a3=251658255 a4=0
WRITE t=284464960 f=_ZN9ApplePMGR10writeReg32ENS_6RegMapEjjj a1=2 a2=960 a3=520093711 a4=0
WRITE t=284581785 f=_ZN9ApplePMGR10writeReg32ENS_6RegMapEjjj a1=2 a2=960 a3=251658495 a4=0
WRITE t=284581799 f=_ZN9ApplePMGR10writeReg32ENS_6RegMapEjjj a1=2 a2=960 a3=251659248 a4=0
WRITE t=284581814 f=_ZN9ApplePMGR10writeReg32ENS_6RegMapEjjj a1=0 a2=488 a3=67371087 a4=0
WRITE t=284581821 f=_ZN9ApplePMGR10writeReg32ENS_6RegMapEjjj a1=0 a2=488 a3=251921407 a4=0
WRITE t=284581826 f=_ZN9ApplePMGR10writeReg32ENS_6RegMapEjjj a1=0 a2=488 a3=520356095 a4=0
WRITE t=284581837 f=_ZN9ApplePMGR10writeReg32ENS_6RegMapEjjj a1=0 a2=488 a3=336527951 a4=0
WRITE t=284581843 f=_ZN9ApplePMGR10writeReg32ENS_6RegMapEjjj a1=0 a2=488 a3=252642047 a4=0
WRITE t=284581846 f=_ZN9ApplePMGR10writeReg32ENS_6RegMapEjjj a1=0 a2=488 a3=67371840 a4=0
WRITE t=284582119 f=_ZN9ApplePMGR10writeReg32ENS_6RegMapEjjj a1=2 a2=409600 a3=0 a4=0
WRITE t=284582139 f=_ZN9ApplePMGR10writeReg32ENS_6RegMapEjjj a1=0 a2=98324 a3=0 a4=0
WRITE t=284869142 f=_ZN9ApplePMGR10writeReg32ENS_6RegMapEjjj a1=0 a2=98324 a3=15 a4=0
WRITE t=284869637 f=_ZN9ApplePMGR10writeReg32ENS_6RegMapEjjj a1=0 a2=98324 a3=47 a4=0
WRITE t=284869659 f=_ZN9ApplePMGR10writeReg32ENS_6RegMapEjjj a1=2 a2=409600 a3=1 a4=0
WRITE t=284869702 f=_ZN9ApplePMGR10writeReg32ENS_6RegMapEjjj a1=0 a2=488 a3=251920384 a4=0
WRITE t=284869711 f=_ZN9ApplePMGR10writeReg32ENS_6RegMapEjjj a1=0 a2=488 a3=251920399 a4=0
WRITE t=284869725 f=_ZN9ApplePMGR10writeReg32ENS_6RegMapEjjj a1=0 a2=488 a3=520355855 a4=0
WRITE t=284869740 f=_ZN9ApplePMGR10writeReg32ENS_6RegMapEjjj a1=2 a2=960 a3=251658255 a4=0
WRITE t=284869767 f=_ZN9ApplePMGR10writeReg32ENS_6RegMapEjjj a1=2 a2=960 a3=520093711 a4=0
WRITE t=284954976 f=_ZN9ApplePMGR10writeReg32ENS_6RegMapEjjj a1=2 a2=960 a3=251658495 a4=0
WRITE t=284954989 f=_ZN9ApplePMGR10writeReg32ENS_6RegMapEjjj a1=2 a2=960 a3=251659248 a4=0
WRITE t=284955010 f=_ZN9ApplePMGR10writeReg32ENS_6RegMapEjjj a1=0 a2=488 a3=67371087 a4=0
WRITE t=284955017 f=_ZN9ApplePMGR10writeReg32ENS_6RegMapEjjj a1=0 a2=488 a3=251921407 a4=0
WRITE t=284955023 f=_ZN9ApplePMGR10writeReg32ENS_6RegMapEjjj a1=0 a2=488 a3=520356095 a4=0
WRITE t=284955034 f=_ZN9ApplePMGR10writeReg32ENS_6RegMapEjjj a1=0 a2=488 a3=336527951 a4=0
WRITE t=284955041 f=_ZN9ApplePMGR10writeReg32ENS_6RegMapEjjj a1=0 a2=488 a3=252642047 a4=0
WRITE t=284955044 f=_ZN9ApplePMGR10writeReg32ENS_6RegMapEjjj a1=0 a2=488 a3=67371840 a4=0
WRITE t=284955322 f=_ZN9ApplePMGR10writeReg32ENS_6RegMapEjjj a1=2 a2=409600 a3=0 a4=0
WRITE t=284955341 f=_ZN9ApplePMGR10writeReg32ENS_6RegMapEjjj a1=0 a2=98324 a3=0 a4=0
WRITE t=342937409 f=_ZN9ApplePMGR10writeReg32ENS_6RegMapEjjj a1=0 a2=98324 a3=15 a4=0
WRITE t=342937753 f=_ZN9ApplePMGR10writeReg32ENS_6RegMapEjjj a1=0 a2=98324 a3=47 a4=0
WRITE t=342937762 f=_ZN9ApplePMGR10writeReg32ENS_6RegMapEjjj a1=2 a2=409600 a3=1 a4=0
WRITE t=342937805 f=_ZN9ApplePMGR10writeReg32ENS_6RegMapEjjj a1=0 a2=488 a3=251920384 a4=0
WRITE t=342937825 f=_ZN9ApplePMGR10writeReg32ENS_6RegMapEjjj a1=0 a2=488 a3=251920399 a4=0
WRITE t=342937836 f=_ZN9ApplePMGR10writeReg32ENS_6RegMapEjjj a1=0 a2=488 a3=520355855 a4=0
WRITE t=342937848 f=_ZN9ApplePMGR10writeReg32ENS_6RegMapEjjj a1=2 a2=960 a3=251658255 a4=0
WRITE t=342937873 f=_ZN9ApplePMGR10writeReg32ENS_6RegMapEjjj a1=2 a2=960 a3=520093711 a4=0
WRITE t=343023729 f=_ZN9ApplePMGR10writeReg32ENS_6RegMapEjjj a1=2 a2=960 a3=251658495 a4=0
WRITE t=343023743 f=_ZN9ApplePMGR10writeReg32ENS_6RegMapEjjj a1=2 a2=960 a3=251659248 a4=0
WRITE t=343023763 f=_ZN9ApplePMGR10writeReg32ENS_6RegMapEjjj a1=0 a2=488 a3=67371087 a4=0
WRITE t=343023774 f=_ZN9ApplePMGR10writeReg32ENS_6RegMapEjjj a1=0 a2=488 a3=251921407 a4=0
WRITE t=343023782 f=_ZN9ApplePMGR10writeReg32ENS_6RegMapEjjj a1=0 a2=488 a3=520356095 a4=0
WRITE t=343023795 f=_ZN9ApplePMGR10writeReg32ENS_6RegMapEjjj a1=0 a2=488 a3=336527951 a4=0
WRITE t=343023804 f=_ZN9ApplePMGR10writeReg32ENS_6RegMapEjjj a1=0 a2=488 a3=252642047 a4=0
WRITE t=343023811 f=_ZN9ApplePMGR10writeReg32ENS_6RegMapEjjj a1=0 a2=488 a3=67371840 a4=0
WRITE t=343024087 f=_ZN9ApplePMGR10writeReg32ENS_6RegMapEjjj a1=2 a2=409600 a3=0 a4=0
WRITE t=343024108 f=_ZN9ApplePMGR10writeReg32ENS_6RegMapEjjj a1=0 a2=98324 a3=0 a4=0
WRITE t=343048271 f=_ZN9ApplePMGR10writeReg32ENS_6RegMapEjjj a1=0 a2=98324 a3=15 a4=0
WRITE t=343048709 f=_ZN9ApplePMGR10writeReg32ENS_6RegMapEjjj a1=0 a2=98324 a3=47 a4=0
WRITE t=343048718 f=_ZN9ApplePMGR10writeReg32ENS_6RegMapEjjj a1=2 a2=409600 a3=1 a4=0
WRITE t=343048733 f=_ZN9ApplePMGR10writeReg32ENS_6RegMapEjjj a1=0 a2=488 a3=251920384 a4=0
WRITE t=343048745 f=_ZN9ApplePMGR10writeReg32ENS_6RegMapEjjj a1=0 a2=488 a3=251920399 a4=0
WRITE t=343048759 f=_ZN9ApplePMGR10writeReg32ENS_6RegMapEjjj a1=0 a2=488 a3=520355855 a4=0
WRITE t=343048777 f=_ZN9ApplePMGR10writeReg32ENS_6RegMapEjjj a1=2 a2=960 a3=251658255 a4=0
WRITE t=343048804 f=_ZN9ApplePMGR10writeReg32ENS_6RegMapEjjj a1=2 a2=960 a3=520093711 a4=0
WRITE t=343247640 f=_ZN9ApplePMGR10writeReg32ENS_6RegMapEjjj a1=2 a2=960 a3=251658495 a4=0
WRITE t=343247655 f=_ZN9ApplePMGR10writeReg32ENS_6RegMapEjjj a1=2 a2=960 a3=251659248 a4=0
WRITE t=343247672 f=_ZN9ApplePMGR10writeReg32ENS_6RegMapEjjj a1=0 a2=488 a3=67371087 a4=0
WRITE t=343247682 f=_ZN9ApplePMGR10writeReg32ENS_6RegMapEjjj a1=0 a2=488 a3=251921407 a4=0
WRITE t=343247690 f=_ZN9ApplePMGR10writeReg32ENS_6RegMapEjjj a1=0 a2=488 a3=520356095 a4=0
WRITE t=343247704 f=_ZN9ApplePMGR10writeReg32ENS_6RegMapEjjj a1=0 a2=488 a3=336527951 a4=0
WRITE t=343247713 f=_ZN9ApplePMGR10writeReg32ENS_6RegMapEjjj a1=0 a2=488 a3=252642047 a4=0
WRITE t=343247719 f=_ZN9ApplePMGR10writeReg32ENS_6RegMapEjjj a1=0 a2=488 a3=67371840 a4=0
WRITE t=343248002 f=_ZN9ApplePMGR10writeReg32ENS_6RegMapEjjj a1=2 a2=409600 a3=0 a4=0
WRITE t=343248023 f=_ZN9ApplePMGR10writeReg32ENS_6RegMapEjjj a1=0 a2=98324 a3=0 a4=0
WRITE t=343248097 f=_ZN9ApplePMGR10writeReg32ENS_6RegMapEjjj a1=0 a2=98324 a3=15 a4=0
WRITE t=343248455 f=_ZN9ApplePMGR10writeReg32ENS_6RegMapEjjj a1=0 a2=98324 a3=47 a4=0
WRITE t=343248464 f=_ZN9ApplePMGR10writeReg32ENS_6RegMapEjjj a1=2 a2=409600 a3=1 a4=0
WRITE t=343248587 f=_ZN9ApplePMGR10writeReg32ENS_6RegMapEjjj a1=0 a2=488 a3=251920384 a4=0
WRITE t=343248598 f=_ZN9ApplePMGR10writeReg32ENS_6RegMapEjjj a1=0 a2=488 a3=251920399 a4=0
WRITE t=343248612 f=_ZN9ApplePMGR10writeReg32ENS_6RegMapEjjj a1=0 a2=488 a3=520355855 a4=0
WRITE t=343248627 f=_ZN9ApplePMGR10writeReg32ENS_6RegMapEjjj a1=2 a2=960 a3=251658255 a4=0
WRITE t=343248654 f=_ZN9ApplePMGR10writeReg32ENS_6RegMapEjjj a1=2 a2=960 a3=520093711 a4=0
WRITE t=343379395 f=_ZN9ApplePMGR10writeReg32ENS_6RegMapEjjj a1=2 a2=960 a3=251658495 a4=0
WRITE t=343379408 f=_ZN9ApplePMGR10writeReg32ENS_6RegMapEjjj a1=2 a2=960 a3=251659248 a4=0
WRITE t=343379425 f=_ZN9ApplePMGR10writeReg32ENS_6RegMapEjjj a1=0 a2=488 a3=67371087 a4=0
WRITE t=343379435 f=_ZN9ApplePMGR10writeReg32ENS_6RegMapEjjj a1=0 a2=488 a3=251921407 a4=0
WRITE t=343379442 f=_ZN9ApplePMGR10writeReg32ENS_6RegMapEjjj a1=0 a2=488 a3=520356095 a4=0
WRITE t=343379456 f=_ZN9ApplePMGR10writeReg32ENS_6RegMapEjjj a1=0 a2=488 a3=336527951 a4=0
WRITE t=343379465 f=_ZN9ApplePMGR10writeReg32ENS_6RegMapEjjj a1=0 a2=488 a3=252642047 a4=0
WRITE t=343379471 f=_ZN9ApplePMGR10writeReg32ENS_6RegMapEjjj a1=0 a2=488 a3=67371840 a4=0
WRITE t=343379751 f=_ZN9ApplePMGR10writeReg32ENS_6RegMapEjjj a1=2 a2=409600 a3=0 a4=0
WRITE t=343379773 f=_ZN9ApplePMGR10writeReg32ENS_6RegMapEjjj a1=0 a2=98324 a3=0 a4=0
WRITE t=343397737 f=_ZN9ApplePMGR10writeReg32ENS_6RegMapEjjj a1=0 a2=98324 a3=15 a4=0
WRITE t=343398123 f=_ZN9ApplePMGR10writeReg32ENS_6RegMapEjjj a1=0 a2=98324 a3=47 a4=0
WRITE t=343398133 f=_ZN9ApplePMGR10writeReg32ENS_6RegMapEjjj a1=2 a2=409600 a3=1 a4=0
WRITE t=343398150 f=_ZN9ApplePMGR10writeReg32ENS_6RegMapEjjj a1=0 a2=488 a3=251920384 a4=0
WRITE t=343398160 f=_ZN9ApplePMGR10writeReg32ENS_6RegMapEjjj a1=0 a2=488 a3=251920399 a4=0
WRITE t=343398175 f=_ZN9ApplePMGR10writeReg32ENS_6RegMapEjjj a1=0 a2=488 a3=520355855 a4=0
WRITE t=343398190 f=_ZN9ApplePMGR10writeReg32ENS_6RegMapEjjj a1=2 a2=960 a3=251658255 a4=0
WRITE t=343398218 f=_ZN9ApplePMGR10writeReg32ENS_6RegMapEjjj a1=2 a2=960 a3=520093711 a4=0
WRITE t=343481797 f=_ZN9ApplePMGR10writeReg32ENS_6RegMapEjjj a1=2 a2=960 a3=251658495 a4=0
WRITE t=343481809 f=_ZN9ApplePMGR10writeReg32ENS_6RegMapEjjj a1=2 a2=960 a3=251659248 a4=0
WRITE t=343481827 f=_ZN9ApplePMGR10writeReg32ENS_6RegMapEjjj a1=0 a2=488 a3=67371087 a4=0
WRITE t=343481837 f=_ZN9ApplePMGR10writeReg32ENS_6RegMapEjjj a1=0 a2=488 a3=251921407 a4=0
WRITE t=343481845 f=_ZN9ApplePMGR10writeReg32ENS_6RegMapEjjj a1=0 a2=488 a3=520356095 a4=0
WRITE t=343481859 f=_ZN9ApplePMGR10writeReg32ENS_6RegMapEjjj a1=0 a2=488 a3=336527951 a4=0
WRITE t=343481867 f=_ZN9ApplePMGR10writeReg32ENS_6RegMapEjjj a1=0 a2=488 a3=252642047 a4=0
WRITE t=343481874 f=_ZN9ApplePMGR10writeReg32ENS_6RegMapEjjj a1=0 a2=488 a3=67371840 a4=0
WRITE t=343482155 f=_ZN9ApplePMGR10writeReg32ENS_6RegMapEjjj a1=2 a2=409600 a3=0 a4=0
WRITE t=343482176 f=_ZN9ApplePMGR10writeReg32ENS_6RegMapEjjj a1=0 a2=98324 a3=0 a4=0
WRITE t=343514980 f=_ZN9ApplePMGR10writeReg32ENS_6RegMapEjjj a1=0 a2=98324 a3=15 a4=0
WRITE t=343515339 f=_ZN9ApplePMGR10writeReg32ENS_6RegMapEjjj a1=0 a2=98324 a3=47 a4=0
WRITE t=343515348 f=_ZN9ApplePMGR10writeReg32ENS_6RegMapEjjj a1=2 a2=409600 a3=1 a4=0
WRITE t=343515365 f=_ZN9ApplePMGR10writeReg32ENS_6RegMapEjjj a1=0 a2=488 a3=251920384 a4=0
WRITE t=343515377 f=_ZN9ApplePMGR10writeReg32ENS_6RegMapEjjj a1=0 a2=488 a3=251920399 a4=0
WRITE t=343515391 f=_ZN9ApplePMGR10writeReg32ENS_6RegMapEjjj a1=0 a2=488 a3=520355855 a4=0
WRITE t=343515407 f=_ZN9ApplePMGR10writeReg32ENS_6RegMapEjjj a1=2 a2=960 a3=251658255 a4=0
WRITE t=343515434 f=_ZN9ApplePMGR10writeReg32ENS_6RegMapEjjj a1=2 a2=960 a3=520093711 a4=0
WRITE t=343612639 f=_ZN9ApplePMGR10writeReg32ENS_6RegMapEjjj a1=2 a2=960 a3=251658495 a4=0
WRITE t=343612651 f=_ZN9ApplePMGR10writeReg32ENS_6RegMapEjjj a1=2 a2=960 a3=251659248 a4=0
WRITE t=343612668 f=_ZN9ApplePMGR10writeReg32ENS_6RegMapEjjj a1=0 a2=488 a3=67371087 a4=0
WRITE t=343612678 f=_ZN9ApplePMGR10writeReg32ENS_6RegMapEjjj a1=0 a2=488 a3=251921407 a4=0
WRITE t=343612686 f=_ZN9ApplePMGR10writeReg32ENS_6RegMapEjjj a1=0 a2=488 a3=520356095 a4=0
WRITE t=343612700 f=_ZN9ApplePMGR10writeReg32ENS_6RegMapEjjj a1=0 a2=488 a3=336527951 a4=0
WRITE t=343612709 f=_ZN9ApplePMGR10writeReg32ENS_6RegMapEjjj a1=0 a2=488 a3=252642047 a4=0
WRITE t=343612715 f=_ZN9ApplePMGR10writeReg32ENS_6RegMapEjjj a1=0 a2=488 a3=67371840 a4=0
WRITE t=343612995 f=_ZN9ApplePMGR10writeReg32ENS_6RegMapEjjj a1=2 a2=409600 a3=0 a4=0
WRITE t=343613016 f=_ZN9ApplePMGR10writeReg32ENS_6RegMapEjjj a1=0 a2=98324 a3=0 a4=0
WRITE t=343681087 f=_ZN9ApplePMGR10writeReg32ENS_6RegMapEjjj a1=0 a2=98324 a3=15 a4=0
WRITE t=343681470 f=_ZN9ApplePMGR10writeReg32ENS_6RegMapEjjj a1=0 a2=98324 a3=47 a4=0
WRITE t=343681480 f=_ZN9ApplePMGR10writeReg32ENS_6RegMapEjjj a1=2 a2=409600 a3=1 a4=0
WRITE t=343681497 f=_ZN9ApplePMGR10writeReg32ENS_6RegMapEjjj a1=0 a2=488 a3=251920384 a4=0
WRITE t=343681509 f=_ZN9ApplePMGR10writeReg32ENS_6RegMapEjjj a1=0 a2=488 a3=251920399 a4=0
WRITE t=343681523 f=_ZN9ApplePMGR10writeReg32ENS_6RegMapEjjj a1=0 a2=488 a3=520355855 a4=0
WRITE t=343681539 f=_ZN9ApplePMGR10writeReg32ENS_6RegMapEjjj a1=2 a2=960 a3=251658255 a4=0
WRITE t=343681566 f=_ZN9ApplePMGR10writeReg32ENS_6RegMapEjjj a1=2 a2=960 a3=520093711 a4=0
WRITE t=343829274 f=_ZN9ApplePMGR10writeReg32ENS_6RegMapEjjj a1=2 a2=960 a3=251658495 a4=0
WRITE t=343829288 f=_ZN9ApplePMGR10writeReg32ENS_6RegMapEjjj a1=2 a2=960 a3=251659248 a4=0
WRITE t=343829306 f=_ZN9ApplePMGR10writeReg32ENS_6RegMapEjjj a1=0 a2=488 a3=67371087 a4=0
WRITE t=343829316 f=_ZN9ApplePMGR10writeReg32ENS_6RegMapEjjj a1=0 a2=488 a3=251921407 a4=0
WRITE t=343829325 f=_ZN9ApplePMGR10writeReg32ENS_6RegMapEjjj a1=0 a2=488 a3=520356095 a4=0
WRITE t=343829338 f=_ZN9ApplePMGR10writeReg32ENS_6RegMapEjjj a1=0 a2=488 a3=336527951 a4=0
WRITE t=343829347 f=_ZN9ApplePMGR10writeReg32ENS_6RegMapEjjj a1=0 a2=488 a3=252642047 a4=0
WRITE t=343829353 f=_ZN9ApplePMGR10writeReg32ENS_6RegMapEjjj a1=0 a2=488 a3=67371840 a4=0
WRITE t=343829635 f=_ZN9ApplePMGR10writeReg32ENS_6RegMapEjjj a1=2 a2=409600 a3=0 a4=0
WRITE t=343829656 f=_ZN9ApplePMGR10writeReg32ENS_6RegMapEjjj a1=0 a2=98324 a3=0 a4=0
WRITE t=343847554 f=_ZN9ApplePMGR10writeReg32ENS_6RegMapEjjj a1=0 a2=98324 a3=15 a4=0
WRITE t=343847936 f=_ZN9ApplePMGR10writeReg32ENS_6RegMapEjjj a1=0 a2=98324 a3=47 a4=0
WRITE t=343847946 f=_ZN9ApplePMGR10writeReg32ENS_6RegMapEjjj a1=2 a2=409600 a3=1 a4=0
WRITE t=343847964 f=_ZN9ApplePMGR10writeReg32ENS_6RegMapEjjj a1=0 a2=488 a3=251920384 a4=0
WRITE t=343847976 f=_ZN9ApplePMGR10writeReg32ENS_6RegMapEjjj a1=0 a2=488 a3=251920399 a4=0
WRITE t=343847990 f=_ZN9ApplePMGR10writeReg32ENS_6RegMapEjjj a1=0 a2=488 a3=520355855 a4=0
WRITE t=343848006 f=_ZN9ApplePMGR10writeReg32ENS_6RegMapEjjj a1=2 a2=960 a3=251658255 a4=0
WRITE t=343848034 f=_ZN9ApplePMGR10writeReg32ENS_6RegMapEjjj a1=2 a2=960 a3=520093711 a4=0
WRITE t=343947145 f=_ZN9ApplePMGR10writeReg32ENS_6RegMapEjjj a1=2 a2=960 a3=251658495 a4=0
WRITE t=343947158 f=_ZN9ApplePMGR10writeReg32ENS_6RegMapEjjj a1=2 a2=960 a3=251659248 a4=0
WRITE t=343947173 f=_ZN9ApplePMGR10writeReg32ENS_6RegMapEjjj a1=0 a2=488 a3=67371087 a4=0
WRITE t=343947184 f=_ZN9ApplePMGR10writeReg32ENS_6RegMapEjjj a1=0 a2=488 a3=251921407 a4=0
WRITE t=343947192 f=_ZN9ApplePMGR10writeReg32ENS_6RegMapEjjj a1=0 a2=488 a3=520356095 a4=0
WRITE t=343947206 f=_ZN9ApplePMGR10writeReg32ENS_6RegMapEjjj a1=0 a2=488 a3=336527951 a4=0
WRITE t=343947214 f=_ZN9ApplePMGR10writeReg32ENS_6RegMapEjjj a1=0 a2=488 a3=252642047 a4=0
WRITE t=343947221 f=_ZN9ApplePMGR10writeReg32ENS_6RegMapEjjj a1=0 a2=488 a3=67371840 a4=0
WRITE t=343947502 f=_ZN9ApplePMGR10writeReg32ENS_6RegMapEjjj a1=2 a2=409600 a3=0 a4=0
WRITE t=343947523 f=_ZN9ApplePMGR10writeReg32ENS_6RegMapEjjj a1=0 a2=98324 a3=0 a4=0
WRITE t=344114053 f=_ZN9ApplePMGR10writeReg32ENS_6RegMapEjjj a1=0 a2=98324 a3=15 a4=0
WRITE t=344114412 f=_ZN9ApplePMGR10writeReg32ENS_6RegMapEjjj a1=0 a2=98324 a3=47 a4=0
WRITE t=344114422 f=_ZN9ApplePMGR10writeReg32ENS_6RegMapEjjj a1=2 a2=409600 a3=1 a4=0
WRITE t=344114438 f=_ZN9ApplePMGR10writeReg32ENS_6RegMapEjjj a1=0 a2=488 a3=251920384 a4=0
WRITE t=344114450 f=_ZN9ApplePMGR10writeReg32ENS_6RegMapEjjj a1=0 a2=488 a3=251920399 a4=0
WRITE t=344114465 f=_ZN9ApplePMGR10writeReg32ENS_6RegMapEjjj a1=0 a2=488 a3=520355855 a4=0
WRITE t=344114480 f=_ZN9ApplePMGR10writeReg32ENS_6RegMapEjjj a1=2 a2=960 a3=251658255 a4=0
WRITE t=344114508 f=_ZN9ApplePMGR10writeReg32ENS_6RegMapEjjj a1=2 a2=960 a3=520093711 a4=0
WRITE t=344213843 f=_ZN9ApplePMGR10writeReg32ENS_6RegMapEjjj a1=2 a2=960 a3=251658495 a4=0
WRITE t=344213856 f=_ZN9ApplePMGR10writeReg32ENS_6RegMapEjjj a1=2 a2=960 a3=251659248 a4=0
WRITE t=344213873 f=_ZN9ApplePMGR10writeReg32ENS_6RegMapEjjj a1=0 a2=488 a3=67371087 a4=0
WRITE t=344213884 f=_ZN9ApplePMGR10writeReg32ENS_6RegMapEjjj a1=0 a2=488 a3=251921407 a4=0
WRITE t=344213892 f=_ZN9ApplePMGR10writeReg32ENS_6RegMapEjjj a1=0 a2=488 a3=520356095 a4=0
WRITE t=344213905 f=_ZN9ApplePMGR10writeReg32ENS_6RegMapEjjj a1=0 a2=488 a3=336527951 a4=0
WRITE t=344213914 f=_ZN9ApplePMGR10writeReg32ENS_6RegMapEjjj a1=0 a2=488 a3=252642047 a4=0
WRITE t=344213920 f=_ZN9ApplePMGR10writeReg32ENS_6RegMapEjjj a1=0 a2=488 a3=67371840 a4=0
WRITE t=344214202 f=_ZN9ApplePMGR10writeReg32ENS_6RegMapEjjj a1=2 a2=409600 a3=0 a4=0
WRITE t=344214223 f=_ZN9ApplePMGR10writeReg32ENS_6RegMapEjjj a1=0 a2=98324 a3=0 a4=0
WRITE t=344247632 f=_ZN9ApplePMGR10writeReg32ENS_6RegMapEjjj a1=0 a2=98324 a3=15 a4=0
WRITE t=344247989 f=_ZN9ApplePMGR10writeReg32ENS_6RegMapEjjj a1=0 a2=98324 a3=47 a4=0
WRITE t=344247999 f=_ZN9ApplePMGR10writeReg32ENS_6RegMapEjjj a1=2 a2=409600 a3=1 a4=0
WRITE t=344248016 f=_ZN9ApplePMGR10writeReg32ENS_6RegMapEjjj a1=0 a2=488 a3=251920384 a4=0
WRITE t=344248027 f=_ZN9ApplePMGR10writeReg32ENS_6RegMapEjjj a1=0 a2=488 a3=251920399 a4=0
WRITE t=344248043 f=_ZN9ApplePMGR10writeReg32ENS_6RegMapEjjj a1=0 a2=488 a3=520355855 a4=0
WRITE t=344248057 f=_ZN9ApplePMGR10writeReg32ENS_6RegMapEjjj a1=2 a2=960 a3=251658255 a4=0
WRITE t=344248085 f=_ZN9ApplePMGR10writeReg32ENS_6RegMapEjjj a1=2 a2=960 a3=520093711 a4=0
WRITE t=344362665 f=_ZN9ApplePMGR10writeReg32ENS_6RegMapEjjj a1=2 a2=960 a3=251658495 a4=0
WRITE t=344362679 f=_ZN9ApplePMGR10writeReg32ENS_6RegMapEjjj a1=2 a2=960 a3=251659248 a4=0
WRITE t=344362697 f=_ZN9ApplePMGR10writeReg32ENS_6RegMapEjjj a1=0 a2=488 a3=67371087 a4=0
WRITE t=344362707 f=_ZN9ApplePMGR10writeReg32ENS_6RegMapEjjj a1=0 a2=488 a3=251921407 a4=0
WRITE t=344362715 f=_ZN9ApplePMGR10writeReg32ENS_6RegMapEjjj a1=0 a2=488 a3=520356095 a4=0
WRITE t=344362729 f=_ZN9ApplePMGR10writeReg32ENS_6RegMapEjjj a1=0 a2=488 a3=336527951 a4=0
WRITE t=344362738 f=_ZN9ApplePMGR10writeReg32ENS_6RegMapEjjj a1=0 a2=488 a3=252642047 a4=0
WRITE t=344362744 f=_ZN9ApplePMGR10writeReg32ENS_6RegMapEjjj a1=0 a2=488 a3=67371840 a4=0
WRITE t=344363025 f=_ZN9ApplePMGR10writeReg32ENS_6RegMapEjjj a1=2 a2=409600 a3=0 a4=0
WRITE t=344363046 f=_ZN9ApplePMGR10writeReg32ENS_6RegMapEjjj a1=0 a2=98324 a3=0 a4=0
WRITE t=344464231 f=_ZN9ApplePMGR10writeReg32ENS_6RegMapEjjj a1=0 a2=98324 a3=15 a4=0
WRITE t=344464591 f=_ZN9ApplePMGR10writeReg32ENS_6RegMapEjjj a1=0 a2=98324 a3=47 a4=0
WRITE t=344464601 f=_ZN9ApplePMGR10writeReg32ENS_6RegMapEjjj a1=2 a2=409600 a3=1 a4=0
WRITE t=344464617 f=_ZN9ApplePMGR10writeReg32ENS_6RegMapEjjj a1=0 a2=488 a3=251920384 a4=0
WRITE t=344464628 f=_ZN9ApplePMGR10writeReg32ENS_6RegMapEjjj a1=0 a2=488 a3=251920399 a4=0
WRITE t=344464642 f=_ZN9ApplePMGR10writeReg32ENS_6RegMapEjjj a1=0 a2=488 a3=520355855 a4=0
WRITE t=344464657 f=_ZN9ApplePMGR10writeReg32ENS_6RegMapEjjj a1=2 a2=960 a3=251658255 a4=0
WRITE t=344464684 f=_ZN9ApplePMGR10writeReg32ENS_6RegMapEjjj a1=2 a2=960 a3=520093711 a4=0
WRITE t=344579295 f=_ZN9ApplePMGR10writeReg32ENS_6RegMapEjjj a1=2 a2=960 a3=251658495 a4=0
WRITE t=344579308 f=_ZN9ApplePMGR10writeReg32ENS_6RegMapEjjj a1=2 a2=960 a3=251659248 a4=0
WRITE t=344579325 f=_ZN9ApplePMGR10writeReg32ENS_6RegMapEjjj a1=0 a2=488 a3=67371087 a4=0
WRITE t=344579335 f=_ZN9ApplePMGR10writeReg32ENS_6RegMapEjjj a1=0 a2=488 a3=251921407 a4=0
WRITE t=344579343 f=_ZN9ApplePMGR10writeReg32ENS_6RegMapEjjj a1=0 a2=488 a3=520356095 a4=0
WRITE t=344579357 f=_ZN9ApplePMGR10writeReg32ENS_6RegMapEjjj a1=0 a2=488 a3=336527951 a4=0
WRITE t=344579366 f=_ZN9ApplePMGR10writeReg32ENS_6RegMapEjjj a1=0 a2=488 a3=252642047 a4=0
WRITE t=344579372 f=_ZN9ApplePMGR10writeReg32ENS_6RegMapEjjj a1=0 a2=488 a3=67371840 a4=0
WRITE t=344579667 f=_ZN9ApplePMGR10writeReg32ENS_6RegMapEjjj a1=2 a2=409600 a3=0 a4=0
WRITE t=344579689 f=_ZN9ApplePMGR10writeReg32ENS_6RegMapEjjj a1=0 a2=98324 a3=0 a4=0
WRITE t=344867573 f=_ZN9ApplePMGR10writeReg32ENS_6RegMapEjjj a1=0 a2=98324 a3=15 a4=0
WRITE t=344867942 f=_ZN9ApplePMGR10writeReg32ENS_6RegMapEjjj a1=0 a2=98324 a3=47 a4=0
WRITE t=344867952 f=_ZN9ApplePMGR10writeReg32ENS_6RegMapEjjj a1=2 a2=409600 a3=1 a4=0
WRITE t=344867972 f=_ZN9ApplePMGR10writeReg32ENS_6RegMapEjjj a1=0 a2=488 a3=251920384 a4=0
WRITE t=344867978 f=_ZN9ApplePMGR10writeReg32ENS_6RegMapEjjj a1=0 a2=488 a3=251920399 a4=0
WRITE t=344867987 f=_ZN9ApplePMGR10writeReg32ENS_6RegMapEjjj a1=0 a2=488 a3=520355855 a4=0
WRITE t=344867994 f=_ZN9ApplePMGR10writeReg32ENS_6RegMapEjjj a1=2 a2=960 a3=251658255 a4=0
WRITE t=344868017 f=_ZN9ApplePMGR10writeReg32ENS_6RegMapEjjj a1=2 a2=960 a3=520093711 a4=0
WRITE t=344950893 f=_ZN9ApplePMGR10writeReg32ENS_6RegMapEjjj a1=2 a2=960 a3=251658495 a4=0
WRITE t=344950905 f=_ZN9ApplePMGR10writeReg32ENS_6RegMapEjjj a1=2 a2=960 a3=251659248 a4=0
WRITE t=344950923 f=_ZN9ApplePMGR10writeReg32ENS_6RegMapEjjj a1=0 a2=488 a3=67371087 a4=0
WRITE t=344950933 f=_ZN9ApplePMGR10writeReg32ENS_6RegMapEjjj a1=0 a2=488 a3=251921407 a4=0
WRITE t=344950941 f=_ZN9ApplePMGR10writeReg32ENS_6RegMapEjjj a1=0 a2=488 a3=520356095 a4=0
WRITE t=344950955 f=_ZN9ApplePMGR10writeReg32ENS_6RegMapEjjj a1=0 a2=488 a3=336527951 a4=0
WRITE t=344950964 f=_ZN9ApplePMGR10writeReg32ENS_6RegMapEjjj a1=0 a2=488 a3=252642047 a4=0
WRITE t=344950970 f=_ZN9ApplePMGR10writeReg32ENS_6RegMapEjjj a1=0 a2=488 a3=67371840 a4=0
WRITE t=344951251 f=_ZN9ApplePMGR10writeReg32ENS_6RegMapEjjj a1=2 a2=409600 a3=0 a4=0
WRITE t=344951272 f=_ZN9ApplePMGR10writeReg32ENS_6RegMapEjjj a1=0 a2=98324 a3=0 a4=0
