r0 878: 125.9056 7da83f06ec9f001d
r0 FFFB: 149.817 7da83f06ec9f001d
r0 168: 135.6102 7da83f06ec9f001d
r0 FFFFF: 140.0248 7da83f06ec9f001d
r1 FFFFF: 127.7829 7da83f06ec9f001d
r1 168: 139.1258 7da83f06ec9f001d
r1 FFFB: 127.2991 7da83f06ec9f001d
r1 878: 122.393 7da83f06ec9f001d
r2 878: 117.7325 7da83f06ec9f001d
r2 FFFB: 140.9286 7da83f06ec9f001d
r2 168: 139.2373 7da83f06ec9f001d
r2 FFFFF: 144.797 7da83f06ec9f001d
r3 FFFFF: 140.5061 7da83f06ec9f001d
r3 168: 133.5374 7da83f06ec9f001d
r3 FFFB: 158.8914 7da83f06ec9f001d
r3 878: 143.9215 7da83f06ec9f001d
r4 878: 147.8162 7da83f06ec9f001d
r4 FFFB: 131.5075 7da83f06ec9f001d
r4 168: 141.7564 7da83f06ec9f001d
r4 FFFFF: 143.907 7da83f06ec9f001d
168    med= 139.1 pins=5/5 runs=[136, 139, 139, 134, 142]
878    med= 125.9 pins=5/5 runs=[126, 122, 118, 144, 148]
FFFB   med= 140.9 pins=5/5 runs=[150, 127, 141, 159, 132]
FFFFF  med= 140.5 pins=5/5 runs=[140, 128, 145, 141, 144]
active
