1790379646.004431221 2064000 
1790379646.037239768 1704000 
1790379646.070329310 1704000 
1790379646.103162064 1704000 
1790379646.136230565 1704000 
1790379646.169591603 1332000 
1790379646.202870641 1332000 
1790379646.236416843 1332000 
1790379646.268936686 2064000 
1790379646.307264017 2064000 
1790379646.339511489 2064000 
1790379646.371928167 2064000 
1790379646.404596299 1704000 
1790379646.437475720 1704000 
1790379646.470452472 1704000 
1790379646.503692928 1332000 
1790379646.537022633 1332000 
1790379646.570385962 1332000 
1790379646.603948829 1332000 
1790379646.637202368 1332000 
1790379646.670836152 1332000 
1790379646.704352061 1332000 
1790379646.737831597 1332000 
1790379646.771403714 1332000 
1790379646.804880375 1332000 
1790379646.838463659 1332000 
1790379646.871950486 1332000 
1790379646.905555311 1332000 
1790379646.939181761 1332000 
1790379646.972853293 1332000 
1790379647.005377095 1704000 
1790379647.037525652 2064000 
1790379647.071316099 1332000 
1790379647.104882258 1332000 
1790379647.138221296 1332000 
1790379647.171747039 1332000 
1790379647.205496361 1332000 
1790379647.238997021 1332000 
1790379647.272325226 1332000 
1790379647.305811928 1332000 
1790379647.339503585 1332000 
1790379647.372855081 1332000 
1790379647.406338408 1332000 
1790379647.439823110 1332000 
1790379647.473314520 1332000 
1790379647.507036051 1332000 
1790379647.540650251 1332000 
1790379647.574219202 1332000 
1790379647.607823735 1332000 
1790379647.641405144 1332000 
1790379647.674927221 1332000 
1790379647.708321299 1332000 
1790379647.741830626 1332000 
1790379647.775573198 1332000 
1790379647.809258356 1332000 
1790379647.842756974 1332000 
1790379647.876427798 1332000 
1790379647.909754044 1332000 
1790379647.943265163 1332000 
1790379647.976865613 1332000 
1790379648.010412230 1332000 
1790379648.044126678 1332000 
1790379648.077516007 1332000 
1790379648.111023125 1332000 
1790379648.143963711 2064000 
1790379648.176999337 1704000 
1790379648.210275750 1704000 
1790379648.243314710 1704000 
1790379648.276552999 1332000 
1790379648.310023034 1332000 
1790379648.344250557 1332000 
1790379648.377579429 1332000 
1790379648.410743511 1332000 
1790379648.444340294 1332000 
1790379648.479178474 1332000 
1790379648.512474137 1332000 
1790379648.545490680 972000 
1790379648.579492915 1332000 
1790379648.613152239 1332000 
1790379648.647318097 1332000 
1790379648.682033487 1332000 
1790379648.716424174 1332000 
1790379648.750806111 1332000 
1790379648.784835096 1332000 
1790379648.819320406 1332000 
1790379648.854808909 1332000 
1790379648.888486649 1332000 
1790379648.922547758 1332000 
1790379648.956974195 1332000 
1790379648.990269900 1332000 
1790379649.023663436 1332000 
1790379649.057772128 1332000 
1790379649.092092899 1332000 
1790379649.126110842 1332000 
1790379649.159275091 600000 
1790379649.193492156 1332000 
1790379649.227861051 1332000 
1790379649.262063241 1332000 
1790379649.296140975 1332000 
1790379649.329178267 600000 
1790379649.363532163 1332000 
1790379649.396543873 1332000 
1790379649.430426026 1332000 
1790379649.463785522 1332000 
1790379649.497903672 1332000 
1790379649.531349749 1332000 
1790379649.565285818 1332000 
1790379649.599150514 1332000 
1790379649.632682882 1332000 
1790379649.666348080 1332000 
1790379649.700194568 1332000 
1790379649.733093196 2064000 
1790379649.765823285 2064000 
1790379649.799417777 1704000 
1790379649.832239114 1704000 
1790379649.866138143 1332000 
1790379649.899650177 1332000 
1790379649.933673704 1332000 
1790379649.967731396 1332000 
1790379650.001596592 1332000 
1790379650.035364539 1332000 
1790379650.068393373 2064000 
1790379650.101453998 2064000 
1790379650.135522107 1332000 
1790379650.169050058 1332000 
1790379650.202381679 972000 
1790379650.236019378 1332000 
1790379650.269069836 2064000 
1790379650.301531097 2064000 
1790379650.334871467 2064000 
1790379650.368765871 1332000 
1790379650.401165340 1704000 
1790379650.433516477 1704000 
1790379650.467031428 1332000 
1790379650.500537296 1332000 
1790379650.533018889 1704000 
1790379650.565719770 1704000 
1790379650.600023958 1332000 
1790379650.632946711 1704000 
1790379650.665822214 1704000 
1790379650.699970863 1332000 
1790379650.732323750 1704000 
1790379650.765266836 1704000 
1790379650.800069807 1332000 
1790379650.832991435 1704000 
1790379650.865825147 1704000 
1790379650.899708926 1332000 
1790379650.933395832 1332000 
1790379650.966971949 1332000 
1790379651.000902060 1332000 
1790379651.034354137 1332000 
1790379651.067786381 1332000 
1790379651.102217651 2064000 
1790379651.135950890 1332000 
1790379651.169617963 1332000 
1790379651.203026625 1332000 
1790379651.235792130 2064000 
1790379651.269119292 1704000 
1790379651.302982029 1704000 
1790379651.335804700 2064000 
1790379651.368489539 2064000 
1790379651.401972658 1704000 
1790379651.434799370 2064000 
1790379651.467401044 2064000 
1790379651.500167632 2064000 
1790379651.533506878 1704000 
1790379651.566706834 1704000 
1790379651.598951806 2064000 
1790379651.631283735 2064000 
1790379651.664371443 1704000 
1790379651.696929701 1704000 
1790379651.729163840 1704000 
1790379651.762723415 1332000 
1790379651.796122326 1332000 
1790379651.829038496 1704000 
1790379651.861962415 1704000 
1790379651.894789252 1704000 
1790379651.927970750 1332000 
1790379651.961244372 1332000 
1790379651.994786947 1332000 
1790379652.027719075 1704000 
1790379652.061060903 1704000 
1790379652.094761643 1704000 
1790379652.128275344 1704000 
1790379652.162054624 1704000 
1790379652.195600782 1332000 
1790379652.228957319 1332000 
1790379652.262000695 1332000 
1790379652.295724850 1332000 
1790379652.329409007 1332000 
1790379652.362422383 1332000 
1790379652.395892626 1332000 
1790379652.429516242 972000 
1790379652.463598850 1332000 
1790379652.497502128 1332000 
1790379652.530547378 1332000 
1790379652.563838916 972000 
1790379652.598368017 1332000 
1790379652.632456875 1332000 
1790379652.666493026 1332000 
1790379652.700607675 1332000 
1790379652.734355289 1332000 
1790379652.768089528 1332000 
1790379652.801635604 1332000 
1790379652.835960875 1332000 
1790379652.869594199 1332000 
1790379652.902799113 600000 
1790379652.935623492 972000 
1790379652.969863472 1332000 
1790379653.002971555 1332000 
1790379653.036197344 972000 
1790379653.069571422 1332000 
1790379653.103489783 1332000 
1790379653.137229605 1332000 
1790379653.171160091 1332000 
1790379653.205270865 1704000 
1790379653.239364848 1332000 
1790379653.273288500 1332000 
1790379653.307073363 1332000 
1790379653.340827977 1332000 
1790379653.374286012 1332000 
1790379653.407975585 1332000 
1790379653.442142525 1332000 
1790379653.475907097 1332000 
1790379653.509894415 1332000 
1790379653.543601904 972000 
1790379653.577856134 1332000 
1790379653.611667080 1332000 
1790379653.645384028 1332000 
1790379653.679119225 1332000 
1790379653.712823298 1332000 
1790379653.746194209 1332000 
1790379653.779941781 1332000 
1790379653.813620896 1332000 
1790379653.847664963 1332000 
1790379653.881397827 1332000 
1790379653.915224106 1332000 
1790379653.948897679 1332000 
1790379653.982754999 1332000 
1790379654.016627611 1332000 
1790379654.049646736 972000 
1790379654.083320185 600000 
1790379654.115977149 1332000 
1790379654.149613765 1332000 
1790379654.183438502 1332000 
1790379654.217105075 1332000 
1790379654.250888896 1332000 
1790379654.284264266 1332000 
1790379654.317888923 1332000 
1790379654.351534747 1332000 
1790379654.384585830 1332000 
1790379654.417963408 1332000 
1790379654.451155405 1332000 
1790379654.484120407 1332000 
1790379654.517224281 1332000 
1790379654.550591859 1332000 
1790379654.584256932 2064000 
1790379654.617641052 1332000 
1790379654.651096920 1332000 
1790379654.684807284 1332000 
1790379654.718460191 1332000 
1790379654.751878393 1332000 
1790379654.785539466 1332000 
1790379654.819186832 1332000 
1790379654.852799031 1332000 
1790379654.886227733 1332000 
1790379654.919853682 1332000 
1790379654.953216218 1332000 
1790379654.986944832 1332000 
1790379655.020585447 1332000 
1790379655.054111356 1332000 
1790379655.087726388 1332000 
1790379655.120028859 2064000 
