out dir: ~/levers3-mac/out/core-20260925T164146
feat_f32.bin: OK
mask_i32.bin: OK
gold_f16.bin: OK
cache hit: ~/.cache/mlx-omarchy/parakeet-reference/mweinbach1/parakeet-tdt-0.6b-v3-coreml/b650695c2322ee5281dff48d7345b2f3a58ff018
model dir: ~/.cache/mlx-omarchy/parakeet-reference/mweinbach1/parakeet-tdt-0.6b-v3-coreml/b650695c2322ee5281dff48d7345b2f3a58ff018
-- thermals
Note: No thermal warning level has been recorded
CFBundleVersion: 3520.5.1
compiling from source...
== arm cpu
{"units":"cpu","compile_ms":283.7,"load_ms":2250.1,"placement":{"cpu":1374},"reps":10,"median_ms":208.51,"min_ms":208.01,"max_ms":208.93,"mean_ms":208.45,"hidden_stride_mean":-0.053544,"hidden_count":240000,"mask_sum":375}
times_ms [208.01, 208.08, 208.21, 208.38, 208.39, 208.51, 208.56, 208.60, 208.86, 208.93]
{"file":"~/levers3-mac/out/core-20260925T164146/out_cpu.bin","words":240000,"mismatches":237729,"max_delta":0.145264,"first_bad_index":0,"bit_exact":false}
== arm ane
{"units":"ane","compile_ms":250.1,"load_ms":38628.0,"placement":{"ane":1341,"cpu":33},"reps":10,"median_ms":140.27,"min_ms":136.05,"max_ms":141.92,"mean_ms":139.19,"hidden_stride_mean":-0.053864,"hidden_count":240000,"mask_sum":375}
times_ms [136.05, 136.48, 137.06, 137.64, 137.70, 140.27, 141.49, 141.58, 141.74, 141.92]
{"file":"~/levers3-mac/out/core-20260925T164146/out_ane.bin","words":240000,"mismatches":0,"max_delta":0,"first_bad_index":-1,"bit_exact":true}
== arm all
{"units":"all","compile_ms":228.4,"load_ms":38458.2,"placement":{"ane":1334,"cpu":28,"gpu":12},"reps":10,"median_ms":156.12,"min_ms":152.26,"max_ms":157.14,"mean_ms":154.99,"hidden_stride_mean":-0.053864,"hidden_count":240000,"mask_sum":375}
times_ms [152.26, 152.78, 152.92, 152.98, 156.07, 156.12, 156.44, 156.46, 156.78, 157.14]
{"file":"~/levers3-mac/out/core-20260925T164146/out_all.bin","words":240000,"mismatches":0,"max_delta":0,"first_bad_index":-1,"bit_exact":true}
ane power sample: ANE power: none-recorded (check ane_power_*.txt/.err)
CORE-BUNDLE OK — ~/levers3-mac/out/core-20260925T164146
