island-conv-pw1-L00: worst 0.000207899 PASS
island-conv-dw-L00: worst 0.000218372 PASS
island-conv-pw2-L00: worst 0.000208205 PASS
island-conv-pw1-L01: worst 0.00020779 PASS
island-conv-dw-L01: worst 0.000207064 PASS
island-conv-pw2-L01: worst 0.000208119 PASS
island-conv-pw1-L02: worst 0.000207805 PASS
island-conv-dw-L02: worst 0.000219085 PASS
island-conv-pw2-L02: worst 0.000207849 PASS
island-conv-pw1-L03: worst 0.000207981 PASS
island-conv-dw-L03: worst 0.000210524 PASS
island-conv-pw2-L03: worst 0.00020781 PASS
island-conv-pw1-L04: worst 0.000207829 PASS
island-conv-dw-L04: worst 0.00020938 PASS
island-conv-pw2-L04: worst 0.000207699 PASS
island-conv-pw1-L05: worst 0.000207859 PASS
island-conv-dw-L05: worst 0.000208271 PASS
island-conv-pw2-L05: worst 0.000208287 PASS
island-conv-pw1-L06: worst 0.000207692 PASS
island-conv-dw-L06: worst 0.000209287 PASS
island-conv-pw2-L06: worst 0.000207915 PASS
island-conv-pw1-L07: worst 0.000207796 PASS
island-conv-dw-L07: worst 0.00020696 PASS
island-conv-pw2-L07: worst 0.000208012 PASS
island-conv-pw1-L08: worst 0.000208048 PASS
island-conv-dw-L08: worst 0.000210552 PASS
island-conv-pw2-L08: worst 0.000208368 PASS
island-conv-pw1-L09: worst 0.00020806 PASS
island-conv-dw-L09: worst 0.000209024 PASS
island-conv-pw2-L09: worst 0.000207973 PASS
island-conv-pw1-L10: worst 0.000207896 PASS
island-conv-dw-L10: worst 0.000207278 PASS
island-conv-pw2-L10: worst 0.000208013 PASS
island-conv-pw1-L11: worst 0.000208012 PASS
island-conv-dw-L11: worst 0.000211708 PASS
island-conv-pw2-L11: worst 0.00020839 PASS
island-conv-pw1-L12: worst 0.000207968 PASS
island-conv-dw-L12: worst 0.000210174 PASS
island-conv-pw2-L12: worst 0.000208091 PASS
island-conv-pw1-L13: worst 0.000207977 PASS
island-conv-dw-L13: worst 0.000210247 PASS
island-conv-pw2-L13: worst 0.000207993 PASS
island-conv-pw1-L14: worst 0.000208171 PASS
island-conv-dw-L14: worst 0.000210741 PASS
island-conv-pw2-L14: worst 0.000208447 PASS
island-conv-pw1-L15: worst 0.000207662 PASS
island-conv-dw-L15: worst 0.00021034 PASS
island-conv-pw2-L15: worst 0.000208429 PASS
island-conv-pw1-L16: worst 0.00020787 PASS
island-conv-dw-L16: worst 0.000211692 PASS
island-conv-pw2-L16: worst 0.000208312 PASS
island-conv-pw1-L17: worst 0.000207791 PASS
island-conv-dw-L17: worst 0.00020895 PASS
island-conv-pw2-L17: worst 0.000208267 PASS
island-conv-pw1-L18: worst 0.00020811 PASS
island-conv-dw-L18: worst 0.000210004 PASS
island-conv-pw2-L18: worst 0.000208399 PASS
island-conv-pw1-L19: worst 0.000208067 PASS
island-conv-dw-L19: worst 0.000206149 PASS
island-conv-pw2-L19: worst 0.000208298 PASS
island-conv-pw1-L20: worst 0.00020831 PASS
island-conv-dw-L20: worst 0.000208908 PASS
island-conv-pw2-L20: worst 0.000208024 PASS
island-conv-pw1-L21: worst 0.000208034 PASS
island-conv-dw-L21: worst 0.000208866 PASS
island-conv-pw2-L21: worst 0.000208115 PASS
island-conv-pw1-L22: worst 0.000207864 PASS
island-conv-dw-L22: worst 0.000214 PASS
island-conv-pw2-L22: worst 0.000208406 PASS
island-conv-pw1-L23: worst 0.000207871 PASS
island-conv-dw-L23: worst 0.000208845 PASS
island-conv-pw2-L23: worst 0.00020837 PASS
island-relpos-pad: worst 5.60487e-07 PASS
island-relpos-slice: worst 0 PASS
island-tr-r3-in: worst 0 PASS
island-tr-r3-out: worst 0 PASS
island-tr-r4-out: worst 0 PASS
gate: PASS bundles=77 worst=0.000219085 budget=0.05 summary=/var/tmp/jw16-conv-place/bundles-new/conv-gate.json
