12:15:02.303 start load={ 18.82 26.97 36.64 }
12:15:02.307 encoder pid 27806
12:15:05.122 t=2s ANE Power: 0 mW
12:15:07.931 t=4s ANE Power: 0 mW
12:15:10.742 t=6s ANE Power: 0 mW
12:15:13.553 t=8s ANE Power: 0 mW
12:15:16.365 t=10s ANE Power: 0 mW
12:15:19.191 t=12s ANE Power: 0 mW
12:15:21.995 t=14s ANE Power: 0 mW
12:15:24.805 t=16s ANE Power: 0 mW
12:15:27.622 t=18s ANE Power: 0 mW
12:15:30.434 t=20s ANE Power: 0 mW
12:15:33.246 t=22s ANE Power: 4803 mW
12:15:33.249 ANE active
      "IOPowerManagement" = {"DevicePowerState"=1,"CurrentPowerState"=1,"CapabilityFlags"=32768,"MaxPowerState"=1}
12:15:33.269 poll start
islands_up=0 poll_iters=200001 poll_us=2000000 ranges=21 bytes=737672
ps_first 0x1000030f(act=0) 0x300(act=0) 0x3ff(act=15) 0x3ff(act=15) 0x3ff(act=15) 0x3ff(act=15) 0x3ff(act=15) 0x3ff(act=15)
ps 0x1f0003ff(act=15) 0x300(act=0) 0x3ff(act=15) 0x3ff(act=15) 0x3ff(act=15) 0x3ff(act=15) 0x3ff(act=15) 0x3ff(act=15)
12:15:35.947 poll rc=3
ANE Power: 4822 mW
12:15:36.740 encoder still running after poll
12:16:34.891 encoder rc=0
{"units":"ane","compile_ms":179.1,"load_ms":13918.9,"placement":{"ane":1346,"cpu":28},"reps":700,"median_ms":90.67,"min_ms":90.38,"max_ms":91.40,"mean_ms":90.69,"hidden_stride_mean":-0.053864,"hidden_count":240000,"mask_sum":375}
times_ms [90.38, 90.38, 90.40, 90.41, 90.42, 90.42, 90.43, 90.43, 90.44, 90.44, 90.44, 90.44, 90.46, 90.47, 90.49, 90.49, 90.49, 90.49, 90.50, 90.51, 90.52, 90.52, 90.52, 90.53, 90.53, 90.53, 90.54, 90.54, 90.54, 90.54, 90.54, 90.55, 90.55, 90.55, 90.55, 90.55, 90.55, 90.55, 90.56, 90.56, 90.56, 90.56, 90.56, 90.56, 90.56, 90.56, 90.56, 90.56, 90.57, 90.57, 90.57, 90.57, 90.57, 90.57, 90.57, 90.57, 90.57, 90.57, 90.57, 90.57, 90.57, 90.57, 90.57, 90.57, 90.57, 90.57, 90.58, 90.58, 90.58, 90.58, 90.58, 90.58, 90.58, 90.58, 90.58, 90.58, 90.58, 90.58, 90.58, 90.58, 90.58, 90.58, 90.59, 90.59, 90.59, 90.59, 90.59, 90.59, 90.59, 90.59, 90.59, 90.59, 90.59, 90.59, 90.59, 90.59, 90.59, 90.59, 90.59, 90.59, 90.59, 90.59, 90.59, 90.59, 90.59, 90.59, 90.59, 90.60, 90.60, 90.60, 90.60, 90.60, 90.60, 90.60, 90.60, 90.60, 90.60, 90.60, 90.60, 90.60, 90.60, 90.60, 90.60, 90.60, 90.60, 90.61, 90.61, 90.61, 90.61, 90.61, 90.61, 90.61, 90.61, 90.61, 90.61, 90.61, 90.61, 90.61, 90.61, 90.61, 90.61, 90.61, 90.61, 90.61, 90.61, 90.61, 90.61, 90.61, 90.61, 90.61, 90.62, 90.62, 90.62, 90.62, 90.62, 90.62, 90.62, 90.62, 90.62, 90.62, 90.62, 90.62, 90.62, 90.62, 90.62, 90.62, 90.62, 90.62, 90.62, 90.62, 90.62, 90.62, 90.62, 90.62, 90.62, 90.62, 90.62, 90.62, 90.62, 90.62, 90.62, 90.62, 90.63, 90.63, 90.63, 90.63, 90.63, 90.63, 90.63, 90.63, 90.63, 90.63, 90.63, 90.63, 90.63, 90.63, 90.63, 90.63, 90.63, 90.63, 90.63, 90.63, 90.63, 90.63, 90.63, 90.63, 90.63, 90.63, 90.63, 90.63, 90.63, 90.64, 90.64, 90.64, 90.64, 90.64, 90.64, 90.64, 90.64, 90.64, 90.64, 90.64, 90.64, 90.64, 90.64, 90.64, 90.64, 90.64, 90.64, 90.64, 90.64, 90.64, 90.64, 90.64, 90.64, 90.64, 90.64, 90.64, 90.64, 90.64, 90.64, 90.64, 90.64, 90.64, 90.64, 90.64, 90.64, 90.64, 90.64, 90.64, 90.64, 90.64, 90.64, 90.64, 90.64, 90.65, 90.65, 90.65, 90.65, 90.65, 90.65, 90.65, 90.65, 90.65, 90.65, 90.65, 90.65, 90.65, 90.65, 90.65, 90.65, 90.65, 90.65, 90.65, 90.65, 90.65, 90.65, 90.65, 90.65, 90.65, 90.65, 90.65, 90.65, 90.65, 90.65, 90.65, 90.65, 90.65, 90.65, 90.65, 90.65, 90.65, 90.66, 90.66, 90.66, 90.66, 90.66, 90.66, 90.66, 90.66, 90.66, 90.66, 90.66, 90.66, 90.66, 90.66, 90.66, 90.66, 90.66, 90.66, 90.66, 90.66, 90.66, 90.66, 90.66, 90.66, 90.66, 90.66, 90.66, 90.66, 90.66, 90.66, 90.66, 90.66, 90.66, 90.66, 90.66, 90.67, 90.67, 90.67, 90.67, 90.67, 90.67, 90.67, 90.67, 90.67, 90.67, 90.67, 90.67, 90.67, 90.67, 90.67, 90.67, 90.67, 90.67, 90.67, 90.67, 90.67, 90.67, 90.67, 90.67, 90.67, 90.67, 90.67, 90.67, 90.67, 90.67, 90.67, 90.67, 90.67, 90.67, 90.67, 90.67, 90.67, 90.67, 90.67, 90.67, 90.67, 90.67, 90.67, 90.67, 90.67, 90.67, 90.67, 90.67, 90.67, 90.67, 90.67, 90.67, 90.67, 90.67, 90.67, 90.68, 90.68, 90.68, 90.68, 90.68, 90.68, 90.68, 90.68, 90.68, 90.68, 90.68, 90.68, 90.68, 90.68, 90.68, 90.68, 90.68, 90.68, 90.68, 90.68, 90.68, 90.68, 90.68, 90.68, 90.68, 90.68, 90.68, 90.68, 90.68, 90.68, 90.68, 90.68, 90.68, 90.68, 90.68, 90.69, 90.69, 90.69, 90.69, 90.69, 90.69, 90.69, 90.69, 90.69, 90.69, 90.69, 90.69, 90.69, 90.69, 90.69, 90.69, 90.69, 90.69, 90.69, 90.69, 90.69, 90.69, 90.69, 90.69, 90.69, 90.69, 90.69, 90.69, 90.69, 90.69, 90.69, 90.69, 90.69, 90.69, 90.69, 90.69, 90.69, 90.69, 90.69, 90.69, 90.69, 90.69, 90.69, 90.69, 90.69, 90.69, 90.69, 90.69, 90.69, 90.69, 90.69, 90.69, 90.70, 90.70, 90.70, 90.70, 90.70, 90.70, 90.70, 90.70, 90.70, 90.70, 90.70, 90.70, 90.70, 90.70, 90.70, 90.70, 90.70, 90.70, 90.70, 90.70, 90.70, 90.70, 90.70, 90.70, 90.71, 90.71, 90.71, 90.71, 90.71, 90.71, 90.71, 90.71, 90.71, 90.71, 90.71, 90.71, 90.71, 90.71, 90.71, 90.71, 90.71, 90.71, 90.71, 90.71, 90.71, 90.71, 90.71, 90.71, 90.71, 90.71, 90.71, 90.71, 90.71, 90.71, 90.71, 90.72, 90.72, 90.72, 90.72, 90.72, 90.72, 90.72, 90.72, 90.72, 90.72, 90.72, 90.72, 90.72, 90.72, 90.72, 90.72, 90.72, 90.72, 90.72, 90.72, 90.72, 90.72, 90.72, 90.72, 90.73, 90.73, 90.73, 90.73, 90.73, 90.73, 90.73, 90.73, 90.73, 90.73, 90.73, 90.73, 90.73, 90.73, 90.73, 90.74, 90.74, 90.74, 90.74, 90.74, 90.74, 90.74, 90.74, 90.74, 90.74, 90.74, 90.74, 90.74, 90.74, 90.74, 90.74, 90.74, 90.74, 90.75, 90.75, 90.75, 90.75, 90.75, 90.75, 90.75, 90.76, 90.76, 90.76, 90.76, 90.76, 90.76, 90.76, 90.76, 90.76, 90.76, 90.77, 90.77, 90.77, 90.77, 90.77, 90.77, 90.77, 90.78, 90.78, 90.79, 90.79, 90.79, 90.79, 90.79, 90.80, 90.81, 90.81, 90.81, 90.81, 90.81, 90.82, 90.82, 90.82, 90.83, 90.83, 90.83, 90.84, 90.84, 90.85, 90.85, 90.85, 90.85, 90.86, 90.86, 90.86, 90.86, 90.86, 90.86, 90.87, 90.87, 90.88, 90.88, 90.88, 90.88, 90.89, 90.89, 90.89, 90.89, 90.89, 90.89, 90.89, 90.89, 90.89, 90.90, 90.90, 90.90, 90.90, 90.90, 90.90, 90.90, 90.90, 90.91, 90.91, 90.91, 90.92, 90.92, 90.92, 90.93, 90.93, 90.93, 90.93, 90.93, 90.93, 90.93, 90.93, 90.94, 90.94, 90.94, 90.95, 90.96, 90.96, 90.97, 90.98, 90.98, 90.99, 91.00, 91.00, 91.01, 91.03, 91.04, 91.05, 91.06, 91.06, 91.07, 91.08, 91.11, 91.12, 91.13, 91.13, 91.24, 91.27, 91.40]
12:16:34.896 done
