{"memtype":"local","mode":"dense","lanes":1024,"steps":512,"ms_med":0.634,"ns_per_step":1238.4}
{"memtype":"local","mode":"dense","lanes":4096,"steps":512,"ms_med":0.674,"ns_per_step":1317.1}
{"memtype":"local","mode":"dense","lanes":16384,"steps":512,"ms_med":0.856,"ns_per_step":1672.7}
{"memtype":"local","mode":"dense","lanes":65536,"steps":512,"ms_med":2.760,"ns_per_step":5390.3}
{"memtype":"local","mode":"stride16k","lanes":1024,"steps":512,"ms_med":0.498,"ns_per_step":971.8}
{"memtype":"local","mode":"stride16k","lanes":4096,"steps":512,"ms_med":0.470,"ns_per_step":917.7}
{"memtype":"local","mode":"stride16k","lanes":16384,"steps":512,"ms_med":0.545,"ns_per_step":1064.0}
{"memtype":"local","mode":"stride16k","lanes":65536,"steps":512,"ms_med":2.542,"ns_per_step":4965.1}
{"memtype":"local","mode":"stride2m","lanes":1024,"steps":512,"ms_med":0.465,"ns_per_step":908.6}
{"memtype":"local","mode":"stride2m","lanes":4096,"steps":512,"ms_med":0.458,"ns_per_step":894.5}
{"memtype":"local","mode":"stride2m","lanes":16384,"steps":512,"ms_med":0.626,"ns_per_step":1223.2}
{"memtype":"local","mode":"stride2m","lanes":65536,"steps":512,"ms_med":2.199,"ns_per_step":4294.7}
{"memtype":"local","mode":"hot16k","lanes":1024,"steps":512,"ms_med":0.301,"ns_per_step":588.0}
{"memtype":"local","mode":"hot16k","lanes":4096,"steps":512,"ms_med":0.306,"ns_per_step":598.1}
{"memtype":"local","mode":"hot16k","lanes":16384,"steps":512,"ms_med":0.289,"ns_per_step":565.1}
{"memtype":"local","mode":"hot16k","lanes":65536,"steps":512,"ms_med":2.131,"ns_per_step":4163.0}
{"memtype":"local","mode":"dense_spread","lanes":1024,"steps":512,"ms_med":0.359,"ns_per_step":701.3}
{"memtype":"local","mode":"dense_spread","lanes":4096,"steps":512,"ms_med":0.448,"ns_per_step":874.9}
{"memtype":"local","mode":"dense_spread","lanes":16384,"steps":512,"ms_med":11.298,"ns_per_step":22067.1}
{"memtype":"local","mode":"dense_spread","lanes":65536,"steps":512,"ms_med":29.093,"ns_per_step":56823.1}
{"memtype":"local","mode":"stride16k_spread","lanes":1024,"steps":512,"ms_med":0.861,"ns_per_step":1681.6}
{"memtype":"local","mode":"stride16k_spread","lanes":4096,"steps":512,"ms_med":0.996,"ns_per_step":1944.8}
{"memtype":"local","mode":"stride16k_spread","lanes":16384,"steps":512,"ms_med":4.457,"ns_per_step":8704.3}
{"memtype":"local","mode":"stride16k_spread","lanes":65536,"steps":512,"ms_med":25.077,"ns_per_step":48979.3}
{"memtype":"local","mode":"stride2m_spread","lanes":1024,"steps":512,"ms_med":1.003,"ns_per_step":1959.9}
{"memtype":"local","mode":"stride2m_spread","lanes":4096,"steps":512,"ms_med":1.057,"ns_per_step":2064.8}
{"memtype":"local","mode":"stride2m_spread","lanes":16384,"steps":512,"ms_med":7.528,"ns_per_step":14702.2}
{"memtype":"local","mode":"stride2m_spread","lanes":65536,"steps":512,"ms_med":36.272,"ns_per_step":70844.3}
{"memtype":"local","mode":"hot16k_spread","lanes":1024,"steps":512,"ms_med":0.442,"ns_per_step":864.0}
{"memtype":"local","mode":"hot16k_spread","lanes":4096,"steps":512,"ms_med":0.455,"ns_per_step":889.3}
{"memtype":"local","mode":"hot16k_spread","lanes":16384,"steps":512,"ms_med":13.395,"ns_per_step":26162.8}
{"memtype":"local","mode":"hot16k_spread","lanes":65536,"steps":512,"ms_med":43.936,"ns_per_step":85811.7}
{"memtype":"host","mode":"dense","lanes":1024,"steps":512,"ms_med":0.574,"ns_per_step":1121.7}
{"memtype":"host","mode":"dense","lanes":4096,"steps":512,"ms_med":0.578,"ns_per_step":1129.2}
{"memtype":"host","mode":"dense","lanes":16384,"steps":512,"ms_med":0.770,"ns_per_step":1503.5}
{"memtype":"host","mode":"dense","lanes":65536,"steps":512,"ms_med":2.747,"ns_per_step":5365.6}
{"memtype":"host","mode":"stride16k","lanes":1024,"steps":512,"ms_med":0.452,"ns_per_step":883.0}
{"memtype":"host","mode":"stride16k","lanes":4096,"steps":512,"ms_med":0.521,"ns_per_step":1018.0}
{"memtype":"host","mode":"stride16k","lanes":16384,"steps":512,"ms_med":0.499,"ns_per_step":974.7}
{"memtype":"host","mode":"stride16k","lanes":65536,"steps":512,"ms_med":2.562,"ns_per_step":5004.7}
{"memtype":"host","mode":"stride2m","lanes":1024,"steps":512,"ms_med":0.462,"ns_per_step":903.2}
{"memtype":"host","mode":"stride2m","lanes":4096,"steps":512,"ms_med":0.456,"ns_per_step":890.3}
{"memtype":"host","mode":"stride2m","lanes":16384,"steps":512,"ms_med":0.583,"ns_per_step":1138.4}
{"memtype":"host","mode":"stride2m","lanes":65536,"steps":512,"ms_med":2.140,"ns_per_step":4179.8}
{"memtype":"host","mode":"hot16k","lanes":1024,"steps":512,"ms_med":0.316,"ns_per_step":617.3}
{"memtype":"host","mode":"hot16k","lanes":4096,"steps":512,"ms_med":0.314,"ns_per_step":613.4}
{"memtype":"host","mode":"hot16k","lanes":16384,"steps":512,"ms_med":0.346,"ns_per_step":675.9}
{"memtype":"host","mode":"hot16k","lanes":65536,"steps":512,"ms_med":2.135,"ns_per_step":4170.5}
{"memtype":"host","mode":"dense_spread","lanes":1024,"steps":512,"ms_med":0.377,"ns_per_step":736.4}
{"memtype":"host","mode":"dense_spread","lanes":4096,"steps":512,"ms_med":0.434,"ns_per_step":847.5}
{"memtype":"host","mode":"dense_spread","lanes":16384,"steps":512,"ms_med":11.087,"ns_per_step":21654.9}
{"memtype":"host","mode":"dense_spread","lanes":65536,"steps":512,"ms_med":28.153,"ns_per_step":54986.3}
{"memtype":"host","mode":"stride16k_spread","lanes":1024,"steps":512,"ms_med":0.594,"ns_per_step":1159.4}
{"memtype":"host","mode":"stride16k_spread","lanes":4096,"steps":512,"ms_med":0.603,"ns_per_step":1178.2}
{"memtype":"host","mode":"stride16k_spread","lanes":16384,"steps":512,"ms_med":4.201,"ns_per_step":8205.9}
{"memtype":"host","mode":"stride16k_spread","lanes":65536,"steps":512,"ms_med":24.794,"ns_per_step":48425.9}
{"memtype":"host","mode":"stride2m_spread","lanes":1024,"steps":512,"ms_med":1.071,"ns_per_step":2091.1}
{"memtype":"host","mode":"stride2m_spread","lanes":4096,"steps":512,"ms_med":1.074,"ns_per_step":2098.5}
{"memtype":"host","mode":"stride2m_spread","lanes":16384,"steps":512,"ms_med":7.591,"ns_per_step":14826.7}
{"memtype":"host","mode":"stride2m_spread","lanes":65536,"steps":512,"ms_med":36.407,"ns_per_step":71106.7}
{"memtype":"host","mode":"hot16k_spread","lanes":1024,"steps":512,"ms_med":0.666,"ns_per_step":1300.9}
{"memtype":"host","mode":"hot16k_spread","lanes":4096,"steps":512,"ms_med":0.723,"ns_per_step":1412.5}
{"memtype":"host","mode":"hot16k_spread","lanes":16384,"steps":512,"ms_med":13.439,"ns_per_step":26247.4}
{"memtype":"host","mode":"hot16k_spread","lanes":65536,"steps":512,"ms_med":43.760,"ns_per_step":85469.3}
