===== h13_135.bin instructions 192512
  scratch/0x184xxxx 6 ['0xe7dc:add x24, x0, #0x184', '0xecfc:add x25, x21, #0x184', '0x11b64:add x20, x0, #0x184', '0x33be0:mov w2, #0x184', '0x39434:mov w2, #0x184', '0x3946c:mov w2, #0x184']
  asc/0x1408 20 ['0xbcb0:add x1, x19, #0x140', '0xbcf8:add x1, x19, #0x140', '0x11f50:add x29, sp, #0x140', '0x12588:add sp, sp, #0x140', '0x177ec:add x29, sp, #0x140', '0x2d090:add sp, sp, #0x140']
  0x2006 7 ['0x63a4:mov w2, #0x2006', '0x6650:mov w2, #0x2006', '0x6bb0:mov w23, #0x2006', '0x7120:mov w2, #0x2006', '0x14f90:mov w9, #0x2006', '0x1d540:mov w8, #0x2006']
  0x804 0 []
  rvbar 0x105 3 ['0x244b8:mov w6, #0x105', '0x2e560:mov w11, #0x105', '0x337a8:mov w2, #0x105']
===== selene_135.bin instructions 200704
  scratch/0x184xxxx 5 ['0xe934:add x24, x0, #0x184', '0xee54:add x25, x21, #0x184', '0x11cbc:add x20, x0, #0x184', '0x39a84:mov w2, #0x184', '0x39abc:mov w2, #0x184']
  asc/0x1408 16 ['0xbdc0:add x1, x19, #0x140', '0xbe08:add x1, x19, #0x140', '0x120a8:add x29, sp, #0x140', '0x126e0:add sp, sp, #0x140', '0x18508:add x29, sp, #0x140', '0x2eec4:add sp, sp, #0x140']
  0x2006 7 ['0x63a8:mov w2, #0x2006', '0x66a0:mov w2, #0x2006', '0x6c28:mov w23, #0x2006', '0x71f0:mov w2, #0x2006', '0x1515c:mov w9, #0x2006', '0x1f2ac:mov w8, #0x2006']
  0x804 1 ['0x331a0:add x22, x8, #0x804']
  rvbar 0x105 2 ['0x261f8:mov w6, #0x105', '0x30394:mov w11, #0x105']
===== /tmp/h131/h13_ane_fw.bin instructions 233472
  scratch/0x184xxxx 5 ['0xea18:add x0, x19, #0x184', '0xf838:mov w3, #0x184', '0x60f5c:mov w5, #0x184', '0x712f4:mov w2, #0x184', '0x8324c:mov w2, #0x184']
  asc/0x1408 44 ['0xf258:mov x13, #0x140', '0x12cfc:add sp, sp, #0x140', '0x12e3c:add sp, sp, #0x140', '0x1305c:add x29, sp, #0x140', '0x131d0:add x29, sp, #0x140', '0x13334:add x29, sp, #0x140']
  0x2006 8 ['0x7390:mov w2, #0x2006', '0x7784:mov w2, #0x2006', '0x7e78:mov w22, #0x2006', '0x8670:mov w2, #0x2006', '0x164c8:mov w9, #0x2006', '0x16584:mov w8, #0x2006']
  0x804 7 ['0x13be4:add x8, x8, #0x804', '0x14448:add x8, x8, #0x804', '0x5170c:add x8, x8, #0x804', '0x519ec:add x8, x8, #0x804', '0x51ccc:add x8, x8, #0x804', '0x51f4c:add x8, x8, #0x804']
  rvbar 0x105 8 ['0x283b0:mov w2, #0x105', '0x36080:mov w11, #0x105', '0x3cd9c:mov w2, #0x105', '0x4f1c0:mov w2, #0x105', '0x51c58:mov w2, #0x105', '0x572e4:mov w2, #0x105']
===== /tmp/h131/t602x_fw.bin instructions 237568
  scratch/0x184xxxx 3 ['0xeaa4:add x0, x19, #0x184', '0xf8b4:mov w3, #0x184', '0x7dd7c:mov w2, #0x184']
  asc/0x1408 37 ['0xf2c4:mov x13, #0x140', '0x12d74:add sp, sp, #0x140', '0x12eb4:add sp, sp, #0x140', '0x130d4:add x29, sp, #0x140', '0x13248:add x29, sp, #0x140', '0x133ac:add x29, sp, #0x140']
  0x2006 8 ['0x7364:mov w2, #0x2006', '0x77cc:mov w2, #0x2006', '0x7ec0:mov w22, #0x2006', '0x8708:mov w2, #0x2006', '0x16618:mov w9, #0x2006', '0x166d8:mov w8, #0x2006']
  0x804 1 ['0x3c714:add x22, x8, #0x804']
  rvbar 0x105 9 ['0x2a10c:mov w2, #0x105', '0x37fc0:mov w11, #0x105', '0x4fd2c:mov w2, #0x105', '0x5214c:add x8, x8, #0x105', '0x525b4:add x8, x8, #0x105', '0x586bc:mov w2, #0x105']
