0xc318 str x2, [x22, #0x208]  in __ZN30CBufferPoolDynamicManagerSynch16GiveAccessToHostEmmPP7CBuffermPv +0x1ec
0xc80c ldr x12, [x28, #0x208]  in __ZNK30CBufferPoolDynamicManagerSynch4InfoEv +0x270
0xf6cc str x10, [sp, #0x208]  in __ZN17CDMediaBusManager21EndpointCmdSendBufMsgEjP39sCDMediaBusManagerEndPointSendBufMsgCmdPvj +0x188
0xf8f8 ldr x9, [sp, #0x208]  in __ZN17CDMediaBusManager21EndpointCmdSendBufMsgEjP39sCDMediaBusManagerEndPointSendBufMsgCmdPvj +0x3b4
0xfd28 ldr x4, [x9, #0x208]  in __ZN17CDMediaBusManager21EndpointCmdSendBufMsgEjP39sCDMediaBusManagerEndPointSendBufMsgCmdPvj +0x7e4
0x11b40 str x10, [x8, #0x208]  in __ZN17CDMediaBusManager9CmdRegSAPEmmPKvb +0x358
0x139b4 str x8, [x19, #0x208]  in __ZN12CEnvironmentC2EPKcbmmPNS_22sResourceConfigurationEb +0x210
0x23fe4 ldr x5, [x19, #0x208]  in __ZN14CANEController12PowerOnEventEPv +0x7c
0x2a130 str x8, [x19, #0x208]  in __ZN10CRPCClientC2EPKcP7CObjectiP15CChannelManagermj +0x268
0x34564 ldrb w8, [x19, #0x208]  in __ZN18CAneProgramManager11AneCallBackEP15_sEngineRequest27eEngineRequestCallBackEventPv +0x674
0x34598 ldrb w8, [x19, #0x208]  in __ZN18CAneProgramManager11AneCallBackEP15_sEngineRequest27eEngineRequestCallBackEventPv +0x6a8
0x346b8 ldrb w8, [x19, #0x208]  in __ZN18CAneProgramManager11AneCallBackEP15_sEngineRequest27eEngineRequestCallBackEventPv +0x7c8
0x34784 ldrb w8, [x19, #0x208]  in __ZN18CAneProgramManager11AneCallBackEP15_sEngineRequest27eEngineRequestCallBackEventPv +0x894
0x367bc ldr w8, [x21, #0x208]  in __ZN18CAneProgramManager18SetupEngineRequestEPK21sCSneCmdProcedureCallP15_sEngineRequesthhjP18sCSneCustomBarInfo +0x168
0x367d0 str w8, [x21, #0x208]  in __ZN18CAneProgramManager18SetupEngineRequestEPK21sCSneCmdProcedureCallP15_sEngineRequesthhjP18sCSneCustomBarInfo +0x17c
0x367f0 str w8, [x21, #0x208]  in __ZN18CAneProgramManager18SetupEngineRequestEPK21sCSneCmdProcedureCallP15_sEngineRequesthhjP18sCSneCustomBarInfo +0x19c
0x3a550 ldrb w8, [x19, #0x208]  in __ZN17CAneEngineExeLoop11setPerfModeEh +0x20
0x3a580 strb w8, [x19, #0x208]  in __ZN17CAneEngineExeLoop11setPerfModeEh +0x50
0x41f8c ldr w9, [x21, #0x208]  in __ZN21CAneProgramManagerH1119RunProcCacheRequestEPvyP15_sEngineRequestP23_sAneDataChainingIOInfom +0x4cc
0x41f9c str w8, [x21, #0x208]  in __ZN21CAneProgramManagerH1119RunProcCacheRequestEPvyP15_sEngineRequestP23_sAneDataChainingIOInfom +0x4dc
0x47170 ldr w8, [x25, #0x208]  in __ZN14CAneProgramH1324BuildAProgramFromScratchEP19sCSneCmdProgramLoadP21sCSneCmdProcedureCallPvjjPN11CAneProgram16_sBufListScratchES7_S7_S7_S7_ +0x400
0x47178 str w8, [x25, #0x208]  in __ZN14CAneProgramH1324BuildAProgramFromScratchEP19sCSneCmdProgramLoadP21sCSneCmdProcedureCallPvjjPN11CAneProgram16_sBufListScratchES7_S7_S7_S7_ +0x408
0x515d4 ldrb w8, [x20, #0x208]  in __ZN20CAneEngineExeLoopH138pushToHWEjjPNS_11sAneRequestE +0x1d4
0x54c0c ldrb w9, [x20, #0x208]  in __ZN20CAneEngineExeLoopH1323setDirectAneRequestInfoEPvmjjS0_ +0x20c
