symbols 1761
0x65cd0 __ZN26CPowerControlServiceAneH1313propertyWriteEjj
  0x65cd0: sub sp, sp, #0x40
  0x65cd4: stp x22, x21, [sp, #0x10]
  0x65cd8: stp x20, x19, [sp, #0x20]
  0x65cdc: stp x29, x30, [sp, #0x30]
  0x65ce0: add x29, sp, #0x30
  0x65ce4: mov x20, x2
  0x65ce8: mov x21, x1
  0x65cec: mov x19, x0
  0x65cf0: ldr x22, [x0, #0x40]
  0x65cf4: mov x0, x22
  0x65cf8: bl #0x6ea5c
  0x65cfc: mov w8, #0x20002
  0x65d00: cmp w0, w8
  0x65d04: b.ne #0x65d1c
  0x65d08: add x8, x22, #0x10
  0x65d0c: ldxr x9, [x8]
  0x65d10: add x9, x9, #1
  0x65d14: stxr w10, x9, [x8]
  0x65d18: cbnz w10, #0x65d0c
  0x65d1c: mov w8, #0x1701
  0x65d20: cmp w21, w8
  0x65d24: b.ne #0x65d48
  0x65d28: cmp w20, #1
  0x65d2c: cset w8, eq
  0x65d30: strb w8, [x19, #0x92]
  0x65d34: mov x9, #4
  0x65d38: movk x9, #0x6b8f, lsl #16
  0x65d3c: movk x9, #2, lsl #32
  0x65d40: str w8, [x9]
  0x65d44: b #0x65d74
  0x65d48: ldr w8, [x19, #8]
  0x65d4c: cmp w8, #0xa
  0x65d50: b.lt #0x65d74
  0x65d54: adr x0, #0xaa9ce
  0x65d58: nop 
  0x65d5c: adr x1, #0xb84c1
  0x65d60: nop 
  0x65d64: adr x3, #0xaacc5
  0x65d68: nop 
  0x65d6c: mov w2, #0x138
  0x65d70: bl #0x19954
  0x65d74: ldr x19, [x19, #0x40]
  0x65d78: add x2, sp, #8
  0x65d7c: mov x0, #0
  0x65d80: mov w1, #0
  0x65d84: bl #0x6f0fc
  0x65d88: mov x0, x19
  0x65d8c: bl #0x6f418
  0x65d90: ldr x8, [sp, #8]
  0x65d94: cmp x0, x8
  0x65d98: b.eq #0x65db0
  0x65d9c: ldp x29, x30, [sp, #0x30]
  0x65da0: ldp x20, x19, [sp, #0x20]
  0x65da4: ldp x22, x21, [sp, #0x10]
  0x65da8: add sp, sp, #0x40
  0x65dac: ret 
  0x65db0: mov x8, x19
  0x65db4: ldr x9, [x8, #0x10]!
