[rtmod] SUBMIT tid=8130 cv=1 waits=0 sigs=2 cmds=1
[rtmod] SUBMIT tid=8130 cv=2 waits=1 sigs=2 cmds=1
[rtmod] SUBMIT tid=8130 cv=3 waits=1 sigs=2 cmds=1
[rtmod] SUBMIT tid=8130 cv=4 waits=1 sigs=2 cmds=1
[rtmod] SUBMIT tid=8130 cv=5 waits=1 sigs=2 cmds=1
[rtmod] SUBMIT tid=8130 cv=6 waits=1 sigs=2 cmds=1
[rtmod] SUBMIT tid=8130 cv=7 waits=1 sigs=2 cmds=1
[rtmod] SUBMIT tid=8130 cv=8 waits=1 sigs=2 cmds=1
[rtmod] SUBMIT tid=8130 cv=9 waits=1 sigs=2 cmds=1
[rtmod] SUBMIT tid=8130 cv=10 waits=1 sigs=2 cmds=1
[rtmod] SUBMIT tid=8130 cv=11 waits=1 sigs=2 cmds=1
[rtmod] SUBMIT tid=8130 cv=12 waits=1 sigs=2 cmds=1
[rtmod] SUBMIT tid=8130 cv=13 waits=1 sigs=2 cmds=1
[rtmod] SUBMIT tid=8130 cv=14 waits=1 sigs=2 cmds=1
[rtmod] SUBMIT tid=8130 cv=15 waits=1 sigs=2 cmds=1
[rtmod] SUBMIT tid=8130 cv=16 waits=1 sigs=2 cmds=1
[rtmod] SUBMIT tid=8130 cv=17 waits=1 sigs=2 cmds=1
[rtmod] SUBMIT tid=8130 cv=18 waits=1 sigs=2 cmds=1
[rtmod] SUBMIT tid=8130 cv=19 waits=1 sigs=2 cmds=1
[rtmod] SUBMIT tid=8130 cv=20 waits=1 sigs=2 cmds=1
[rtmod] SUBMIT tid=8130 cv=21 waits=1 sigs=2 cmds=1
[rtmod] SUBMIT tid=8130 cv=22 waits=1 sigs=2 cmds=1
[rtmod] SUBMIT tid=8130 cv=23 waits=1 sigs=2 cmds=1
[rtmod] SUBMIT tid=8130 cv=24 waits=1 sigs=2 cmds=1
[rtmod] SUBMIT tid=8130 cv=25 waits=1 sigs=2 cmds=1
[rtmod] SUBMIT tid=8130 cv=26 waits=1 sigs=2 cmds=1
[rtmod] SUBMIT tid=8130 cv=27 waits=1 sigs=2 cmds=1
[rtmod] SUBMIT tid=8130 cv=28 waits=1 sigs=2 cmds=1
[rtmod] SUBMIT tid=8130 cv=29 waits=1 sigs=2 cmds=1
[rtmod] SUBMIT tid=8130 cv=30 waits=1 sigs=2 cmds=1
[rtmod] SUBMIT tid=8130 cv=31 waits=1 sigs=2 cmds=1
[rtmod] SUBMIT tid=8130 cv=32 waits=1 sigs=2 cmds=1
[rtmod] SUBMIT tid=8130 cv=33 waits=1 sigs=2 cmds=1
[rtmod] SUBMIT tid=8130 cv=34 waits=1 sigs=2 cmds=1
[rtmod] SUBMIT tid=8130 cv=35 waits=1 sigs=2 cmds=1
[rtmod] SUBMIT tid=8130 cv=36 waits=1 sigs=2 cmds=1
[rtmod] SUBMIT tid=8130 cv=37 waits=1 sigs=2 cmds=1
[rtmod] SUBMIT tid=8130 cv=38 waits=1 sigs=2 cmds=1
[rtmod] SUBMIT tid=8130 cv=39 waits=1 sigs=2 cmds=1
[rtmod] SUBMIT tid=8130 cv=40 waits=1 sigs=2 cmds=1
[rtmod] SUBMIT tid=8130 cv=41 waits=1 sigs=2 cmds=1
[rtmod] SUBMIT tid=8130 cv=42 waits=1 sigs=2 cmds=1
[rtmod] SUBMIT tid=8130 cv=43 waits=1 sigs=2 cmds=1
[rtmod] SUBMIT tid=8130 cv=44 waits=1 sigs=2 cmds=1
[rtmod] SUBMIT tid=8130 cv=45 waits=1 sigs=2 cmds=1
[rtmod] SUBMIT tid=8130 cv=46 waits=1 sigs=2 cmds=1
[rtmod] SUBMIT tid=8130 cv=47 waits=1 sigs=2 cmds=1
[rtmod] SUBMIT tid=8130 cv=48 waits=1 sigs=2 cmds=1
[rtmod] SUBMIT tid=8130 cv=49 waits=1 sigs=2 cmds=1
[rtmod] SUBMIT tid=8130 cv=50 waits=1 sigs=2 cmds=1
[rtmod] SUBMIT tid=8130 cv=51 waits=1 sigs=2 cmds=1
[rtmod] SUBMIT tid=8130 cv=52 waits=1 sigs=2 cmds=1
[rtmod] SUBMIT tid=8130 cv=53 waits=1 sigs=2 cmds=1
[rtmod] SUBMIT tid=8130 cv=54 waits=1 sigs=2 cmds=1
[rtmod] SUBMIT tid=8130 cv=55 waits=1 sigs=2 cmds=1
[rtmod] SUBMIT tid=8130 cv=56 waits=1 sigs=2 cmds=1
[rtmod] SUBMIT tid=8130 cv=57 waits=1 sigs=2 cmds=1
[rtmod] SUBMIT tid=8130 cv=58 waits=1 sigs=2 cmds=1
[rtmod] SUBMIT tid=8130 cv=59 waits=1 sigs=2 cmds=1
[rtmod] SUBMIT tid=8130 cv=60 waits=1 sigs=2 cmds=1
[rtmod] SUBMIT tid=8130 cv=61 waits=1 sigs=2 cmds=1
[rtmod] SUBMIT tid=8130 cv=62 waits=1 sigs=2 cmds=1
[rtmod] SUBMIT tid=8130 cv=63 waits=1 sigs=2 cmds=1
[rtmod] SUBMIT tid=8130 cv=64 waits=1 sigs=2 cmds=1
[rtmod] SUBMIT tid=8130 cv=65 waits=1 sigs=2 cmds=1
[rtmod] SUBMIT tid=8130 cv=66 waits=1 sigs=2 cmds=1
[rtmod] SUBMIT tid=8130 cv=67 waits=1 sigs=2 cmds=1
[rtmod] SUBMIT tid=8130 cv=68 waits=1 sigs=2 cmds=1
[rtmod] SUBMIT tid=8130 cv=69 waits=1 sigs=2 cmds=1
[rtmod] SUBMIT tid=8130 cv=70 waits=1 sigs=2 cmds=1
[rtmod] SUBMIT tid=8130 cv=71 waits=1 sigs=2 cmds=1
[rtmod] SUBMIT tid=8130 cv=72 waits=1 sigs=2 cmds=1
[rtmod] SUBMIT tid=8130 cv=73 waits=1 sigs=2 cmds=1
[rtmod] SUBMIT tid=8130 cv=74 waits=1 sigs=2 cmds=1
[rtmod] SUBMIT tid=8130 cv=75 waits=1 sigs=2 cmds=1
[rtmod] SUBMIT tid=8130 cv=76 waits=1 sigs=2 cmds=1
[rtmod] SUBMIT tid=8130 cv=77 waits=1 sigs=2 cmds=1
[rtmod] SUBMIT tid=8130 cv=78 waits=1 sigs=2 cmds=1
[rtmod] SUBMIT tid=8130 cv=79 waits=1 sigs=2 cmds=1
[rtmod] SUBMIT tid=8130 cv=80 waits=1 sigs=2 cmds=1
[rtmod] SUBMIT tid=8130 cv=81 waits=1 sigs=2 cmds=1
[rtmod] SUBMIT tid=8130 cv=82 waits=1 sigs=2 cmds=1
[rtmod] SUBMIT tid=8130 cv=83 waits=1 sigs=2 cmds=1
[rtmod] SUBMIT tid=8130 cv=84 waits=1 sigs=2 cmds=1
[rtmod] SUBMIT tid=8130 cv=85 waits=1 sigs=2 cmds=1
[rtmod] SUBMIT tid=8130 cv=86 waits=1 sigs=2 cmds=1
[rtmod] SUBMIT tid=8130 cv=87 waits=1 sigs=2 cmds=1
[rtmod] SUBMIT tid=8130 cv=88 waits=1 sigs=2 cmds=1
[rtmod] SUBMIT tid=8130 cv=89 waits=1 sigs=2 cmds=1
[rtmod] SUBMIT tid=8130 cv=90 waits=1 sigs=2 cmds=1
[rtmod] SUBMIT tid=8130 cv=91 waits=1 sigs=2 cmds=1
[rtmod] SUBMIT tid=8130 cv=92 waits=1 sigs=2 cmds=1
[rtmod] SUBMIT tid=8130 cv=93 waits=1 sigs=2 cmds=1
[rtmod] SUBMIT tid=8130 cv=94 waits=1 sigs=2 cmds=1
[rtmod] SUBMIT tid=8130 cv=95 waits=1 sigs=2 cmds=1
[rtmod] SUBMIT tid=8130 cv=96 waits=1 sigs=2 cmds=1
[rtmod] SUBMIT tid=8130 cv=97 waits=1 sigs=2 cmds=1
[rtmod] SUBMIT tid=8130 cv=98 waits=1 sigs=2 cmds=1
[rtmod] SUBMIT tid=8130 cv=99 waits=1 sigs=2 cmds=1
[rtmod] SUBMIT tid=8130 cv=100 waits=1 sigs=2 cmds=1
[rtmod] SUBMIT tid=8130 cv=101 waits=1 sigs=2 cmds=1
[rtmod] SUBMIT tid=8130 cv=102 waits=1 sigs=2 cmds=1
[rtmod] SUBMIT tid=8130 cv=103 waits=1 sigs=2 cmds=1
[rtmod] SUBMIT tid=8130 cv=104 waits=1 sigs=2 cmds=1
[rtmod] SUBMIT tid=8130 cv=105 waits=1 sigs=2 cmds=1
[rtmod] SUBMIT tid=8130 cv=106 waits=1 sigs=2 cmds=1
[rtmod] SUBMIT tid=8130 cv=107 waits=1 sigs=2 cmds=1
[rtmod] SUBMIT tid=8130 cv=108 waits=1 sigs=2 cmds=1
[rtmod] SUBMIT tid=8130 cv=109 waits=1 sigs=2 cmds=1
[rtmod] SUBMIT tid=8130 cv=110 waits=1 sigs=2 cmds=1
[rtmod] SUBMIT tid=8130 cv=111 waits=1 sigs=2 cmds=1
[rtmod] SUBMIT tid=8130 cv=112 waits=1 sigs=2 cmds=1
[rtmod] SUBMIT tid=8130 cv=113 waits=1 sigs=2 cmds=1
[rtmod] SUBMIT tid=8130 cv=114 waits=1 sigs=2 cmds=1
[rtmod] SUBMIT tid=8130 cv=115 waits=1 sigs=2 cmds=1
[rtmod] SUBMIT tid=8130 cv=116 waits=1 sigs=2 cmds=1
[rtmod] SUBMIT tid=8130 cv=117 waits=1 sigs=2 cmds=1
[rtmod] SUBMIT tid=8130 cv=118 waits=1 sigs=2 cmds=1
[rtmod] SUBMIT tid=8130 cv=119 waits=1 sigs=2 cmds=1
[rtmod] SUBMIT tid=8130 cv=120 waits=1 sigs=2 cmds=1
[rtmod] SUBMIT tid=8130 cv=121 waits=1 sigs=2 cmds=1
[rtmod] SUBMIT tid=8130 cv=122 waits=1 sigs=2 cmds=1
[rtmod] SUBMIT tid=8130 cv=123 waits=1 sigs=2 cmds=1
[rtmod] SUBMIT tid=8130 cv=124 waits=1 sigs=2 cmds=1
[rtmod] SUBMIT tid=8130 cv=125 waits=1 sigs=2 cmds=1
[rtmod] SUBMIT tid=8130 cv=126 waits=1 sigs=2 cmds=1
[rtmod] SUBMIT tid=8130 cv=127 waits=1 sigs=2 cmds=1
[rtmod] SUBMIT tid=8130 cv=128 waits=1 sigs=2 cmds=1
[rtmod] SUBMIT tid=8130 cv=129 waits=1 sigs=2 cmds=1
[rtmod] SUBMIT tid=8130 cv=130 waits=1 sigs=2 cmds=1
[rtmod] SUBMIT tid=8130 cv=131 waits=1 sigs=2 cmds=1
[rtmod] SUBMIT tid=8130 cv=132 waits=1 sigs=2 cmds=1
[rtmod] SUBMIT tid=8130 cv=133 waits=1 sigs=2 cmds=1
[rtmod] SUBMIT tid=8130 cv=134 waits=1 sigs=2 cmds=1
[rtmod] SUBMIT tid=8130 cv=135 waits=1 sigs=2 cmds=1
[rtmod] SUBMIT tid=8130 cv=136 waits=1 sigs=2 cmds=1
[rtmod] SUBMIT tid=8130 cv=137 waits=1 sigs=2 cmds=1
[rtmod] SUBMIT tid=8130 cv=138 waits=1 sigs=2 cmds=1
[rtmod] SUBMIT tid=8130 cv=139 waits=1 sigs=2 cmds=1
[rtmod] SUBMIT tid=8130 cv=140 waits=1 sigs=2 cmds=1
[rtmod] SUBMIT tid=8130 cv=141 waits=1 sigs=2 cmds=1
[rtmod] SUBMIT tid=8130 cv=142 waits=1 sigs=2 cmds=1
[rtmod] SUBMIT tid=8130 cv=143 waits=1 sigs=2 cmds=1
[rtmod] SUBMIT tid=8130 cv=144 waits=1 sigs=2 cmds=1
[rtmod] SUBMIT tid=8130 cv=145 waits=1 sigs=2 cmds=1
[rtmod] SUBMIT tid=8130 cv=146 waits=1 sigs=2 cmds=1
[rtmod] SUBMIT tid=8130 cv=147 waits=1 sigs=2 cmds=1
[rtmod] SUBMIT tid=8130 cv=148 waits=1 sigs=2 cmds=1
[rtmod] SUBMIT tid=8130 cv=149 waits=1 sigs=2 cmds=1
[rtmod] SUBMIT tid=8130 cv=150 waits=1 sigs=2 cmds=1
[rtmod] SUBMIT tid=8130 cv=151 waits=1 sigs=2 cmds=1
[rtmod] SUBMIT tid=8130 cv=152 waits=1 sigs=2 cmds=1
[rtmod] SUBMIT tid=8130 cv=153 waits=1 sigs=2 cmds=1
[rtmod] SUBMIT tid=8130 cv=154 waits=1 sigs=2 cmds=1
[rtmod] SUBMIT tid=8130 cv=155 waits=1 sigs=2 cmds=1
[rtmod] SUBMIT tid=8130 cv=156 waits=1 sigs=2 cmds=1
[rtmod] SUBMIT tid=8130 cv=157 waits=1 sigs=2 cmds=1
[rtmod] SUBMIT tid=8130 cv=158 waits=1 sigs=2 cmds=1
[rtmod] SUBMIT tid=8130 cv=159 waits=1 sigs=2 cmds=1
[rtmod] SUBMIT tid=8130 cv=160 waits=1 sigs=2 cmds=1
[rtmod] SUBMIT tid=8130 cv=161 waits=1 sigs=2 cmds=1
[rtmod] SUBMIT tid=8130 cv=162 waits=1 sigs=2 cmds=1
[rtmod] SUBMIT tid=8130 cv=163 waits=1 sigs=2 cmds=1
[rtmod] SUBMIT tid=8130 cv=164 waits=1 sigs=2 cmds=1
[rtmod] SUBMIT tid=8130 cv=165 waits=1 sigs=2 cmds=1
[rtmod] SUBMIT tid=8130 cv=166 waits=1 sigs=2 cmds=1
[rtmod] SUBMIT tid=8130 cv=167 waits=1 sigs=2 cmds=1
[rtmod] SUBMIT tid=8130 cv=168 waits=1 sigs=2 cmds=1
[rtmod] SUBMIT tid=8130 cv=169 waits=1 sigs=2 cmds=1
[rtmod] SUBMIT tid=8130 cv=170 waits=1 sigs=2 cmds=1
[rtmod] SUBMIT tid=8130 cv=171 waits=1 sigs=2 cmds=1
[rtmod] SUBMIT tid=8130 cv=172 waits=1 sigs=2 cmds=1
[rtmod] SUBMIT tid=8130 cv=173 waits=1 sigs=2 cmds=1
[rtmod] SUBMIT tid=8130 cv=174 waits=1 sigs=2 cmds=1
[rtmod] SUBMIT tid=8130 cv=175 waits=1 sigs=2 cmds=1
[rtmod] SUBMIT tid=8130 cv=176 waits=1 sigs=2 cmds=1
[rtmod] SUBMIT tid=8130 cv=177 waits=1 sigs=2 cmds=1
[rtmod] SUBMIT tid=8130 cv=178 waits=1 sigs=2 cmds=1
[rtmod] SUBMIT tid=8130 cv=179 waits=1 sigs=2 cmds=1
[rtmod] SUBMIT tid=8130 cv=180 waits=1 sigs=2 cmds=1
[rtmod] SUBMIT tid=8130 cv=181 waits=1 sigs=2 cmds=1
[rtmod] SUBMIT tid=8130 cv=182 waits=1 sigs=2 cmds=1
[rtmod] SUBMIT tid=8130 cv=183 waits=1 sigs=2 cmds=1
[rtmod] SUBMIT tid=8130 cv=184 waits=1 sigs=2 cmds=1
[rtmod] SUBMIT tid=8130 cv=185 waits=1 sigs=2 cmds=1
[rtmod] SUBMIT tid=8130 cv=186 waits=1 sigs=2 cmds=1
[rtmod] SUBMIT tid=8130 cv=187 waits=1 sigs=2 cmds=1
[rtmod] SUBMIT tid=8130 cv=188 waits=1 sigs=2 cmds=1
[rtmod] SUBMIT tid=8130 cv=189 waits=1 sigs=2 cmds=1
[rtmod] SUBMIT tid=8130 cv=190 waits=1 sigs=2 cmds=1
[rtmod] SUBMIT tid=8130 cv=191 waits=1 sigs=2 cmds=1
[rtmod] SUBMIT tid=8130 cv=192 waits=1 sigs=2 cmds=1
[rtmod] SUBMIT tid=8130 cv=193 waits=1 sigs=2 cmds=1
[rtmod] SUBMIT tid=8130 cv=194 waits=1 sigs=2 cmds=1
[rtmod] SUBMIT tid=8130 cv=195 waits=1 sigs=2 cmds=1
[rtmod] SUBMIT tid=8130 cv=196 waits=1 sigs=2 cmds=1
[rtmod] SUBMIT tid=8130 cv=197 waits=1 sigs=2 cmds=1
[rtmod] SUBMIT tid=8130 cv=198 waits=1 sigs=2 cmds=1
[rtmod] SUBMIT tid=8130 cv=199 waits=1 sigs=2 cmds=1
[rtmod] SUBMIT tid=8130 cv=200 waits=1 sigs=2 cmds=1
[rtmod] SUBMIT tid=8130 cv=201 waits=1 sigs=2 cmds=1
[rtmod] SUBMIT tid=8130 cv=202 waits=1 sigs=2 cmds=1
[rtmod] SUBMIT tid=8130 cv=203 waits=1 sigs=2 cmds=1
[rtmod] SUBMIT tid=8130 cv=204 waits=1 sigs=2 cmds=1
[rtmod] SUBMIT tid=8130 cv=205 waits=1 sigs=2 cmds=1
[rtmod] SUBMIT tid=8130 cv=206 waits=1 sigs=2 cmds=1
[rtmod] SUBMIT tid=8130 cv=207 waits=1 sigs=2 cmds=1
[rtmod] SUBMIT tid=8130 cv=208 waits=1 sigs=2 cmds=1
[rtmod] SUBMIT tid=8130 cv=209 waits=1 sigs=2 cmds=1
[rtmod] SUBMIT tid=8130 cv=210 waits=1 sigs=2 cmds=1
[rtmod] SUBMIT tid=8130 cv=211 waits=1 sigs=2 cmds=1
[rtmod] SUBMIT tid=8130 cv=212 waits=1 sigs=2 cmds=1
[rtmod] SUBMIT tid=8130 cv=213 waits=1 sigs=2 cmds=1
[rtmod] SUBMIT tid=8130 cv=214 waits=1 sigs=2 cmds=1
[rtmod] SUBMIT tid=8130 cv=215 waits=1 sigs=2 cmds=1
[rtmod] SUBMIT tid=8130 cv=216 waits=1 sigs=2 cmds=1
[rtmod] SUBMIT tid=8130 cv=217 waits=1 sigs=2 cmds=1
[rtmod] SUBMIT tid=8130 cv=218 waits=1 sigs=2 cmds=1
[rtmod] SUBMIT tid=8130 cv=219 waits=1 sigs=2 cmds=1
[rtmod] SUBMIT tid=8130 cv=220 waits=1 sigs=2 cmds=1
[rtmod] SUBMIT tid=8130 cv=221 waits=1 sigs=2 cmds=1
[rtmod] SUBMIT tid=8130 cv=222 waits=1 sigs=2 cmds=1
[rtmod] SUBMIT tid=8130 cv=223 waits=1 sigs=2 cmds=1
[rtmod] SUBMIT tid=8130 cv=224 waits=1 sigs=2 cmds=1
[rtmod] SUBMIT tid=8130 cv=225 waits=1 sigs=2 cmds=1
[rtmod] SUBMIT tid=8130 cv=226 waits=1 sigs=2 cmds=1
[rtmod] SUBMIT tid=8130 cv=227 waits=1 sigs=2 cmds=1
[rtmod] SUBMIT tid=8130 cv=228 waits=1 sigs=2 cmds=1
[rtmod] SUBMIT tid=8130 cv=229 waits=1 sigs=2 cmds=1
[rtmod] SUBMIT tid=8130 cv=230 waits=1 sigs=2 cmds=1
[rtmod] SUBMIT tid=8130 cv=231 waits=1 sigs=2 cmds=1
[rtmod] SUBMIT tid=8130 cv=232 waits=1 sigs=2 cmds=1
[rtmod] SUBMIT tid=8130 cv=233 waits=1 sigs=2 cmds=1
[rtmod] SUBMIT tid=8130 cv=234 waits=1 sigs=2 cmds=1
[rtmod] SUBMIT tid=8130 cv=235 waits=1 sigs=2 cmds=1
[rtmod] SUBMIT tid=8130 cv=236 waits=1 sigs=2 cmds=1
[rtmod] SUBMIT tid=8130 cv=237 waits=1 sigs=2 cmds=1
[rtmod] SUBMIT tid=8130 cv=238 waits=1 sigs=2 cmds=1
[rtmod] SUBMIT tid=8130 cv=239 waits=1 sigs=2 cmds=1
[rtmod] SUBMIT tid=8130 cv=240 waits=1 sigs=2 cmds=1
[rtmod] SUBMIT tid=8130 cv=241 waits=1 sigs=2 cmds=1
[rtmod] SUBMIT tid=8130 cv=242 waits=1 sigs=2 cmds=1
[rtmod] SUBMIT tid=8130 cv=243 waits=1 sigs=2 cmds=1
[rtmod] SUBMIT tid=8130 cv=244 waits=1 sigs=2 cmds=1
[rtmod] SUBMIT tid=8130 cv=245 waits=1 sigs=2 cmds=1
[rtmod] SUBMIT tid=8130 cv=246 waits=1 sigs=2 cmds=1
[rtmod] SUBMIT tid=8130 cv=247 waits=1 sigs=2 cmds=1
[rtmod] SUBMIT tid=8130 cv=248 waits=1 sigs=2 cmds=1
[rtmod] SUBMIT tid=8130 cv=249 waits=1 sigs=2 cmds=1
[rtmod] SUBMIT tid=8130 cv=250 waits=1 sigs=2 cmds=1
[rtmod] SUBMIT tid=8130 cv=251 waits=1 sigs=2 cmds=1
[rtmod] SUBMIT tid=8130 cv=252 waits=1 sigs=2 cmds=1
[rtmod] SUBMIT tid=8130 cv=253 waits=1 sigs=2 cmds=1
[rtmod] SUBMIT tid=8130 cv=254 waits=1 sigs=2 cmds=1
[rtmod] SUBMIT tid=8130 cv=255 waits=1 sigs=2 cmds=1
[rtmod] SUBMIT tid=8130 cv=256 waits=1 sigs=2 cmds=1
[rtmod] SUBMIT tid=8130 cv=257 waits=1 sigs=2 cmds=1
[rtmod] SUBMIT tid=8130 cv=258 waits=1 sigs=2 cmds=1
[rtmod] SUBMIT tid=8130 cv=259 waits=1 sigs=2 cmds=1
[rtmod] SUBMIT tid=8130 cv=260 waits=1 sigs=2 cmds=1
[rtmod] SUBMIT tid=8130 cv=261 waits=1 sigs=2 cmds=1
[rtmod] SUBMIT tid=8130 cv=262 waits=1 sigs=2 cmds=1
[rtmod] SUBMIT tid=8130 cv=263 waits=1 sigs=2 cmds=1
[rtmod] SUBMIT tid=8130 cv=264 waits=1 sigs=2 cmds=1
[rtmod] SUBMIT tid=8130 cv=265 waits=1 sigs=2 cmds=1
[rtmod] SUBMIT tid=8130 cv=266 waits=1 sigs=2 cmds=1
[rtmod] SUBMIT tid=8130 cv=267 waits=1 sigs=2 cmds=1
[rtmod] SUBMIT tid=8130 cv=268 waits=1 sigs=2 cmds=1
[rtmod] SUBMIT tid=8130 cv=269 waits=1 sigs=2 cmds=1
[rtmod] SUBMIT tid=8130 cv=270 waits=1 sigs=2 cmds=1
[rtmod] SUBMIT tid=8130 cv=271 waits=1 sigs=2 cmds=1
[rtmod] SUBMIT tid=8130 cv=272 waits=1 sigs=2 cmds=1
[rtmod] SUBMIT tid=8130 cv=273 waits=1 sigs=2 cmds=1
[rtmod] SUBMIT tid=8130 cv=274 waits=1 sigs=2 cmds=1
[rtmod] SUBMIT tid=8130 cv=275 waits=1 sigs=2 cmds=1
[rtmod] SUBMIT tid=8130 cv=276 waits=1 sigs=2 cmds=1
[rtmod] SUBMIT tid=8130 cv=277 waits=1 sigs=2 cmds=1
[rtmod] SUBMIT tid=8130 cv=278 waits=1 sigs=2 cmds=1
[rtmod] SUBMIT tid=8130 cv=279 waits=1 sigs=2 cmds=1
[rtmod] SUBMIT tid=8130 cv=280 waits=1 sigs=2 cmds=1
{
  "status": "match",
  "tokens_match": true,
  "transcript_match": true,
  "matching_prefix_length": 104,
  "actual_emissions": 104,
  "native_emissions": 104,
  "encoder_bounds_pass": true,
  "mel_bit_exact": true,
  "ane_submissions": 1,
  "cpu_tensor_events": 0,
  "total_pipeline_ms": 11611.051,
  "transcript": "He hoped there would be stew for dinner, turnips and carrots and bruised potatoes and fat mutton pieces to be ladled out in thick, peppered, flour-fattened sauce........................................... Юн Ю"
}
[rtmod] COMMIT-NOOP
