ACQUIRE_LOCK_ATTEMPT 2026-09-21T11:26:34,069767276+00:00 host=jwm1-linux inode=27
LOCK_HELD 2026-09-21T11:26:34,072419352+00:00 pid=87873 ppid=87407
=== PERF_BATTERY_START 2026-09-21T11:26:34,137569814+00:00 ===
warm done 2026-09-21T06:26:41-05:00
meas-1 done 2026-09-21T06:26:48-05:00
meas-2 done 2026-09-21T06:26:55-05:00
meas-3 done 2026-09-21T06:27:02-05:00
meas-4 done 2026-09-21T06:27:09-05:00
meas-5 done 2026-09-21T06:27:16-05:00
meas-6 done 2026-09-21T06:27:23-05:00
meas-7 done 2026-09-21T06:27:30-05:00
meas-8 done 2026-09-21T06:27:37-05:00
meas-9 done 2026-09-21T06:27:44-05:00
meas-10 done 2026-09-21T06:27:50-05:00
{
 "schema": "jwm1-perf-battery/1",
 "placement_partition": "AC placed: islands A (island-attn-a-kt) + C (island-pv) on T8103 ANE per layer, B (island-select-8head) + remaining encoder ops on GPU via e167 fork; placement per run recorded from ane.bundles",
 "runs": [
  {
   "run": "meas-1",
   "encoder_ane_ms": 5250.123,
   "total_ms": 6607.23,
   "mel/hidden/trx_bitexact": true,
   "submissions": 1,
   "worker_starts": 1,
   "placed_bundles": [
    "island-attn-a-kt",
    "island-pv"
   ],
   "status": "match",
   "prefix_104": "104"
  },
  {
   "run": "meas-10",
   "encoder_ane_ms": 5100.838,
   "total_ms": 6439.719,
   "mel/hidden/trx_bitexact": true,
   "submissions": 1,
   "worker_starts": 1,
   "placed_bundles": [
    "island-attn-a-kt",
    "island-pv"
   ],
   "status": "match",
   "prefix_104": "104"
  },
  {
   "run": "meas-2",
   "encoder_ane_ms": 5103.291,
   "total_ms": 6486.109,
   "mel/hidden/trx_bitexact": true,
   "submissions": 1,
   "worker_starts": 1,
   "placed_bundles": [
    "island-attn-a-kt",
    "island-pv"
   ],
   "status": "match",
   "prefix_104": "104"
  },
  {
   "run": "meas-3",
   "encoder_ane_ms": 5257.564,
   "total_ms": 6561.64,
   "mel/hidden/trx_bitexact": true,
   "submissions": 1,
   "worker_starts": 1,
   "placed_bundles": [
    "island-attn-a-kt",
    "island-pv"
   ],
   "status": "match",
   "prefix_104": "104"
  },
  {
   "run": "meas-4",
   "encoder_ane_ms": 5236.788,
   "total_ms": 6581.884,
   "mel/hidden/trx_bitexact": true,
   "submissions": 1,
   "worker_starts": 1,
   "placed_bundles": [
    "island-attn-a-kt",
    "island-pv"
   ],
   "status": "match",
   "prefix_104": "104"
  },
  {
   "run": "meas-5",
   "encoder_ane_ms": 5238.92,
   "total_ms": 6597.82,
   "mel/hidden/trx_bitexact": true,
   "submissions": 1,
   "worker_starts": 1,
   "placed_bundles": [
    "island-attn-a-kt",
    "island-pv"
   ],
   "status": "match",
   "prefix_104": "104"
  },
  {
   "run": "meas-6",
   "encoder_ane_ms": 5264.494,
   "total_ms": 6629.738,
   "mel/hidden/trx_bitexact": true,
   "submissions": 1,
   "worker_starts": 1,
   "placed_bundles": [
    "island-attn-a-kt",
    "island-pv"
   ],
   "status": "match",
   "prefix_104": "104"
  },
  {
   "run": "meas-7",
   "encoder_ane_ms": 5317.798,
   "total_ms": 6679.045,
   "mel/hidden/trx_bitexact": true,
   "submissions": 1,
   "worker_starts": 1,
   "placed_bundles": [
    "island-attn-a-kt",
    "island-pv"
   ],
   "status": "match",
   "prefix_104": "104"
  },
  {
   "run": "meas-8",
   "encoder_ane_ms": 5247.77,
   "total_ms": 6618.192,
   "mel/hidden/trx_bitexact": true,
   "submissions": 1,
   "worker_starts": 1,
   "placed_bundles": [
    "island-attn-a-kt",
    "island-pv"
   ],
   "status": "match",
   "prefix_104": "104"
  },
  {
   "run": "meas-9",
   "encoder_ane_ms": 5220.149,
   "total_ms": 6554.535,
   "mel/hidden/trx_bitexact": true,
   "submissions": 1,
   "worker_starts": 1,
   "placed_bundles": [
    "island-attn-a-kt",
    "island-pv"
   ],
   "status": "match",
   "prefix_104": "104"
  }
 ],
 "encoder_ane_median_all10_ms": 5243.345,
 "encoder_ane_median_runs2_10_ms": 5238.92,
 "total_median_all10_ms": 6589.852,
 "macos27_same_encoder_divisor_ms": 259.9,
 "divisor_context_caveat": "macOS CoreML context; same-encoder stage claim only, not end-to-end",
 "all_goldens_bitexact": true,
 "all_status_match": true,
 "all_prefix_104": true
}
=== BATTERY DONE /var/tmp/jwm1-ane-step2/fused-e2e/perf-battery-20260921T062634 ===
=== PERF_BATTERY_END 2026-09-21T11:27:50,878191045+00:00 rc=0 ===
LOCK_RELEASE 2026-09-21T11:27:50,878950031+00:00
