patching file mlx_lm/models/gated_delta.py
applied: mlx-lm-gated-delta-fast-route.patch
patching file mlx_lm/models/gated_delta.py
applied: mlx-lm-gated-delta-raw.patch
patching file mlx_lm/generate.py
applied: mlx-lm-greedy-prune.patch
conv-ring: OFF (set MLX_OMARCHY_CONV_RING=1 to enable)
[rtmod] SUBMIT tid=31953 cv=1 waits=0 sigs=2 cmds=1
[rtmod] COMMIT-NOOP
venv-cand ok True True
[rtmod] COMMIT-NOOP
Version: 0.32.3.dev202609252046+27aba52
lock held 2026-09-25T15:50:12-05:00
pass 0 done
smallm-$leg-r1 rc=0 decode 39.0 ttft 51.05 e2e 1.0473 prefill512 225.53 digest 486872c410629f1d
pass 0 done
smallm-$leg-r1 rc=0 decode 39.08 ttft 56.23 e2e 1.0226 prefill512 237.46 digest 486872c410629f1d
pass 0 done
smallm-$leg-r2 rc=0 decode 39.11 ttft 52.36 e2e 1.0452 prefill512 237.09 digest 486872c410629f1d
pass 0 done
smallm-$leg-r2 rc=0 decode 39.14 ttft 56.0 e2e 1.0166 prefill512 225.2 digest 486872c410629f1d
lock released 2026-09-25T15:51:27-05:00
